=== larch-quiet-check-review-changes.sh-172.log ===
=== larch-quiet-degraded-tools-gate.sh-72132.log ===
=== larch-quiet-read-session-env-key.sh-10745.log ===
=== larch-quiet-read-session-env-key.sh-10809.log ===
=== larch-quiet-read-session-env-key.sh-10908.log ===
=== larch-quiet-read-session-env-key.sh-400.log ===
=== larch-quiet-read-session-env-key.sh-4661.log ===
=== larch-quiet-read-session-env-key.sh-4726.log ===
=== larch-quiet-read-session-env-key.sh-478.log ===
=== larch-quiet-read-session-env-key.sh-4806.log ===
=== larch-quiet-read-session-env-key.sh-50629.log ===
=== larch-quiet-read-session-env-key.sh-50683.log ===
=== larch-quiet-read-session-env-key.sh-50741.log ===
=== larch-quiet-read-session-env-key.sh-590.log ===
=== larch-quiet-read-session-env-key.sh-60596.log ===
=== larch-quiet-read-session-env-key.sh-60704.log ===
=== larch-quiet-read-session-env-key.sh-60801.log ===
=== larch-quiet-read-session-env-key.sh-87543.log ===
=== larch-quiet-read-session-env-key.sh-87653.log ===
=== larch-quiet-read-session-env-key.sh-87734.log ===
=== larch-quiet-read-session-env-key.sh-8907.log ===
=== larch-quiet-read-session-env-key.sh-9181.log ===
=== larch-quiet-read-session-env-key.sh-9204.log ===
=== larch-quiet-read-session-env-key.sh-9276.log ===
=== larch-quiet-read-session-env-key.sh-9280.log ===
=== larch-quiet-read-session-env-key.sh-93328.log ===
=== larch-quiet-read-session-env-key.sh-93420.log ===
=== larch-quiet-read-session-env-key.sh-93495.log ===
=== larch-quiet-read-session-env-key.sh-9368.log ===
=== larch-quiet-run-relevant-checks-captured.sh-701.log ===
=== larch-quiet-run-relevant-checks-captured.sh-8383.log ===
=== larch-quiet-run-relevant-checks-captured.sh-91996.log ===
SKIPPED_NON_CANONICAL: scripts/test-design-structure.sh:944: assertion shape not in v1 grammar
SKIPPED_NON_CANONICAL: scripts/test-design-structure.sh:945: assertion shape not in v1 grammar
=== larch-quiet-run-relevant-checks-captured.sh-9527.log ===
SKIPPED_NON_CANONICAL: scripts/test-design-structure.sh:944: assertion shape not in v1 grammar
SKIPPED_NON_CANONICAL: scripts/test-design-structure.sh:945: assertion shape not in v1 grammar
=== larch-quiet-step-7a.sh-60874.log ===
→ rebase-probe: 7a.r diagrams
=== larch-quiet-step-7a.sh-87809.log ===
FLUSH_STATUS=ok
RECORDS=1
APPEND_LOG_FILE=<TMPDIR>/flush-execution-issues-append.vTfWXp
=== larch-quiet-step2-implement.sh-11017.log ===
=== larch-quiet-timing-ledger.sh-5037.log ===
=== larch-quiet-timing-ledger.sh-93736.log ===
=== larch-quiet-token-ledger.sh-4902.log ===
=== larch-quiet-token-ledger.sh-93596.log ===
