=== larch-quiet-degraded-tools-gate.sh-3887.log ===

=== larch-quiet-design-driver.sh-88455.log ===

=== larch-quiet-design-init-runparams.sh-37194.log ===
RUN_PARAMS_WRITTEN=<TMPDIR>/run-params.json

=== larch-quiet-design-publish.sh-42578.log ===

=== larch-quiet-design-route.sh-27557.log ===

=== larch-quiet-file-design-oos.sh-97533.log ===

=== larch-quiet-resolve-repo.sh-13335.log ===

=== larch-quiet-run-step3-review.sh-29099.log ===

=== larch-quiet-run-step3-review.sh-39776.log ===
POSTPLAN_EMIT_STATUS=ok
EMIT_PLAN_STATUS=ok
DIFF_LINES=300
VALIDATE_STATUS=ok
VALIDATE_DEFECT_COUNT=0
PLAN_SIZE_STATUS=under-threshold
HARD_TRIGGER_FIRED=false
TRIGGER_REASONS=
PLAN_LINES=185
DIFF_ADDED=
DIFF_DELETED=
MECHANICAL_CHURN=false
SOFT_ADVISORY=false
PARTITION_REQUESTED=false
DRIFT_TRIGGER_FIRED=false
DRIFT_MULTIPLE=2
DRIFT_PLAN_RATIO=1
DRIFT_DIFF_RATIO=1
BASELINE_PLAN_LINES=185
BASELINE_DIFF_LINES=300

=== larch-quiet-sanitize-mermaid-fragment.sh-83887.log ===

=== larch-quiet-timing-ledger.sh-12414.log ===

=== larch-quiet-timing-ledger.sh-27717.log ===

=== larch-quiet-timing-ledger.sh-6816.log ===

=== larch-quiet-timing-ledger.sh-76920.log ===

=== larch-quiet-timing-ledger.sh-89965.log ===

=== larch-quiet-timing-ledger.sh-90975.log ===

=== larch-quiet-timing-ledger.sh-94277.log ===

=== larch-quiet-timing-ledger.sh-94535.log ===

=== larch-quiet-timing-ledger.sh-9799.log ===

=== larch-quiet-token-ledger.sh-99290.log ===

