=== larch-quiet-append-execution-issue.sh-28988.log ===
=== larch-quiet-append-execution-issue.sh-31423.log ===
=== larch-quiet-cli.py-32036.log ===
=== larch-quiet-cli.py-36413.log ===
=== larch-quiet-cli.py-76498.log ===
=== larch-quiet-cli.py-79382.log ===
=== larch-quiet-cli.py-90632.log ===
=== larch-quiet-cli.py-95078.log ===
=== larch-quiet-read-session-env-key.sh-18984.log ===
=== larch-quiet-read-session-env-key.sh-18986.log ===
=== larch-quiet-read-session-env-key.sh-18989.log ===
=== larch-quiet-read-session-env-key.sh-20910.log ===
=== larch-quiet-read-session-env-key.sh-22917.log ===
=== larch-quiet-read-session-env-key.sh-28363.log ===
=== larch-quiet-read-session-env-key.sh-28455.log ===
=== larch-quiet-read-session-env-key.sh-28479.log ===
=== larch-quiet-read-session-env-key.sh-29830.log ===
=== larch-quiet-read-session-env-key.sh-29832.log ===
=== larch-quiet-read-session-env-key.sh-29838.log ===
=== larch-quiet-read-session-env-key.sh-83869.log ===
=== larch-quiet-read-session-env-key.sh-83871.log ===
=== larch-quiet-read-session-env-key.sh-83873.log ===
=== larch-quiet-scout-plan-archetypes-wrapper.sh-76021.log ===
=== larch-quiet-sessionstart-health.sh-31887.log ===
=== larch-quiet-sessionstart-health.sh-40072.log ===
=== larch-quiet-sessionstart-health.sh-88874.log ===
=== larch-quiet-ship.py-43673.log ===
