=== larch-quiet-check-review-changes.sh-15658.log ===
=== larch-quiet-git-current-branch.sh-41972.log ===
=== larch-quiet-read-session-env-key.sh-15526.log ===
=== larch-quiet-read-session-env-key.sh-15578.log ===
=== larch-quiet-read-session-env-key.sh-15612.log ===
=== larch-quiet-read-session-env-key.sh-16186.log ===
=== larch-quiet-read-session-env-key.sh-16216.log ===
=== larch-quiet-read-session-env-key.sh-16251.log ===
=== larch-quiet-read-session-env-key.sh-26872.log ===
=== larch-quiet-read-session-env-key.sh-26905.log ===
=== larch-quiet-read-session-env-key.sh-26923.log ===
=== larch-quiet-read-session-env-key.sh-52421.log ===
=== larch-quiet-read-session-env-key.sh-52463.log ===
=== larch-quiet-read-session-env-key.sh-52506.log ===
=== larch-quiet-read-session-env-key.sh-69848.log ===
=== larch-quiet-read-session-env-key.sh-69893.log ===
=== larch-quiet-read-session-env-key.sh-69946.log ===
=== larch-quiet-read-session-env-key.sh-80786.log ===
=== larch-quiet-read-session-env-key.sh-80826.log ===
=== larch-quiet-read-session-env-key.sh-80865.log ===
=== larch-quiet-read-session-env-key.sh-80904.log ===
=== larch-quiet-read-session-env-key.sh-80957.log ===
=== larch-quiet-read-session-env-key.sh-94616.log ===
=== larch-quiet-read-session-env-key.sh-95947.log ===
=== larch-quiet-read-session-env-key.sh-95967.log ===
=== larch-quiet-read-session-env-key.sh-95998.log ===
=== larch-quiet-run-relevant-checks-captured.sh-19841.log ===
=== larch-quiet-run-relevant-checks-captured.sh-52542.log ===
=== larch-quiet-step-7a.sh-87364.log ===
FLUSH_STATUS=ok
RECORDS=1
APPEND_LOG_FILE=<TMPDIR>/flush-execution-issues-append.MYBYIi
=== larch-quiet-step2-implement.sh-85084.log ===
=== larch-quiet-timing-ledger.sh-27042.log ===
=== larch-quiet-timing-ledger.sh-81003.log ===
=== larch-quiet-token-ledger.sh-26957.log ===
