=== larch-quiet-append-execution-issue.sh-13421.log ===
=== larch-quiet-check-review-changes.sh-7139.log ===
=== larch-quiet-degraded-tools-gate.sh-2455.log ===
=== larch-quiet-git-current-branch.sh-88605.log ===
=== larch-quiet-read-session-env-key.sh-16451.log ===
=== larch-quiet-read-session-env-key.sh-16522.log ===
=== larch-quiet-read-session-env-key.sh-16633.log ===
=== larch-quiet-read-session-env-key.sh-30020.log ===
=== larch-quiet-read-session-env-key.sh-30080.log ===
=== larch-quiet-read-session-env-key.sh-30147.log ===
=== larch-quiet-read-session-env-key.sh-3257.log ===
=== larch-quiet-read-session-env-key.sh-3326.log ===
=== larch-quiet-read-session-env-key.sh-3390.log ===
=== larch-quiet-read-session-env-key.sh-55460.log ===
=== larch-quiet-read-session-env-key.sh-55529.log ===
=== larch-quiet-read-session-env-key.sh-55609.log ===
=== larch-quiet-read-session-env-key.sh-79777.log ===
=== larch-quiet-read-session-env-key.sh-79846.log ===
=== larch-quiet-read-session-env-key.sh-79933.log ===
=== larch-quiet-read-session-env-key.sh-99199.log ===
=== larch-quiet-read-session-env-key.sh-99282.log ===
=== larch-quiet-read-session-env-key.sh-99393.log ===
=== larch-quiet-run-relevant-checks-captured.sh-16694.log ===
=== larch-quiet-run-relevant-checks-captured.sh-99480.log ===
=== larch-quiet-step-7a.sh-80023.log ===
FLUSH_STATUS=ok
RECORDS=1
APPEND_LOG_FILE=<TMPDIR>/flush-execution-issues-append.E1lyfa
=== larch-quiet-step2-implement.sh-30589.log ===
=== larch-quiet-timing-ledger.sh-30220.log ===
=== larch-quiet-timing-ledger.sh-3600.log ===
=== larch-quiet-token-ledger.sh-3444.log ===
