=== larch-quiet-check-contains-pins.sh-5799.log ===

=== larch-quiet-check-review-changes.sh-84374.log ===

=== larch-quiet-cli.py-5579.log ===

=== larch-quiet-commit-implementation.sh-17927.log ===
[sergey-zhupanov/implementing-ci-harden-third-party-binar-3763 ca620f27f] CI: add gitleaks cache + curl retry; add ripgrep curl retry
 1 file changed, 13 insertions(+), 3 deletions(-)

=== larch-quiet-degraded-tools-gate.sh-47166.log ===

=== larch-quiet-read-session-env-key.sh-17859.log ===

=== larch-quiet-read-session-env-key.sh-17882.log ===

=== larch-quiet-read-session-env-key.sh-17905.log ===

=== larch-quiet-read-session-env-key.sh-27124.log ===

=== larch-quiet-read-session-env-key.sh-27147.log ===

=== larch-quiet-read-session-env-key.sh-27170.log ===

=== larch-quiet-read-session-env-key.sh-47075.log ===

=== larch-quiet-read-session-env-key.sh-47098.log ===

=== larch-quiet-read-session-env-key.sh-47121.log ===

=== larch-quiet-read-session-env-key.sh-47144.log ===

=== larch-quiet-read-session-env-key.sh-80190.log ===

=== larch-quiet-read-session-env-key.sh-80211.log ===

=== larch-quiet-read-session-env-key.sh-80234.log ===

=== larch-quiet-run-relevant-checks-captured.sh-80256.log ===

=== larch-quiet-step-7a.sh-90572.log ===
FLUSH_STATUS=ok
RECORDS=1
APPEND_LOG_FILE=<TMPDIR>/flush-execution-issues-append.rRXdtl

=== larch-quiet-timing-ledger.sh-27250.log ===

=== larch-quiet-token-ledger.sh-27192.log ===

