=== larch-quiet-cli.py-24200.log ===
=== larch-quiet-cli.py-2819.log ===
=== larch-quiet-cli.py-29898.log ===
=== larch-quiet-cli.py-32234.log ===
=== larch-quiet-cli.py-53666.log ===
=== larch-quiet-cli.py-54839.log ===
=== larch-quiet-cli.py-57965.log ===
=== larch-quiet-cli.py-60789.log ===
=== larch-quiet-cli.py-64373.log ===
=== larch-quiet-cli.py-65183.log ===
=== larch-quiet-cli.py-72010.log ===
=== larch-quiet-cli.py-81717.log ===
=== larch-quiet-cli.py-91062.log ===
=== larch-quiet-cli.py-9183.log ===
=== larch-quiet-generate-topology-docs.sh-81950.log ===
generate-topology-docs: row 13: invalid composition: ci-fixer MODE=conflict self-review only
=== larch-quiet-generate-topology-docs.sh-83074.log ===
=== larch-quiet-generate-topology-docs.sh-89206.log ===
=== larch-quiet-generate-topology-docs.sh-89511.log ===
=== larch-quiet-read-session-env-key.sh-45707.log ===
=== larch-quiet-read-session-env-key.sh-45743.log ===
=== larch-quiet-read-session-env-key.sh-45753.log ===
=== larch-quiet-read-session-env-key.sh-45762.log ===
=== larch-quiet-read-session-env-key.sh-45775.log ===
=== larch-quiet-read-session-env-key.sh-45783.log ===
=== larch-quiet-read-session-env-key.sh-45786.log ===
=== larch-quiet-read-session-env-key.sh-45799.log ===
=== larch-quiet-read-session-env-key.sh-45820.log ===
=== larch-quiet-read-session-env-key.sh-45826.log ===
=== larch-quiet-read-session-env-key.sh-45838.log ===
=== larch-quiet-scout-plan-archetypes-wrapper.sh-90997.log ===
=== larch-quiet-sessionstart-health.sh-10108.log ===
=== larch-quiet-sessionstart-health.sh-31936.log ===
=== larch-quiet-sessionstart-health.sh-34234.log ===
=== larch-quiet-sessionstart-health.sh-34804.log ===
=== larch-quiet-sessionstart-health.sh-36212.log ===
=== larch-quiet-sessionstart-health.sh-37017.log ===
=== larch-quiet-sessionstart-health.sh-8561.log ===
=== larch-quiet-tracking-issue-read-45801.log ===
