=== larch-quiet-cli.py-25255.log ===
=== larch-quiet-cli.py-39069.log ===
=== larch-quiet-cli.py-43981.log ===
=== larch-quiet-cli.py-61021.log ===
=== larch-quiet-read-session-env-key.sh-22486.log ===
=== larch-quiet-read-session-env-key.sh-22488.log ===
=== larch-quiet-read-session-env-key.sh-22490.log ===
=== larch-quiet-read-session-env-key.sh-22579.log ===
=== larch-quiet-read-session-env-key.sh-22614.log ===
=== larch-quiet-read-session-env-key.sh-22650.log ===
=== larch-quiet-read-session-env-key.sh-22666.log ===
=== larch-quiet-read-session-env-key.sh-22694.log ===
=== larch-quiet-read-session-env-key.sh-22698.log ===
=== larch-quiet-read-session-env-key.sh-22702.log ===
=== larch-quiet-read-session-env-key.sh-67149.log ===
=== larch-quiet-read-session-env-key.sh-67168.log ===
=== larch-quiet-read-session-env-key.sh-67183.log ===
=== larch-quiet-scout-plan-archetypes-wrapper.sh-38924.log ===
=== larch-quiet-sessionstart-health.sh-70715.log ===
=== larch-quiet-sessionstart-health.sh-73990.log ===
=== larch-quiet-ship.py-78262.log ===
=== larch-quiet-tracking-issue-read-22676.log ===
