=== larch-quiet-degraded-tools-gate.sh-45524.log ===

=== larch-quiet-design-driver.sh-48072.log ===

=== larch-quiet-design-init-runparams.sh-70683.log ===
RUN_PARAMS_WRITTEN=<TMPDIR>/run-params.json

=== larch-quiet-design-publish.sh-34615.log ===

=== larch-quiet-design-route.sh-61787.log ===

=== larch-quiet-file-design-oos.sh-98163.log ===

=== larch-quiet-resolve-repo.sh-52386.log ===

=== larch-quiet-run-step3-review.sh-21694.log ===

=== larch-quiet-run-step3-review.sh-38932.log ===
POSTPLAN_EMIT_STATUS=ok
EMIT_PLAN_STATUS=ok
DIFF_LINES=38
VALIDATE_STATUS=ok
VALIDATE_DEFECT_COUNT=0
PLAN_SIZE_STATUS=under-threshold
HARD_TRIGGER_FIRED=false
TRIGGER_REASONS=
PLAN_LINES=107
DIFF_ADDED=
DIFF_DELETED=
MECHANICAL_CHURN=false
SOFT_ADVISORY=false
PARTITION_REQUESTED=false
DRIFT_TRIGGER_FIRED=false
DRIFT_MULTIPLE=2
DRIFT_PLAN_RATIO=1
DRIFT_DIFF_RATIO=1
BASELINE_PLAN_LINES=107
BASELINE_DIFF_LINES=38

=== larch-quiet-sanitize-mermaid-fragment.sh-38901.log ===

=== larch-quiet-timing-ledger.sh-18313.log ===

=== larch-quiet-timing-ledger.sh-19182.log ===

=== larch-quiet-timing-ledger.sh-26610.log ===

=== larch-quiet-timing-ledger.sh-52919.log ===

=== larch-quiet-timing-ledger.sh-60390.log ===

=== larch-quiet-timing-ledger.sh-68802.log ===

=== larch-quiet-timing-ledger.sh-72515.log ===

=== larch-quiet-timing-ledger.sh-95736.log ===

=== larch-quiet-token-ledger.sh-41963.log ===

