=== larch-quiet-append-execution-issue.sh-36403.log ===
=== larch-quiet-append-execution-issue.sh-52736.log ===
=== larch-quiet-check-review-changes.sh-93408.log ===
=== larch-quiet-read-session-env-key.sh-15758.log ===
=== larch-quiet-read-session-env-key.sh-15769.log ===
=== larch-quiet-read-session-env-key.sh-15780.log ===
=== larch-quiet-read-session-env-key.sh-15791.log ===
=== larch-quiet-read-session-env-key.sh-77469.log ===
=== larch-quiet-read-session-env-key.sh-77480.log ===
=== larch-quiet-read-session-env-key.sh-77491.log ===
=== larch-quiet-read-session-env-key.sh-86118.log ===
=== larch-quiet-read-session-env-key.sh-86198.log ===
=== larch-quiet-read-session-env-key.sh-86260.log ===
=== larch-quiet-read-session-env-key.sh-96611.log ===
=== larch-quiet-read-session-env-key.sh-96648.log ===
=== larch-quiet-read-session-env-key.sh-96683.log ===
=== larch-quiet-read-session-env-key.sh-98801.log ===
=== larch-quiet-read-session-env-key.sh-99151.log ===
=== larch-quiet-read-session-env-key.sh-99263.log ===
=== larch-quiet-run-relevant-checks-captured.sh-43465.log ===
=== larch-quiet-run-relevant-checks-captured.sh-86336.log ===
=== larch-quiet-run-relevant-checks-captured.sh-96723.log ===
=== larch-quiet-step-7a.sh-77501.log ===
FLUSH_STATUS=ok
RECORDS=1
APPEND_LOG_FILE=<TMPDIR>/flush-execution-issues-append.NbZ50y
=== larch-quiet-timing-ledger.sh-116.log ===
=== larch-quiet-timing-ledger.sh-15801.log ===
=== larch-quiet-token-ledger.sh-99317.log ===
