=== larch-quiet-cleanup.sh-51950.log ===
Usage: cleanup.sh --implement-tmpdir PATH
=== larch-quiet-git-current-branch.sh-78798.log ===
=== larch-quiet-implement-finalize.sh-52043.log ===
LOG_WRITTEN=true
LOG_PATH=<TMPDIR>/larch-logs/implement/01DB9ED0-2361-4F13-BFD0-35CF7EECE82D/manifest.json
BYTES=565
SHA256=bf26f5dd5841324e7f8fc5b66dca1dee0f0c82da9c7ddda4f8e5ca07371dd63e
COMMIT_SHA=
UNCHANGED=false
=== larch-quiet-read-session-env-key.sh-19298.log ===
=== larch-quiet-read-session-env-key.sh-19339.log ===
=== larch-quiet-read-session-env-key.sh-19372.log ===
=== larch-quiet-read-session-env-key.sh-38408.log ===
=== larch-quiet-read-session-env-key.sh-38427.log ===
=== larch-quiet-read-session-env-key.sh-38445.log ===
=== larch-quiet-read-session-env-key.sh-49600.log ===
=== larch-quiet-read-session-env-key.sh-49611.log ===
=== larch-quiet-read-session-env-key.sh-49622.log ===
=== larch-quiet-read-session-env-key.sh-49830.log ===
=== larch-quiet-read-session-env-key.sh-49841.log ===
=== larch-quiet-read-session-env-key.sh-49852.log ===
=== larch-quiet-read-session-env-key.sh-50294.log ===
=== larch-quiet-read-session-env-key.sh-50305.log ===
=== larch-quiet-read-session-env-key.sh-50316.log ===
=== larch-quiet-read-session-env-key.sh-50327.log ===
=== larch-quiet-read-session-env-key.sh-50338.log ===
=== larch-quiet-read-session-env-key.sh-51059.log ===
=== larch-quiet-read-session-env-key.sh-51070.log ===
=== larch-quiet-read-session-env-key.sh-51081.log ===
=== larch-quiet-read-session-env-key.sh-51225.log ===
=== larch-quiet-read-session-env-key.sh-51236.log ===
=== larch-quiet-read-session-env-key.sh-51247.log ===
=== larch-quiet-read-session-env-key.sh-51918.log ===
=== larch-quiet-read-session-env-key.sh-51929.log ===
=== larch-quiet-read-session-env-key.sh-51940.log ===
=== larch-quiet-read-session-env-key.sh-78922.log ===
=== larch-quiet-read-session-env-key.sh-78933.log ===
=== larch-quiet-read-session-env-key.sh-78944.log ===
=== larch-quiet-run-relevant-checks-captured.sh-78954.log ===
=== larch-quiet-slack-issue-announce.sh-49743.log ===
=== larch-quiet-step2-implement.sh-40388.log ===
=== larch-quiet-timing-ledger.sh-19501.log ===
=== larch-quiet-timing-ledger.sh-38499.log ===
=== larch-quiet-timing-ledger.sh-49656.log ===
=== larch-quiet-timing-ledger.sh-49886.log ===
=== larch-quiet-timing-ledger.sh-51115.log ===
=== larch-quiet-token-ledger.sh-19403.log ===
=== larch-quiet-token-ledger.sh-38460.log ===
=== larch-quiet-token-ledger.sh-49632.log ===
=== larch-quiet-token-ledger.sh-49862.log ===
=== larch-quiet-token-ledger.sh-51091.log ===
=== larch-quiet-token-report.sh-51146.log ===
=== larch-quiet-write-final-report.sh-49917.log ===
COMMENT_URL=https://github.com/character-ai/larch/issues/3236#issuecomment-4588871360
STATUS=ok
=== larch-quiet-write-final-report.sh-51258.log ===
FAILED=true
ERROR=gh api comments fetch failed: error connecting to api.github.com check your internet connection or https://githubstatus.com 
COMMENT_URL=
STATUS=failed
ERROR=FAILED=true ERROR=gh api comments fetch failed: error connecting to api.github.com check your internet connection or https://githubstatus.com  
=== larch-quiet-write-rejected-findings.sh-49687.log ===
