=== larch-quiet-check-contains-pins.sh-53647.log ===

=== larch-quiet-check-contains-pins.sh-65439.log ===

=== larch-quiet-check-review-changes.sh-63991.log ===

=== larch-quiet-cli.py-10510.log ===

=== larch-quiet-cli.py-26280.log ===

=== larch-quiet-commit-implementation.sh-74092.log ===
[sergey-zhupanov/implementing-bug-urgent-review-phase-det-3794 eb78cade8] Fix Review Phase Detail missing from final report (#3794)
 2 files changed, 34 insertions(+), 4 deletions(-)

=== larch-quiet-degraded-tools-gate.sh-37620.log ===

=== larch-quiet-read-session-env-key.sh-37529.log ===

=== larch-quiet-read-session-env-key.sh-37550.log ===

=== larch-quiet-read-session-env-key.sh-37573.log ===

=== larch-quiet-read-session-env-key.sh-37598.log ===

=== larch-quiet-read-session-env-key.sh-45822.log ===

=== larch-quiet-read-session-env-key.sh-45844.log ===

=== larch-quiet-read-session-env-key.sh-45867.log ===

=== larch-quiet-read-session-env-key.sh-68169.log ===

=== larch-quiet-read-session-env-key.sh-68193.log ===

=== larch-quiet-read-session-env-key.sh-68216.log ===

=== larch-quiet-read-session-env-key.sh-68237.log ===

=== larch-quiet-read-session-env-key.sh-74025.log ===

=== larch-quiet-read-session-env-key.sh-74047.log ===

=== larch-quiet-read-session-env-key.sh-74070.log ===

=== larch-quiet-read-session-env-key.sh-7424.log ===

=== larch-quiet-read-session-env-key.sh-7445.log ===

=== larch-quiet-read-session-env-key.sh-7468.log ===

=== larch-quiet-read-session-env-key.sh-80633.log ===

=== larch-quiet-read-session-env-key.sh-80656.log ===

=== larch-quiet-read-session-env-key.sh-80680.log ===

=== larch-quiet-run-relevant-checks-captured.sh-7490.log ===

=== larch-quiet-run-relevant-checks-captured.sh-92159.log ===

=== larch-quiet-step-7a.sh-68259.log ===
FLUSH_STATUS=ok
RECORDS=1
APPEND_LOG_FILE=<TMPDIR>/flush-execution-issues-append.8z8NSl

=== larch-quiet-step2-implement.sh-46030.log ===

=== larch-quiet-timing-ledger.sh-45949.log ===

=== larch-quiet-timing-ledger.sh-80761.log ===

=== larch-quiet-token-ledger.sh-45889.log ===

=== larch-quiet-token-ledger.sh-80701.log ===

