=== larch-quiet-apply-bump.sh-89519.log ===
=== larch-quiet-commit-review-fixes.sh-9884.log ===
<OPERATOR_REPO_PATH>/plugins/cache/larch-local/larch/47.0.31/skills/implement/scripts/commit-review-fixes.sh: line 44: FILES[@]: unbound variable
=== larch-quiet-read-session-env-key.sh-16816.log ===
=== larch-quiet-read-session-env-key.sh-16828.log ===
=== larch-quiet-read-session-env-key.sh-16841.log ===
=== larch-quiet-read-session-env-key.sh-17116.log ===
=== larch-quiet-read-session-env-key.sh-17135.log ===
=== larch-quiet-read-session-env-key.sh-17146.log ===
=== larch-quiet-read-session-env-key.sh-17550.log ===
=== larch-quiet-read-session-env-key.sh-17577.log ===
=== larch-quiet-read-session-env-key.sh-17609.log ===
=== larch-quiet-read-session-env-key.sh-27590.log ===
=== larch-quiet-read-session-env-key.sh-27610.log ===
=== larch-quiet-read-session-env-key.sh-27630.log ===
=== larch-quiet-read-session-env-key.sh-34593.log ===
=== larch-quiet-read-session-env-key.sh-34605.log ===
=== larch-quiet-read-session-env-key.sh-34634.log ===
=== larch-quiet-read-session-env-key.sh-42758.log ===
=== larch-quiet-read-session-env-key.sh-42774.log ===
=== larch-quiet-read-session-env-key.sh-42792.log ===
=== larch-quiet-read-session-env-key.sh-42811.log ===
=== larch-quiet-read-session-env-key.sh-6172.log ===
=== larch-quiet-read-session-env-key.sh-6184.log ===
=== larch-quiet-read-session-env-key.sh-6195.log ===
=== larch-quiet-read-session-env-key.sh-83375.log ===
=== larch-quiet-read-session-env-key.sh-83395.log ===
=== larch-quiet-read-session-env-key.sh-83413.log ===
=== larch-quiet-read-session-env-key.sh-90338.log ===
=== larch-quiet-read-session-env-key.sh-90349.log ===
=== larch-quiet-read-session-env-key.sh-90360.log ===
=== larch-quiet-read-session-env-key.sh-9849.log ===
=== larch-quiet-read-session-env-key.sh-98572.log ===
=== larch-quiet-read-session-env-key.sh-98583.log ===
=== larch-quiet-read-session-env-key.sh-98595.log ===
=== larch-quiet-read-session-env-key.sh-9861.log ===
=== larch-quiet-read-session-env-key.sh-9873.log ===
=== larch-quiet-run-relevant-checks-captured.sh-16851.log ===
=== larch-quiet-run-relevant-checks-captured.sh-17156.log ===
=== larch-quiet-run-relevant-checks-captured.sh-34653.log ===
=== larch-quiet-run-relevant-checks-captured.sh-98605.log ===
=== larch-quiet-step-7a.sh-17629.log ===
FLUSH_STATUS=ok
RECORDS=1
APPEND_LOG_FILE=<TMPDIR>/flush-execution-issues-append.LbohD2
=== larch-quiet-step2-implement.sh-42890.log ===
=== larch-quiet-timing-ledger.sh-42830.log ===
=== larch-quiet-timing-ledger.sh-83472.log ===
=== larch-quiet-token-ledger.sh-83430.log ===
