=== larch-quiet-append-execution-issue.sh-84951.log ===
usage: append-execution-issue.sh --log LOG --category CATEGORY
                                 (--entry ENTRY | --entry-file ENTRY_FILE)
append-execution-issue.sh: error: the following arguments are required: --log
=== larch-quiet-cli.py-59553.log ===
=== larch-quiet-cli.py-76652.log ===
=== larch-quiet-cli.py-86857.log ===
=== larch-quiet-cli.py-91013.log ===
=== larch-quiet-cli.py-96070.log ===
=== larch-quiet-read-session-env-key.sh-74238.log ===
=== larch-quiet-read-session-env-key.sh-74240.log ===
=== larch-quiet-read-session-env-key.sh-74243.log ===
=== larch-quiet-read-session-env-key.sh-79414.log ===
=== larch-quiet-read-session-env-key.sh-79422.log ===
=== larch-quiet-read-session-env-key.sh-79425.log ===
=== larch-quiet-read-session-env-key.sh-84258.log ===
=== larch-quiet-read-session-env-key.sh-84265.log ===
=== larch-quiet-read-session-env-key.sh-84270.log ===
=== larch-quiet-read-session-env-key.sh-91327.log ===
=== larch-quiet-read-session-env-key.sh-91333.log ===
=== larch-quiet-read-session-env-key.sh-91346.log ===
=== larch-quiet-read-session-env-key.sh-98978.log ===
=== larch-quiet-read-session-env-key.sh-98984.log ===
=== larch-quiet-read-session-env-key.sh-99000.log ===
=== larch-quiet-scout-plan-archetypes-wrapper.sh-90376.log ===
=== larch-quiet-sessionstart-health.sh-88767.log ===
=== larch-quiet-sessionstart-health.sh-94594.log ===
=== larch-quiet-sessionstart-health.sh-95148.log ===
=== larch-quiet-sessionstart-health.sh-95737.log ===
=== larch-quiet-sessionstart-health.sh-96377.log ===
