=== larch-quiet-apply-bump.sh-18642.log ===
=== larch-quiet-check-review-changes.sh-40667.log ===
=== larch-quiet-degraded-tools-gate.sh-93433.log ===
=== larch-quiet-read-session-env-key.sh-40579.log ===
=== larch-quiet-read-session-env-key.sh-40613.log ===
=== larch-quiet-read-session-env-key.sh-40637.log ===
=== larch-quiet-read-session-env-key.sh-46179.log ===
=== larch-quiet-read-session-env-key.sh-46206.log ===
=== larch-quiet-read-session-env-key.sh-46244.log ===
=== larch-quiet-read-session-env-key.sh-48918.log ===
=== larch-quiet-read-session-env-key.sh-48979.log ===
=== larch-quiet-read-session-env-key.sh-49004.log ===
=== larch-quiet-read-session-env-key.sh-56130.log ===
=== larch-quiet-read-session-env-key.sh-56182.log ===
=== larch-quiet-read-session-env-key.sh-56235.log ===
=== larch-quiet-read-session-env-key.sh-60946.log ===
=== larch-quiet-read-session-env-key.sh-61022.log ===
=== larch-quiet-read-session-env-key.sh-61091.log ===
=== larch-quiet-read-session-env-key.sh-73770.log ===
=== larch-quiet-read-session-env-key.sh-73808.log ===
=== larch-quiet-read-session-env-key.sh-73853.log ===
=== larch-quiet-read-session-env-key.sh-95434.log ===
=== larch-quiet-read-session-env-key.sh-95489.log ===
=== larch-quiet-read-session-env-key.sh-95533.log ===
=== larch-quiet-read-session-env-key.sh-96705.log ===
=== larch-quiet-read-session-env-key.sh-96734.log ===
=== larch-quiet-read-session-env-key.sh-96763.log ===
=== larch-quiet-read-session-env-key.sh-96790.log ===
=== larch-quiet-read-session-env-key.sh-96815.log ===
=== larch-quiet-run-relevant-checks-captured.sh-46281.log ===
=== larch-quiet-run-relevant-checks-captured.sh-61146.log ===
=== larch-quiet-run-relevant-checks-captured.sh-95583.log ===
=== larch-quiet-step-7a.sh-73876.log ===
FLUSH_STATUS=ok
RECORDS=1
APPEND_LOG_FILE=<TMPDIR>/flush-execution-issues-append.H3IPYP
=== larch-quiet-step2-implement.sh-98688.log ===
=== larch-quiet-timing-ledger.sh-49097.log ===
=== larch-quiet-timing-ledger.sh-96841.log ===
=== larch-quiet-token-ledger.sh-49026.log ===
