=== larch-quiet-check-review-changes.sh-71511.log ===
=== larch-quiet-lint-fix-loop.sh-13829.log ===
=== larch-quiet-read-session-env-key.sh-40775.log ===
=== larch-quiet-read-session-env-key.sh-40786.log ===
=== larch-quiet-read-session-env-key.sh-40797.log ===
=== larch-quiet-read-session-env-key.sh-57161.log ===
=== larch-quiet-read-session-env-key.sh-57172.log ===
=== larch-quiet-read-session-env-key.sh-57183.log ===
=== larch-quiet-read-session-env-key.sh-61155.log ===
=== larch-quiet-read-session-env-key.sh-61193.log ===
=== larch-quiet-read-session-env-key.sh-61230.log ===
=== larch-quiet-read-session-env-key.sh-6674.log ===
=== larch-quiet-read-session-env-key.sh-6703.log ===
=== larch-quiet-read-session-env-key.sh-6726.log ===
=== larch-quiet-read-session-env-key.sh-73945.log ===
=== larch-quiet-read-session-env-key.sh-73961.log ===
=== larch-quiet-read-session-env-key.sh-73987.log ===
=== larch-quiet-read-session-env-key.sh-76903.log ===
=== larch-quiet-read-session-env-key.sh-76914.log ===
=== larch-quiet-read-session-env-key.sh-76926.log ===
=== larch-quiet-read-session-env-key.sh-89157.log ===
=== larch-quiet-read-session-env-key.sh-89169.log ===
=== larch-quiet-read-session-env-key.sh-89180.log ===
=== larch-quiet-read-session-env-key.sh-96968.log ===
=== larch-quiet-read-session-env-key.sh-96985.log ===
=== larch-quiet-read-session-env-key.sh-96999.log ===
=== larch-quiet-run-relevant-checks-captured.sh-74009.log ===
=== larch-quiet-run-relevant-checks-captured.sh-76939.log ===
=== larch-quiet-run-relevant-checks-captured.sh-89190.log ===
=== larch-quiet-step-7a.sh-6752.log ===
FLUSH_STATUS=ok
RECORDS=1
APPEND_LOG_FILE=<TMPDIR>/flush-execution-issues-append.higWKw
=== larch-quiet-timing-ledger.sh-40807.log ===
=== larch-quiet-timing-ledger.sh-97062.log ===
=== larch-quiet-token-ledger.sh-97011.log ===
