=== larch-quiet-check-contains-pins.sh-60389.log ===

=== larch-quiet-check-review-changes.sh-28962.log ===

=== larch-quiet-cli.py-66576.log ===

=== larch-quiet-commit-implementation.sh-73413.log ===
[sergey-zhupanov/implementing-oos-file-design-oos-sh-prep-3828 811855ede] Fix file-design-oos.sh prepare idempotency gap + add annotate/sentinel harness tests
 4 files changed, 68 insertions(+), 2 deletions(-)

=== larch-quiet-degraded-tools-gate.sh-20783.log ===

=== larch-quiet-read-session-env-key.sh-20061.log ===

=== larch-quiet-read-session-env-key.sh-20232.log ===

=== larch-quiet-read-session-env-key.sh-20395.log ===

=== larch-quiet-read-session-env-key.sh-20652.log ===

=== larch-quiet-read-session-env-key.sh-20686.log ===

=== larch-quiet-read-session-env-key.sh-20720.log ===

=== larch-quiet-read-session-env-key.sh-20754.log ===

=== larch-quiet-read-session-env-key.sh-28677.log ===

=== larch-quiet-read-session-env-key.sh-28776.log ===

=== larch-quiet-read-session-env-key.sh-28861.log ===

=== larch-quiet-read-session-env-key.sh-30115.log ===

=== larch-quiet-read-session-env-key.sh-30160.log ===

=== larch-quiet-read-session-env-key.sh-30211.log ===

=== larch-quiet-read-session-env-key.sh-33513.log ===

=== larch-quiet-read-session-env-key.sh-33571.log ===

=== larch-quiet-read-session-env-key.sh-33642.log ===

=== larch-quiet-read-session-env-key.sh-36860.log ===

=== larch-quiet-read-session-env-key.sh-36953.log ===

=== larch-quiet-read-session-env-key.sh-73302.log ===

=== larch-quiet-read-session-env-key.sh-73341.log ===

=== larch-quiet-read-session-env-key.sh-73372.log ===

=== larch-quiet-read-session-env-key.sh-86301.log ===

=== larch-quiet-read-session-env-key.sh-86378.log ===

=== larch-quiet-read-session-env-key.sh-86428.log ===

=== larch-quiet-read-session-env-key.sh-86516.log ===

=== larch-quiet-read-session-env-key.sh-86560.log ===

=== larch-quiet-read-session-env-key.sh-86608.log ===

=== larch-quiet-read-session-env-key.sh-89963.log ===

=== larch-quiet-read-session-env-key.sh-90002.log ===

=== larch-quiet-read-session-env-key.sh-90041.log ===

=== larch-quiet-run-relevant-checks-captured.sh-33696.log ===

=== larch-quiet-step-7a.sh-37031.log ===
FLUSH_STATUS=ok
RECORDS=1
APPEND_LOG_FILE=<TMPDIR>/flush-execution-issues-append.QMgQQ1

=== larch-quiet-timing-ledger.sh-30338.log ===

=== larch-quiet-timing-ledger.sh-86803.log ===

=== larch-quiet-token-ledger.sh-30245.log ===

=== larch-quiet-token-ledger.sh-86658.log ===

