=== larch-quiet-append-execution-issue.sh-22168.log ===
=== larch-quiet-append-execution-issue.sh-57216.log ===
=== larch-quiet-check-review-changes.sh-89537.log ===
=== larch-quiet-degraded-tools-gate.sh-62420.log ===
=== larch-quiet-git-current-branch.sh-95970.log ===
=== larch-quiet-lint-fix-loop.sh-39763.log ===
[sergey-zhupanov/implementing-ship-pr-python-phase-7-driv-3240 797d39f98] Apply relevant-checks fixes (Step 3)
 1 file changed, 1 deletion(-)
=== larch-quiet-oos-file-conflict-deps.sh-82553.log ===
▶ parse-input: 5 items parsed (mode=oos): 1=Expand python/test_ship.py driver acceptance coverage to the…, 2=Make python/finalize.py unit + bash-parity coverage real (no…, 3=Persist CI-loop counters and add idempotent phase resume/sho…, 4=Port bash postmerge manifest-recovery, local-cleanup, and po…, 5=Finish the Python Step 8+ cutover contract so routing/CI-fix…
▶ parse-input: 5 items parsed (mode=oos): 1=Expand python/test_ship.py driver acceptance coverage to the…, 2=Make python/finalize.py unit + bash-parity coverage real (no…, 3=Persist CI-loop counters and add idempotent phase resume/sho…, 4=Port bash postmerge manifest-recovery, local-cleanup, and po…, 5=Finish the Python Step 8+ cutover contract so routing/CI-fix…
=== larch-quiet-oos-issue-cap.sh-53900.log ===
▶ parse-input: 5 items parsed (mode=oos): 1=Expand python/test_ship.py driver acceptance coverage to the…, 2=Make python/finalize.py unit + bash-parity coverage real (no…, 3=Persist CI-loop counters and add idempotent phase resume/sho…, 4=Port bash postmerge manifest-recovery, local-cleanup, and po…, 5=Finish the Python Step 8+ cutover contract so routing/CI-fix…
▶ parse-input: 5 items parsed (mode=oos): 1=Expand python/test_ship.py driver acceptance coverage to the…, 2=Make python/finalize.py unit + bash-parity coverage real (no…, 3=Persist CI-loop counters and add idempotent phase resume/sho…, 4=Port bash postmerge manifest-recovery, local-cleanup, and po…, 5=Finish the Python Step 8+ cutover contract so routing/CI-fix…
=== larch-quiet-read-session-env-key.sh-1089.log ===
=== larch-quiet-read-session-env-key.sh-1172.log ===
=== larch-quiet-read-session-env-key.sh-1229.log ===
=== larch-quiet-read-session-env-key.sh-1313.log ===
=== larch-quiet-read-session-env-key.sh-1373.log ===
=== larch-quiet-read-session-env-key.sh-1455.log ===
=== larch-quiet-read-session-env-key.sh-1561.log ===
=== larch-quiet-read-session-env-key.sh-1633.log ===
=== larch-quiet-read-session-env-key.sh-16578.log ===
=== larch-quiet-read-session-env-key.sh-16641.log ===
=== larch-quiet-read-session-env-key.sh-16748.log ===
=== larch-quiet-read-session-env-key.sh-1691.log ===
=== larch-quiet-read-session-env-key.sh-17416.log ===
=== larch-quiet-read-session-env-key.sh-17465.log ===
=== larch-quiet-read-session-env-key.sh-17520.log ===
=== larch-quiet-read-session-env-key.sh-17573.log ===
=== larch-quiet-read-session-env-key.sh-17622.log ===
=== larch-quiet-read-session-env-key.sh-17679.log ===
=== larch-quiet-read-session-env-key.sh-17687.log ===
=== larch-quiet-read-session-env-key.sh-17748.log ===
=== larch-quiet-read-session-env-key.sh-1794.log ===
=== larch-quiet-read-session-env-key.sh-1887.log ===
=== larch-quiet-read-session-env-key.sh-1992.log ===
=== larch-quiet-read-session-env-key.sh-20010.log ===
=== larch-quiet-read-session-env-key.sh-20094.log ===
=== larch-quiet-read-session-env-key.sh-20233.log ===
=== larch-quiet-read-session-env-key.sh-2056.log ===
=== larch-quiet-read-session-env-key.sh-20673.log ===
=== larch-quiet-read-session-env-key.sh-532.log ===
=== larch-quiet-read-session-env-key.sh-603.log ===
=== larch-quiet-read-session-env-key.sh-699.log ===
=== larch-quiet-read-session-env-key.sh-75273.log ===
=== larch-quiet-read-session-env-key.sh-75333.log ===
=== larch-quiet-read-session-env-key.sh-75411.log ===
=== larch-quiet-read-session-env-key.sh-804.log ===
=== larch-quiet-read-session-env-key.sh-873.log ===
=== larch-quiet-read-session-env-key.sh-89376.log ===
=== larch-quiet-read-session-env-key.sh-89448.log ===
=== larch-quiet-read-session-env-key.sh-89489.log ===
=== larch-quiet-read-session-env-key.sh-964.log ===
=== larch-quiet-run-relevant-checks-captured.sh-1370.log ===
=== larch-quiet-run-relevant-checks-captured.sh-16822.log ===
=== larch-quiet-run-relevant-checks-captured.sh-75441.log ===
=== larch-quiet-step-7a.sh-21044.log ===
FLUSH_STATUS=ok
RECORDS=1
APPEND_LOG_FILE=<TMPDIR>/flush-execution-issues-append.NupzWN
=== larch-quiet-step2-implement.sh-37272.log ===
=== larch-quiet-timing-ledger.sh-17733.log ===
=== larch-quiet-timing-ledger.sh-20491.log ===
=== larch-quiet-token-ledger.sh-20313.log ===
