=== larch-quiet-cli.py-31253.log ===
=== larch-quiet-cli.py-46745.log ===
=== larch-quiet-cli.py-56047.log ===
=== larch-quiet-cli.py-59327.log ===
=== larch-quiet-cli.py-95444.log ===
=== larch-quiet-read-session-env-key.sh-27947.log ===
=== larch-quiet-read-session-env-key.sh-27953.log ===
=== larch-quiet-read-session-env-key.sh-27960.log ===
=== larch-quiet-read-session-env-key.sh-54390.log ===
=== larch-quiet-read-session-env-key.sh-54403.log ===
=== larch-quiet-read-session-env-key.sh-54405.log ===
=== larch-quiet-sessionstart-health.sh-9104.log ===
=== larch-quiet-ship.py-20421.log ===
ship.py: pr-prep: postbump/Flush+Push
ship.py: pr-create: PR
ship.py: post-ensure-pr: Push
ci_monitor: CI status query #1 in progress after 0s
ci_monitor: poll 1/180 pending after 4s; sleeping 10s
ci_monitor: CI status query #2 in progress after 14s
ci_monitor: poll 2/180 pending after 17s; sleeping 10s
ci_monitor: CI status query #3 in progress after 27s
ci_monitor: CI fail after 31s -> evaluate_failure
=== larch-quiet-tracking-issue-upsert-summary-67916.log ===
=== larch-quiet-write-implement-current-env.sh-21896.log ===
PASS: test-implement-fence-shape.sh launcher sandbox
=== larch-quiet-write-implement-current-env.sh-6564.log ===
PASS: test-implement-fence-shape.sh launcher sandbox
