=== larch-quiet-check-contains-pins.sh-3808.log ===

=== larch-quiet-cli.py-1722.log ===

=== larch-quiet-degraded-tools-gate.sh-78080.log ===

=== larch-quiet-read-session-env-key.sh-12892.log ===

=== larch-quiet-read-session-env-key.sh-12937.log ===

=== larch-quiet-read-session-env-key.sh-12988.log ===

=== larch-quiet-read-session-env-key.sh-23927.log ===

=== larch-quiet-read-session-env-key.sh-23970.log ===

=== larch-quiet-read-session-env-key.sh-58338.log ===

=== larch-quiet-read-session-env-key.sh-58379.log ===

=== larch-quiet-read-session-env-key.sh-58434.log ===

=== larch-quiet-read-session-env-key.sh-77950.log ===

=== larch-quiet-read-session-env-key.sh-77984.log ===

=== larch-quiet-read-session-env-key.sh-78018.log ===

=== larch-quiet-read-session-env-key.sh-78050.log ===

=== larch-quiet-read-session-env-key.sh-86811.log ===

=== larch-quiet-read-session-env-key.sh-86838.log ===

=== larch-quiet-read-session-env-key.sh-86871.log ===

=== larch-quiet-run-relevant-checks-captured.sh-58489.log ===

=== larch-quiet-step-7a.sh-24008.log ===
FLUSH_STATUS=ok
RECORDS=1
APPEND_LOG_FILE=<TMPDIR>/flush-execution-issues-append.vZXsZi

=== larch-quiet-timing-ledger.sh-86962.log ===

=== larch-quiet-token-ledger.sh-86900.log ===

