=== larch-quiet-clear-implement-current-env.sh-62565.log ===
=== larch-quiet-cli.py-15495.log ===
=== larch-quiet-cli.py-16093.log ===
=== larch-quiet-cli.py-2232.log ===
=== larch-quiet-cli.py-27153.log ===
=== larch-quiet-cli.py-33327.log ===
=== larch-quiet-cli.py-46612.log ===
=== larch-quiet-cli.py-6209.log ===
=== larch-quiet-read-session-env-key.sh-10014.log ===
=== larch-quiet-read-session-env-key.sh-10019.log ===
=== larch-quiet-read-session-env-key.sh-10028.log ===
=== larch-quiet-read-session-env-key.sh-10231.log ===
=== larch-quiet-read-session-env-key.sh-10289.log ===
=== larch-quiet-read-session-env-key.sh-10337.log ===
=== larch-quiet-read-session-env-key.sh-28928.log ===
=== larch-quiet-read-session-env-key.sh-28935.log ===
=== larch-quiet-read-session-env-key.sh-28945.log ===
=== larch-quiet-read-session-env-key.sh-44891.log ===
read-session-env-key.sh: --file is required
=== larch-quiet-read-session-env-key.sh-62150.log ===
=== larch-quiet-read-session-env-key.sh-62158.log ===
=== larch-quiet-read-session-env-key.sh-62169.log ===
=== larch-quiet-read-session-env-key.sh-62172.log ===
=== larch-quiet-read-session-env-key.sh-94806.log ===
read-session-env-key.sh: --file is required
=== larch-quiet-read-session-env-key.sh-96638.log ===
=== larch-quiet-read-session-env-key.sh-96649.log ===
=== larch-quiet-read-session-env-key.sh-96672.log ===
=== larch-quiet-read-session-env-key.sh-97436.log ===
=== larch-quiet-read-session-env-key.sh-97450.log ===
=== larch-quiet-read-session-env-key.sh-97462.log ===
=== larch-quiet-sessionstart-health.sh-18636.log ===
=== larch-quiet-sessionstart-health.sh-36375.log ===
=== larch-quiet-sessionstart-health.sh-58843.log ===
