=== larch-quiet-degraded-tools-gate.sh-35135.log ===

=== larch-quiet-design-driver.sh-83430.log ===

=== larch-quiet-design-init-runparams.sh-68149.log ===
RUN_PARAMS_WRITTEN=<TMPDIR>/run-params.json

=== larch-quiet-design-publish.sh-43328.log ===

=== larch-quiet-design-route.sh-48664.log ===

=== larch-quiet-file-design-oos.sh-37587.log ===
▶ parse-input: 1 items parsed (mode=generic): 1=OOS_2:
▶ parse-input: 1 items parsed (mode=generic): 1=OOS_2:
file-design-oos: oos-file-conflict-deps.sh exit 0 — graceful-degrade (no caller TSV)

=== larch-quiet-file-design-oos.sh-59573.log ===

=== larch-quiet-read-session-env-key.sh-66500.log ===

=== larch-quiet-render-lane-status.sh-77233.log ===

=== larch-quiet-resolve-repo.sh-43370.log ===

=== larch-quiet-run-step3-review.sh-30786.log ===

=== larch-quiet-run-step3-review.sh-36105.log ===
POSTPLAN_EMIT_STATUS=ok
EMIT_PLAN_STATUS=ok
DIFF_LINES=330
VALIDATE_STATUS=ok
VALIDATE_DEFECT_COUNT=0
PLAN_SIZE_STATUS=drift-advisory
HARD_TRIGGER_FIRED=false
TRIGGER_REASONS=
PLAN_LINES=278
DIFF_ADDED=
DIFF_DELETED=
MECHANICAL_CHURN=false
SOFT_ADVISORY=false
PARTITION_REQUESTED=false
DRIFT_TRIGGER_FIRED=true
DRIFT_MULTIPLE=2
DRIFT_PLAN_RATIO=8.69
DRIFT_DIFF_RATIO=3
BASELINE_PLAN_LINES=32
BASELINE_DIFF_LINES=110

=== larch-quiet-sanitize-mermaid-fragment.sh-75078.log ===

=== larch-quiet-ship.py-83819.log ===
crumb

=== larch-quiet-timing-ledger.sh-25338.log ===

=== larch-quiet-timing-ledger.sh-28618.log ===

=== larch-quiet-timing-ledger.sh-34509.log ===

=== larch-quiet-timing-ledger.sh-48086.log ===

=== larch-quiet-timing-ledger.sh-65413.log ===

=== larch-quiet-timing-ledger.sh-68189.log ===

=== larch-quiet-timing-ledger.sh-87546.log ===

=== larch-quiet-timing-ledger.sh-9039.log ===

=== larch-quiet-token-ledger.sh-28182.log ===

