=== larch-quiet-cli.py-1130.log ===
=== larch-quiet-cli.py-15860.log ===
=== larch-quiet-cli.py-88806.log ===
=== larch-quiet-read-session-env-key.sh-3357.log ===
=== larch-quiet-read-session-env-key.sh-39207.log ===
=== larch-quiet-read-session-env-key.sh-39220.log ===
=== larch-quiet-read-session-env-key.sh-39227.log ===
=== larch-quiet-sessionstart-health.sh-41360.log ===
=== larch-quiet-ship.py-33109.log ===
ship.py: pr-create: PR
ship.py: post-ensure-pr: Push
ci_monitor: CI status query #1 in progress after 0s
ci_monitor: poll 1/180 pending after 5s; sleeping 10s
ci_monitor: CI status query #2 in progress after 15s
ci_monitor: poll 2/180 pending after 23s; sleeping 10s
ci_monitor: CI status query #3 in progress after 33s
ci_monitor: poll 3/180 pending after 37s; sleeping 10s
ci_monitor: CI status query #4 in progress after 47s
ci_monitor: CI pass after 51s -> merge
ship.py: merge
=== larch-quiet-ship.py-63728.log ===
ship.py: pr-prep: postbump/Flush+Push
ship.py: pr-create: PR
ship.py: post-ensure-pr: Push
ci_monitor: CI status query #1 in progress after 0s
ci_monitor: poll 1/180 pending after 4s; sleeping 10s
ci_monitor: CI status query #2 in progress after 14s
ci_monitor: poll 2/180 pending after 17s; sleeping 10s
ci_monitor: CI status query #3 in progress after 27s
ci_monitor: CI fail after 31s -> evaluate_failure
=== larch-quiet-tracking-issue-upsert-summary-25738.log ===
