=== larch-quiet-cli.py-19628.log ===
=== larch-quiet-cli.py-3221.log ===
=== larch-quiet-cli.py-6614.log ===
=== larch-quiet-cli.py-66871.log ===
=== larch-quiet-cli.py-72722.log ===
=== larch-quiet-cli.py-74408.log ===
=== larch-quiet-cli.py-97209.log ===
=== larch-quiet-read-session-env-key.sh-3573.log ===
=== larch-quiet-read-session-env-key.sh-3576.log ===
=== larch-quiet-read-session-env-key.sh-3579.log ===
=== larch-quiet-read-session-env-key.sh-74872.log ===
=== larch-quiet-read-session-env-key.sh-94890.log ===
=== larch-quiet-read-session-env-key.sh-94892.log ===
=== larch-quiet-read-session-env-key.sh-94894.log ===
=== larch-quiet-sessionstart-health.sh-67595.log ===
=== larch-quiet-sessionstart-health.sh-6913.log ===
=== larch-quiet-sessionstart-health.sh-98277.log ===
=== larch-quiet-ship.py-12862.log ===
=== larch-quiet-ship.py-9916.log ===
ship.py: pr-prep: postbump/Flush+Push
