=== larch-quiet-check-review-changes.sh-37682.log ===
=== larch-quiet-degraded-tools-gate.sh-4218.log ===
=== larch-quiet-git-current-branch.sh-88786.log ===
=== larch-quiet-read-session-env-key.sh-11524.log ===
=== larch-quiet-read-session-env-key.sh-11550.log ===
=== larch-quiet-read-session-env-key.sh-11584.log ===
=== larch-quiet-read-session-env-key.sh-11612.log ===
=== larch-quiet-read-session-env-key.sh-11633.log ===
=== larch-quiet-read-session-env-key.sh-21762.log ===
=== larch-quiet-read-session-env-key.sh-21835.log ===
=== larch-quiet-read-session-env-key.sh-21885.log ===
=== larch-quiet-read-session-env-key.sh-29075.log ===
=== larch-quiet-read-session-env-key.sh-29129.log ===
=== larch-quiet-read-session-env-key.sh-29157.log ===
=== larch-quiet-read-session-env-key.sh-37626.log ===
=== larch-quiet-read-session-env-key.sh-37644.log ===
=== larch-quiet-read-session-env-key.sh-37661.log ===
=== larch-quiet-read-session-env-key.sh-4170.log ===
=== larch-quiet-read-session-env-key.sh-4182.log ===
=== larch-quiet-read-session-env-key.sh-4193.log ===
=== larch-quiet-read-session-env-key.sh-4207.log ===
=== larch-quiet-read-session-env-key.sh-81468.log ===
=== larch-quiet-read-session-env-key.sh-81493.log ===
=== larch-quiet-read-session-env-key.sh-81519.log ===
=== larch-quiet-read-session-env-key.sh-89418.log ===
=== larch-quiet-read-session-env-key.sh-89429.log ===
=== larch-quiet-read-session-env-key.sh-89440.log ===
=== larch-quiet-run-relevant-checks-captured.sh-39371.log ===
SKIPPED_NON_CANONICAL: scripts/test-design-structure.sh:1936: assertion shape not in v1 grammar
SKIPPED_NON_CANONICAL: scripts/test-design-structure.sh:1937: assertion shape not in v1 grammar
=== larch-quiet-run-relevant-checks-captured.sh-45308.log ===
SKIPPED_NON_CANONICAL: scripts/test-design-structure.sh:1936: assertion shape not in v1 grammar
SKIPPED_NON_CANONICAL: scripts/test-design-structure.sh:1937: assertion shape not in v1 grammar
=== larch-quiet-run-relevant-checks-captured.sh-89450.log ===
SKIPPED_NON_CANONICAL: scripts/test-design-structure.sh:1933: assertion shape not in v1 grammar
SKIPPED_NON_CANONICAL: scripts/test-design-structure.sh:1934: assertion shape not in v1 grammar
=== larch-quiet-step-7a.sh-82974.log ===
FLUSH_STATUS=ok
RECORDS=1
APPEND_LOG_FILE=<TMPDIR>/flush-execution-issues-append.xpVRq9
=== larch-quiet-step2-implement.sh-11778.log ===
=== larch-quiet-timing-ledger.sh-11702.log ===
=== larch-quiet-timing-ledger.sh-29327.log ===
=== larch-quiet-token-ledger.sh-11655.log ===
=== larch-quiet-token-ledger.sh-29229.log ===
