=== larch-quiet-check-contains-pins.sh-1049.log ===
=== larch-quiet-check-contains-pins.sh-81970.log ===
=== larch-quiet-check-review-changes.sh-41400.log ===
=== larch-quiet-commit-implementation.sh-9147.log ===
[sergey-zhupanov/implementing-design-voter-external-agent-3618 70b6572e1] Implement #3618: voter reliability hardening + regression tests
 11 files changed, 149 insertions(+), 30 deletions(-)
=== larch-quiet-commit-review-fixes.sh-31966.log ===
[sergey-zhupanov/implementing-design-voter-external-agent-3618 655e27d62] Address code review feedback
 1 file changed, 4 insertions(+), 3 deletions(-)
=== larch-quiet-commit-review-fixes.sh-87351.log ===
[sergey-zhupanov/implementing-design-voter-external-agent-3618 f816769fa] Address code review feedback
 1 file changed, 1 insertion(+), 1 deletion(-)
=== larch-quiet-degraded-tools-gate.sh-6441.log ===
=== larch-quiet-lint-mermaid-fences.sh-49704.log ===
=== larch-quiet-lint-mermaid-fences.sh-67931.log ===
=== larch-quiet-read-session-env-key.sh-14220.log ===
=== larch-quiet-read-session-env-key.sh-14243.log ===
=== larch-quiet-read-session-env-key.sh-14268.log ===
=== larch-quiet-read-session-env-key.sh-44160.log ===
=== larch-quiet-read-session-env-key.sh-44182.log ===
=== larch-quiet-read-session-env-key.sh-44205.log ===
=== larch-quiet-read-session-env-key.sh-61587.log ===
=== larch-quiet-read-session-env-key.sh-61610.log ===
=== larch-quiet-read-session-env-key.sh-61633.log ===
=== larch-quiet-read-session-env-key.sh-6350.log ===
=== larch-quiet-read-session-env-key.sh-6373.log ===
=== larch-quiet-read-session-env-key.sh-6396.log ===
=== larch-quiet-read-session-env-key.sh-6419.log ===
=== larch-quiet-refresh-run-logs.sh-33768.log ===
FLUSH_STATUS=ok
RECORDS=1
APPEND_LOG_FILE=<TMPDIR>/flush-execution-issues-append.fdwOQZ
=== larch-quiet-run-relevant-checks-captured.sh-44227.log ===
=== larch-quiet-run-relevant-checks-captured.sh-61655.log ===
=== larch-quiet-ship.py-31855.log ===
ci_monitor: poll 1/180 pending after 3s; sleeping 10s
ci_monitor: poll 2/180 pending after 17s; sleeping 10s
ci_monitor: poll 3/180 pending after 30s; sleeping 10s
ci_monitor: poll 4/180 pending after 43s; sleeping 10s
=== larch-quiet-step-7a.sh-92441.log ===
FLUSH_STATUS=ok
RECORDS=1
APPEND_LOG_FILE=<TMPDIR>/flush-execution-issues-append.yKRdkp
=== larch-quiet-timing-ledger.sh-14348.log ===
=== larch-quiet-token-ledger.sh-14290.log ===
