=== larch-quiet-append-execution-issue.sh-82680.log ===
=== larch-quiet-append-execution-issue.sh-84142.log ===
=== larch-quiet-append-execution-issue.sh-85509.log ===
=== larch-quiet-check-review-changes.sh-84199.log ===
=== larch-quiet-git-current-branch.sh-30295.log ===
=== larch-quiet-read-plugin-version.sh-33658.log ===
=== larch-quiet-read-plugin-version.sh-34536.log ===
=== larch-quiet-read-plugin-version.sh-34862.log ===
=== larch-quiet-read-plugin-version.sh-34982.log ===
=== larch-quiet-read-plugin-version.sh-35184.log ===
=== larch-quiet-read-plugin-version.sh-35288.log ===
=== larch-quiet-read-plugin-version.sh-35458.log ===
=== larch-quiet-read-plugin-version.sh-35631.log ===
=== larch-quiet-read-plugin-version.sh-35838.log ===
=== larch-quiet-read-plugin-version.sh-36020.log ===
=== larch-quiet-read-plugin-version.sh-36277.log ===
=== larch-quiet-read-plugin-version.sh-36480.log ===
=== larch-quiet-read-plugin-version.sh-37281.log ===
=== larch-quiet-read-plugin-version.sh-38370.log ===
=== larch-quiet-read-plugin-version.sh-38926.log ===
=== larch-quiet-read-plugin-version.sh-39664.log ===
=== larch-quiet-read-plugin-version.sh-40420.log ===
=== larch-quiet-read-plugin-version.sh-40817.log ===
=== larch-quiet-read-plugin-version.sh-41086.log ===
=== larch-quiet-read-plugin-version.sh-41298.log ===
=== larch-quiet-read-plugin-version.sh-41794.log ===
=== larch-quiet-read-plugin-version.sh-42013.log ===
=== larch-quiet-read-plugin-version.sh-42170.log ===
=== larch-quiet-read-plugin-version.sh-42535.log ===
=== larch-quiet-read-plugin-version.sh-42732.log ===
=== larch-quiet-read-plugin-version.sh-42883.log ===
=== larch-quiet-read-session-env-key.sh-25647.log ===
=== larch-quiet-read-session-env-key.sh-25704.log ===
=== larch-quiet-read-session-env-key.sh-25745.log ===
=== larch-quiet-read-session-env-key.sh-26025.log ===
=== larch-quiet-read-session-env-key.sh-27427.log ===
=== larch-quiet-read-session-env-key.sh-27459.log ===
=== larch-quiet-read-session-env-key.sh-27471.log ===
=== larch-quiet-read-session-env-key.sh-31128.log ===
=== larch-quiet-read-session-env-key.sh-31139.log ===
=== larch-quiet-read-session-env-key.sh-31150.log ===
=== larch-quiet-read-session-env-key.sh-39351.log ===
=== larch-quiet-read-session-env-key.sh-39374.log ===
=== larch-quiet-read-session-env-key.sh-39397.log ===
=== larch-quiet-read-session-env-key.sh-47270.log ===
=== larch-quiet-read-session-env-key.sh-47298.log ===
=== larch-quiet-read-session-env-key.sh-47330.log ===
=== larch-quiet-read-session-env-key.sh-47360.log ===
=== larch-quiet-read-session-env-key.sh-47385.log ===
=== larch-quiet-read-session-env-key.sh-53920.log ===
=== larch-quiet-read-session-env-key.sh-54712.log ===
=== larch-quiet-read-session-env-key.sh-54723.log ===
=== larch-quiet-read-session-env-key.sh-54734.log ===
=== larch-quiet-read-session-env-key.sh-72554.log ===
=== larch-quiet-read-session-env-key.sh-72582.log ===
=== larch-quiet-read-session-env-key.sh-72605.log ===
=== larch-quiet-read-session-env-key.sh-84872.log ===
=== larch-quiet-read-session-env-key.sh-84899.log ===
=== larch-quiet-read-session-env-key.sh-84915.log ===
=== larch-quiet-read-session-env-key.sh-88688.log ===
=== larch-quiet-read-session-env-key.sh-88704.log ===
=== larch-quiet-read-session-env-key.sh-88716.log ===
=== larch-quiet-run-relevant-checks-captured.sh-39432.log ===
=== larch-quiet-run-relevant-checks-captured.sh-42932.log ===
=== larch-quiet-run-relevant-checks-captured.sh-84937.log ===
=== larch-quiet-run-relevant-checks-captured.sh-88730.log ===
=== larch-quiet-step-7a.sh-72626.log ===
FLUSH_STATUS=ok
RECORDS=1
APPEND_LOG_FILE=<TMPDIR>/flush-execution-issues-append.Xuc4bs
=== larch-quiet-step2-implement.sh-53037.log ===
=== larch-quiet-timing-ledger.sh-25901.log ===
=== larch-quiet-timing-ledger.sh-47422.log ===
=== larch-quiet-token-ledger.sh-25784.log ===
