=== larch-quiet-check-contains-pins.sh-38790.log ===

=== larch-quiet-check-contains-pins.sh-87536.log ===

=== larch-quiet-check-review-changes.sh-47886.log ===

=== larch-quiet-cli.py-28930.log ===

=== larch-quiet-cli.py-76829.log ===

=== larch-quiet-commit-implementation.sh-98644.log ===
[sergey-zhupanov/implementing-bug-urgent-run-id-not-in-se-3761 d78c6591d] Persist RUN_ID to session-env.sh as LARCH_RUN_ID
 7 files changed, 96 insertions(+), 4 deletions(-)

=== larch-quiet-degraded-tools-gate.sh-32854.log ===

=== larch-quiet-lint-mermaid-fences.sh-47691.log ===

=== larch-quiet-lint-mermaid-fences.sh-99387.log ===

=== larch-quiet-read-session-env-key.sh-32742.log ===

=== larch-quiet-read-session-env-key.sh-32770.log ===

=== larch-quiet-read-session-env-key.sh-32797.log ===

=== larch-quiet-read-session-env-key.sh-32824.log ===

=== larch-quiet-read-session-env-key.sh-39654.log ===

=== larch-quiet-read-session-env-key.sh-39683.log ===

=== larch-quiet-read-session-env-key.sh-39712.log ===

=== larch-quiet-read-session-env-key.sh-45270.log ===

=== larch-quiet-read-session-env-key.sh-45293.log ===

=== larch-quiet-read-session-env-key.sh-49703.log ===

=== larch-quiet-read-session-env-key.sh-49942.log ===

=== larch-quiet-read-session-env-key.sh-50147.log ===

=== larch-quiet-read-session-env-key.sh-55917.log ===

=== larch-quiet-read-session-env-key.sh-55954.log ===

=== larch-quiet-read-session-env-key.sh-55991.log ===

=== larch-quiet-read-session-env-key.sh-68949.log ===

=== larch-quiet-read-session-env-key.sh-68977.log ===

=== larch-quiet-read-session-env-key.sh-84920.log ===

=== larch-quiet-read-session-env-key.sh-84961.log ===

=== larch-quiet-run-relevant-checks-captured.sh-39738.log ===

=== larch-quiet-run-relevant-checks-captured.sh-92276.log ===

=== larch-quiet-ship.py-45319.log ===
ci_monitor: poll 1/180 pending after 4s; sleeping 10s
ci_monitor: poll 2/180 pending after 17s; sleeping 10s
ci_monitor: poll 3/180 pending after 30s; sleeping 10s
ci_monitor: poll 4/180 pending after 44s; sleeping 10s

=== larch-quiet-ship.py-69029.log ===
ci_monitor: poll 1/180 pending after 4s; sleeping 10s
ci_monitor: poll 2/180 pending after 17s; sleeping 10s
ci_monitor: poll 3/180 pending after 31s; sleeping 10s
ci_monitor: poll 4/180 pending after 44s; sleeping 10s

=== larch-quiet-ship.py-85004.log ===
ship.py: pr-create: PR
ci_monitor: poll 1/180 pending after 4s; sleeping 10s
ci_monitor: poll 2/180 pending after 17s; sleeping 10s
ci_monitor: poll 3/180 pending after 30s; sleeping 10s
ci_monitor: poll 4/180 pending after 44s; sleeping 10s

=== larch-quiet-step-7a.sh-56028.log ===
FLUSH_STATUS=ok
RECORDS=1
APPEND_LOG_FILE=<TMPDIR>/flush-execution-issues-append.8wgvDN

=== larch-quiet-timing-ledger.sh-13445.log ===

=== larch-quiet-token-ledger.sh-13358.log ===

