=== larch-quiet-append-execution-issue.sh-53534.log ===
usage: append-execution-issue.sh --log LOG --category CATEGORY
                                 (--entry ENTRY | --entry-file ENTRY_FILE)
append-execution-issue.sh: error: one of the arguments --entry --entry-file is required
=== larch-quiet-cli.py-13604.log ===
=== larch-quiet-cli.py-14468.log ===
=== larch-quiet-cli.py-22819.log ===
=== larch-quiet-cli.py-25992.log ===
=== larch-quiet-cli.py-50460.log ===
=== larch-quiet-cli.py-50463.log ===
=== larch-quiet-cli.py-50466.log ===
=== larch-quiet-cli.py-50480.log ===
=== larch-quiet-cli.py-76021.log ===
=== larch-quiet-cli.py-76043.log ===
=== larch-quiet-cli.py-76068.log ===
=== larch-quiet-cli.py-76115.log ===
=== larch-quiet-cli.py-90879.log ===
=== larch-quiet-cli.py-9210.log ===
=== larch-quiet-cli.py-9217.log ===
=== larch-quiet-cli.py-9229.log ===
=== larch-quiet-cli.py-9257.log ===
=== larch-quiet-cli.py-9723.log ===
=== larch-quiet-read-session-env-key.sh-54179.log ===
=== larch-quiet-read-session-env-key.sh-54182.log ===
=== larch-quiet-read-session-env-key.sh-54187.log ===
=== larch-quiet-scout-plan-archetypes-wrapper.sh-11871.log ===
=== larch-quiet-sessionstart-health.sh-55996.log ===
=== larch-quiet-sessionstart-health.sh-56553.log ===
