=== larch-quiet-check-contains-pins.sh-48045.log ===

=== larch-quiet-check-contains-pins.sh-76831.log ===

=== larch-quiet-check-contains-pins.sh-91397.log ===

=== larch-quiet-check-review-changes.sh-54341.log ===

=== larch-quiet-cli.py-1693.log ===

=== larch-quiet-cli.py-36582.log ===

=== larch-quiet-cli.py-58192.log ===

=== larch-quiet-cli.py-61994.log ===

=== larch-quiet-cli.py-79793.log ===

=== larch-quiet-degraded-tools-gate.sh-4354.log ===

=== larch-quiet-read-session-env-key.sh-15973.log ===

=== larch-quiet-read-session-env-key.sh-16005.log ===

=== larch-quiet-read-session-env-key.sh-16038.log ===

=== larch-quiet-read-session-env-key.sh-17385.log ===

=== larch-quiet-read-session-env-key.sh-17426.log ===

=== larch-quiet-read-session-env-key.sh-17459.log ===

=== larch-quiet-read-session-env-key.sh-31975.log ===

=== larch-quiet-read-session-env-key.sh-32018.log ===

=== larch-quiet-read-session-env-key.sh-32050.log ===

=== larch-quiet-read-session-env-key.sh-4100.log ===

=== larch-quiet-read-session-env-key.sh-4134.log ===

=== larch-quiet-read-session-env-key.sh-4201.log ===

=== larch-quiet-read-session-env-key.sh-4265.log ===

=== larch-quiet-read-session-env-key.sh-4295.log ===

=== larch-quiet-read-session-env-key.sh-4326.log ===

=== larch-quiet-read-session-env-key.sh-55579.log ===

=== larch-quiet-read-session-env-key.sh-55609.log ===

=== larch-quiet-read-session-env-key.sh-55641.log ===

=== larch-quiet-read-session-env-key.sh-56985.log ===

=== larch-quiet-read-session-env-key.sh-57013.log ===

=== larch-quiet-read-session-env-key.sh-57041.log ===

=== larch-quiet-read-session-env-key.sh-67632.log ===

=== larch-quiet-read-session-env-key.sh-67664.log ===

=== larch-quiet-read-session-env-key.sh-67696.log ===

=== larch-quiet-read-session-env-key.sh-98224.log ===

=== larch-quiet-read-session-env-key.sh-98276.log ===

=== larch-quiet-read-session-env-key.sh-98324.log ===

=== larch-quiet-run-relevant-checks-captured.sh-17495.log ===

=== larch-quiet-run-relevant-checks-captured.sh-32081.log ===

=== larch-quiet-run-relevant-checks-captured.sh-57070.log ===

=== larch-quiet-step-7a.sh-4162.log ===
FLUSH_STATUS=ok
RECORDS=1
APPEND_LOG_FILE=<TMPDIR>/flush-execution-issues-append.L34e2p

=== larch-quiet-timing-ledger.sh-16166.log ===

=== larch-quiet-timing-ledger.sh-67786.log ===

=== larch-quiet-token-ledger.sh-16077.log ===

=== larch-quiet-token-ledger.sh-67728.log ===

