=== larch-quiet-check-contains-pins.sh-56826.log ===

=== larch-quiet-check-review-changes.sh-6345.log ===

=== larch-quiet-cli.py-16572.log ===

=== larch-quiet-cli.py-27131.log ===

=== larch-quiet-cli.py-49422.log ===

=== larch-quiet-cli.py-50118.log ===

=== larch-quiet-cli.py-50382.log ===

=== larch-quiet-cli.py-81211.log ===

=== larch-quiet-cli.py-89504.log ===

=== larch-quiet-commit-implementation.sh-66175.log ===
fatal: pathspec 'python/cli.py' did not match any files

=== larch-quiet-commit-implementation.sh-73969.log ===
[sergey-zhupanov/implementing-sh-to-py-f1-cli-py-dispatch-3667 53dbd4b33] Add python/cli.py dispatcher, migration_lint.py, migrated-scripts.tsv; cut consumers to cli.py; retire run-analysis.sh wrappers
 26 files changed, 998 insertions(+), 56 deletions(-)
 create mode 100644 docs/python-migration.md
 create mode 100644 python/cli.py
 create mode 100644 python/migrated-scripts.tsv
 create mode 100644 python/migration_lint.py
 create mode 100644 python/test_cli.py
 create mode 100644 python/test_migration_lint.py

=== larch-quiet-degraded-tools-gate.sh-95171.log ===

=== larch-quiet-lint-mermaid-fences.sh-26170.log ===

=== larch-quiet-lint-mermaid-fences.sh-26173.log ===

=== larch-quiet-lint-mermaid-fences.sh-26174.log ===

=== larch-quiet-lint-mermaid-fences.sh-26175.log ===

=== larch-quiet-lint-mermaid-fences.sh-29497.log ===

=== larch-quiet-lint-mermaid-fences.sh-29500.log ===

=== larch-quiet-lint-mermaid-fences.sh-29501.log ===

=== larch-quiet-lint-mermaid-fences.sh-29502.log ===

=== larch-quiet-lint-mermaid-fences.sh-60092.log ===

=== larch-quiet-lint-mermaid-fences.sh-60093.log ===

=== larch-quiet-lint-mermaid-fences.sh-60094.log ===

=== larch-quiet-lint-mermaid-fences.sh-60095.log ===

=== larch-quiet-lint-mermaid-fences.sh-6177.log ===

=== larch-quiet-lint-mermaid-fences.sh-6178.log ===

=== larch-quiet-lint-mermaid-fences.sh-6179.log ===

=== larch-quiet-lint-mermaid-fences.sh-6180.log ===

=== larch-quiet-lint-mermaid-fences.sh-65407.log ===

=== larch-quiet-lint-mermaid-fences.sh-65408.log ===

=== larch-quiet-lint-mermaid-fences.sh-65409.log ===

=== larch-quiet-lint-mermaid-fences.sh-65410.log ===

=== larch-quiet-lint-mermaid-fences.sh-94840.log ===

=== larch-quiet-lint-mermaid-fences.sh-94843.log ===

=== larch-quiet-lint-mermaid-fences.sh-94844.log ===

=== larch-quiet-lint-mermaid-fences.sh-94845.log ===

=== larch-quiet-read-session-env-key.sh-12846.log ===

=== larch-quiet-read-session-env-key.sh-12869.log ===

=== larch-quiet-read-session-env-key.sh-12892.log ===

=== larch-quiet-read-session-env-key.sh-12915.log ===

=== larch-quiet-read-session-env-key.sh-12938.log ===

=== larch-quiet-read-session-env-key.sh-22246.log ===

=== larch-quiet-read-session-env-key.sh-22273.log ===

=== larch-quiet-read-session-env-key.sh-22296.log ===

=== larch-quiet-read-session-env-key.sh-4121.log ===

=== larch-quiet-read-session-env-key.sh-4144.log ===

=== larch-quiet-read-session-env-key.sh-4167.log ===

=== larch-quiet-read-session-env-key.sh-95080.log ===

=== larch-quiet-read-session-env-key.sh-95103.log ===

=== larch-quiet-read-session-env-key.sh-95126.log ===

=== larch-quiet-read-session-env-key.sh-95149.log ===

=== larch-quiet-run-relevant-checks-captured.sh-22318.log ===

=== larch-quiet-run-relevant-checks-captured.sh-25971.log ===

=== larch-quiet-run-relevant-checks-captured.sh-2789.log ===

=== larch-quiet-run-relevant-checks-captured.sh-56188.log ===

=== larch-quiet-run-relevant-checks-captured.sh-61977.log ===

=== larch-quiet-run-relevant-checks-captured.sh-91461.log ===

=== larch-quiet-step-7a.sh-12960.log ===
FLUSH_STATUS=ok
RECORDS=1
APPEND_LOG_FILE=<TMPDIR>/flush-execution-issues-append.3K53On

=== larch-quiet-timing-ledger.sh-4248.log ===

=== larch-quiet-token-ledger.sh-4189.log ===

