=== larch-quiet-check-contains-pins.sh-41169.log ===

=== larch-quiet-check-contains-pins.sh-55747.log ===

=== larch-quiet-check-contains-pins.sh-93227.log ===

=== larch-quiet-check-review-changes.sh-66954.log ===

=== larch-quiet-cli.py-16767.log ===

=== larch-quiet-cli.py-3177.log ===

=== larch-quiet-cli.py-3333.log ===

=== larch-quiet-cli.py-58702.log ===

=== larch-quiet-cli.py-63780.log ===

=== larch-quiet-cli.py-6383.log ===

=== larch-quiet-cli.py-79238.log ===

=== larch-quiet-cli.py-93897.log ===

=== larch-quiet-degraded-tools-gate.sh-23955.log ===

=== larch-quiet-git-current-branch.sh-21112.log ===

=== larch-quiet-lint-fix-loop.sh-26016.log ===
[sergey-zhupanov/implementing-design-log-publish-sh-zero-3785 5cba35e09] Apply relevant-checks fixes (Step 3)
 2 files changed, 41 insertions(+), 13 deletions(-)

=== larch-quiet-lint-fix-loop.sh-32781.log ===
[sergey-zhupanov/implementing-design-log-publish-sh-zero-3785 c456156ba] Apply relevant-checks fixes (Step 3)
 1 file changed, 1 insertion(+), 1 deletion(-)

=== larch-quiet-read-session-env-key.sh-11013.log ===

=== larch-quiet-read-session-env-key.sh-11051.log ===

=== larch-quiet-read-session-env-key.sh-1878.log ===

=== larch-quiet-read-session-env-key.sh-1926.log ===

=== larch-quiet-read-session-env-key.sh-1959.log ===

=== larch-quiet-read-session-env-key.sh-23854.log ===

=== larch-quiet-read-session-env-key.sh-23880.log ===

=== larch-quiet-read-session-env-key.sh-23907.log ===

=== larch-quiet-read-session-env-key.sh-23930.log ===

=== larch-quiet-read-session-env-key.sh-25721.log ===

=== larch-quiet-read-session-env-key.sh-25755.log ===

=== larch-quiet-read-session-env-key.sh-25789.log ===

=== larch-quiet-read-session-env-key.sh-35851.log ===

=== larch-quiet-read-session-env-key.sh-35883.log ===

=== larch-quiet-read-session-env-key.sh-35917.log ===

=== larch-quiet-read-session-env-key.sh-35951.log ===

=== larch-quiet-read-session-env-key.sh-35983.log ===

=== larch-quiet-read-session-env-key.sh-50975.log ===

=== larch-quiet-read-session-env-key.sh-51009.log ===

=== larch-quiet-read-session-env-key.sh-51050.log ===

=== larch-quiet-read-session-env-key.sh-55676.log ===

=== larch-quiet-read-session-env-key.sh-55708.log ===

=== larch-quiet-read-session-env-key.sh-55741.log ===

=== larch-quiet-read-session-env-key.sh-62213.log ===

=== larch-quiet-read-session-env-key.sh-62329.log ===

=== larch-quiet-read-session-env-key.sh-62496.log ===

=== larch-quiet-read-session-env-key.sh-67243.log ===

=== larch-quiet-read-session-env-key.sh-67332.log ===

=== larch-quiet-read-session-env-key.sh-67371.log ===

=== larch-quiet-read-session-env-key.sh-70228.log ===

=== larch-quiet-read-session-env-key.sh-70263.log ===

=== larch-quiet-read-session-env-key.sh-70298.log ===

=== larch-quiet-read-session-env-key.sh-74782.log ===

=== larch-quiet-read-session-env-key.sh-75106.log ===

=== larch-quiet-read-session-env-key.sh-75239.log ===

=== larch-quiet-render-final-summary.sh-55072.log ===
APPENDED=true
LOG=/var/folders/dw/kg5dyxc91t973n1j620gr8480000gn/T//test-render-final-summary-bash32-Q06IEf/design/execution-issues.md

=== larch-quiet-render-final-summary.sh-92541.log ===
APPENDED=true
LOG=/var/folders/dw/kg5dyxc91t973n1j620gr8480000gn/T//test-render-final-summary-bash32-MXSXKJ/design/execution-issues.md

=== larch-quiet-run-relevant-checks-captured.sh-25844.log ===

=== larch-quiet-run-relevant-checks-captured.sh-55771.log ===

=== larch-quiet-run-relevant-checks-captured.sh-62567.log ===

=== larch-quiet-run-relevant-checks-captured.sh-70338.log ===

=== larch-quiet-run-relevant-checks-captured.sh-75359.log ===

=== larch-quiet-run-step3-review.sh-22820.log ===
POSTPLAN_EMIT_STATUS=ok

=== larch-quiet-run-step3-review.sh-39390.log ===
POSTPLAN_EMIT_STATUS=ok

=== larch-quiet-run-step3-review.sh-57451.log ===
POSTPLAN_EMIT_STATUS=ok

=== larch-quiet-step-7a.sh-11085.log ===
FLUSH_STATUS=ok
RECORDS=1
APPEND_LOG_FILE=<TMPDIR>/flush-execution-issues-append.07HtMC

=== larch-quiet-step2-implement.sh-38358.log ===

=== larch-quiet-timing-ledger.sh-36074.log ===

=== larch-quiet-timing-ledger.sh-51082.log ===

=== larch-quiet-timing-ledger.sh-67497.log ===

=== larch-quiet-token-ledger.sh-36016.log ===

=== larch-quiet-token-ledger.sh-67406.log ===

