=== larch-quiet-check-review-changes.sh-462.log ===
=== larch-quiet-commit-review-fixes.sh-54203.log ===
<OPERATOR_REPO_PATH>/plugins/cache/larch-local/larch/47.0.3/skills/implement/scripts/commit-review-fixes.sh: line 44: FILES[@]: unbound variable
=== larch-quiet-read-session-env-key.sh-10641.log ===
=== larch-quiet-read-session-env-key.sh-10780.log ===
=== larch-quiet-read-session-env-key.sh-10866.log ===
=== larch-quiet-read-session-env-key.sh-118.log ===
=== larch-quiet-read-session-env-key.sh-16056.log ===
=== larch-quiet-read-session-env-key.sh-16104.log ===
=== larch-quiet-read-session-env-key.sh-16152.log ===
=== larch-quiet-read-session-env-key.sh-210.log ===
=== larch-quiet-read-session-env-key.sh-21163.log ===
=== larch-quiet-read-session-env-key.sh-21214.log ===
=== larch-quiet-read-session-env-key.sh-21265.log ===
=== larch-quiet-read-session-env-key.sh-347.log ===
=== larch-quiet-read-session-env-key.sh-45107.log ===
=== larch-quiet-read-session-env-key.sh-45155.log ===
=== larch-quiet-read-session-env-key.sh-45261.log ===
=== larch-quiet-read-session-env-key.sh-45390.log ===
=== larch-quiet-read-session-env-key.sh-45446.log ===
=== larch-quiet-read-session-env-key.sh-49811.log ===
=== larch-quiet-read-session-env-key.sh-49936.log ===
=== larch-quiet-read-session-env-key.sh-50036.log ===
=== larch-quiet-read-session-env-key.sh-5397.log ===
=== larch-quiet-read-session-env-key.sh-5523.log ===
=== larch-quiet-read-session-env-key.sh-5747.log ===
=== larch-quiet-read-session-env-key.sh-83985.log ===
=== larch-quiet-read-session-env-key.sh-84112.log ===
=== larch-quiet-read-session-env-key.sh-84213.log ===
=== larch-quiet-read-session-env-key.sh-85914.log ===
=== larch-quiet-read-session-env-key.sh-85925.log ===
=== larch-quiet-read-session-env-key.sh-85936.log ===
=== larch-quiet-read-session-env-key.sh-85947.log ===
=== larch-quiet-read-session-env-key.sh-85958.log ===
=== larch-quiet-read-session-env-key.sh-89105.log ===
=== larch-quiet-read-session-env-key.sh-89214.log ===
=== larch-quiet-read-session-env-key.sh-89268.log ===
=== larch-quiet-run-relevant-checks-captured.sh-11019.log ===
SKIPPED_NON_CANONICAL: scripts/test-design-structure.sh:944: assertion shape not in v1 grammar
SKIPPED_NON_CANONICAL: scripts/test-design-structure.sh:945: assertion shape not in v1 grammar
=== larch-quiet-run-relevant-checks-captured.sh-21314.log ===
=== larch-quiet-run-relevant-checks-captured.sh-31318.log ===
=== larch-quiet-run-relevant-checks-captured.sh-75765.log ===
SKIPPED_NON_CANONICAL: scripts/test-design-structure.sh:944: assertion shape not in v1 grammar
SKIPPED_NON_CANONICAL: scripts/test-design-structure.sh:945: assertion shape not in v1 grammar
=== larch-quiet-run-relevant-checks-captured.sh-83146.log ===
SKIPPED_NON_CANONICAL: scripts/test-design-structure.sh:944: assertion shape not in v1 grammar
SKIPPED_NON_CANONICAL: scripts/test-design-structure.sh:945: assertion shape not in v1 grammar
=== larch-quiet-run-relevant-checks-captured.sh-84328.log ===
SKIPPED_NON_CANONICAL: scripts/test-design-structure.sh:944: assertion shape not in v1 grammar
SKIPPED_NON_CANONICAL: scripts/test-design-structure.sh:945: assertion shape not in v1 grammar
=== larch-quiet-step-7a.sh-45512.log ===
APPENDED=true
LOG=<TMPDIR>/execution-issues.md
=== larch-quiet-step2-implement.sh-86814.log ===
=== larch-quiet-timing-ledger.sh-16257.log ===
=== larch-quiet-timing-ledger.sh-85992.log ===
=== larch-quiet-token-ledger.sh-16181.log ===
=== larch-quiet-token-ledger.sh-85968.log ===
