=== larch-quiet-cli.py-80028.log ===
=== larch-quiet-cli.py-83163.log ===
=== larch-quiet-read-session-env-key.sh-84135.log ===
=== larch-quiet-read-session-env-key.sh-90973.log ===
=== larch-quiet-read-session-env-key.sh-90975.log ===
=== larch-quiet-read-session-env-key.sh-90977.log ===
=== larch-quiet-sessionstart-health.sh-91280.log ===
=== larch-quiet-ship.py-93587.log ===
ship.py: pr-prep: postbump/Flush+Push
=== larch-quiet-ship.py-95669.log ===
ship.py: pr-create: PR
ship.py: post-ensure-pr: Push
ci_monitor: CI status query #1 in progress after 0s
ci_monitor: poll 1/180 pending after 4s; sleeping 10s
ci_monitor: CI status query #2 in progress after 14s
ci_monitor: poll 2/180 pending after 17s; sleeping 10s
ci_monitor: CI status query #3 in progress after 27s
ci_monitor: poll 3/180 pending after 31s; sleeping 10s
ci_monitor: CI status query #4 in progress after 41s
ci_monitor: poll 4/180 pending after 45s; sleeping 10s
ci_monitor: CI status query #5 in progress after 55s
ci_monitor: poll 5/180 pending after 59s; sleeping 10s
ci_monitor: CI status query #6 in progress after 69s
ci_monitor: CI fail after 72s -> evaluate_failure
