=== larch-quiet-check-contains-pins.sh-26678.log ===

=== larch-quiet-check-contains-pins.sh-43151.log ===

=== larch-quiet-check-contains-pins.sh-53391.log ===

=== larch-quiet-check-review-changes.sh-87037.log ===

=== larch-quiet-cli.py-52989.log ===

=== larch-quiet-cli.py-60015.log ===

=== larch-quiet-cli.py-88380.log ===

=== larch-quiet-commit-implementation.sh-38186.log ===
[sergey-zhupanov/implementing-oos-timing-ledger-observabi-3851 5fb68f1a1] Fix timing-ledger observability gaps (post #3813)
 7 files changed, 63 insertions(+), 4 deletions(-)

=== larch-quiet-degraded-tools-gate.sh-81194.log ===

=== larch-quiet-read-session-env-key.sh-28547.log ===

=== larch-quiet-read-session-env-key.sh-28581.log ===

=== larch-quiet-read-session-env-key.sh-28613.log ===

=== larch-quiet-read-session-env-key.sh-36733.log ===

=== larch-quiet-read-session-env-key.sh-36769.log ===

=== larch-quiet-read-session-env-key.sh-36799.log ===

=== larch-quiet-read-session-env-key.sh-38076.log ===

=== larch-quiet-read-session-env-key.sh-38129.log ===

=== larch-quiet-read-session-env-key.sh-38157.log ===

=== larch-quiet-read-session-env-key.sh-56648.log ===

=== larch-quiet-read-session-env-key.sh-56687.log ===

=== larch-quiet-read-session-env-key.sh-56739.log ===

=== larch-quiet-read-session-env-key.sh-57407.log ===

=== larch-quiet-read-session-env-key.sh-57442.log ===

=== larch-quiet-read-session-env-key.sh-57476.log ===

=== larch-quiet-read-session-env-key.sh-76887.log ===

=== larch-quiet-read-session-env-key.sh-77294.log ===

=== larch-quiet-read-session-env-key.sh-77863.log ===

=== larch-quiet-read-session-env-key.sh-78427.log ===

=== larch-quiet-read-session-env-key.sh-79386.log ===

=== larch-quiet-read-session-env-key.sh-80939.log ===

=== larch-quiet-read-session-env-key.sh-80971.log ===

=== larch-quiet-read-session-env-key.sh-81001.log ===

=== larch-quiet-read-session-env-key.sh-81029.log ===

=== larch-quiet-read-session-env-key.sh-81057.log ===

=== larch-quiet-read-session-env-key.sh-81089.log ===

=== larch-quiet-read-session-env-key.sh-81110.log ===

=== larch-quiet-read-session-env-key.sh-81151.log ===

=== larch-quiet-read-session-env-key.sh-93095.log ===

=== larch-quiet-read-session-env-key.sh-93134.log ===

=== larch-quiet-read-session-env-key.sh-93167.log ===

=== larch-quiet-read-session-env-key.sh-93201.log ===

=== larch-quiet-refresh-run-logs.sh-57877.log ===
FLUSH_STATUS=ok
RECORDS=1
APPEND_LOG_FILE=<TMPDIR>/flush-execution-issues-append.6gmbzJ

=== larch-quiet-render-final-summary.sh-42489.log ===
APPENDED=true
LOG=/var/folders/dw/kg5dyxc91t973n1j620gr8480000gn/T//test-render-final-summary-bash32-YARgLS/design/execution-issues.md

=== larch-quiet-run-relevant-checks-captured.sh-28644.log ===

=== larch-quiet-run-relevant-checks-captured.sh-36832.log ===

=== larch-quiet-run-relevant-checks-captured.sh-56793.log ===

=== larch-quiet-ship.py-79978.log ===
ci_monitor: poll 1/180 pending after 4s; sleeping 10s
ci_monitor: poll 2/180 pending after 18s; sleeping 10s
ci_monitor: poll 3/180 pending after 32s; sleeping 10s
ci_monitor: poll 4/180 pending after 46s; sleeping 10s

=== larch-quiet-step-7a.sh-93234.log ===
FLUSH_STATUS=ok
RECORDS=1
APPEND_LOG_FILE=<TMPDIR>/flush-execution-issues-append.3zd2Yq

=== larch-quiet-timing-ledger.sh-99310.log ===

=== larch-quiet-token-ledger.sh-99237.log ===

