=== larch-quiet-check-review-changes.sh-26775.log ===
=== larch-quiet-implement-finalize.sh-26505.log ===
LOG_WRITTEN=true
LOG_PATH=<TMPDIR>/larch-logs/implement/9EE1AC19-012D-4798-8EB6-51F799ACFC25/manifest.json
BYTES=545
SHA256=5e24556c7f200af9a41acf8a87d0a22f40f61a922d00ac2c6bfd6e84592e74cf
COMMIT_SHA=
UNCHANGED=false
=== larch-quiet-read-session-env-key.sh-13718.log ===
=== larch-quiet-read-session-env-key.sh-13729.log ===
=== larch-quiet-read-session-env-key.sh-13740.log ===
=== larch-quiet-read-session-env-key.sh-17727.log ===
=== larch-quiet-read-session-env-key.sh-17738.log ===
=== larch-quiet-read-session-env-key.sh-17999.log ===
=== larch-quiet-read-session-env-key.sh-18010.log ===
=== larch-quiet-read-session-env-key.sh-18021.log ===
=== larch-quiet-read-session-env-key.sh-18492.log ===
=== larch-quiet-read-session-env-key.sh-18503.log ===
=== larch-quiet-read-session-env-key.sh-18514.log ===
=== larch-quiet-read-session-env-key.sh-18525.log ===
=== larch-quiet-read-session-env-key.sh-18536.log ===
=== larch-quiet-read-session-env-key.sh-25333.log ===
=== larch-quiet-read-session-env-key.sh-25354.log ===
=== larch-quiet-read-session-env-key.sh-25365.log ===
=== larch-quiet-read-session-env-key.sh-25681.log ===
=== larch-quiet-read-session-env-key.sh-25692.log ===
=== larch-quiet-read-session-env-key.sh-26740.log ===
=== larch-quiet-read-session-env-key.sh-26751.log ===
=== larch-quiet-read-session-env-key.sh-26762.log ===
=== larch-quiet-read-session-env-key.sh-40369.log ===
=== larch-quiet-read-session-env-key.sh-40380.log ===
=== larch-quiet-read-session-env-key.sh-40391.log ===
=== larch-quiet-read-session-env-key.sh-50028.log ===
=== larch-quiet-read-session-env-key.sh-50041.log ===
=== larch-quiet-read-session-env-key.sh-51482.log ===
=== larch-quiet-read-session-env-key.sh-51493.log ===
=== larch-quiet-read-session-env-key.sh-51504.log ===
=== larch-quiet-read-session-env-key.sh-52832.log ===
=== larch-quiet-read-session-env-key.sh-52886.log ===
=== larch-quiet-read-session-env-key.sh-52922.log ===
=== larch-quiet-read-session-env-key.sh-52966.log ===
=== larch-quiet-read-session-env-key.sh-53000.log ===
=== larch-quiet-run-relevant-checks-captured.sh-26866.log ===
=== larch-quiet-run-relevant-checks-captured.sh-40402.log ===
=== larch-quiet-run-relevant-checks-captured.sh-84551.log ===
=== larch-quiet-step-7a.sh-13750.log ===
FLUSH_STATUS=ok
RECORDS=1
APPEND_LOG_FILE=<TMPDIR>/flush-execution-issues-append.o3ldMt
=== larch-quiet-step2-implement.sh-55567.log ===
=== larch-quiet-timing-ledger.sh-17772.log ===
=== larch-quiet-timing-ledger.sh-18055.log ===
=== larch-quiet-timing-ledger.sh-25400.log ===
=== larch-quiet-timing-ledger.sh-51538.log ===
=== larch-quiet-timing-ledger.sh-53025.log ===
=== larch-quiet-token-ledger.sh-17748.log ===
=== larch-quiet-token-ledger.sh-18031.log ===
=== larch-quiet-token-ledger.sh-25375.log ===
=== larch-quiet-token-ledger.sh-51514.log ===
=== larch-quiet-token-report.sh-25436.log ===
=== larch-quiet-write-final-report.sh-18086.log ===
COMMENT_URL=https://github.com/character-ai/larch/issues/3235#issuecomment-4587790662
STATUS=ok
=== larch-quiet-write-final-report.sh-25703.log ===
COMMENT_URL=https://github.com/character-ai/larch/issues/3235#issuecomment-4587790662
STATUS=ok
=== larch-quiet-write-rejected-findings.sh-17803.log ===
