=== larch-quiet-clear-implement-current-env.sh-62296.log ===
=== larch-quiet-cli.py-34277.log ===
=== larch-quiet-cli.py-40903.log ===
=== larch-quiet-read-session-env-key.sh-43157.log ===
=== larch-quiet-read-session-env-key.sh-47755.log ===
=== larch-quiet-read-session-env-key.sh-47757.log ===
=== larch-quiet-read-session-env-key.sh-47759.log ===
=== larch-quiet-read-session-env-key.sh-47861.log ===
=== larch-quiet-read-session-env-key.sh-47879.log ===
=== larch-quiet-read-session-env-key.sh-47888.log ===
=== larch-quiet-read-session-env-key.sh-47895.log ===
=== larch-quiet-read-session-env-key.sh-48513.log ===
=== larch-quiet-read-session-env-key.sh-50737.log ===
=== larch-quiet-read-session-env-key.sh-50739.log ===
=== larch-quiet-read-session-env-key.sh-50742.log ===
=== larch-quiet-read-session-env-key.sh-52930.log ===
=== larch-quiet-read-session-env-key.sh-61204.log ===
=== larch-quiet-read-session-env-key.sh-61206.log ===
=== larch-quiet-read-session-env-key.sh-61208.log ===
=== larch-quiet-read-session-env-key.sh-61210.log ===
=== larch-quiet-sessionstart-health.sh-61286.log ===
=== larch-quiet-tracking-issue-read-47834.log ===
=== larch-quiet-tracking-issue-read-47850.log ===
=== larch-quiet-tracking-issue-read-47868.log ===
