=== larch-quiet-check-contains-pins.sh-2894.log ===

=== larch-quiet-check-contains-pins.sh-33888.log ===

=== larch-quiet-check-review-changes.sh-17862.log ===

=== larch-quiet-cli.py-24356.log ===

=== larch-quiet-cli.py-54129.log ===

=== larch-quiet-commit-implementation.sh-47130.log ===
[sergey-zhupanov/implementing-bug-urgent-design-log-publi-3929 ee9f74b7f] Exclude panel-manifest.ndjson and round-meta.json from design-log publish pipeline
 4 files changed, 13 insertions(+), 3 deletions(-)

=== larch-quiet-read-session-env-key.sh-17772.log ===

=== larch-quiet-read-session-env-key.sh-17802.log ===

=== larch-quiet-read-session-env-key.sh-17830.log ===

=== larch-quiet-read-session-env-key.sh-21487.log ===

=== larch-quiet-read-session-env-key.sh-21515.log ===

=== larch-quiet-read-session-env-key.sh-21548.log ===

=== larch-quiet-read-session-env-key.sh-33489.log ===

=== larch-quiet-read-session-env-key.sh-33524.log ===

=== larch-quiet-read-session-env-key.sh-33557.log ===

=== larch-quiet-read-session-env-key.sh-47035.log ===

=== larch-quiet-read-session-env-key.sh-47067.log ===

=== larch-quiet-read-session-env-key.sh-47101.log ===

=== larch-quiet-read-session-env-key.sh-59758.log ===

=== larch-quiet-read-session-env-key.sh-59790.log ===

=== larch-quiet-read-session-env-key.sh-59825.log ===

=== larch-quiet-read-session-env-key.sh-60495.log ===

=== larch-quiet-read-session-env-key.sh-60530.log ===

=== larch-quiet-read-session-env-key.sh-60559.log ===

=== larch-quiet-run-relevant-checks-captured.sh-33584.log ===

=== larch-quiet-run-step3-review.sh-1440.log ===
POSTPLAN_EMIT_STATUS=ok

=== larch-quiet-run-step3-review.sh-32141.log ===
POSTPLAN_EMIT_STATUS=ok

=== larch-quiet-step-7a.sh-32720.log ===
FLUSH_STATUS=ok
RECORDS=1
APPEND_LOG_FILE=<TMPDIR>/flush-execution-issues-append.t3cBuo

=== larch-quiet-step2-implement.sh-60001.log ===

=== larch-quiet-timing-ledger.sh-59857.log ===

=== larch-quiet-timing-ledger.sh-60651.log ===

=== larch-quiet-token-ledger.sh-59921.log ===

=== larch-quiet-token-ledger.sh-60590.log ===

