=== larch-quiet-check-review-changes.sh-11227.log ===
=== larch-quiet-git-current-branch.sh-98353.log ===
=== larch-quiet-lint-fix-loop.sh-13547.log ===
[sergey-zhupanov/implementing-bug-urgent-ship-pr-ci-fixer-3134 079e8488] Apply relevant-checks fixes (Step 3)
 2 files changed, 3 insertions(+), 3 deletions(-)
=== larch-quiet-read-session-env-key.sh-11136.log ===
=== larch-quiet-read-session-env-key.sh-11158.log ===
=== larch-quiet-read-session-env-key.sh-11189.log ===
=== larch-quiet-read-session-env-key.sh-13487.log ===
=== larch-quiet-read-session-env-key.sh-13499.log ===
=== larch-quiet-read-session-env-key.sh-13510.log ===
=== larch-quiet-read-session-env-key.sh-18043.log ===
=== larch-quiet-read-session-env-key.sh-18054.log ===
=== larch-quiet-read-session-env-key.sh-18065.log ===
=== larch-quiet-read-session-env-key.sh-51013.log ===
=== larch-quiet-read-session-env-key.sh-51024.log ===
=== larch-quiet-read-session-env-key.sh-51036.log ===
=== larch-quiet-read-session-env-key.sh-51047.log ===
=== larch-quiet-read-session-env-key.sh-5738.log ===
=== larch-quiet-read-session-env-key.sh-5761.log ===
=== larch-quiet-read-session-env-key.sh-57888.log ===
=== larch-quiet-read-session-env-key.sh-57922.log ===
=== larch-quiet-read-session-env-key.sh-5793.log ===
=== larch-quiet-read-session-env-key.sh-57945.log ===
=== larch-quiet-read-session-env-key.sh-59485.log ===
=== larch-quiet-read-session-env-key.sh-59508.log ===
=== larch-quiet-read-session-env-key.sh-59531.log ===
=== larch-quiet-read-session-env-key.sh-90526.log ===
=== larch-quiet-read-session-env-key.sh-96990.log ===
=== larch-quiet-read-session-env-key.sh-97019.log ===
=== larch-quiet-read-session-env-key.sh-97038.log ===
=== larch-quiet-read-session-env-key.sh-98386.log ===
=== larch-quiet-read-session-env-key.sh-98397.log ===
=== larch-quiet-read-session-env-key.sh-98408.log ===
=== larch-quiet-run-relevant-checks-captured.sh-13520.log ===
=== larch-quiet-run-relevant-checks-captured.sh-59553.log ===
=== larch-quiet-run-relevant-checks-captured.sh-98418.log ===
=== larch-quiet-step-7a.sh-57966.log ===
FLUSH_STATUS=ok
RECORDS=1
APPEND_LOG_FILE=<TMPDIR>/flush-execution-issues-append.0EYHP0
=== larch-quiet-timing-ledger.sh-18099.log ===
=== larch-quiet-timing-ledger.sh-51057.log ===
=== larch-quiet-token-ledger.sh-18075.log ===
