=== larch-quiet-check-contains-pins.sh-51958.log ===

=== larch-quiet-check-review-changes.sh-47113.log ===

=== larch-quiet-cli.py-96677.log ===

=== larch-quiet-commit-implementation.sh-59915.log ===
[sergey-zhupanov/implementing-oos-python-pr-py-two-contra-3835 06991508f] Fix two contract-fidelity gaps in python/pr.py (#3835)
 1 file changed, 6 insertions(+), 2 deletions(-)

=== larch-quiet-degraded-tools-gate.sh-29920.log ===

=== larch-quiet-read-session-env-key.sh-29749.log ===

=== larch-quiet-read-session-env-key.sh-29784.log ===

=== larch-quiet-read-session-env-key.sh-29838.log ===

=== larch-quiet-read-session-env-key.sh-29883.log ===

=== larch-quiet-read-session-env-key.sh-40640.log ===

=== larch-quiet-read-session-env-key.sh-40690.log ===

=== larch-quiet-read-session-env-key.sh-40742.log ===

=== larch-quiet-read-session-env-key.sh-46849.log ===

=== larch-quiet-read-session-env-key.sh-46966.log ===

=== larch-quiet-read-session-env-key.sh-47030.log ===

=== larch-quiet-read-session-env-key.sh-56359.log ===

=== larch-quiet-read-session-env-key.sh-56475.log ===

=== larch-quiet-read-session-env-key.sh-56569.log ===

=== larch-quiet-read-session-env-key.sh-56682.log ===

=== larch-quiet-read-session-env-key.sh-59243.log ===

=== larch-quiet-read-session-env-key.sh-59283.log ===

=== larch-quiet-read-session-env-key.sh-59317.log ===

=== larch-quiet-read-session-env-key.sh-59798.log ===

=== larch-quiet-read-session-env-key.sh-59835.log ===

=== larch-quiet-read-session-env-key.sh-59875.log ===

=== larch-quiet-read-session-env-key.sh-73384.log ===

=== larch-quiet-read-session-env-key.sh-73428.log ===

=== larch-quiet-read-session-env-key.sh-73473.log ===

=== larch-quiet-run-relevant-checks-captured.sh-59354.log ===

=== larch-quiet-step-7a.sh-56786.log ===
FLUSH_STATUS=ok
RECORDS=1
APPEND_LOG_FILE=<TMPDIR>/flush-execution-issues-append.YEAVQk

=== larch-quiet-timing-ledger.sh-40897.log ===

=== larch-quiet-timing-ledger.sh-73633.log ===

=== larch-quiet-token-ledger.sh-40816.log ===

=== larch-quiet-token-ledger.sh-73530.log ===

