=== larch-quiet-cli.py-13695.log ===
=== larch-quiet-cli.py-33100.log ===
=== larch-quiet-cli.py-39198.log ===
=== larch-quiet-cli.py-61343.log ===
=== larch-quiet-cli.py-79871.log ===
=== larch-quiet-cli.py-82939.log ===
=== larch-quiet-cli.py-90973.log ===
=== larch-quiet-read-session-env-key.sh-1020.log ===
read-session-env-key.sh: --file is required
=== larch-quiet-read-session-env-key.sh-1070.log ===
read-session-env-key.sh: --file is required
=== larch-quiet-read-session-env-key.sh-23733.log ===
=== larch-quiet-read-session-env-key.sh-23746.log ===
=== larch-quiet-read-session-env-key.sh-23757.log ===
=== larch-quiet-read-session-env-key.sh-34196.log ===
=== larch-quiet-read-session-env-key.sh-34235.log ===
=== larch-quiet-read-session-env-key.sh-34240.log ===
=== larch-quiet-read-session-env-key.sh-48161.log ===
=== larch-quiet-read-session-env-key.sh-57130.log ===
=== larch-quiet-read-session-env-key.sh-57143.log ===
=== larch-quiet-read-session-env-key.sh-57156.log ===
=== larch-quiet-read-session-env-key.sh-74237.log ===
=== larch-quiet-read-session-env-key.sh-74248.log ===
=== larch-quiet-read-session-env-key.sh-74273.log ===
=== larch-quiet-read-session-env-key.sh-82319.log ===
=== larch-quiet-read-session-env-key.sh-82328.log ===
=== larch-quiet-read-session-env-key.sh-82348.log ===
=== larch-quiet-read-session-env-key.sh-87297.log ===
=== larch-quiet-read-session-env-key.sh-87311.log ===
=== larch-quiet-read-session-env-key.sh-87320.log ===
=== larch-quiet-scout-plan-archetypes-wrapper.sh-76866.log ===
=== larch-quiet-sessionstart-health.sh-36052.log ===
=== larch-quiet-sessionstart-health.sh-38497.log ===
