=== larch-quiet-check-review-changes.sh-73011.log ===
=== larch-quiet-degraded-tools-gate.sh-3028.log ===
=== larch-quiet-git-current-branch.sh-73996.log ===
=== larch-quiet-read-session-env-key.sh-12357.log ===
=== larch-quiet-read-session-env-key.sh-12427.log ===
=== larch-quiet-read-session-env-key.sh-12514.log ===
=== larch-quiet-read-session-env-key.sh-34659.log ===
=== larch-quiet-read-session-env-key.sh-34746.log ===
=== larch-quiet-read-session-env-key.sh-34804.log ===
=== larch-quiet-read-session-env-key.sh-676.log ===
=== larch-quiet-read-session-env-key.sh-72757.log ===
=== larch-quiet-read-session-env-key.sh-72840.log ===
=== larch-quiet-read-session-env-key.sh-72931.log ===
=== larch-quiet-read-session-env-key.sh-752.log ===
=== larch-quiet-read-session-env-key.sh-837.log ===
=== larch-quiet-read-session-env-key.sh-84131.log ===
=== larch-quiet-read-session-env-key.sh-84214.log ===
=== larch-quiet-read-session-env-key.sh-84318.log ===
=== larch-quiet-run-relevant-checks-captured.sh-78843.log ===
=== larch-quiet-run-relevant-checks-captured.sh-84468.log ===
=== larch-quiet-step-7a.sh-21238.log ===
FLUSH_STATUS=ok
RECORDS=1
APPEND_LOG_FILE=<TMPDIR>/flush-execution-issues-append.PGThjb
=== larch-quiet-step2-implement.sh-39926.log ===
=== larch-quiet-timing-ledger.sh-12765.log ===
=== larch-quiet-timing-ledger.sh-35023.log ===
=== larch-quiet-token-ledger.sh-12635.log ===
=== larch-quiet-token-ledger.sh-34911.log ===
