=== larch-quiet-cli.py-19094.log ===
=== larch-quiet-cli.py-6741.log ===
=== larch-quiet-scout-plan-archetypes-wrapper.sh-18799.log ===
=== larch-quiet-sessionstart-health.sh-42730.log ===
=== larch-quiet-sessionstart-health.sh-85516.log ===
=== larch-quiet-ship.py-15636.log ===
ship.py: pr-prep: postbump/Flush+Push
=== larch-quiet-ship.py-1919.log ===
ship.py: pr-create: PR
ship.py: post-ensure-pr: Push
ci_monitor: CI status query #1 in progress after 0s
ci_monitor: poll 1/180 pending after 3s; sleeping 10s
ci_monitor: CI status query #2 in progress after 13s
ci_monitor: poll 2/180 pending after 17s; sleeping 10s
ci_monitor: CI status query #3 in progress after 27s
ci_monitor: poll 3/180 pending after 31s; sleeping 10s
ci_monitor: CI status query #4 in progress after 41s
ci_monitor: poll 4/180 pending after 45s; sleeping 10s
ci_monitor: CI status query #5 in progress after 55s
ci_monitor: poll 5/180 pending after 58s; sleeping 10s
ci_monitor: CI status query #6 in progress after 68s
ci_monitor: poll 6/180 pending after 72s; sleeping 10s
ci_monitor: CI status query #7 in progress after 82s
ci_monitor: CI fail after 86s -> evaluate_failure
=== larch-quiet-ship.py-30040.log ===
ship.py: pre-pr-reentry: de-terminalized prior phase stalled -> assessments
=== larch-quiet-ship.py-37641.log ===
ship.py: pr-create: PR
ship.py: post-ensure-pr: Push
ci_monitor: CI status query #1 in progress after 0s
ci_monitor: poll 1/180 pending after 4s; sleeping 10s
ci_monitor: CI status query #2 in progress after 14s
ci_monitor: poll 2/180 pending after 19s; sleeping 10s
ci_monitor: CI status query #3 in progress after 29s
ci_monitor: poll 3/180 pending after 33s; sleeping 10s
ci_monitor: CI status query #4 in progress after 43s
ci_monitor: poll 4/180 pending after 48s; sleeping 10s
ci_monitor: CI status query #5 in progress after 58s
ci_monitor: poll 5/180 pending after 63s; sleeping 10s
ci_monitor: CI status query #6 in progress after 73s
ci_monitor: poll 6/180 pending after 77s; sleeping 10s
ci_monitor: CI status query #7 in progress after 87s
ci_monitor: poll 7/180 pending after 92s; sleeping 10s
ci_monitor: CI status query #8 in progress after 102s
ci_monitor: poll 8/180 pending after 107s; sleeping 10s
ci_monitor: CI status query #9 in progress after 117s
ci_monitor: poll 9/180 pending after 121s; sleeping 10s
ci_monitor: CI status query #10 in progress after 131s
ci_monitor: poll 10/180 pending after 135s; sleeping 10s
ci_monitor: CI status query #11 in progress after 145s
ci_monitor: poll 11/180 pending after 150s; sleeping 10s
ci_monitor: CI status query #12 in progress after 160s
ci_monitor: poll 12/180 pending after 164s; sleeping 10s
ci_monitor: CI status query #13 in progress after 174s
ci_monitor: poll 13/180 pending after 178s; sleeping 10s
ci_monitor: CI status query #14 in progress after 188s
ci_monitor: poll 14/180 pending after 193s; sleeping 10s
ci_monitor: CI status query #15 in progress after 203s
ci_monitor: poll 15/180 pending after 207s; sleeping 10s
ci_monitor: CI status query #16 in progress after 217s
ci_monitor: poll 16/180 pending after 221s; sleeping 10s
ci_monitor: CI status query #17 in progress after 231s
ci_monitor: poll 17/180 pending after 235s; sleeping 10s
ci_monitor: CI status query #18 in progress after 245s
ci_monitor: poll 18/180 pending after 250s; sleeping 10s
ci_monitor: CI status query #19 in progress after 260s
ci_monitor: poll 19/180 pending after 265s; sleeping 10s
ci_monitor: CI status query #20 in progress after 275s
ci_monitor: poll 20/180 pending after 279s; sleeping 10s
ci_monitor: CI status query #21 in progress after 289s
ci_monitor: poll 21/180 pending after 293s; sleeping 10s
ci_monitor: CI status query #22 in progress after 303s
ci_monitor: CI NO_CHECKS after 307s -> bail (no-ci-checks-observed)
ship.py: finalize-state-written: path=<TMPDIR>/finalize-state.sh outcome=STALLED step=no-ci-checks-observed
=== larch-quiet-ship.py-71383.log ===
ship.py: pr-prep: postbump/Flush+Push
=== larch-quiet-ship.py-87340.log ===
ship.py: pre-pr-reentry: de-terminalized prior phase stalled -> assessments
=== larch-quiet-ship.py-88867.log ===
