=== larch-quiet-check-contains-pins.sh-28926.log ===

=== larch-quiet-check-contains-pins.sh-66323.log ===

=== larch-quiet-check-contains-pins.sh-79256.log ===

=== larch-quiet-check-contains-pins.sh-79409.log ===

=== larch-quiet-check-review-changes.sh-10965.log ===

=== larch-quiet-cli.py-29843.log ===

=== larch-quiet-cli.py-34852.log ===

=== larch-quiet-cli.py-36516.log ===

=== larch-quiet-cli.py-37181.log ===

=== larch-quiet-cli.py-94969.log ===

=== larch-quiet-commit-implementation.sh-43269.log ===
[sergey-zhupanov/implementing-bug-merge-loop-when-it-enco-3956 13e7a1ac9] fix: detect reviewDecision=REVIEW_REQUIRED in merge loop, surface as user-input stall
 6 files changed, 75 insertions(+), 2 deletions(-)

=== larch-quiet-commit-review-fixes.sh-89224.log ===
On branch sergey-zhupanov/implementing-bug-merge-loop-when-it-enco-3956
Your branch is ahead of 'origin/main' by 2 commits.
  (use "git push" to publish your local commits)

nothing to commit, working tree clean

=== larch-quiet-degraded-tools-gate.sh-56144.log ===

=== larch-quiet-read-session-env-key.sh-10552.log ===

=== larch-quiet-read-session-env-key.sh-10585.log ===

=== larch-quiet-read-session-env-key.sh-10618.log ===

=== larch-quiet-read-session-env-key.sh-10861.log ===

=== larch-quiet-read-session-env-key.sh-10901.log ===

=== larch-quiet-read-session-env-key.sh-10935.log ===

=== larch-quiet-read-session-env-key.sh-13243.log ===

=== larch-quiet-read-session-env-key.sh-13275.log ===

=== larch-quiet-read-session-env-key.sh-13309.log ===

=== larch-quiet-read-session-env-key.sh-52288.log ===

=== larch-quiet-read-session-env-key.sh-52320.log ===

=== larch-quiet-read-session-env-key.sh-52352.log ===

=== larch-quiet-read-session-env-key.sh-55861.log ===

=== larch-quiet-read-session-env-key.sh-55910.log ===

=== larch-quiet-read-session-env-key.sh-55984.log ===

=== larch-quiet-read-session-env-key.sh-56076.log ===

=== larch-quiet-read-session-env-key.sh-66976.log ===

=== larch-quiet-read-session-env-key.sh-67090.log ===

=== larch-quiet-read-session-env-key.sh-67145.log ===

=== larch-quiet-read-session-env-key.sh-67214.log ===

=== larch-quiet-read-session-env-key.sh-67260.log ===

=== larch-quiet-read-session-env-key.sh-69731.log ===

=== larch-quiet-read-session-env-key.sh-69761.log ===

=== larch-quiet-read-session-env-key.sh-69789.log ===

=== larch-quiet-read-session-env-key.sh-8411.log ===

=== larch-quiet-read-session-env-key.sh-8461.log ===

=== larch-quiet-read-session-env-key.sh-8497.log ===

=== larch-quiet-run-relevant-checks-captured.sh-10650.log ===

=== larch-quiet-run-relevant-checks-captured.sh-13342.log ===

=== larch-quiet-run-relevant-checks-captured.sh-69818.log ===

=== larch-quiet-run-relevant-checks-captured.sh-8523.log ===

=== larch-quiet-step-7a.sh-79409.log ===
FLUSH_STATUS=ok
RECORDS=1
APPEND_LOG_FILE=<TMPDIR>/flush-execution-issues-append.cwCLba

=== larch-quiet-step2-implement.sh-69233.log ===

=== larch-quiet-timing-ledger.sh-52441.log ===

=== larch-quiet-timing-ledger.sh-67397.log ===

=== larch-quiet-token-ledger.sh-52383.log ===

=== larch-quiet-token-ledger.sh-67307.log ===

