=== larch-quiet-check-review-changes.sh-21579.log ===
=== larch-quiet-degraded-tools-gate.sh-85817.log ===
=== larch-quiet-read-session-env-key.sh-21755.log ===
=== larch-quiet-read-session-env-key.sh-21766.log ===
=== larch-quiet-read-session-env-key.sh-21777.log ===
=== larch-quiet-read-session-env-key.sh-45523.log ===
=== larch-quiet-read-session-env-key.sh-45562.log ===
=== larch-quiet-read-session-env-key.sh-45600.log ===
=== larch-quiet-read-session-env-key.sh-52699.log ===
=== larch-quiet-read-session-env-key.sh-52729.log ===
=== larch-quiet-read-session-env-key.sh-52763.log ===
=== larch-quiet-read-session-env-key.sh-57843.log ===
=== larch-quiet-read-session-env-key.sh-57864.log ===
=== larch-quiet-read-session-env-key.sh-57882.log ===
=== larch-quiet-read-session-env-key.sh-68625.log ===
=== larch-quiet-read-session-env-key.sh-68636.log ===
=== larch-quiet-read-session-env-key.sh-68647.log ===
=== larch-quiet-read-session-env-key.sh-87148.log ===
=== larch-quiet-read-session-env-key.sh-87159.log ===
=== larch-quiet-read-session-env-key.sh-87170.log ===
=== larch-quiet-read-session-env-key.sh-87181.log ===
=== larch-quiet-read-session-env-key.sh-87315.log ===
=== larch-quiet-read-session-env-key.sh-87326.log ===
=== larch-quiet-read-session-env-key.sh-87337.log ===
=== larch-quiet-read-session-env-key.sh-90827.log ===
=== larch-quiet-read-session-env-key.sh-90838.log ===
=== larch-quiet-read-session-env-key.sh-90849.log ===
=== larch-quiet-run-relevant-checks-captured.sh-13071.log ===
=== larch-quiet-run-relevant-checks-captured.sh-21787.log ===
=== larch-quiet-run-relevant-checks-captured.sh-90859.log ===
=== larch-quiet-step-7a.sh-52788.log ===
FLUSH_STATUS=ok
RECORDS=1
APPEND_LOG_FILE=<TMPDIR>/flush-execution-issues-append.lgfrKe
=== larch-quiet-step2-implement.sh-87355.log ===
=== larch-quiet-timing-ledger.sh-45704.log ===
=== larch-quiet-timing-ledger.sh-87191.log ===
=== larch-quiet-token-ledger.sh-45622.log ===
