=== larch-quiet-degraded-tools-gate.sh-71811.log ===
=== larch-quiet-git-current-branch.sh-41161.log ===
=== larch-quiet-read-session-env-key.sh-39728.log ===
=== larch-quiet-read-session-env-key.sh-39780.log ===
=== larch-quiet-read-session-env-key.sh-39860.log ===
=== larch-quiet-read-session-env-key.sh-4241.log ===
=== larch-quiet-read-session-env-key.sh-4327.log ===
=== larch-quiet-read-session-env-key.sh-4373.log ===
=== larch-quiet-read-session-env-key.sh-48614.log ===
=== larch-quiet-read-session-env-key.sh-48690.log ===
=== larch-quiet-read-session-env-key.sh-48788.log ===
=== larch-quiet-read-session-env-key.sh-51228.log ===
=== larch-quiet-read-session-env-key.sh-51297.log ===
=== larch-quiet-read-session-env-key.sh-51346.log ===
=== larch-quiet-read-session-env-key.sh-83901.log ===
=== larch-quiet-read-session-env-key.sh-83962.log ===
=== larch-quiet-read-session-env-key.sh-84018.log ===
=== larch-quiet-read-session-env-key.sh-92526.log ===
=== larch-quiet-read-session-env-key.sh-92589.log ===
=== larch-quiet-read-session-env-key.sh-92630.log ===
=== larch-quiet-read-session-env-key.sh-9527.log ===
=== larch-quiet-read-session-env-key.sh-9578.log ===
=== larch-quiet-read-session-env-key.sh-9634.log ===
=== larch-quiet-read-session-env-key.sh-98258.log ===
=== larch-quiet-read-session-env-key.sh-98307.log ===
=== larch-quiet-read-session-env-key.sh-98353.log ===
=== larch-quiet-read-session-env-key.sh-98408.log ===
=== larch-quiet-read-session-env-key.sh-98444.log ===
=== larch-quiet-run-relevant-checks-captured.sh-39931.log ===
=== larch-quiet-run-relevant-checks-captured.sh-51410.log ===
=== larch-quiet-run-relevant-checks-captured.sh-84065.log ===
=== larch-quiet-step-7a.sh-18113.log ===
FLUSH_STATUS=ok
RECORDS=1
APPEND_LOG_FILE=<TMPDIR>/flush-execution-issues-append.jICj9z
=== larch-quiet-step2-implement.sh-3771.log ===
=== larch-quiet-timing-ledger.sh-9839.log ===
=== larch-quiet-timing-ledger.sh-98487.log ===
=== larch-quiet-token-ledger.sh-9712.log ===
