=== larch-quiet-check-contains-pins.sh-1476.log ===

=== larch-quiet-check-contains-pins.sh-16092.log ===

=== larch-quiet-check-contains-pins.sh-35161.log ===

=== larch-quiet-check-contains-pins.sh-66017.log ===

=== larch-quiet-check-contains-pins.sh-73248.log ===

=== larch-quiet-check-contains-pins.sh-79367.log ===

=== larch-quiet-check-contains-pins.sh-89059.log ===

=== larch-quiet-check-review-changes.sh-21180.log ===

=== larch-quiet-cli.py-14081.log ===

=== larch-quiet-cli.py-17038.log ===

=== larch-quiet-cli.py-17352.log ===

=== larch-quiet-cli.py-20762.log ===

=== larch-quiet-cli.py-21523.log ===

=== larch-quiet-cli.py-23151.log ===

=== larch-quiet-cli.py-23187.log ===

=== larch-quiet-cli.py-32671.log ===

=== larch-quiet-cli.py-44957.log ===

=== larch-quiet-cli.py-52881.log ===

=== larch-quiet-cli.py-56983.log ===

=== larch-quiet-cli.py-58045.log ===

=== larch-quiet-cli.py-59167.log ===

=== larch-quiet-cli.py-62451.log ===

=== larch-quiet-cli.py-74230.log ===

=== larch-quiet-cli.py-76494.log ===

=== larch-quiet-cli.py-79069.log ===
scripts/test-lint-renderer-substitution-safety.sh:133: references retired path 'skills/design/scripts/render-plan-review-prompt.sh'
scripts/test-lint-renderer-substitution-safety.sh:138: references retired path 'skills/design/scripts/render-plan-review-prompt.sh'
scripts/test-lint-renderer-substitution-safety.sh:142: references retired path 'skills/design/scripts/render-plan-review-prompt.sh'

=== larch-quiet-cli.py-86136.log ===

=== larch-quiet-cli.py-88165.log ===

=== larch-quiet-cli.py-90310.log ===

=== larch-quiet-cli.py-94042.log ===

=== larch-quiet-degraded-tools-gate.sh-43784.log ===

=== larch-quiet-git-current-branch.sh-54776.log ===

=== larch-quiet-lint-fix-loop.sh-38788.log ===
[sergey-zhupanov/implementing-sh-to-py-b6-prompt-renderin-3675 d4a3dd046] Apply relevant-checks fixes (Step 3)
 1 file changed, 2 insertions(+), 2 deletions(-)

=== larch-quiet-probe.sh-71005.log ===
DIAG-ON-STDERR

=== larch-quiet-read-session-env-key.sh-21018.log ===

=== larch-quiet-read-session-env-key.sh-21078.log ===

=== larch-quiet-read-session-env-key.sh-21123.log ===

=== larch-quiet-read-session-env-key.sh-24641.log ===

=== larch-quiet-read-session-env-key.sh-24671.log ===

=== larch-quiet-read-session-env-key.sh-24701.log ===

=== larch-quiet-read-session-env-key.sh-27259.log ===

=== larch-quiet-read-session-env-key.sh-27325.log ===

=== larch-quiet-read-session-env-key.sh-27379.log ===

=== larch-quiet-read-session-env-key.sh-43627.log ===

=== larch-quiet-read-session-env-key.sh-43665.log ===

=== larch-quiet-read-session-env-key.sh-43713.log ===

=== larch-quiet-read-session-env-key.sh-43752.log ===

=== larch-quiet-read-session-env-key.sh-4794.log ===

=== larch-quiet-read-session-env-key.sh-63474.log ===

=== larch-quiet-read-session-env-key.sh-63500.log ===

=== larch-quiet-read-session-env-key.sh-63532.log ===

=== larch-quiet-read-session-env-key.sh-64014.log ===

=== larch-quiet-read-session-env-key.sh-64056.log ===

=== larch-quiet-read-session-env-key.sh-64102.log ===

=== larch-quiet-read-session-env-key.sh-64145.log ===

=== larch-quiet-read-session-env-key.sh-64183.log ===

=== larch-quiet-read-session-env-key.sh-93195.log ===

=== larch-quiet-read-session-env-key.sh-93252.log ===

=== larch-quiet-read-session-env-key.sh-93302.log ===

=== larch-quiet-read-session-env-key.sh-96291.log ===

=== larch-quiet-read-session-env-key.sh-96322.log ===

=== larch-quiet-read-session-env-key.sh-96349.log ===

=== larch-quiet-run-relevant-checks-captured.sh-27441.log ===

=== larch-quiet-run-relevant-checks-captured.sh-63564.log ===

=== larch-quiet-run-relevant-checks-captured.sh-96380.log ===

=== larch-quiet-step-7a.sh-10720.log ===
FLUSH_STATUS=ok
RECORDS=0
FLUSH_STATUS=ok
RECORDS=0

=== larch-quiet-step-7a.sh-11382.log ===
FLUSH_STATUS=ok
RECORDS=0
FLUSH_STATUS=ok
RECORDS=0

=== larch-quiet-step-7a.sh-18280.log ===
FLUSH_STATUS=ok
RECORDS=0
FLUSH_STATUS=ok
RECORDS=0

=== larch-quiet-step-7a.sh-18681.log ===
FLUSH_STATUS=ok
RECORDS=0
FLUSH_STATUS=ok
RECORDS=0

=== larch-quiet-step-7a.sh-28491.log ===
FLUSH_STATUS=ok
RECORDS=0
FLUSH_STATUS=ok
RECORDS=0

=== larch-quiet-step-7a.sh-28884.log ===
FLUSH_STATUS=ok
RECORDS=0
FLUSH_STATUS=ok
RECORDS=0

=== larch-quiet-step-7a.sh-4823.log ===
FLUSH_STATUS=ok
RECORDS=1
APPEND_LOG_FILE=<TMPDIR>/flush-execution-issues-append.Mb8t8T

=== larch-quiet-step-7a.sh-60752.log ===
FLUSH_STATUS=ok
RECORDS=0
FLUSH_STATUS=ok
RECORDS=0

=== larch-quiet-step-7a.sh-61155.log ===
FLUSH_STATUS=ok
RECORDS=0
FLUSH_STATUS=ok
RECORDS=0

=== larch-quiet-step-7a.sh-69970.log ===
FLUSH_STATUS=ok
RECORDS=0
FLUSH_STATUS=ok
RECORDS=0

=== larch-quiet-step-7a.sh-70299.log ===
FLUSH_STATUS=ok
RECORDS=0
FLUSH_STATUS=ok
RECORDS=0

=== larch-quiet-step-7a.sh-70647.log ===
FLUSH_STATUS=ok
RECORDS=0
FLUSH_STATUS=ok
RECORDS=0

=== larch-quiet-step-7a.sh-70708.log ===
FLUSH_STATUS=ok
RECORDS=0
FLUSH_STATUS=ok
RECORDS=0

=== larch-quiet-step-7a.sh-86074.log ===
FLUSH_STATUS=ok
RECORDS=0
FLUSH_STATUS=ok
RECORDS=0

=== larch-quiet-step-7a.sh-86476.log ===
FLUSH_STATUS=ok
RECORDS=0
FLUSH_STATUS=ok
RECORDS=0

=== larch-quiet-step-7a.sh-96065.log ===
FLUSH_STATUS=ok
RECORDS=0
FLUSH_STATUS=ok
RECORDS=0

=== larch-quiet-step-7a.sh-96466.log ===
FLUSH_STATUS=ok
RECORDS=0
FLUSH_STATUS=ok
RECORDS=0

=== larch-quiet-step2-implement.sh-67769.log ===

=== larch-quiet-timing-ledger.sh-64219.log ===

=== larch-quiet-timing-ledger.sh-93433.log ===

=== larch-quiet-token-ledger.sh-93353.log ===

