=== larch-quiet-check-review-changes.sh-47976.log ===
=== larch-quiet-degraded-tools-gate.sh-90359.log ===
=== larch-quiet-read-session-env-key.sh-11226.log ===
=== larch-quiet-read-session-env-key.sh-11282.log ===
=== larch-quiet-read-session-env-key.sh-11329.log ===
=== larch-quiet-read-session-env-key.sh-14338.log ===
=== larch-quiet-read-session-env-key.sh-14390.log ===
=== larch-quiet-read-session-env-key.sh-14461.log ===
=== larch-quiet-read-session-env-key.sh-20678.log ===
=== larch-quiet-read-session-env-key.sh-20771.log ===
=== larch-quiet-read-session-env-key.sh-20819.log ===
=== larch-quiet-read-session-env-key.sh-20886.log ===
=== larch-quiet-read-session-env-key.sh-20950.log ===
=== larch-quiet-read-session-env-key.sh-21378.log ===
=== larch-quiet-read-session-env-key.sh-21425.log ===
=== larch-quiet-read-session-env-key.sh-21489.log ===
=== larch-quiet-read-session-env-key.sh-21553.log ===
=== larch-quiet-read-session-env-key.sh-21606.log ===
=== larch-quiet-read-session-env-key.sh-27123.log ===
=== larch-quiet-read-session-env-key.sh-27184.log ===
=== larch-quiet-read-session-env-key.sh-27234.log ===
=== larch-quiet-read-session-env-key.sh-42025.log ===
=== larch-quiet-read-session-env-key.sh-42083.log ===
=== larch-quiet-read-session-env-key.sh-42143.log ===
=== larch-quiet-read-session-env-key.sh-4626.log ===
=== larch-quiet-read-session-env-key.sh-4693.log ===
=== larch-quiet-read-session-env-key.sh-4782.log ===
=== larch-quiet-read-session-env-key.sh-4884.log ===
=== larch-quiet-read-session-env-key.sh-4959.log ===
=== larch-quiet-read-session-env-key.sh-5023.log ===
=== larch-quiet-read-session-env-key.sh-88768.log ===
=== larch-quiet-read-session-env-key.sh-88850.log ===
=== larch-quiet-read-session-env-key.sh-88896.log ===
=== larch-quiet-read-session-env-key.sh-97970.log ===
=== larch-quiet-read-session-env-key.sh-98017.log ===
=== larch-quiet-read-session-env-key.sh-98077.log ===
=== larch-quiet-read-session-env-key.sh-98168.log ===
=== larch-quiet-read-session-env-key.sh-98210.log ===
=== larch-quiet-read-session-env-key.sh-98272.log ===
=== larch-quiet-run-relevant-checks-captured.sh-11371.log ===
SKIPPED_NON_CANONICAL: scripts/test-design-structure.sh:1196: assertion shape not in v1 grammar
SKIPPED_NON_CANONICAL: scripts/test-design-structure.sh:1197: assertion shape not in v1 grammar
=== larch-quiet-step-7a.sh-31507.log ===
FLUSH_STATUS=ok
RECORDS=1
APPEND_LOG_FILE=<TMPDIR>/flush-execution-issues-append.M8Meyh
=== larch-quiet-step-7a.sh-92846.log ===
→ rebase-probe: 7a.r diagrams
=== larch-quiet-step2-implement.sh-27362.log ===
=== larch-quiet-timing-ledger.sh-14660.log ===
=== larch-quiet-timing-ledger.sh-21143.log ===
=== larch-quiet-timing-ledger.sh-5202.log ===
=== larch-quiet-timing-ledger.sh-89101.log ===
=== larch-quiet-timing-ledger.sh-98430.log ===
=== larch-quiet-token-ledger.sh-14528.log ===
=== larch-quiet-token-ledger.sh-21003.log ===
=== larch-quiet-token-ledger.sh-5096.log ===
=== larch-quiet-token-ledger.sh-88955.log ===
=== larch-quiet-token-ledger.sh-98325.log ===
=== larch-quiet-token-report.sh-98559.log ===
=== larch-quiet-write-final-report.sh-5367.log ===
COMMENT_URL=https://github.com/character-ai/larch/issues/3247#issuecomment-4600463264
STATUS=ok
=== larch-quiet-write-final-report.sh-98793.log ===
COMMENT_URL=https://github.com/character-ai/larch/issues/3247#issuecomment-4600463264
STATUS=ok
=== larch-quiet-write-rejected-findings.sh-89257.log ===
