=== larch-quiet-check-contains-pins.sh-44610.log ===

=== larch-quiet-check-review-changes.sh-94707.log ===

=== larch-quiet-cli.py-96530.log ===

=== larch-quiet-degraded-tools-gate.sh-6196.log ===

=== larch-quiet-git-current-branch.sh-70102.log ===

=== larch-quiet-read-session-env-key.sh-17912.log ===

=== larch-quiet-read-session-env-key.sh-17988.log ===

=== larch-quiet-read-session-env-key.sh-18047.log ===

=== larch-quiet-read-session-env-key.sh-18105.log ===

=== larch-quiet-read-session-env-key.sh-18151.log ===

=== larch-quiet-read-session-env-key.sh-535.log ===

=== larch-quiet-read-session-env-key.sh-60223.log ===

=== larch-quiet-read-session-env-key.sh-60282.log ===

=== larch-quiet-read-session-env-key.sh-60342.log ===

=== larch-quiet-read-session-env-key.sh-6063.log ===

=== larch-quiet-read-session-env-key.sh-6097.log ===

=== larch-quiet-read-session-env-key.sh-6129.log ===

=== larch-quiet-read-session-env-key.sh-6163.log ===

=== larch-quiet-read-session-env-key.sh-77079.log ===

=== larch-quiet-read-session-env-key.sh-77109.log ===

=== larch-quiet-read-session-env-key.sh-77141.log ===

=== larch-quiet-read-session-env-key.sh-94422.log ===

=== larch-quiet-read-session-env-key.sh-94525.log ===

=== larch-quiet-read-session-env-key.sh-94624.log ===

=== larch-quiet-run-relevant-checks-captured.sh-77172.log ===

=== larch-quiet-step-7a.sh-709.log ===
FLUSH_STATUS=ok
RECORDS=1
APPEND_LOG_FILE=<TMPDIR>/flush-execution-issues-append.6dyOKn

=== larch-quiet-step2-implement.sh-21338.log ===

=== larch-quiet-timing-ledger.sh-18254.log ===

=== larch-quiet-timing-ledger.sh-60440.log ===

=== larch-quiet-token-ledger.sh-18186.log ===

=== larch-quiet-token-ledger.sh-60383.log ===

