=== larch-quiet-append-execution-issue.sh-2165.log ===

=== larch-quiet-append-execution-issue.sh-96604.log ===

=== larch-quiet-check-contains-pins.sh-14824.log ===

=== larch-quiet-check-contains-pins.sh-57179.log ===

=== larch-quiet-check-contains-pins.sh-79536.log ===

=== larch-quiet-check-contains-pins.sh-95840.log ===

=== larch-quiet-check-contains-pins.sh-97323.log ===

=== larch-quiet-check-contains-pins.sh-98371.log ===

=== larch-quiet-check-contains-pins.sh-98650.log ===

=== larch-quiet-check-review-changes.sh-10777.log ===

=== larch-quiet-cli.py-29689.log ===

=== larch-quiet-cli.py-30238.log ===

=== larch-quiet-cli.py-43511.log ===

=== larch-quiet-cli.py-47156.log ===

=== larch-quiet-cli.py-53464.log ===

=== larch-quiet-cli.py-70701.log ===

=== larch-quiet-cli.py-70826.log ===

=== larch-quiet-cli.py-78984.log ===

=== larch-quiet-cli.py-82116.log ===

=== larch-quiet-cli.py-85089.log ===

=== larch-quiet-cli.py-89628.log ===

=== larch-quiet-degraded-tools-gate.sh-44365.log ===

=== larch-quiet-git-current-branch.sh-93043.log ===

=== larch-quiet-git-stage.sh-72760.log ===

=== larch-quiet-lint-mermaid-fences.sh-13539.log ===

=== larch-quiet-lint-mermaid-fences.sh-19806.log ===

=== larch-quiet-lint-mermaid-fences.sh-36572.log ===

=== larch-quiet-lint-mermaid-fences.sh-46433.log ===

=== larch-quiet-lint-mermaid-fences.sh-56379.log ===

=== larch-quiet-lint-mermaid-fences.sh-60796.log ===

=== larch-quiet-lint-mermaid-fences.sh-62985.log ===

=== larch-quiet-lint-mermaid-fences.sh-6563.log ===

=== larch-quiet-lint-mermaid-fences.sh-67877.log ===

=== larch-quiet-lint-mermaid-fences.sh-8087.log ===

=== larch-quiet-lint-mermaid-fences.sh-8684.log ===

=== larch-quiet-read-session-env-key.sh-10684.log ===

=== larch-quiet-read-session-env-key.sh-10708.log ===

=== larch-quiet-read-session-env-key.sh-10740.log ===

=== larch-quiet-read-session-env-key.sh-24064.log ===

=== larch-quiet-read-session-env-key.sh-24087.log ===

=== larch-quiet-read-session-env-key.sh-24110.log ===

=== larch-quiet-read-session-env-key.sh-44257.log ===

=== larch-quiet-read-session-env-key.sh-44279.log ===

=== larch-quiet-read-session-env-key.sh-44304.log ===

=== larch-quiet-read-session-env-key.sh-44330.log ===

=== larch-quiet-read-session-env-key.sh-54227.log ===

=== larch-quiet-read-session-env-key.sh-54251.log ===

=== larch-quiet-read-session-env-key.sh-54273.log ===

=== larch-quiet-read-session-env-key.sh-54296.log ===

=== larch-quiet-read-session-env-key.sh-7833.log ===

=== larch-quiet-read-session-env-key.sh-7862.log ===

=== larch-quiet-read-session-env-key.sh-7900.log ===

=== larch-quiet-read-session-env-key.sh-9376.log ===

=== larch-quiet-read-session-env-key.sh-9412.log ===

=== larch-quiet-read-session-env-key.sh-9449.log ===

=== larch-quiet-read-session-env-key.sh-99461.log ===

=== larch-quiet-read-session-env-key.sh-99496.log ===

=== larch-quiet-read-session-env-key.sh-99530.log ===

=== larch-quiet-rebase-push.sh-74662.log ===

=== larch-quiet-run-relevant-checks-captured.sh-14548.log ===

=== larch-quiet-run-relevant-checks-captured.sh-99559.log ===

=== larch-quiet-step-7a.sh-80854.log ===
FLUSH_STATUS=ok
RECORDS=1
APPEND_LOG_FILE=<TMPDIR>/flush-execution-issues-append.kJtncm

=== larch-quiet-step2-implement.sh-56567.log ===

=== larch-quiet-timing-ledger.sh-24190.log ===

=== larch-quiet-timing-ledger.sh-54376.log ===

=== larch-quiet-token-ledger.sh-24132.log ===

=== larch-quiet-token-ledger.sh-54318.log ===

