=== larch-quiet-cli.py-20659.log ===
=== larch-quiet-cli.py-21118.log ===
=== larch-quiet-cli.py-21339.log ===
usage: cli.py implement commit [-h]

options:
  -h, --help  show this help message and exit
=== larch-quiet-cli.py-22115.log ===
=== larch-quiet-cli.py-25918.log ===
=== larch-quiet-cli.py-31488.log ===
=== larch-quiet-cli.py-34468.log ===
=== larch-quiet-cli.py-35008.log ===
=== larch-quiet-cli.py-38146.log ===
=== larch-quiet-cli.py-50591.log ===
=== larch-quiet-cli.py-52345.log ===
=== larch-quiet-cli.py-59700.log ===
=== larch-quiet-cli.py-62104.log ===
=== larch-quiet-cli.py-84287.log ===
=== larch-quiet-cli.py-88243.log ===
=== larch-quiet-cli.py-90690.log ===
=== larch-quiet-cli.py-93230.log ===
=== larch-quiet-read-session-env-key.sh-47546.log ===
=== larch-quiet-read-session-env-key.sh-47565.log ===
=== larch-quiet-read-session-env-key.sh-47575.log ===
=== larch-quiet-read-session-env-key.sh-59597.log ===
=== larch-quiet-read-session-env-key.sh-59613.log ===
=== larch-quiet-read-session-env-key.sh-59620.log ===
=== larch-quiet-sessionstart-health.sh-13539.log ===
=== larch-quiet-sessionstart-health.sh-14287.log ===
=== larch-quiet-sessionstart-health.sh-1505.log ===
=== larch-quiet-sessionstart-health.sh-24470.log ===
=== larch-quiet-sessionstart-health.sh-47772.log ===
=== larch-quiet-sessionstart-health.sh-56081.log ===
=== larch-quiet-ship.py-34404.log ===
ship.py: pr-prep: postbump/Flush+Push
