=== larch-quiet-check-review-changes.sh-24581.log ===
=== larch-quiet-read-session-env-key.sh-24505.log ===
=== larch-quiet-read-session-env-key.sh-24546.log ===
=== larch-quiet-read-session-env-key.sh-33606.log ===
=== larch-quiet-read-session-env-key.sh-33648.log ===
=== larch-quiet-read-session-env-key.sh-33698.log ===
=== larch-quiet-read-session-env-key.sh-3959.log ===
=== larch-quiet-read-session-env-key.sh-3984.log ===
=== larch-quiet-read-session-env-key.sh-4002.log ===
=== larch-quiet-read-session-env-key.sh-52245.log ===
=== larch-quiet-read-session-env-key.sh-52257.log ===
=== larch-quiet-read-session-env-key.sh-52273.log ===
=== larch-quiet-read-session-env-key.sh-56411.log ===
=== larch-quiet-read-session-env-key.sh-56423.log ===
=== larch-quiet-read-session-env-key.sh-56446.log ===
=== larch-quiet-read-session-env-key.sh-69889.log ===
=== larch-quiet-read-session-env-key.sh-69909.log ===
=== larch-quiet-read-session-env-key.sh-69927.log ===
=== larch-quiet-read-session-env-key.sh-70009.log ===
=== larch-quiet-read-session-env-key.sh-70026.log ===
=== larch-quiet-read-session-env-key.sh-70043.log ===
=== larch-quiet-read-session-env-key.sh-83722.log ===
=== larch-quiet-read-session-env-key.sh-83733.log ===
=== larch-quiet-read-session-env-key.sh-83745.log ===
=== larch-quiet-read-session-env-key.sh-84405.log ===
=== larch-quiet-read-session-env-key.sh-84440.log ===
=== larch-quiet-read-session-env-key.sh-84480.log ===
=== larch-quiet-read-session-env-key.sh-92455.log ===
=== larch-quiet-read-session-env-key.sh-92466.log ===
=== larch-quiet-read-session-env-key.sh-92490.log ===
=== larch-quiet-run-relevant-checks-captured.sh-33735.log ===
SKIPPED_NON_CANONICAL: scripts/test-design-structure.sh:876: assertion shape not in v1 grammar
SKIPPED_NON_CANONICAL: scripts/test-design-structure.sh:877: assertion shape not in v1 grammar
=== larch-quiet-run-relevant-checks-captured.sh-70060.log ===
=== larch-quiet-run-relevant-checks-captured.sh-83755.log ===
=== larch-quiet-step-7a.sh-4061.log ===
FLUSH_STATUS=ok
RECORDS=1
APPEND_LOG_FILE=<TMPDIR>/flush-execution-issues-append.rRpMeL
=== larch-quiet-timing-ledger.sh-69944.log ===
=== larch-quiet-timing-ledger.sh-84639.log ===
=== larch-quiet-token-ledger.sh-84513.log ===
