=== larch-quiet-check-review-changes.sh-71750.log ===
=== larch-quiet-read-session-env-key.sh-13300.log ===
=== larch-quiet-read-session-env-key.sh-13329.log ===
=== larch-quiet-read-session-env-key.sh-13364.log ===
=== larch-quiet-read-session-env-key.sh-3151.log ===
=== larch-quiet-read-session-env-key.sh-3168.log ===
=== larch-quiet-read-session-env-key.sh-3188.log ===
=== larch-quiet-read-session-env-key.sh-5854.log ===
=== larch-quiet-read-session-env-key.sh-5896.log ===
=== larch-quiet-read-session-env-key.sh-5932.log ===
=== larch-quiet-read-session-env-key.sh-5978.log ===
=== larch-quiet-read-session-env-key.sh-71122.log ===
=== larch-quiet-read-session-env-key.sh-71133.log ===
=== larch-quiet-read-session-env-key.sh-71145.log ===
=== larch-quiet-read-session-env-key.sh-71675.log ===
=== larch-quiet-read-session-env-key.sh-71693.log ===
=== larch-quiet-read-session-env-key.sh-71711.log ===
=== larch-quiet-read-session-env-key.sh-76125.log ===
=== larch-quiet-read-session-env-key.sh-76146.log ===
=== larch-quiet-read-session-env-key.sh-76178.log ===
=== larch-quiet-read-session-env-key.sh-76740.log ===
=== larch-quiet-read-session-env-key.sh-76751.log ===
=== larch-quiet-read-session-env-key.sh-76762.log ===
=== larch-quiet-run-relevant-checks-captured.sh-3220.log ===
=== larch-quiet-run-relevant-checks-captured.sh-76205.log ===
=== larch-quiet-run-relevant-checks-captured.sh-76772.log ===
=== larch-quiet-step-7a.sh-25503.log ===
FLUSH_STATUS=ok
RECORDS=1
APPEND_LOG_FILE=<TMPDIR>/flush-execution-issues-append.GpkfK5
=== larch-quiet-timing-ledger.sh-6023.log ===
=== larch-quiet-timing-ledger.sh-71192.log ===
=== larch-quiet-token-ledger.sh-71162.log ===
