=== larch-quiet-cli.py-16881.log ===
=== larch-quiet-cli.py-22083.log ===
=== larch-quiet-cli.py-28546.log ===
=== larch-quiet-cli.py-37166.log ===
=== larch-quiet-cli.py-45933.log ===
=== larch-quiet-cli.py-56001.log ===
=== larch-quiet-cli.py-73830.log ===
=== larch-quiet-cli.py-92507.log ===
=== larch-quiet-read-session-env-key.sh-51436.log ===
read-session-env-key.sh: --file is required
=== larch-quiet-read-session-env-key.sh-78465.log ===
=== larch-quiet-read-session-env-key.sh-78471.log ===
=== larch-quiet-read-session-env-key.sh-78478.log ===
=== larch-quiet-read-session-env-key.sh-78482.log ===
=== larch-quiet-read-session-env-key.sh-78486.log ===
=== larch-quiet-read-session-env-key.sh-78488.log ===
=== larch-quiet-read-session-env-key.sh-78490.log ===
=== larch-quiet-read-session-env-key.sh-78556.log ===
=== larch-quiet-read-session-env-key.sh-78596.log ===
=== larch-quiet-read-session-env-key.sh-78598.log ===
=== larch-quiet-scout-plan-archetypes-wrapper.sh-24942.log ===
=== larch-quiet-sessionstart-health.sh-52674.log ===
=== larch-quiet-ship.py-55532.log ===
ship.py: pr-prep: postbump/Flush+Push
=== larch-quiet-tracking-issue-read-78492.log ===
