=== larch-quiet-append-execution-issue.sh-73855.log ===

=== larch-quiet-append-execution-issue.sh-83024.log ===

=== larch-quiet-check-contains-pins.sh-12094.log ===

=== larch-quiet-check-contains-pins.sh-70073.log ===

=== larch-quiet-check-contains-pins.sh-7151.log ===

=== larch-quiet-check-review-changes.sh-26372.log ===

=== larch-quiet-cli.py-11830.log ===

=== larch-quiet-cli.py-42566.log ===

=== larch-quiet-cli.py-6795.log ===

=== larch-quiet-cli.py-69646.log ===

=== larch-quiet-commit-implementation.sh-52196.log ===
[sergey-zhupanov/implementing-implement-and-design-final-3774 4dd87a5d3] Add per-review-round detail to the /implement final report (#3774)
 9 files changed, 632 insertions(+), 4 deletions(-)
 create mode 100644 scripts/render-review-phase-detail.md
 create mode 100755 scripts/render-review-phase-detail.sh
 create mode 100644 scripts/test-render-review-phase-detail.md
 create mode 100755 scripts/test-render-review-phase-detail.sh

=== larch-quiet-degraded-tools-gate.sh-48132.log ===

=== larch-quiet-git-commit.sh-54204.log ===
[sergey-zhupanov/implementing-implement-and-design-final-3774 03391008a] Per-round vendor cost in review-phase detail + CI mapfile-lint fix (#3774)
 5 files changed, 164 insertions(+), 40 deletions(-)

=== larch-quiet-lint-mermaid-fences.sh-20108.log ===

=== larch-quiet-lint-mermaid-fences.sh-46321.log ===

=== larch-quiet-lint-mermaid-fences.sh-80135.log ===

=== larch-quiet-lint-mermaid-fences.sh-88971.log ===

=== larch-quiet-read-session-env-key.sh-15639.log ===

=== larch-quiet-read-session-env-key.sh-15666.log ===

=== larch-quiet-read-session-env-key.sh-15689.log ===

=== larch-quiet-read-session-env-key.sh-41814.log ===

=== larch-quiet-read-session-env-key.sh-41841.log ===

=== larch-quiet-read-session-env-key.sh-41864.log ===

=== larch-quiet-read-session-env-key.sh-48040.log ===

=== larch-quiet-read-session-env-key.sh-48063.log ===

=== larch-quiet-read-session-env-key.sh-48085.log ===

=== larch-quiet-read-session-env-key.sh-48108.log ===

=== larch-quiet-read-session-env-key.sh-52069.log ===

=== larch-quiet-read-session-env-key.sh-52146.log ===

=== larch-quiet-read-session-env-key.sh-63934.log ===

=== larch-quiet-read-session-env-key.sh-63958.log ===

=== larch-quiet-read-session-env-key.sh-63981.log ===

=== larch-quiet-read-session-env-key.sh-65348.log ===

=== larch-quiet-read-session-env-key.sh-65384.log ===

=== larch-quiet-read-session-env-key.sh-65473.log ===

=== larch-quiet-read-session-env-key.sh-84978.log ===

=== larch-quiet-read-session-env-key.sh-85006.log ===

=== larch-quiet-read-session-env-key.sh-85030.log ===

=== larch-quiet-refresh-run-logs.sh-84708.log ===
FLUSH_STATUS=ok
RECORDS=1
APPEND_LOG_FILE=<TMPDIR>/flush-execution-issues-append.uG8yHb

=== larch-quiet-run-relevant-checks-captured.sh-15711.log ===

=== larch-quiet-run-relevant-checks-captured.sh-41886.log ===

=== larch-quiet-run-relevant-checks-captured.sh-66178.log ===

=== larch-quiet-run-relevant-checks-captured.sh-85052.log ===

=== larch-quiet-ship.py-58607.log ===
ci_monitor: poll 1/180 pending after 3s; sleeping 10s
ci_monitor: poll 2/180 pending after 17s; sleeping 10s
ci_monitor: poll 3/180 pending after 31s; sleeping 10s
ci_monitor: poll 4/180 pending after 45s; sleeping 10s
ci_monitor: poll 5/180 pending after 58s; sleeping 10s

=== larch-quiet-step-7a.sh-51301.log ===
FLUSH_STATUS=ok
RECORDS=1
APPEND_LOG_FILE=<TMPDIR>/flush-execution-issues-append.kpc7k5

=== larch-quiet-step2-implement.sh-64232.log ===

=== larch-quiet-timing-ledger.sh-64061.log ===

=== larch-quiet-token-ledger.sh-64003.log ===

