=== larch-quiet-run-step3-review.sh-39602.log ===
Usage: run-step3-review.sh --design-tmpdir PATH --round-cap N
run-step3-review.sh: --design-tmpdir is required
=== larch-quiet-run-step3-review.sh-39792.log ===
Usage: run-step3-review.sh --design-tmpdir PATH --round-cap N
run-step3-review.sh: --round-cap is required
=== larch-quiet-run-step3-review.sh-39889.log ===
Usage: run-step3-review.sh --design-tmpdir PATH --round-cap N
run-step3-review.sh: unknown option: --bogus
=== larch-quiet-run-step3-review.sh-40011.log ===
=== larch-quiet-run-step3-review.sh-40124.log ===
=== larch-quiet-run-step3-review.sh-40219.log ===
=== larch-quiet-run-step3-review.sh-40353.log ===
=== larch-quiet-run-step3-review.sh-40524.log ===
=== larch-quiet-run-step3-review.sh-40636.log ===
=== larch-quiet-run-step3-review.sh-40811.log ===
=== larch-quiet-run-step3-review.sh-41035.log ===
=== larch-quiet-run-step3-review.sh-41204.log ===
=== larch-quiet-run-step3-review.sh-41338.log ===
=== larch-quiet-run-step3-review.sh-41471.log ===
=== larch-quiet-run-step3-review.sh-41617.log ===
=== larch-quiet-run-step3-review.sh-41767.log ===
=== larch-quiet-run-step3-review.sh-41899.log ===
=== larch-quiet-run-step3-review.sh-42016.log ===
=== larch-quiet-run-step3-review.sh-42173.log ===
plan-review-loop.sh: --round-cap must be a positive integer
=== larch-quiet-run-step3-review.sh-42325.log ===
=== larch-quiet-run-step3-review.sh-42484.log ===
=== larch-quiet-run-step3-review.sh-42607.log ===
=== larch-quiet-run-step3-review.sh-42728.log ===
lib-phase-driver: refusing to write symlink result env: <OPERATOR_REPO_PATH>/larch/sessions/test-run-step3-review.Zy6tqn/symlink-outer/.step3-review-result.env
=== larch-quiet-run-step3-review.sh-42929.log ===
lib-phase-driver: refusing to write symlink result env: <OPERATOR_REPO_PATH>/larch/sessions/test-run-step3-review.Zy6tqn/symlink-outer-cap/.step3-review-result.env
=== larch-quiet-run-step3-review.sh-43136.log ===
=== larch-quiet-run-step3-review.sh-43318.log ===
=== larch-quiet-run-step3-review.sh-43406.log ===
=== larch-quiet-run-step3-review.sh-43561.log ===
=== larch-quiet-run-step3-review.sh-43773.log ===
=== larch-quiet-run-step3-review.sh-43930.log ===
=== larch-quiet-run-step3-review.sh-44136.log ===
=== larch-quiet-run-step3-review.sh-44368.log ===
=== larch-quiet-run-step3-review.sh-44560.log ===
=== larch-quiet-run-step3-review.sh-44649.log ===
=== larch-quiet-step2-implement.sh-15023.log ===
