=== larch-quiet-check-review-changes.sh-3244.log ===
=== larch-quiet-degraded-tools-gate.sh-32775.log ===
=== larch-quiet-read-session-env-key.sh-10461.log ===
=== larch-quiet-read-session-env-key.sh-10501.log ===
=== larch-quiet-read-session-env-key.sh-10522.log ===
=== larch-quiet-read-session-env-key.sh-11063.log ===
=== larch-quiet-read-session-env-key.sh-11129.log ===
=== larch-quiet-read-session-env-key.sh-11192.log ===
=== larch-quiet-read-session-env-key.sh-47173.log ===
=== larch-quiet-read-session-env-key.sh-47221.log ===
=== larch-quiet-read-session-env-key.sh-47264.log ===
=== larch-quiet-read-session-env-key.sh-55306.log ===
=== larch-quiet-read-session-env-key.sh-55365.log ===
=== larch-quiet-read-session-env-key.sh-55417.log ===
=== larch-quiet-read-session-env-key.sh-55456.log ===
=== larch-quiet-read-session-env-key.sh-55520.log ===
=== larch-quiet-read-session-env-key.sh-57561.log ===
=== larch-quiet-read-session-env-key.sh-57614.log ===
=== larch-quiet-read-session-env-key.sh-57657.log ===
=== larch-quiet-read-session-env-key.sh-77831.log ===
=== larch-quiet-read-session-env-key.sh-77887.log ===
=== larch-quiet-read-session-env-key.sh-77943.log ===
=== larch-quiet-read-session-env-key.sh-91078.log ===
=== larch-quiet-read-session-env-key.sh-91144.log ===
=== larch-quiet-read-session-env-key.sh-91173.log ===
=== larch-quiet-read-session-env-key.sh-91198.log ===
=== larch-quiet-read-session-env-key.sh-91263.log ===
=== larch-quiet-read-session-env-key.sh-91314.log ===
=== larch-quiet-run-relevant-checks-captured.sh-11230.log ===
UNRESOLVED_VAR: skills/implement/scripts/test-materialize-manifest-oos.sh:50: could not resolve $out
UNRESOLVED_VAR: skills/implement/scripts/test-materialize-manifest-oos.sh:51: could not resolve $out
UNRESOLVED_VAR: skills/implement/scripts/test-materialize-manifest-oos.sh:52: could not resolve $out
UNRESOLVED_VAR: skills/implement/scripts/test-materialize-manifest-oos.sh:53: could not resolve $out
UNRESOLVED_VAR: skills/implement/scripts/test-materialize-manifest-oos.sh:95: could not resolve $out
UNRESOLVED_VAR: skills/implement/scripts/test-materialize-manifest-oos.sh:119: could not resolve $out
UNRESOLVED_VAR: skills/implement/scripts/test-materialize-manifest-oos.sh:155: could not resolve $out
UNRESOLVED_VAR: skills/implement/scripts/test-materialize-manifest-oos.sh:178: could not resolve $out
UNRESOLVED_VAR: skills/implement/scripts/test-materialize-manifest-oos.sh:179: could not resolve $out
UNRESOLVED_VAR: skills/implement/scripts/test-materialize-manifest-oos.sh:180: could not resolve $out
UNRESOLVED_VAR: skills/implement/scripts/test-materialize-manifest-oos.sh:181: could not resolve $out
=== larch-quiet-run-relevant-checks-captured.sh-77992.log ===
UNRESOLVED_VAR: skills/implement/scripts/test-materialize-manifest-oos.sh:50: could not resolve $out
UNRESOLVED_VAR: skills/implement/scripts/test-materialize-manifest-oos.sh:51: could not resolve $out
UNRESOLVED_VAR: skills/implement/scripts/test-materialize-manifest-oos.sh:52: could not resolve $out
UNRESOLVED_VAR: skills/implement/scripts/test-materialize-manifest-oos.sh:72: could not resolve $out
UNRESOLVED_VAR: skills/implement/scripts/test-materialize-manifest-oos.sh:92: could not resolve $out
=== larch-quiet-step-7a.sh-47302.log ===
APPENDED=true
LOG=<TMPDIR>/execution-issues.md
=== larch-quiet-step2-implement.sh-60741.log ===
=== larch-quiet-timing-ledger.sh-55565.log ===
=== larch-quiet-timing-ledger.sh-91372.log ===
=== larch-quiet-token-ledger.sh-91244.log ===
