=== larch-quiet-cli.py-32106.log ===
=== larch-quiet-cli.py-54279.log ===
=== larch-quiet-cli.py-71579.log ===
=== larch-quiet-cli.py-94447.log ===
=== larch-quiet-read-session-env-key.sh-28787.log ===
=== larch-quiet-read-session-env-key.sh-28790.log ===
=== larch-quiet-read-session-env-key.sh-28792.log ===
=== larch-quiet-read-session-env-key.sh-95584.log ===
=== larch-quiet-sessionstart-health.sh-33268.log ===
=== larch-quiet-ship.py-43929.log ===
ship.py: pr-prep: postbump/Flush+Push
ship.py: pr-create: PR
ship.py: post-ensure-pr: Push
ci_monitor: CI status query #1 in progress after 0s
ci_monitor: poll 1/180 pending after 3s; sleeping 10s
ci_monitor: CI status query #2 in progress after 13s
ci_monitor: poll 2/180 pending after 18s; sleeping 10s
ci_monitor: CI status query #3 in progress after 28s
ci_monitor: CI fail after 32s -> evaluate_failure
=== larch-quiet-ship.py-57889.log ===
ship.py: pr-create: PR
ship.py: post-ensure-pr: Push
ci_monitor: CI status query #1 in progress after 0s
ci_monitor: poll 1/180 pending after 4s; sleeping 10s
ci_monitor: CI status query #2 in progress after 14s
ci_monitor: poll 2/180 pending after 17s; sleeping 10s
ci_monitor: CI status query #3 in progress after 27s
ci_monitor: poll 3/180 pending after 31s; sleeping 10s
ci_monitor: CI status query #4 in progress after 41s
ci_monitor: poll 4/180 pending after 44s; sleeping 10s
ci_monitor: CI status query #5 in progress after 54s
ci_monitor: poll 5/180 pending after 59s; sleeping 10s
ci_monitor: CI status query #6 in progress after 69s
ci_monitor: poll 6/180 pending after 72s; sleeping 10s
ci_monitor: CI status query #7 in progress after 82s
ci_monitor: poll 7/180 pending after 86s; sleeping 10s
ci_monitor: CI status query #8 in progress after 96s
ci_monitor: CI pass after 100s -> merge
ship.py: merge
=== larch-quiet-tracking-issue-upsert-summary-55611.log ===
