=== larch-quiet-check-review-changes.sh-19238.log ===
=== larch-quiet-degraded-tools-gate.sh-60688.log ===
=== larch-quiet-read-session-env-key.sh-19205.log ===
=== larch-quiet-read-session-env-key.sh-19216.log ===
=== larch-quiet-read-session-env-key.sh-19227.log ===
=== larch-quiet-read-session-env-key.sh-23817.log ===
=== larch-quiet-read-session-env-key.sh-23847.log ===
=== larch-quiet-read-session-env-key.sh-23870.log ===
=== larch-quiet-read-session-env-key.sh-45070.log ===
=== larch-quiet-read-session-env-key.sh-45081.log ===
=== larch-quiet-read-session-env-key.sh-45092.log ===
=== larch-quiet-read-session-env-key.sh-53835.log ===
=== larch-quiet-read-session-env-key.sh-53865.log ===
=== larch-quiet-read-session-env-key.sh-53889.log ===
=== larch-quiet-read-session-env-key.sh-60357.log ===
=== larch-quiet-read-session-env-key.sh-60404.log ===
=== larch-quiet-read-session-env-key.sh-60456.log ===
=== larch-quiet-read-session-env-key.sh-60496.log ===
=== larch-quiet-read-session-env-key.sh-65394.log ===
=== larch-quiet-read-session-env-key.sh-65405.log ===
=== larch-quiet-read-session-env-key.sh-65416.log ===
=== larch-quiet-read-session-env-key.sh-65427.log ===
=== larch-quiet-read-session-env-key.sh-65438.log ===
=== larch-quiet-read-session-env-key.sh-82921.log ===
=== larch-quiet-read-session-env-key.sh-82932.log ===
=== larch-quiet-read-session-env-key.sh-82943.log ===
=== larch-quiet-run-relevant-checks-captured.sh-19806.log ===
=== larch-quiet-run-relevant-checks-captured.sh-23895.log ===
=== larch-quiet-step-7a.sh-46608.log ===
FLUSH_STATUS=ok
RECORDS=1
APPEND_LOG_FILE=<TMPDIR>/flush-execution-issues-append.49XXJy
=== larch-quiet-step2-implement.sh-65765.log ===
=== larch-quiet-timing-ledger.sh-63343.log ===
=== larch-quiet-timing-ledger.sh-65448.log ===
=== larch-quiet-token-ledger.sh-63318.log ===
