=== larch-quiet-cli.py-31789.log ===
=== larch-quiet-cli.py-39595.log ===
=== larch-quiet-cli.py-90090.log ===
=== larch-quiet-scout-plan-archetypes-wrapper.sh-39018.log ===
=== larch-quiet-sessionstart-health.sh-15268.log ===
=== larch-quiet-sessionstart-health.sh-58432.log ===
=== larch-quiet-sessionstart-health.sh-59365.log ===
=== larch-quiet-sessionstart-health.sh-91168.log ===
=== larch-quiet-ship.py-21499.log ===
ship.py: pr-prep: postbump/Flush+Push
=== larch-quiet-ship.py-58218.log ===
ship.py: pr-prep: postbump/Flush+Push
=== larch-quiet-ship.py-7992.log ===
ship.py: pr-create: PR
ship.py: post-ensure-pr: Push
ci_monitor: CI status query #1 in progress after 0s
ci_monitor: poll 1/180 pending after 4s; sleeping 10s
ci_monitor: CI status query #2 in progress after 14s
ci_monitor: poll 2/180 pending after 17s; sleeping 10s
ci_monitor: CI status query #3 in progress after 27s
ci_monitor: poll 3/180 pending after 31s; sleeping 10s
ci_monitor: CI status query #4 in progress after 41s
ci_monitor: poll 4/180 pending after 46s; sleeping 10s
ci_monitor: CI status query #5 in progress after 56s
ci_monitor: poll 5/180 pending after 59s; sleeping 10s
ci_monitor: CI status query #6 in progress after 69s
ci_monitor: CI fail after 72s -> evaluate_failure
=== larch-quiet-ship.py-82367.log ===
ship.py: pr-prep: postbump/Flush+Push
=== larch-quiet-ship.py-90433.log ===
ship.py: pre-pr-reentry: de-terminalized prior phase stalled -> assessments
=== larch-quiet-ship.py-92781.log ===
