=== larch-quiet-check-review-changes.sh-14427.log ===
=== larch-quiet-degraded-tools-gate.sh-60826.log ===
=== larch-quiet-git-current-branch.sh-9066.log ===
=== larch-quiet-oos-file-conflict-deps.sh-24916.log ===
▶ parse-input: 2 items parsed (mode=oos): 1=report_tokens test coverage and correctness follow-ups, 2=report_tokens security documentation follow-ups
▶ parse-input: 2 items parsed (mode=oos): 1=report_tokens test coverage and correctness follow-ups, 2=report_tokens security documentation follow-ups
=== larch-quiet-read-session-env-key.sh-14274.log ===
=== larch-quiet-read-session-env-key.sh-14320.log ===
=== larch-quiet-read-session-env-key.sh-14365.log ===
=== larch-quiet-read-session-env-key.sh-19735.log ===
=== larch-quiet-read-session-env-key.sh-19798.log ===
=== larch-quiet-read-session-env-key.sh-19851.log ===
=== larch-quiet-read-session-env-key.sh-22426.log ===
=== larch-quiet-read-session-env-key.sh-22487.log ===
=== larch-quiet-read-session-env-key.sh-22529.log ===
=== larch-quiet-read-session-env-key.sh-22870.log ===
=== larch-quiet-read-session-env-key.sh-23280.log ===
=== larch-quiet-read-session-env-key.sh-23335.log ===
=== larch-quiet-read-session-env-key.sh-23400.log ===
=== larch-quiet-read-session-env-key.sh-23470.log ===
=== larch-quiet-read-session-env-key.sh-30887.log ===
=== larch-quiet-read-session-env-key.sh-30948.log ===
=== larch-quiet-read-session-env-key.sh-30993.log ===
=== larch-quiet-read-session-env-key.sh-3404.log ===
=== larch-quiet-read-session-env-key.sh-3462.log ===
=== larch-quiet-read-session-env-key.sh-3507.log ===
=== larch-quiet-read-session-env-key.sh-82345.log ===
=== larch-quiet-read-session-env-key.sh-82413.log ===
=== larch-quiet-read-session-env-key.sh-82464.log ===
=== larch-quiet-read-session-env-key.sh-85331.log ===
=== larch-quiet-read-session-env-key.sh-85395.log ===
=== larch-quiet-read-session-env-key.sh-85437.log ===
=== larch-quiet-read-session-env-key.sh-97813.log ===
=== larch-quiet-read-session-env-key.sh-97855.log ===
=== larch-quiet-read-session-env-key.sh-97911.log ===
=== larch-quiet-run-relevant-checks-captured.sh-19817.log ===
=== larch-quiet-run-relevant-checks-captured.sh-19945.log ===
=== larch-quiet-slack-issue-announce.sh-91467.log ===
=== larch-quiet-step-7a.sh-26566.log ===
FLUSH_STATUS=ok
RECORDS=1
APPEND_LOG_FILE=<TMPDIR>/flush-execution-issues-append.pynGju
=== larch-quiet-step2-implement.sh-88664.log ===
=== larch-quiet-timing-ledger.sh-22733.log ===
=== larch-quiet-timing-ledger.sh-3694.log ===
=== larch-quiet-timing-ledger.sh-82632.log ===
=== larch-quiet-timing-ledger.sh-85643.log ===
=== larch-quiet-token-ledger.sh-22589.log ===
=== larch-quiet-token-ledger.sh-3571.log ===
=== larch-quiet-token-ledger.sh-82510.log ===
=== larch-quiet-token-ledger.sh-85513.log ===
=== larch-quiet-write-final-report.sh-3830.log ===
COMMENT_URL=https://github.com/character-ai/larch/issues/3434#issuecomment-4618647054
STATUS=ok
=== larch-quiet-write-rejected-findings.sh-85789.log ===
