=== larch-quiet-degraded-tools-gate.sh-11345.log ===

=== larch-quiet-design-driver.sh-50917.log ===

=== larch-quiet-design-init-runparams.sh-79525.log ===
RUN_PARAMS_WRITTEN=<TMPDIR>/run-params.json

=== larch-quiet-design-publish.sh-52540.log ===

=== larch-quiet-design-route.sh-23984.log ===

=== larch-quiet-file-design-oos.sh-29176.log ===

=== larch-quiet-resolve-repo.sh-17497.log ===

=== larch-quiet-run-step3-review.sh-1532.log ===

=== larch-quiet-run-step3-review.sh-8592.log ===
POSTPLAN_EMIT_STATUS=ok
EMIT_PLAN_STATUS=ok
DIFF_LINES=921
VALIDATE_STATUS=ok
VALIDATE_DEFECT_COUNT=0
PLAN_SIZE_STATUS=drift-advisory
HARD_TRIGGER_FIRED=false
TRIGGER_REASONS=
PLAN_LINES=339
DIFF_ADDED=550
DIFF_DELETED=371
MECHANICAL_CHURN=false
SOFT_ADVISORY=false
PARTITION_REQUESTED=false
DRIFT_TRIGGER_FIRED=true
DRIFT_MULTIPLE=2
DRIFT_PLAN_RATIO=2.09
DRIFT_DIFF_RATIO=1.55
BASELINE_PLAN_LINES=162
BASELINE_DIFF_LINES=595

=== larch-quiet-sanitize-mermaid-fragment.sh-40257.log ===

=== larch-quiet-timing-ledger.sh-15076.log ===

=== larch-quiet-timing-ledger.sh-16418.log ===

=== larch-quiet-timing-ledger.sh-29551.log ===

=== larch-quiet-timing-ledger.sh-30028.log ===

=== larch-quiet-timing-ledger.sh-40624.log ===

=== larch-quiet-timing-ledger.sh-53927.log ===

=== larch-quiet-timing-ledger.sh-60743.log ===

=== larch-quiet-timing-ledger.sh-87263.log ===

=== larch-quiet-timing-ledger.sh-8991.log ===

=== larch-quiet-timing-ledger.sh-99749.log ===

=== larch-quiet-token-ledger.sh-7684.log ===

