=== larch-quiet-check-review-changes.sh-29812.log ===
=== larch-quiet-git-current-branch.sh-92922.log ===
=== larch-quiet-read-session-env-key.sh-11075.log ===
=== larch-quiet-read-session-env-key.sh-11133.log ===
=== larch-quiet-read-session-env-key.sh-11188.log ===
=== larch-quiet-read-session-env-key.sh-2937.log ===
=== larch-quiet-read-session-env-key.sh-3152.log ===
=== larch-quiet-read-session-env-key.sh-3322.log ===
=== larch-quiet-read-session-env-key.sh-38437.log ===
=== larch-quiet-read-session-env-key.sh-38521.log ===
=== larch-quiet-read-session-env-key.sh-38592.log ===
=== larch-quiet-run-relevant-checks-captured.sh-3494.log ===
=== larch-quiet-run-relevant-checks-captured.sh-38641.log ===
=== larch-quiet-run-relevant-checks-captured.sh-76263.log ===
=== larch-quiet-run-relevant-checks-captured.sh-83460.log ===
=== larch-quiet-step-7a.sh-56327.log ===
FLUSH_STATUS=ok
RECORDS=1
APPEND_LOG_FILE=<TMPDIR>/flush-execution-issues-append.U5Ua05
=== larch-quiet-step2-implement.sh-91209.log ===
=== larch-quiet-timing-ledger.sh-11338.log ===
=== larch-quiet-token-ledger.sh-11233.log ===
