=== larch-quiet-cli.py-10711.log ===
=== larch-quiet-cli.py-20010.log ===
=== larch-quiet-cli.py-24614.log ===
=== larch-quiet-cli.py-28761.log ===
=== larch-quiet-cli.py-30881.log ===
=== larch-quiet-cli.py-31597.log ===
=== larch-quiet-cli.py-31797.log ===
=== larch-quiet-cli.py-34546.log ===
=== larch-quiet-cli.py-39328.log ===
=== larch-quiet-cli.py-45599.log ===
=== larch-quiet-cli.py-45922.log ===
=== larch-quiet-cli.py-47921.log ===
=== larch-quiet-cli.py-52725.log ===
=== larch-quiet-cli.py-53315.log ===
=== larch-quiet-cli.py-5625.log ===
=== larch-quiet-cli.py-60045.log ===
=== larch-quiet-cli.py-61304.log ===
=== larch-quiet-cli.py-61469.log ===
=== larch-quiet-cli.py-69471.log ===
=== larch-quiet-cli.py-7038.log ===
=== larch-quiet-cli.py-72146.log ===
=== larch-quiet-cli.py-80499.log ===
=== larch-quiet-cli.py-85766.log ===
=== larch-quiet-cli.py-86475.log ===
=== larch-quiet-cli.py-89863.log ===
=== larch-quiet-cli.py-90741.log ===
=== larch-quiet-cli.py-91465.log ===
=== larch-quiet-cli.py-93925.log ===
=== larch-quiet-cli.py-94322.log ===
=== larch-quiet-cli.py-95019.log ===
usage: cli.py implement commit [-h]

options:
  -h, --help  show this help message and exit
=== larch-quiet-cli.py-95335.log ===
=== larch-quiet-cli.py-97241.log ===
=== larch-quiet-cli.py-97615.log ===
=== larch-quiet-cli.py-99641.log ===
=== larch-quiet-read-session-env-key.sh-3260.log ===
=== larch-quiet-read-session-env-key.sh-3264.log ===
=== larch-quiet-read-session-env-key.sh-3266.log ===
=== larch-quiet-read-session-env-key.sh-83069.log ===
=== larch-quiet-read-session-env-key.sh-83071.log ===
=== larch-quiet-read-session-env-key.sh-83073.log ===
=== larch-quiet-sessionstart-health.sh-13374.log ===
=== larch-quiet-sessionstart-health.sh-32295.log ===
=== larch-quiet-sessionstart-health.sh-34969.log ===
=== larch-quiet-sessionstart-health.sh-35388.log ===
=== larch-quiet-sessionstart-health.sh-5413.log ===
=== larch-quiet-sessionstart-health.sh-66898.log ===
=== larch-quiet-sessionstart-health.sh-94972.log ===
=== larch-quiet-sessionstart-health.sh-99647.log ===
=== larch-quiet-ship.py-15028.log ===
=== larch-quiet-ship.py-29807.log ===
=== larch-quiet-ship.py-38941.log ===
=== larch-quiet-ship.py-58816.log ===
=== larch-quiet-ship.py-60093.log ===
=== larch-quiet-ship.py-93110.log ===
=== larch-quiet-tracking-issue-upsert-summary-53229.log ===
=== larch-quiet-tracking-issue-upsert-summary-90658.log ===
