=== larch-quiet-check-contains-pins.sh-64273.log ===

=== larch-quiet-check-contains-pins.sh-75063.log ===

=== larch-quiet-check-review-changes.sh-11616.log ===

=== larch-quiet-commit-implementation.sh-2038.log ===
<OPERATOR_REPO_PATH>/plugins/cache/larch-local/larch/48.2.1/skills/implement/scripts/commit-implementation.sh: line 55: FILES[@]: unbound variable

=== larch-quiet-degraded-tools-gate.sh-11369.log ===

=== larch-quiet-lint-mermaid-fences.sh-40225.log ===

=== larch-quiet-lint-mermaid-fences.sh-40226.log ===

=== larch-quiet-lint-mermaid-fences.sh-40229.log ===

=== larch-quiet-lint-mermaid-fences.sh-40230.log ===

=== larch-quiet-lint-mermaid-fences.sh-40231.log ===

=== larch-quiet-lint-mermaid-fences.sh-40232.log ===

=== larch-quiet-lint-mermaid-fences.sh-40233.log ===

=== larch-quiet-lint-mermaid-fences.sh-40234.log ===

=== larch-quiet-lint-mermaid-fences.sh-40235.log ===

=== larch-quiet-lint-mermaid-fences.sh-40236.log ===

=== larch-quiet-lint-mermaid-fences.sh-40237.log ===

=== larch-quiet-lint-mermaid-fences.sh-48485.log ===

=== larch-quiet-lint-mermaid-fences.sh-48486.log ===

=== larch-quiet-lint-mermaid-fences.sh-48487.log ===

=== larch-quiet-lint-mermaid-fences.sh-48488.log ===

=== larch-quiet-lint-mermaid-fences.sh-48491.log ===

=== larch-quiet-lint-mermaid-fences.sh-48492.log ===

=== larch-quiet-lint-mermaid-fences.sh-48493.log ===

=== larch-quiet-lint-mermaid-fences.sh-48494.log ===

=== larch-quiet-lint-mermaid-fences.sh-48495.log ===

=== larch-quiet-lint-mermaid-fences.sh-48496.log ===

=== larch-quiet-lint-mermaid-fences.sh-48497.log ===

=== larch-quiet-read-session-env-key.sh-11280.log ===

=== larch-quiet-read-session-env-key.sh-11301.log ===

=== larch-quiet-read-session-env-key.sh-11324.log ===

=== larch-quiet-read-session-env-key.sh-11347.log ===

=== larch-quiet-read-session-env-key.sh-11537.log ===

=== larch-quiet-read-session-env-key.sh-11566.log ===

=== larch-quiet-read-session-env-key.sh-11590.log ===

=== larch-quiet-read-session-env-key.sh-1471.log ===

=== larch-quiet-read-session-env-key.sh-1494.log ===

=== larch-quiet-read-session-env-key.sh-1517.log ===

=== larch-quiet-read-session-env-key.sh-23084.log ===

=== larch-quiet-read-session-env-key.sh-23107.log ===

=== larch-quiet-read-session-env-key.sh-23130.log ===

=== larch-quiet-read-session-env-key.sh-25238.log ===

=== larch-quiet-read-session-env-key.sh-25268.log ===

=== larch-quiet-read-session-env-key.sh-25291.log ===

=== larch-quiet-read-session-env-key.sh-32964.log ===

=== larch-quiet-read-session-env-key.sh-32989.log ===

=== larch-quiet-read-session-env-key.sh-33012.log ===

=== larch-quiet-run-relevant-checks-captured.sh-33034.log ===

=== larch-quiet-run-relevant-checks-captured.sh-40242.log ===

=== larch-quiet-step-7a.sh-16524.log ===
FLUSH_STATUS=ok
RECORDS=1
APPEND_LOG_FILE=<TMPDIR>/flush-execution-issues-append.HYPJhx

=== larch-quiet-step2-implement.sh-25651.log ===

=== larch-quiet-timing-ledger.sh-23210.log ===

=== larch-quiet-timing-ledger.sh-25371.log ===

=== larch-quiet-token-ledger.sh-23152.log ===

=== larch-quiet-token-ledger.sh-25313.log ===

