=== larch-quiet-append-execution-issue.sh-44393.log ===
=== larch-quiet-check-review-changes.sh-30378.log ===
=== larch-quiet-read-session-env-key.sh-28497.log ===
=== larch-quiet-read-session-env-key.sh-28602.log ===
=== larch-quiet-read-session-env-key.sh-28687.log ===
=== larch-quiet-read-session-env-key.sh-30188.log ===
=== larch-quiet-read-session-env-key.sh-30251.log ===
=== larch-quiet-read-session-env-key.sh-30314.log ===
=== larch-quiet-read-session-env-key.sh-52487.log ===
=== larch-quiet-read-session-env-key.sh-52562.log ===
=== larch-quiet-read-session-env-key.sh-52627.log ===
=== larch-quiet-read-session-env-key.sh-69110.log ===
=== larch-quiet-read-session-env-key.sh-69213.log ===
=== larch-quiet-read-session-env-key.sh-69353.log ===
=== larch-quiet-read-session-env-key.sh-9395.log ===
=== larch-quiet-read-session-env-key.sh-9442.log ===
=== larch-quiet-read-session-env-key.sh-9517.log ===
=== larch-quiet-run-relevant-checks-captured.sh-28735.log ===
=== larch-quiet-run-relevant-checks-captured.sh-44444.log ===
=== larch-quiet-step-7a.sh-26706.log ===
FLUSH_STATUS=ok
RECORDS=1
APPEND_LOG_FILE=<TMPDIR>/flush-execution-issues-append.y7LUxm
=== larch-quiet-step2-implement.sh-74557.log ===
=== larch-quiet-timing-ledger.sh-52911.log ===
=== larch-quiet-timing-ledger.sh-69575.log ===
=== larch-quiet-token-ledger.sh-52771.log ===
=== larch-quiet-token-ledger.sh-69449.log ===
