=== larch-quiet-check-contains-pins.sh-37745.log ===

=== larch-quiet-check-contains-pins.sh-98199.log ===

=== larch-quiet-cli.py-20700.log ===

=== larch-quiet-cli.py-81968.log ===

=== larch-quiet-degraded-tools-gate.sh-94564.log ===

=== larch-quiet-read-session-env-key.sh-94459.log ===

=== larch-quiet-read-session-env-key.sh-94484.log ===

=== larch-quiet-read-session-env-key.sh-94511.log ===

=== larch-quiet-read-session-env-key.sh-94537.log ===

=== larch-quiet-read-session-env-key.sh-99707.log ===

=== larch-quiet-read-session-env-key.sh-99734.log ===

=== larch-quiet-read-session-env-key.sh-99772.log ===

=== larch-quiet-read-session-env-key.sh-99820.log ===

=== larch-quiet-read-session-env-key.sh-99859.log ===

=== larch-quiet-run-relevant-checks-captured.sh-62231.log ===

=== larch-quiet-run-relevant-checks-captured.sh-76187.log ===

=== larch-quiet-run-relevant-checks-captured.sh-79895.log ===

=== larch-quiet-run-relevant-checks-captured.sh-97012.log ===

=== larch-quiet-step-7a.sh-76090.log ===
Usage: step-7a.sh --implement-tmpdir PATH [--issue-number N] [--run-id ID] [--no-logs-commit BOOL] [--forked-target BOOL]

=== larch-quiet-step-7a.sh-79878.log ===
FLUSH_STATUS=ok
RECORDS=1
APPEND_LOG_FILE=<TMPDIR>/flush-execution-issues-append.N1Thpr

=== larch-quiet-timing-ledger.sh-99954.log ===

=== larch-quiet-token-ledger.sh-99896.log ===

