=== larch-quiet-check-review-changes.sh-34830.log ===
=== larch-quiet-git-current-branch.sh-9471.log ===
=== larch-quiet-read-session-env-key.sh-20842.log ===
=== larch-quiet-read-session-env-key.sh-20889.log ===
=== larch-quiet-read-session-env-key.sh-20965.log ===
=== larch-quiet-read-session-env-key.sh-34797.log ===
=== larch-quiet-read-session-env-key.sh-34808.log ===
=== larch-quiet-read-session-env-key.sh-34819.log ===
=== larch-quiet-read-session-env-key.sh-34957.log ===
=== larch-quiet-read-session-env-key.sh-34968.log ===
=== larch-quiet-read-session-env-key.sh-34979.log ===
=== larch-quiet-read-session-env-key.sh-3951.log ===
=== larch-quiet-read-session-env-key.sh-3998.log ===
=== larch-quiet-read-session-env-key.sh-4045.log ===
=== larch-quiet-read-session-env-key.sh-4379.log ===
=== larch-quiet-read-session-env-key.sh-4394.log ===
=== larch-quiet-read-session-env-key.sh-4407.log ===
=== larch-quiet-read-session-env-key.sh-72993.log ===
=== larch-quiet-read-session-env-key.sh-73023.log ===
=== larch-quiet-read-session-env-key.sh-73043.log ===
=== larch-quiet-read-session-env-key.sh-85442.log ===
=== larch-quiet-read-session-env-key.sh-85453.log ===
=== larch-quiet-read-session-env-key.sh-85464.log ===
=== larch-quiet-read-session-env-key.sh-85475.log ===
=== larch-quiet-run-relevant-checks-captured.sh-21036.log ===
=== larch-quiet-run-relevant-checks-captured.sh-34989.log ===
=== larch-quiet-run-relevant-checks-captured.sh-4086.log ===
=== larch-quiet-step-7a.sh-94833.log ===
FLUSH_STATUS=ok
RECORDS=1
APPEND_LOG_FILE=<TMPDIR>/flush-execution-issues-append.9mFAu5
=== larch-quiet-timing-ledger.sh-4476.log ===
=== larch-quiet-timing-ledger.sh-85485.log ===
=== larch-quiet-token-ledger.sh-4419.log ===
