=== larch-quiet-check-contains-pins.sh-55278.log ===

=== larch-quiet-check-contains-pins.sh-87361.log ===

=== larch-quiet-check-review-changes.sh-67765.log ===

=== larch-quiet-cli.py-54217.log ===

=== larch-quiet-cli.py-86289.log ===

=== larch-quiet-commit-implementation.sh-95483.log ===
[sergey-zhupanov/implementing-bug-combine-issues-oos-chec-3890 67e68fbf2] Fixes #3890: /combine-issues --oos: add in-flight check before stale discard
 1 file changed, 10 insertions(+), 3 deletions(-)

=== larch-quiet-commit-review-fixes.sh-61761.log ===
[sergey-zhupanov/implementing-bug-combine-issues-oos-chec-3890 0900c14ac] Address code review feedback
 1 file changed, 1 insertion(+), 1 deletion(-)

=== larch-quiet-degraded-tools-gate.sh-8052.log ===

=== larch-quiet-read-session-env-key.sh-21870.log ===

=== larch-quiet-read-session-env-key.sh-21902.log ===

=== larch-quiet-read-session-env-key.sh-21936.log ===

=== larch-quiet-read-session-env-key.sh-3323.log ===

=== larch-quiet-read-session-env-key.sh-3367.log ===

=== larch-quiet-read-session-env-key.sh-3399.log ===

=== larch-quiet-read-session-env-key.sh-67003.log ===

=== larch-quiet-read-session-env-key.sh-67041.log ===

=== larch-quiet-read-session-env-key.sh-67071.log ===

=== larch-quiet-read-session-env-key.sh-7845.log ===

=== larch-quiet-read-session-env-key.sh-7913.log ===

=== larch-quiet-read-session-env-key.sh-7963.log ===

=== larch-quiet-read-session-env-key.sh-8017.log ===

=== larch-quiet-read-session-env-key.sh-80333.log ===

=== larch-quiet-read-session-env-key.sh-80363.log ===

=== larch-quiet-read-session-env-key.sh-80397.log ===

=== larch-quiet-read-session-env-key.sh-80431.log ===

=== larch-quiet-read-session-env-key.sh-95391.log ===

=== larch-quiet-read-session-env-key.sh-95424.log ===

=== larch-quiet-read-session-env-key.sh-95452.log ===

=== larch-quiet-run-relevant-checks-captured.sh-35852.log ===

=== larch-quiet-run-relevant-checks-captured.sh-67096.log ===

=== larch-quiet-step-7a.sh-80464.log ===
FLUSH_STATUS=ok
RECORDS=1
APPEND_LOG_FILE=<TMPDIR>/flush-execution-issues-append.oCPWOe

=== larch-quiet-timing-ledger.sh-22027.log ===

=== larch-quiet-timing-ledger.sh-3490.log ===

=== larch-quiet-token-ledger.sh-21969.log ===

=== larch-quiet-token-ledger.sh-3432.log ===

