=== larch-quiet-check-review-changes.sh-97404.log ===
=== larch-quiet-commit-implementation.sh-59561.log ===
[sergey-zhupanov/implementing-oos-complete-stderr-surfaci-3273 6a004ffc8] Wire --risk forwarding in launch-review.sh, fix launch-cursor launchers FINDING_6, add behavioral tests for STDERR_SINK and risk round-trip
 6 files changed, 176 insertions(+), 15 deletions(-)
=== larch-quiet-read-session-env-key.sh-42290.log ===
=== larch-quiet-read-session-env-key.sh-42316.log ===
=== larch-quiet-read-session-env-key.sh-42330.log ===
=== larch-quiet-read-session-env-key.sh-59478.log ===
=== larch-quiet-read-session-env-key.sh-59514.log ===
=== larch-quiet-read-session-env-key.sh-59551.log ===
=== larch-quiet-read-session-env-key.sh-64504.log ===
=== larch-quiet-read-session-env-key.sh-64515.log ===
=== larch-quiet-read-session-env-key.sh-64526.log ===
=== larch-quiet-read-session-env-key.sh-71604.log ===
=== larch-quiet-read-session-env-key.sh-71615.log ===
=== larch-quiet-read-session-env-key.sh-71626.log ===
=== larch-quiet-read-session-env-key.sh-71876.log ===
=== larch-quiet-read-session-env-key.sh-71887.log ===
=== larch-quiet-read-session-env-key.sh-71898.log ===
=== larch-quiet-read-session-env-key.sh-75100.log ===
=== larch-quiet-read-session-env-key.sh-75111.log ===
=== larch-quiet-read-session-env-key.sh-75122.log ===
=== larch-quiet-read-session-env-key.sh-77417.log ===
=== larch-quiet-read-session-env-key.sh-77428.log ===
=== larch-quiet-read-session-env-key.sh-77448.log ===
=== larch-quiet-read-session-env-key.sh-79231.log ===
=== larch-quiet-read-session-env-key.sh-79242.log ===
=== larch-quiet-read-session-env-key.sh-79267.log ===
=== larch-quiet-read-session-env-key.sh-80805.log ===
=== larch-quiet-read-session-env-key.sh-80837.log ===
=== larch-quiet-read-session-env-key.sh-80874.log ===
=== larch-quiet-read-session-env-key.sh-80910.log ===
=== larch-quiet-read-session-env-key.sh-83464.log ===
=== larch-quiet-read-session-env-key.sh-83484.log ===
=== larch-quiet-read-session-env-key.sh-83495.log ===
=== larch-quiet-read-session-env-key.sh-83506.log ===
=== larch-quiet-read-session-env-key.sh-83533.log ===
=== larch-quiet-read-session-env-key.sh-97319.log ===
=== larch-quiet-read-session-env-key.sh-97356.log ===
=== larch-quiet-read-session-env-key.sh-97377.log ===
=== larch-quiet-read-session-env-key.sh-99861.log ===
=== larch-quiet-read-session-env-key.sh-99880.log ===
=== larch-quiet-read-session-env-key.sh-99899.log ===
=== larch-quiet-run-relevant-checks-captured.sh-42340.log ===
=== larch-quiet-run-relevant-checks-captured.sh-92065.log ===
SKIPPED_NON_CANONICAL: scripts/test-design-structure.sh:977: assertion shape not in v1 grammar
SKIPPED_NON_CANONICAL: scripts/test-design-structure.sh:978: assertion shape not in v1 grammar
=== larch-quiet-run-relevant-checks-captured.sh-99924.log ===
SKIPPED_NON_CANONICAL: scripts/test-design-structure.sh:977: assertion shape not in v1 grammar
SKIPPED_NON_CANONICAL: scripts/test-design-structure.sh:978: assertion shape not in v1 grammar
=== larch-quiet-slack-issue-announce.sh-77540.log ===
=== larch-quiet-step-7a.sh-71908.log ===
FLUSH_STATUS=ok
RECORDS=1
APPEND_LOG_FILE=<TMPDIR>/flush-execution-issues-append.ReHpCr
=== larch-quiet-step2-implement.sh-82382.log ===

✓ cap-hit.txt: exit=0

✓ All 1 reviewer(s) completed in 0s
=== larch-quiet-timing-ledger.sh-64560.log ===
=== larch-quiet-timing-ledger.sh-75175.log ===
=== larch-quiet-timing-ledger.sh-77493.log ===
=== larch-quiet-timing-ledger.sh-79314.log ===
=== larch-quiet-timing-ledger.sh-80944.log ===
=== larch-quiet-token-ledger.sh-64536.log ===
=== larch-quiet-token-ledger.sh-75146.log ===
=== larch-quiet-token-ledger.sh-77467.log ===
=== larch-quiet-token-ledger.sh-79281.log ===
=== larch-quiet-write-final-report.sh-79354.log ===
COMMENT_URL=https://github.com/character-ai/larch/issues/3273#issuecomment-4587646969
STATUS=ok
=== larch-quiet-write-rejected-findings.sh-75223.log ===
