=== larch-quiet-append-execution-issue.sh-8082.log ===
=== larch-quiet-append-execution-issue.sh-8245.log ===
=== larch-quiet-append-execution-issue.sh-89509.log ===
=== larch-quiet-append-execution-issue.sh-89572.log ===
=== larch-quiet-check-review-changes.sh-1121.log ===
=== larch-quiet-degraded-tools-gate.sh-75166.log ===
=== larch-quiet-git-current-branch.sh-69147.log ===
=== larch-quiet-read-session-env-key.sh-17097.log ===
=== larch-quiet-read-session-env-key.sh-17185.log ===
=== larch-quiet-read-session-env-key.sh-17261.log ===
=== larch-quiet-read-session-env-key.sh-17764.log ===
=== larch-quiet-read-session-env-key.sh-29089.log ===
=== larch-quiet-run-relevant-checks-captured.sh-8804.log ===
=== larch-quiet-run-relevant-checks-captured.sh-90039.log ===
=== larch-quiet-step-7a.sh-17707.log ===
FLUSH_STATUS=ok
RECORDS=1
APPEND_LOG_FILE=<TMPDIR>/flush-execution-issues-append.UZvsQE
=== larch-quiet-step2-implement.sh-38661.log ===
=== larch-quiet-timing-ledger.sh-17567.log ===
=== larch-quiet-timing-ledger.sh-29123.log ===
=== larch-quiet-token-ledger.sh-17339.log ===
