=== larch-quiet-check-review-changes.sh-71743.log ===
=== larch-quiet-git-current-branch.sh-99347.log ===
=== larch-quiet-read-session-env-key.sh-31720.log ===
=== larch-quiet-read-session-env-key.sh-31731.log ===
=== larch-quiet-read-session-env-key.sh-31744.log ===
=== larch-quiet-read-session-env-key.sh-6227.log ===
=== larch-quiet-read-session-env-key.sh-6271.log ===
=== larch-quiet-read-session-env-key.sh-6306.log ===
=== larch-quiet-read-session-env-key.sh-64315.log ===
=== larch-quiet-read-session-env-key.sh-64340.log ===
=== larch-quiet-read-session-env-key.sh-64359.log ===
=== larch-quiet-read-session-env-key.sh-73274.log ===
=== larch-quiet-read-session-env-key.sh-73294.log ===
=== larch-quiet-read-session-env-key.sh-73305.log ===
=== larch-quiet-read-session-env-key.sh-90024.log ===
=== larch-quiet-read-session-env-key.sh-90082.log ===
=== larch-quiet-read-session-env-key.sh-90131.log ===
=== larch-quiet-run-relevant-checks-captured.sh-6333.log ===
=== larch-quiet-run-relevant-checks-captured.sh-73315.log ===
=== larch-quiet-step-7a.sh-3828.log ===
FLUSH_STATUS=ok
RECORDS=1
APPEND_LOG_FILE=<TMPDIR>/flush-execution-issues-append.ncC6HA
=== larch-quiet-timing-ledger.sh-64404.log ===
=== larch-quiet-timing-ledger.sh-90284.log ===
=== larch-quiet-token-ledger.sh-64375.log ===
=== larch-quiet-token-ledger.sh-90183.log ===
=== larch-quiet-write-rejected-findings.sh-71691.log ===
