=== larch-quiet-check-contains-pins.sh-99542.log ===
UNRESOLVED_VAR: skills/design/scripts/test-review-design-step3-loop.sh:112: could not resolve $out
UNRESOLVED_VAR: skills/design/scripts/test-review-design-step3-loop.sh:125: could not resolve $out
UNRESOLVED_VAR: skills/design/scripts/test-review-design-step3-loop.sh:136: could not resolve $out
UNRESOLVED_VAR: skills/design/scripts/test-review-design-step3-loop.sh:137: could not resolve $out
UNRESOLVED_VAR: skills/design/scripts/test-review-design-step3-loop.sh:138: could not resolve $out
UNRESOLVED_VAR: skills/design/scripts/test-review-design-step3-loop.sh:164: could not resolve $out
UNRESOLVED_VAR: skills/design/scripts/test-review-design-step3-loop.sh:165: could not resolve $out
UNRESOLVED_VAR: skills/design/scripts/test-review-design-step3-loop.sh:195: could not resolve $out
SKIPPED_NON_CANONICAL: skills/design/scripts/test-review-design-step3-loop.sh:196: assertion shape not in v1 grammar
UNRESOLVED_VAR: skills/design/scripts/test-review-design-step3-loop.sh:222: could not resolve $out
UNRESOLVED_VAR: skills/design/scripts/test-review-design-step3-loop.sh:223: could not resolve $out
UNRESOLVED_VAR: skills/design/scripts/test-review-design-step3-loop.sh:257: could not resolve $out
UNRESOLVED_VAR: skills/design/scripts/test-review-design-step3-loop.sh:277: could not resolve $out
UNRESOLVED_VAR: skills/design/scripts/test-review-design-step3-loop.sh:278: could not resolve $out
UNRESOLVED_VAR: skills/design/scripts/test-review-design-step3-loop.sh:299: could not resolve $out
UNRESOLVED_VAR: skills/design/scripts/test-review-design-step3-loop.sh:323: could not resolve $out
UNRESOLVED_VAR: skills/design/scripts/test-review-design-step3-loop.sh:324: could not resolve $out
UNRESOLVED_VAR: skills/design/scripts/test-review-design-step3-loop.sh:359: could not resolve $out
UNRESOLVED_VAR: skills/design/scripts/test-review-design-step3-loop.sh:385: could not resolve $out
UNRESOLVED_VAR: skills/design/scripts/test-review-design-step3-loop.sh:411: could not resolve $out
UNRESOLVED_VAR: skills/design/scripts/test-review-design-step3-loop.sh:439: could not resolve $out

=== larch-quiet-check-review-changes.sh-61343.log ===

=== larch-quiet-cli.py-77630.log ===

=== larch-quiet-commit-implementation.sh-12794.log ===
[sergey-zhupanov/implementing-optimization-urgent-plan-si-3959 e7c5395ad] Replace plan-size hard trigger prompt with warn-and-continue in review loop (#3959)
 5 files changed, 24 insertions(+), 10 deletions(-)

=== larch-quiet-degraded-tools-gate.sh-69474.log ===

=== larch-quiet-read-session-env-key.sh-40695.log ===

=== larch-quiet-read-session-env-key.sh-40747.log ===

=== larch-quiet-read-session-env-key.sh-40836.log ===

=== larch-quiet-read-session-env-key.sh-61151.log ===

=== larch-quiet-read-session-env-key.sh-61224.log ===

=== larch-quiet-read-session-env-key.sh-61280.log ===

=== larch-quiet-read-session-env-key.sh-69168.log ===

=== larch-quiet-read-session-env-key.sh-69277.log ===

=== larch-quiet-read-session-env-key.sh-69362.log ===

=== larch-quiet-read-session-env-key.sh-69442.log ===

=== larch-quiet-run-relevant-checks-captured.sh-40877.log ===

=== larch-quiet-step-7a.sh-69504.log ===
FLUSH_STATUS=ok
RECORDS=1
APPEND_LOG_FILE=<TMPDIR>/flush-execution-issues-append.BVjBcI

