=== larch-quiet-clear-implement-current-env.sh-21918.log ===
=== larch-quiet-cli.py-12526.log ===
=== larch-quiet-cli.py-15782.log ===
=== larch-quiet-cli.py-90202.log ===
=== larch-quiet-cli.py-93016.log ===
=== larch-quiet-cli.py-95598.log ===
=== larch-quiet-cli.py-96937.log ===
=== larch-quiet-read-session-env-key.sh-11365.log ===
=== larch-quiet-read-session-env-key.sh-11367.log ===
=== larch-quiet-read-session-env-key.sh-11369.log ===
=== larch-quiet-read-session-env-key.sh-14641.log ===
=== larch-quiet-read-session-env-key.sh-14645.log ===
=== larch-quiet-read-session-env-key.sh-14647.log ===
=== larch-quiet-read-session-env-key.sh-21637.log ===
=== larch-quiet-read-session-env-key.sh-21639.log ===
=== larch-quiet-read-session-env-key.sh-21641.log ===
=== larch-quiet-read-session-env-key.sh-21643.log ===
=== larch-quiet-read-session-env-key.sh-21910.log ===
=== larch-quiet-read-session-env-key.sh-21912.log ===
=== larch-quiet-read-session-env-key.sh-21914.log ===
=== larch-quiet-read-session-env-key.sh-21916.log ===
=== larch-quiet-read-session-env-key.sh-97178.log ===
=== larch-quiet-sessionstart-health.sh-16106.log ===
=== larch-quiet-sessionstart-health.sh-16802.log ===
=== larch-quiet-sessionstart-health.sh-17074.log ===
=== larch-quiet-sessionstart-health.sh-21672.log ===
=== larch-quiet-sessionstart-health.sh-93485.log ===
=== larch-quiet-ship.py-17722.log ===
ship.py: finalize-state-written: path=<TMPDIR>/finalize-state.sh outcome=STALLED step=pr-create-invariant-outcome-dropped
ship.py: finalize-state-written: path=<TMPDIR>/finalize-state.sh outcome=STALLED step=pr-create-invariant-outcome-dropped
=== larch-quiet-ship.py-19012.log ===
ship.py: finalize-state-written: path=<TMPDIR>/finalize-state.sh outcome=STALLED step=pr-create-invariant-outcome-dropped
