=== larch-quiet-check-contains-pins.sh-38429.log ===

=== larch-quiet-check-contains-pins.sh-51739.log ===

=== larch-quiet-check-contains-pins.sh-91921.log ===

=== larch-quiet-check-review-changes.sh-60452.log ===

=== larch-quiet-cli.py-3278.log ===

=== larch-quiet-cli.py-89769.log ===

=== larch-quiet-cli.py-99202.log ===

=== larch-quiet-degraded-tools-gate.sh-57466.log ===

=== larch-quiet-git-current-branch.sh-56399.log ===

=== larch-quiet-read-session-env-key.sh-57322.log ===

=== larch-quiet-read-session-env-key.sh-57354.log ===

=== larch-quiet-read-session-env-key.sh-57405.log ===

=== larch-quiet-read-session-env-key.sh-57437.log ===

=== larch-quiet-read-session-env-key.sh-59971.log ===

=== larch-quiet-read-session-env-key.sh-60005.log ===

=== larch-quiet-read-session-env-key.sh-60038.log ===

=== larch-quiet-read-session-env-key.sh-60266.log ===

=== larch-quiet-read-session-env-key.sh-60330.log ===

=== larch-quiet-read-session-env-key.sh-60383.log ===

=== larch-quiet-read-session-env-key.sh-64283.log ===

=== larch-quiet-read-session-env-key.sh-64443.log ===

=== larch-quiet-read-session-env-key.sh-64520.log ===

=== larch-quiet-read-session-env-key.sh-67179.log ===

=== larch-quiet-read-session-env-key.sh-67247.log ===

=== larch-quiet-read-session-env-key.sh-67319.log ===

=== larch-quiet-read-session-env-key.sh-67872.log ===

=== larch-quiet-read-session-env-key.sh-67929.log ===

=== larch-quiet-read-session-env-key.sh-67978.log ===

=== larch-quiet-read-session-env-key.sh-74559.log ===

=== larch-quiet-read-session-env-key.sh-74617.log ===

=== larch-quiet-read-session-env-key.sh-74693.log ===

=== larch-quiet-read-session-env-key.sh-99127.log ===

=== larch-quiet-read-session-env-key.sh-99157.log ===

=== larch-quiet-read-session-env-key.sh-99183.log ===

=== larch-quiet-run-relevant-checks-captured.sh-64599.log ===

=== larch-quiet-run-relevant-checks-captured.sh-67388.log ===

=== larch-quiet-run-step3-review.sh-36189.log ===
POSTPLAN_EMIT_STATUS=ok

=== larch-quiet-run-step3-review.sh-50239.log ===
POSTPLAN_EMIT_STATUS=ok

=== larch-quiet-run-step3-review.sh-90549.log ===
POSTPLAN_EMIT_STATUS=ok

=== larch-quiet-step-7a.sh-6718.log ===
FLUSH_STATUS=ok
RECORDS=1
APPEND_LOG_FILE=<TMPDIR>/flush-execution-issues-append.PPYjqw

=== larch-quiet-step2-implement.sh-68145.log ===

=== larch-quiet-timing-ledger.sh-68034.log ===

=== larch-quiet-timing-ledger.sh-74871.log ===

=== larch-quiet-token-ledger.sh-74768.log ===

