=== larch-quiet-append-execution-issue.sh-60556.log ===
usage: append-execution-issue.sh --log LOG --category CATEGORY
                                 (--entry ENTRY | --entry-file ENTRY_FILE)
append-execution-issue.sh: error: the following arguments are required: --log
=== larch-quiet-cli.py-11789.log ===
=== larch-quiet-cli.py-54901.log ===
=== larch-quiet-cli.py-58230.log ===
=== larch-quiet-cli.py-79526.log ===
=== larch-quiet-cli.py-80993.log ===
=== larch-quiet-read-session-env-key.sh-12122.log ===
=== larch-quiet-read-session-env-key.sh-12124.log ===
=== larch-quiet-read-session-env-key.sh-12127.log ===
=== larch-quiet-read-session-env-key.sh-4363.log ===
=== larch-quiet-read-session-env-key.sh-4365.log ===
=== larch-quiet-read-session-env-key.sh-4367.log ===
=== larch-quiet-read-session-env-key.sh-74006.log ===
=== larch-quiet-read-session-env-key.sh-74048.log ===
=== larch-quiet-read-session-env-key.sh-74093.log ===
=== larch-quiet-read-session-env-key.sh-77307.log ===
=== larch-quiet-read-session-env-key.sh-77311.log ===
=== larch-quiet-read-session-env-key.sh-77315.log ===
=== larch-quiet-read-session-env-key.sh-89252.log ===
=== larch-quiet-read-session-env-key.sh-89254.log ===
=== larch-quiet-read-session-env-key.sh-89256.log ===
=== larch-quiet-read-session-env-key.sh-96643.log ===
=== larch-quiet-read-session-env-key.sh-96647.log ===
=== larch-quiet-read-session-env-key.sh-96652.log ===
=== larch-quiet-read-session-env-key.sh-9985.log ===
=== larch-quiet-read-session-env-key.sh-9987.log ===
=== larch-quiet-read-session-env-key.sh-9989.log ===
=== larch-quiet-sessionstart-health.sh-12598.log ===
=== larch-quiet-sessionstart-health.sh-14062.log ===
=== larch-quiet-sessionstart-health.sh-14427.log ===
=== larch-quiet-sessionstart-health.sh-14864.log ===
=== larch-quiet-sessionstart-health.sh-15165.log ===
=== larch-quiet-sessionstart-health.sh-15467.log ===
=== larch-quiet-sessionstart-health.sh-15838.log ===
=== larch-quiet-sessionstart-health.sh-16194.log ===
=== larch-quiet-sessionstart-health.sh-16501.log ===
=== larch-quiet-sessionstart-health.sh-16763.log ===
