=== larch-quiet-cli.py-23732.log ===
=== larch-quiet-cli.py-29058.log ===
=== larch-quiet-cli.py-63782.log ===
=== larch-quiet-cli.py-6897.log ===
=== larch-quiet-cli.py-69123.log ===
=== larch-quiet-cli.py-92117.log ===
=== larch-quiet-read-session-env-key.sh-24902.log ===
=== larch-quiet-read-session-env-key.sh-24904.log ===
=== larch-quiet-read-session-env-key.sh-24906.log ===
=== larch-quiet-read-session-env-key.sh-24908.log ===
=== larch-quiet-read-session-env-key.sh-24910.log ===
=== larch-quiet-read-session-env-key.sh-24912.log ===
=== larch-quiet-read-session-env-key.sh-24914.log ===
=== larch-quiet-read-session-env-key.sh-24930.log ===
=== larch-quiet-read-session-env-key.sh-24932.log ===
=== larch-quiet-read-session-env-key.sh-24934.log ===
=== larch-quiet-read-session-env-key.sh-30670.log ===
=== larch-quiet-read-session-env-key.sh-30680.log ===
=== larch-quiet-read-session-env-key.sh-30684.log ===
=== larch-quiet-scout-plan-archetypes-wrapper.sh-61215.log ===
=== larch-quiet-sessionstart-health.sh-31587.log ===
=== larch-quiet-sessionstart-health.sh-33742.log ===
=== larch-quiet-sessionstart-health.sh-76583.log ===
=== larch-quiet-tracking-issue-read-24916.log ===
