=== larch-quiet-append-execution-issue.sh-78168.log ===
usage: append-execution-issue.sh --log LOG --category CATEGORY
                                 (--entry ENTRY | --entry-file ENTRY_FILE)
append-execution-issue.sh: error: the following arguments are required: --log, --category
=== larch-quiet-cli.py-29927.log ===
=== larch-quiet-cli.py-45531.log ===
=== larch-quiet-cli.py-46900.log ===
=== larch-quiet-cli.py-58570.log ===
=== larch-quiet-cli.py-74858.log ===
=== larch-quiet-cli.py-81113.log ===
=== larch-quiet-cli.py-95931.log ===
=== larch-quiet-scout-plan-archetypes-wrapper.sh-81085.log ===
=== larch-quiet-sessionstart-health.sh-10199.log ===
=== larch-quiet-sessionstart-health.sh-11210.log ===
=== larch-quiet-sessionstart-health.sh-12140.log ===
=== larch-quiet-sessionstart-health.sh-16138.log ===
=== larch-quiet-sessionstart-health.sh-17108.log ===
=== larch-quiet-sessionstart-health.sh-1775.log ===
=== larch-quiet-sessionstart-health.sh-205.log ===
=== larch-quiet-sessionstart-health.sh-55198.log ===
=== larch-quiet-sessionstart-health.sh-56339.log ===
=== larch-quiet-sessionstart-health.sh-63284.log ===
=== larch-quiet-sessionstart-health.sh-64041.log ===
=== larch-quiet-sessionstart-health.sh-68064.log ===
=== larch-quiet-sessionstart-health.sh-68961.log ===
=== larch-quiet-sessionstart-health.sh-70054.log ===
=== larch-quiet-sessionstart-health.sh-70811.log ===
=== larch-quiet-sessionstart-health.sh-75687.log ===
=== larch-quiet-sessionstart-health.sh-79641.log ===
=== larch-quiet-sessionstart-health.sh-80721.log ===
=== larch-quiet-sessionstart-health.sh-81913.log ===
=== larch-quiet-sessionstart-health.sh-83235.log ===
=== larch-quiet-sessionstart-health.sh-8424.log ===
=== larch-quiet-sessionstart-health.sh-8786.log ===
=== larch-quiet-sessionstart-health.sh-93830.log ===
=== larch-quiet-sessionstart-health.sh-95615.log ===
=== larch-quiet-sessionstart-health.sh-9564.log ===
=== larch-quiet-sessionstart-health.sh-99041.log ===
