=== larch-quiet-check-review-changes.sh-49387.log ===
=== larch-quiet-degraded-tools-gate.sh-46422.log ===
=== larch-quiet-design-postplan-emit.sh-16909.log ===
=== larch-quiet-design-postplan-emit.sh-17055.log ===
=== larch-quiet-git-current-branch.sh-98957.log ===
=== larch-quiet-read-session-env-key.sh-21702.log ===
=== larch-quiet-read-session-env-key.sh-21766.log ===
=== larch-quiet-read-session-env-key.sh-21823.log ===
=== larch-quiet-read-session-env-key.sh-37850.log ===
=== larch-quiet-read-session-env-key.sh-37895.log ===
=== larch-quiet-read-session-env-key.sh-37915.log ===
=== larch-quiet-read-session-env-key.sh-38740.log ===
=== larch-quiet-read-session-env-key.sh-38796.log ===
=== larch-quiet-read-session-env-key.sh-38869.log ===
=== larch-quiet-read-session-env-key.sh-49250.log ===
=== larch-quiet-read-session-env-key.sh-49303.log ===
=== larch-quiet-read-session-env-key.sh-49344.log ===
=== larch-quiet-read-session-env-key.sh-55095.log ===
=== larch-quiet-read-session-env-key.sh-55148.log ===
=== larch-quiet-read-session-env-key.sh-55211.log ===
=== larch-quiet-read-session-env-key.sh-56398.log ===
=== larch-quiet-read-session-env-key.sh-56447.log ===
=== larch-quiet-read-session-env-key.sh-56500.log ===
=== larch-quiet-read-session-env-key.sh-66291.log ===
=== larch-quiet-read-session-env-key.sh-66346.log ===
=== larch-quiet-read-session-env-key.sh-66395.log ===
=== larch-quiet-read-session-env-key.sh-73700.log ===
=== larch-quiet-read-session-env-key.sh-73737.log ===
=== larch-quiet-read-session-env-key.sh-73795.log ===
=== larch-quiet-read-session-env-key.sh-7775.log ===
=== larch-quiet-read-session-env-key.sh-7815.log ===
=== larch-quiet-read-session-env-key.sh-7862.log ===
=== larch-quiet-read-session-env-key.sh-81115.log ===
=== larch-quiet-read-session-env-key.sh-81175.log ===
=== larch-quiet-read-session-env-key.sh-81234.log ===
=== larch-quiet-run-relevant-checks-captured.sh-56537.log ===
SKIPPED_NON_CANONICAL: scripts/test-design-structure.sh:1528: assertion shape not in v1 grammar
SKIPPED_NON_CANONICAL: scripts/test-design-structure.sh:1529: assertion shape not in v1 grammar
=== larch-quiet-run-relevant-checks-captured.sh-7942.log ===
SKIPPED_NON_CANONICAL: scripts/test-design-structure.sh:1504: assertion shape not in v1 grammar
SKIPPED_NON_CANONICAL: scripts/test-design-structure.sh:1505: assertion shape not in v1 grammar
=== larch-quiet-step-7a.sh-67283.log ===
FLUSH_STATUS=ok
RECORDS=1
APPEND_LOG_FILE=<TMPDIR>/flush-execution-issues-append.gG12x8
=== larch-quiet-step2-implement.sh-73923.log ===
=== larch-quiet-timing-ledger.sh-39073.log ===
=== larch-quiet-timing-ledger.sh-66558.log ===
=== larch-quiet-token-ledger.sh-38919.log ===
=== larch-quiet-token-ledger.sh-66457.log ===
