=== larch-quiet-cli.py-20402.log ===
=== larch-quiet-cli.py-70140.log ===
=== larch-quiet-cli.py-92737.log ===
=== larch-quiet-cli.py-94628.log ===
=== larch-quiet-read-session-env-key.sh-91422.log ===
=== larch-quiet-read-session-env-key.sh-91428.log ===
=== larch-quiet-read-session-env-key.sh-91431.log ===
=== larch-quiet-sessionstart-health.sh-61880.log ===
=== larch-quiet-ship.py-31839.log ===
ship.py: pr-create: PR
ship.py: post-ensure-pr: Push
ci_monitor: CI status query #1 in progress after 0s
ci_monitor: poll 1/180 pending after 3s; sleeping 10s
ci_monitor: CI status query #2 in progress after 13s
ci_monitor: poll 2/180 pending after 17s; sleeping 10s
ci_monitor: CI status query #3 in progress after 27s
ci_monitor: poll 3/180 pending after 30s; sleeping 10s
ci_monitor: CI status query #4 in progress after 40s
ci_monitor: poll 4/180 pending after 44s; sleeping 10s
ci_monitor: CI status query #5 in progress after 54s
ci_monitor: poll 5/180 pending after 57s; sleeping 10s
ci_monitor: CI status query #6 in progress after 67s
ci_monitor: poll 6/180 pending after 71s; sleeping 10s
ci_monitor: CI status query #7 in progress after 81s
ci_monitor: CI pass after 84s -> merge
ship.py: merge
=== larch-quiet-ship.py-76807.log ===
ship.py: pr-prep: postbump/Flush+Push
ship.py: pr-create: PR
ship.py: post-ensure-pr: Push
ci_monitor: CI status query #1 in progress after 0s
ci_monitor: poll 1/180 pending after 3s; sleeping 10s
ci_monitor: CI status query #2 in progress after 13s
ci_monitor: poll 2/180 pending after 18s; sleeping 10s
ci_monitor: CI status query #3 in progress after 28s
ci_monitor: CI fail after 31s -> evaluate_failure
=== larch-quiet-tracking-issue-upsert-summary-29036.log ===
