=== larch-quiet-check-review-changes.sh-38167.log ===
=== larch-quiet-git-current-branch.sh-33837.log ===
=== larch-quiet-read-session-env-key.sh-25299.log ===
=== larch-quiet-read-session-env-key.sh-25344.log ===
=== larch-quiet-read-session-env-key.sh-25377.log ===
=== larch-quiet-read-session-env-key.sh-37451.log ===
=== larch-quiet-read-session-env-key.sh-37489.log ===
=== larch-quiet-read-session-env-key.sh-37525.log ===
=== larch-quiet-read-session-env-key.sh-38009.log ===
=== larch-quiet-read-session-env-key.sh-38071.log ===
=== larch-quiet-read-session-env-key.sh-38116.log ===
=== larch-quiet-read-session-env-key.sh-42535.log ===
=== larch-quiet-read-session-env-key.sh-42577.log ===
=== larch-quiet-read-session-env-key.sh-42614.log ===
=== larch-quiet-read-session-env-key.sh-42791.log ===
=== larch-quiet-read-session-env-key.sh-42844.log ===
=== larch-quiet-read-session-env-key.sh-42885.log ===
=== larch-quiet-read-session-env-key.sh-57694.log ===
=== larch-quiet-read-session-env-key.sh-57740.log ===
=== larch-quiet-read-session-env-key.sh-57780.log ===
=== larch-quiet-read-session-env-key.sh-83299.log ===
=== larch-quiet-read-session-env-key.sh-83348.log ===
=== larch-quiet-read-session-env-key.sh-83382.log ===
=== larch-quiet-read-session-env-key.sh-85225.log ===
=== larch-quiet-read-session-env-key.sh-85280.log ===
=== larch-quiet-read-session-env-key.sh-85315.log ===
=== larch-quiet-read-session-env-key.sh-98641.log ===
=== larch-quiet-read-session-env-key.sh-98676.log ===
=== larch-quiet-read-session-env-key.sh-98720.log ===
=== larch-quiet-read-session-env-key.sh-98757.log ===
=== larch-quiet-read-session-env-key.sh-98789.log ===
=== larch-quiet-run-relevant-checks-captured.sh-42665.log ===
SKIPPED_NON_CANONICAL: scripts/test-design-structure.sh:1642: assertion shape not in v1 grammar
SKIPPED_NON_CANONICAL: scripts/test-design-structure.sh:1643: assertion shape not in v1 grammar
=== larch-quiet-run-relevant-checks-captured.sh-43478.log ===
SKIPPED_NON_CANONICAL: scripts/test-design-structure.sh:1731: assertion shape not in v1 grammar
SKIPPED_NON_CANONICAL: scripts/test-design-structure.sh:1732: assertion shape not in v1 grammar
=== larch-quiet-step-7a.sh-57817.log ===
FLUSH_STATUS=ok
RECORDS=1
APPEND_LOG_FILE=<TMPDIR>/flush-execution-issues-append.SwrNbE
=== larch-quiet-step2-implement.sh-5792.log ===
=== larch-quiet-timing-ledger.sh-37659.log ===
=== larch-quiet-timing-ledger.sh-74055.log ===
=== larch-quiet-timing-ledger.sh-89653.log ===
=== larch-quiet-timing-ledger.sh-98961.log ===
=== larch-quiet-token-ledger.sh-37563.log ===
=== larch-quiet-token-ledger.sh-73924.log ===
=== larch-quiet-token-ledger.sh-89469.log ===
=== larch-quiet-token-ledger.sh-98837.log ===
