=== larch-quiet-cli.py-18739.log ===
=== larch-quiet-cli.py-441.log ===
=== larch-quiet-cli.py-59337.log ===
=== larch-quiet-cli.py-71237.log ===
=== larch-quiet-cli.py-75878.log ===
=== larch-quiet-cli.py-76119.log ===
=== larch-quiet-cli.py-89214.log ===
=== larch-quiet-cli.py-98144.log ===
=== larch-quiet-read-session-env-key.sh-17589.log ===
=== larch-quiet-read-session-env-key.sh-17591.log ===
=== larch-quiet-read-session-env-key.sh-17593.log ===
=== larch-quiet-read-session-env-key.sh-96656.log ===
=== larch-quiet-read-session-env-key.sh-96662.log ===
=== larch-quiet-read-session-env-key.sh-96666.log ===
=== larch-quiet-sessionstart-health.sh-35514.log ===
=== larch-quiet-sessionstart-health.sh-36088.log ===
=== larch-quiet-sessionstart-health.sh-36355.log ===
=== larch-quiet-sessionstart-health.sh-98656.log ===
=== larch-quiet-ship.py-37478.log ===
=== larch-quiet-tracking-issue-upsert-summary-76103.log ===
