=== larch-quiet-cli.py-28922.log ===
=== larch-quiet-cli.py-30640.log ===
=== larch-quiet-cli.py-34584.log ===
=== larch-quiet-cli.py-79775.log ===
=== larch-quiet-read-session-env-key.sh-26191.log ===
=== larch-quiet-read-session-env-key.sh-26193.log ===
=== larch-quiet-read-session-env-key.sh-26195.log ===
=== larch-quiet-read-session-env-key.sh-26197.log ===
=== larch-quiet-read-session-env-key.sh-26199.log ===
=== larch-quiet-read-session-env-key.sh-26201.log ===
=== larch-quiet-read-session-env-key.sh-26203.log ===
=== larch-quiet-read-session-env-key.sh-26219.log ===
=== larch-quiet-read-session-env-key.sh-26221.log ===
=== larch-quiet-read-session-env-key.sh-26223.log ===
=== larch-quiet-read-session-env-key.sh-32588.log ===
=== larch-quiet-read-session-env-key.sh-32590.log ===
=== larch-quiet-read-session-env-key.sh-32594.log ===
=== larch-quiet-scout-plan-archetypes-wrapper.sh-30627.log ===
=== larch-quiet-sessionstart-health.sh-33262.log ===
=== larch-quiet-sessionstart-health.sh-34667.log ===
=== larch-quiet-ship.py-39261.log ===
=== larch-quiet-tracking-issue-read-26205.log ===
