=== larch-quiet-check-review-changes.sh-53884.log ===
=== larch-quiet-degraded-tools-gate.sh-24514.log ===
=== larch-quiet-git-current-branch.sh-22203.log ===
=== larch-quiet-read-session-env-key.sh-23165.log ===
=== larch-quiet-read-session-env-key.sh-23184.log ===
=== larch-quiet-read-session-env-key.sh-23203.log ===
=== larch-quiet-read-session-env-key.sh-34180.log ===
=== larch-quiet-read-session-env-key.sh-34196.log ===
=== larch-quiet-read-session-env-key.sh-34213.log ===
=== larch-quiet-read-session-env-key.sh-3836.log ===
=== larch-quiet-read-session-env-key.sh-3848.log ===
=== larch-quiet-read-session-env-key.sh-3861.log ===
=== larch-quiet-read-session-env-key.sh-53830.log ===
=== larch-quiet-read-session-env-key.sh-53852.log ===
=== larch-quiet-read-session-env-key.sh-53867.log ===
=== larch-quiet-read-session-env-key.sh-55995.log ===
=== larch-quiet-read-session-env-key.sh-56025.log ===
=== larch-quiet-read-session-env-key.sh-56060.log ===
=== larch-quiet-read-session-env-key.sh-69755.log ===
=== larch-quiet-read-session-env-key.sh-69767.log ===
=== larch-quiet-read-session-env-key.sh-69778.log ===
=== larch-quiet-read-session-env-key.sh-73767.log ===
=== larch-quiet-read-session-env-key.sh-73784.log ===
=== larch-quiet-read-session-env-key.sh-73802.log ===
=== larch-quiet-run-relevant-checks-captured.sh-23220.log ===
=== larch-quiet-run-relevant-checks-captured.sh-56089.log ===
SKIPPED_NON_CANONICAL: scripts/test-design-structure.sh:962: assertion shape not in v1 grammar
SKIPPED_NON_CANONICAL: scripts/test-design-structure.sh:963: assertion shape not in v1 grammar
=== larch-quiet-run-relevant-checks-captured.sh-73819.log ===
=== larch-quiet-step-7a.sh-69788.log ===
FLUSH_STATUS=ok
RECORDS=1
APPEND_LOG_FILE=<TMPDIR>/flush-execution-issues-append.cVg5Hk
=== larch-quiet-step2-implement.sh-36417.log ===
=== larch-quiet-timing-ledger.sh-34316.log ===
=== larch-quiet-timing-ledger.sh-3910.log ===
=== larch-quiet-token-ledger.sh-34240.log ===
=== larch-quiet-token-ledger.sh-3875.log ===
