=== larch-quiet-append-execution-issue.sh-51841.log ===
=== larch-quiet-apply-bump.sh-24645.log ===
apply-bump: retry 1/10 origin/main=45.3.17 new-version=45.3.18
=== larch-quiet-check-review-changes.sh-55696.log ===
=== larch-quiet-drop-bump-commit.sh-8039.log ===
=== larch-quiet-git-current-branch.sh-3861.log ===
=== larch-quiet-lint-fix-loop.sh-71372.log ===
[sergey-zhupanov/implementing-bug-urgent-wrap-every-netwo-3150 1ec1791c7] Apply relevant-checks fixes (Step 3)
 1 file changed, 1 insertion(+), 1 deletion(-)
=== larch-quiet-read-session-env-key.sh-10830.log ===
=== larch-quiet-read-session-env-key.sh-10856.log ===
=== larch-quiet-read-session-env-key.sh-10892.log ===
=== larch-quiet-read-session-env-key.sh-11221.log ===
=== larch-quiet-read-session-env-key.sh-11246.log ===
=== larch-quiet-read-session-env-key.sh-11269.log ===
=== larch-quiet-read-session-env-key.sh-28927.log ===
=== larch-quiet-read-session-env-key.sh-37205.log ===
=== larch-quiet-read-session-env-key.sh-37216.log ===
=== larch-quiet-read-session-env-key.sh-37227.log ===
=== larch-quiet-read-session-env-key.sh-37352.log ===
=== larch-quiet-read-session-env-key.sh-37363.log ===
=== larch-quiet-read-session-env-key.sh-52925.log ===
=== larch-quiet-read-session-env-key.sh-52942.log ===
=== larch-quiet-read-session-env-key.sh-52957.log ===
=== larch-quiet-read-session-env-key.sh-53324.log ===
=== larch-quiet-read-session-env-key.sh-53348.log ===
=== larch-quiet-read-session-env-key.sh-53373.log ===
=== larch-quiet-read-session-env-key.sh-55605.log ===
=== larch-quiet-read-session-env-key.sh-55634.log ===
=== larch-quiet-read-session-env-key.sh-55667.log ===
=== larch-quiet-read-session-env-key.sh-60330.log ===
=== larch-quiet-read-session-env-key.sh-60355.log ===
=== larch-quiet-read-session-env-key.sh-60383.log ===
=== larch-quiet-read-session-env-key.sh-65100.log ===
=== larch-quiet-read-session-env-key.sh-89784.log ===
=== larch-quiet-read-session-env-key.sh-89804.log ===
=== larch-quiet-read-session-env-key.sh-89826.log ===
=== larch-quiet-rebase-push.sh-8502.log ===
=== larch-quiet-run-relevant-checks-captured.sh-10921.log ===
=== larch-quiet-run-relevant-checks-captured.sh-11286.log ===
=== larch-quiet-run-relevant-checks-captured.sh-60420.log ===
=== larch-quiet-step-7a.sh-89845.log ===
FLUSH_STATUS=ok
RECORDS=1
APPEND_LOG_FILE=<TMPDIR>/flush-execution-issues-append.Sudu7J
=== larch-quiet-timing-ledger.sh-37304.log ===
=== larch-quiet-timing-ledger.sh-53062.log ===
=== larch-quiet-timing-ledger.sh-53398.log ===
=== larch-quiet-token-ledger.sh-37245.log ===
=== larch-quiet-token-ledger.sh-52980.log ===
