=== larch-quiet-check-contains-pins.sh-65645.log ===

=== larch-quiet-cli.py-78574.log ===

=== larch-quiet-degraded-tools-gate.sh-74137.log ===

=== larch-quiet-read-session-env-key.sh-29761.log ===

=== larch-quiet-read-session-env-key.sh-29820.log ===

=== larch-quiet-read-session-env-key.sh-50595.log ===

=== larch-quiet-read-session-env-key.sh-50644.log ===

=== larch-quiet-read-session-env-key.sh-50694.log ===

=== larch-quiet-read-session-env-key.sh-73881.log ===

=== larch-quiet-read-session-env-key.sh-73936.log ===

=== larch-quiet-read-session-env-key.sh-73998.log ===

=== larch-quiet-read-session-env-key.sh-74052.log ===

=== larch-quiet-render-final-summary.sh-64976.log ===
APPENDED=true
LOG=/var/folders/dw/kg5dyxc91t973n1j620gr8480000gn/T//test-render-final-summary-bash32-FUfSAw/design/execution-issues.md

=== larch-quiet-run-relevant-checks-captured.sh-50739.log ===

=== larch-quiet-step-7a.sh-29868.log ===
FLUSH_STATUS=ok
RECORDS=1
APPEND_LOG_FILE=<TMPDIR>/flush-execution-issues-append.54GSAe

=== larch-quiet-timing-ledger.sh-72529.log ===

=== larch-quiet-token-ledger.sh-72459.log ===

