=== larch-quiet-cli.py-11062.log ===
=== larch-quiet-cli.py-23605.log ===
=== larch-quiet-cli.py-37288.log ===
=== larch-quiet-cli.py-45810.log ===
=== larch-quiet-cli.py-47827.log ===
=== larch-quiet-cli.py-49224.log ===
=== larch-quiet-cli.py-58424.log ===
=== larch-quiet-cli.py-58674.log ===
=== larch-quiet-cli.py-58963.log ===
=== larch-quiet-cli.py-66866.log ===
=== larch-quiet-cli.py-67585.log ===
=== larch-quiet-cli.py-67882.log ===
=== larch-quiet-read-session-env-key.sh-37635.log ===
=== larch-quiet-read-session-env-key.sh-44693.log ===
=== larch-quiet-read-session-env-key.sh-44695.log ===
=== larch-quiet-read-session-env-key.sh-44697.log ===
=== larch-quiet-read-session-env-key.sh-48114.log ===
=== larch-quiet-read-session-env-key.sh-48116.log ===
=== larch-quiet-read-session-env-key.sh-48118.log ===
=== larch-quiet-sessionstart-health.sh-46287.log ===
=== larch-quiet-sessionstart-health.sh-49468.log ===
=== larch-quiet-sessionstart-health.sh-51273.log ===
=== larch-quiet-sessionstart-health.sh-51588.log ===
=== larch-quiet-ship.py-52342.log ===
=== larch-quiet-ship.py-54193.log ===
=== larch-quiet-ship.py-59638.log ===
=== larch-quiet-ship.py-60373.log ===
=== larch-quiet-ship.py-68404.log ===
=== larch-quiet-tracking-issue-upsert-summary-58935.log ===
=== larch-quiet-tracking-issue-upsert-summary-67863.log ===
