=== larch-quiet-check-review-changes.sh-290.log ===
=== larch-quiet-degraded-tools-gate.sh-6999.log ===
=== larch-quiet-git-current-branch.sh-23296.log ===
=== larch-quiet-lint-fix-loop.sh-28385.log ===
[sergey-zhupanov/implementing-oos-run-external-agent-sh-s-3218 929867c22] Apply relevant-checks fixes (Step 3)
 7 files changed, 10 insertions(+), 6 deletions(-)
=== larch-quiet-oos-file-conflict-deps.sh-25435.log ===
Unknown option: --intra-batch-deps-file
Usage: oos-file-conflict-deps.sh --input-file FILE [--output FILE]
  When --output is omitted and IMPLEMENT_TMPDIR is set, the output
  defaults to $IMPLEMENT_TMPDIR/oos-intra-batch-deps.tsv.
=== larch-quiet-oos-file-conflict-deps.sh-25582.log ===
▶ parse-input: 1 items parsed (mode=oos): 1=Collector retry paths do not forward --stderr-sink to re-inv…
▶ parse-input: 1 items parsed (mode=oos): 1=Collector retry paths do not forward --stderr-sink to re-inv…
=== larch-quiet-oos-issue-cap.sh-24893.log ===
Unknown option: --output-file
Usage: oos-issue-cap.sh --input-file FILE [--output FILE]
  When --output is omitted, the helper rewrites --input-file in place
  (via a same-directory tmp + mv for atomicity).
  Input must be OOS-shaped: every item must begin with '### OOS_<digits>:'.
=== larch-quiet-oos-issue-cap.sh-25153.log ===
Unknown option: --run-id
Usage: oos-issue-cap.sh --input-file FILE [--output FILE]
  When --output is omitted, the helper rewrites --input-file in place
  (via a same-directory tmp + mv for atomicity).
  Input must be OOS-shaped: every item must begin with '### OOS_<digits>:'.
=== larch-quiet-oos-issue-cap.sh-25308.log ===
▶ parse-input: 1 items parsed (mode=oos): 1=Collector retry paths do not forward --stderr-sink to re-inv…
▶ parse-input: 1 items parsed (mode=oos): 1=Collector retry paths do not forward --stderr-sink to re-inv…
=== larch-quiet-read-session-env-key.sh-12241.log ===
=== larch-quiet-read-session-env-key.sh-12252.log ===
=== larch-quiet-read-session-env-key.sh-12263.log ===
=== larch-quiet-read-session-env-key.sh-23334.log ===
=== larch-quiet-read-session-env-key.sh-23345.log ===
=== larch-quiet-read-session-env-key.sh-23356.log ===
=== larch-quiet-read-session-env-key.sh-30907.log ===
=== larch-quiet-read-session-env-key.sh-30918.log ===
=== larch-quiet-read-session-env-key.sh-30929.log ===
=== larch-quiet-read-session-env-key.sh-421.log ===
=== larch-quiet-read-session-env-key.sh-436.log ===
=== larch-quiet-read-session-env-key.sh-449.log ===
=== larch-quiet-read-session-env-key.sh-50945.log ===
=== larch-quiet-read-session-env-key.sh-50956.log ===
=== larch-quiet-read-session-env-key.sh-50967.log ===
=== larch-quiet-read-session-env-key.sh-7308.log ===
=== larch-quiet-read-session-env-key.sh-7319.log ===
=== larch-quiet-read-session-env-key.sh-7330.log ===
=== larch-quiet-read-session-env-key.sh-8168.log ===
=== larch-quiet-read-session-env-key.sh-8179.log ===
=== larch-quiet-read-session-env-key.sh-8190.log ===
=== larch-quiet-run-relevant-checks-captured.sh-23366.log ===
=== larch-quiet-run-relevant-checks-captured.sh-38745.log ===
=== larch-quiet-run-relevant-checks-captured.sh-460.log ===
=== larch-quiet-step-7a.sh-8200.log ===
FLUSH_STATUS=ok
RECORDS=1
APPEND_LOG_FILE=<TMPDIR>/flush-execution-issues-append.QFQBmw
=== larch-quiet-step2-implement.sh-7404.log ===
=== larch-quiet-timing-ledger.sh-51002.log ===
=== larch-quiet-timing-ledger.sh-7364.log ===
=== larch-quiet-token-ledger.sh-50977.log ===
=== larch-quiet-token-ledger.sh-7340.log ===
