=== larch-quiet-cli.py-10102.log ===
=== larch-quiet-cli.py-10505.log ===
=== larch-quiet-cli.py-10875.log ===
=== larch-quiet-cli.py-1146.log ===
=== larch-quiet-cli.py-11805.log ===
=== larch-quiet-cli.py-1578.log ===
=== larch-quiet-cli.py-19517.log ===
=== larch-quiet-cli.py-1958.log ===
=== larch-quiet-cli.py-20206.log ===
=== larch-quiet-cli.py-20533.log ===
=== larch-quiet-cli.py-22816.log ===
=== larch-quiet-cli.py-44920.log ===
=== larch-quiet-cli.py-5035.log ===
=== larch-quiet-cli.py-94529.log ===
=== larch-quiet-cli.py-98550.log ===
=== larch-quiet-read-session-env-key.sh-27267.log ===
=== larch-quiet-read-session-env-key.sh-93307.log ===
=== larch-quiet-read-session-env-key.sh-93309.log ===
=== larch-quiet-read-session-env-key.sh-93311.log ===
=== larch-quiet-sessionstart-health.sh-94819.log ===
=== larch-quiet-sessionstart-health.sh-95517.log ===
=== larch-quiet-sessionstart-health.sh-95796.log ===
=== larch-quiet-sessionstart-health.sh-99913.log ===
=== larch-quiet-ship.py-12419.log ===
=== larch-quiet-ship.py-2689.log ===
=== larch-quiet-ship.py-96860.log ===
=== larch-quiet-tracking-issue-upsert-summary-10841.log ===
=== larch-quiet-tracking-issue-upsert-summary-1904.log ===
=== larch-quiet-tracking-issue-upsert-summary-20519.log ===
