PUBLISH_RC=4
PLAN_WRITE_OK=false
PUBLISH_OK=false
STANDALONE_HEAVY_FAILED=
SESSION_ID=4508C663-2820-4387-B381-B3ED5BFE93E3
PUBLISH_STDOUT_FALLBACK=true
VALIDATE_STATUS=not-run
VALIDATE_DEFECT_COUNT=0
VALIDATE_SKIPPED_COUNT=0
VALIDATE_UNSAFE_TOKEN_COUNT=0
VALIDATE_MISSING_SCRIPT_COUNT=0
VALIDATE_LOG_FILE=
PUBLISH_REFUSE_REASON=invariant-violation
ARCH_INVARIANT_ASSESSMENT_REQUIRED=true
ARCH_INVARIANT_ASSESSMENT_PRESENT=true
ARCH_INVARIANT_ASSESSMENT_STATUS=violation
ARCH_INVARIANT_ASSESSMENT_ARTIFACT=architectural-invariant-assessment.md
ARCH_GUIDE_ASSESSMENT_REQUIRED=
ARCH_GUIDE_ASSESSMENT_PRESENT=
ARCH_GUIDE_ASSESSMENT_STATUS=
ARCH_GUIDE_ASSESSMENT_ARTIFACT=
FINAL_SUMMARY_PATH=<TMPDIR>/final-summary.md
UPSERT_STATUS=
ARCHITECTURE_SOURCE=
CLEANUP_ELIGIBLE=false
STEP5C_STATUS=invariant-violation
