=== larch-quiet-cli.py-19604.log ===
=== larch-quiet-cli.py-20182.log ===
=== larch-quiet-cli.py-20427.log ===
=== larch-quiet-cli.py-20796.log ===
=== larch-quiet-cli.py-34864.log ===
=== larch-quiet-cli.py-35065.log ===
=== larch-quiet-cli.py-35482.log ===
=== larch-quiet-cli.py-361.log ===
=== larch-quiet-cli.py-4857.log ===
=== larch-quiet-cli.py-61251.log ===
=== larch-quiet-cli.py-6448.log ===
=== larch-quiet-cli.py-70003.log ===
=== larch-quiet-cli.py-72042.log ===
=== larch-quiet-cli.py-7707.log ===
=== larch-quiet-cli.py-8428.log ===
=== larch-quiet-read-session-env-key.sh-5884.log ===
=== larch-quiet-read-session-env-key.sh-5919.log ===
=== larch-quiet-read-session-env-key.sh-5947.log ===
=== larch-quiet-read-session-env-key.sh-61534.log ===
=== larch-quiet-read-session-env-key.sh-98964.log ===
=== larch-quiet-read-session-env-key.sh-98966.log ===
=== larch-quiet-read-session-env-key.sh-98968.log ===
=== larch-quiet-sessionstart-health.sh-10639.log ===
=== larch-quiet-sessionstart-health.sh-11341.log ===
=== larch-quiet-sessionstart-health.sh-1179.log ===
=== larch-quiet-sessionstart-health.sh-8807.log ===
=== larch-quiet-ship.py-12598.log ===
=== larch-quiet-ship.py-13063.log ===
=== larch-quiet-ship.py-15196.log ===
=== larch-quiet-ship.py-16102.log ===
=== larch-quiet-ship.py-22491.log ===
=== larch-quiet-ship.py-28730.log ===
=== larch-quiet-ship.py-36883.log ===
=== larch-quiet-ship.py-73652.log ===
=== larch-quiet-ship.py-80688.log ===
=== larch-quiet-tracking-issue-upsert-summary-20733.log ===
=== larch-quiet-tracking-issue-upsert-summary-35356.log ===
=== larch-quiet-tracking-issue-upsert-summary-71762.log ===
=== larch-quiet-tracking-issue-upsert-summary-7643.log ===
