=== larch-quiet-check-review-changes.sh-61320.log ===
=== larch-quiet-commit-implementation.sh-30510.log ===
[sergey-zhupanov/implementing-bug-urgent-review-and-fix-r-3591 89f368ab0] Fix review-and-fix round commits to include coder-created new files
 3 files changed, 82 insertions(+), 4 deletions(-)
=== larch-quiet-degraded-tools-gate.sh-91425.log ===
=== larch-quiet-read-session-env-key.sh-30405.log ===
=== larch-quiet-read-session-env-key.sh-30441.log ===
=== larch-quiet-read-session-env-key.sh-30477.log ===
=== larch-quiet-read-session-env-key.sh-4363.log ===
=== larch-quiet-read-session-env-key.sh-4386.log ===
=== larch-quiet-read-session-env-key.sh-4410.log ===
=== larch-quiet-read-session-env-key.sh-61249.log ===
=== larch-quiet-read-session-env-key.sh-61272.log ===
=== larch-quiet-read-session-env-key.sh-61295.log ===
=== larch-quiet-read-session-env-key.sh-65713.log ===
=== larch-quiet-read-session-env-key.sh-65760.log ===
=== larch-quiet-read-session-env-key.sh-65812.log ===
=== larch-quiet-read-session-env-key.sh-69906.log ===
=== larch-quiet-read-session-env-key.sh-69943.log ===
=== larch-quiet-read-session-env-key.sh-69993.log ===
=== larch-quiet-read-session-env-key.sh-91334.log ===
=== larch-quiet-read-session-env-key.sh-91357.log ===
=== larch-quiet-read-session-env-key.sh-91380.log ===
=== larch-quiet-read-session-env-key.sh-91403.log ===
=== larch-quiet-run-relevant-checks-captured.sh-65861.log ===
=== larch-quiet-run-relevant-checks-captured.sh-77738.log ===
=== larch-quiet-run-relevant-checks-captured.sh-97918.log ===
=== larch-quiet-step-7a.sh-70038.log ===
FLUSH_STATUS=ok
RECORDS=1
APPEND_LOG_FILE=<TMPDIR>/flush-execution-issues-append.Vu3pfi
=== larch-quiet-step2-implement.sh-7305.log ===
=== larch-quiet-timing-ledger.sh-4493.log ===
=== larch-quiet-token-ledger.sh-4432.log ===
