=== larch-quiet-apply-bump.sh-13750.log ===
apply-bump: retry 1/10 origin/main=45.3.15 new-version=45.3.16
=== larch-quiet-check-review-changes.sh-35197.log ===
=== larch-quiet-read-plugin-version.sh-23957.log ===
=== larch-quiet-read-plugin-version.sh-28222.log ===
=== larch-quiet-read-plugin-version.sh-31280.log ===
=== larch-quiet-read-plugin-version.sh-32401.log ===
=== larch-quiet-read-plugin-version.sh-33687.log ===
=== larch-quiet-read-plugin-version.sh-34265.log ===
=== larch-quiet-read-plugin-version.sh-35313.log ===
=== larch-quiet-read-plugin-version.sh-36402.log ===
=== larch-quiet-read-plugin-version.sh-37681.log ===
=== larch-quiet-read-plugin-version.sh-39247.log ===
=== larch-quiet-read-plugin-version.sh-40394.log ===
=== larch-quiet-read-plugin-version.sh-41286.log ===
=== larch-quiet-read-plugin-version.sh-42413.log ===
=== larch-quiet-read-plugin-version.sh-43946.log ===
=== larch-quiet-read-plugin-version.sh-44994.log ===
=== larch-quiet-read-plugin-version.sh-46258.log ===
=== larch-quiet-read-plugin-version.sh-47559.log ===
=== larch-quiet-read-plugin-version.sh-47705.log ===
=== larch-quiet-read-plugin-version.sh-48333.log ===
=== larch-quiet-read-plugin-version.sh-49525.log ===
=== larch-quiet-read-plugin-version.sh-50455.log ===
=== larch-quiet-read-plugin-version.sh-50518.log ===
=== larch-quiet-read-plugin-version.sh-52201.log ===
=== larch-quiet-read-plugin-version.sh-52250.log ===
=== larch-quiet-read-plugin-version.sh-52815.log ===
=== larch-quiet-read-plugin-version.sh-52942.log ===
=== larch-quiet-read-plugin-version.sh-53437.log ===
=== larch-quiet-read-plugin-version.sh-53881.log ===
=== larch-quiet-read-plugin-version.sh-54567.log ===
=== larch-quiet-read-plugin-version.sh-54985.log ===
=== larch-quiet-read-plugin-version.sh-55489.log ===
=== larch-quiet-read-plugin-version.sh-56020.log ===
=== larch-quiet-read-plugin-version.sh-56396.log ===
=== larch-quiet-read-plugin-version.sh-57019.log ===
=== larch-quiet-read-plugin-version.sh-57506.log ===
=== larch-quiet-read-plugin-version.sh-58506.log ===
=== larch-quiet-read-plugin-version.sh-59415.log ===
=== larch-quiet-read-plugin-version.sh-59878.log ===
=== larch-quiet-read-plugin-version.sh-61056.log ===
=== larch-quiet-read-plugin-version.sh-62421.log ===
=== larch-quiet-read-plugin-version.sh-62519.log ===
=== larch-quiet-read-plugin-version.sh-64353.log ===
=== larch-quiet-read-plugin-version.sh-64832.log ===
=== larch-quiet-read-plugin-version.sh-65412.log ===
=== larch-quiet-read-plugin-version.sh-65554.log ===
=== larch-quiet-read-plugin-version.sh-66420.log ===
=== larch-quiet-read-plugin-version.sh-67254.log ===
=== larch-quiet-read-plugin-version.sh-67487.log ===
=== larch-quiet-read-plugin-version.sh-68299.log ===
=== larch-quiet-read-plugin-version.sh-69444.log ===
=== larch-quiet-read-plugin-version.sh-69619.log ===
=== larch-quiet-read-plugin-version.sh-70241.log ===
=== larch-quiet-read-plugin-version.sh-70655.log ===
=== larch-quiet-read-plugin-version.sh-71063.log ===
=== larch-quiet-read-plugin-version.sh-71730.log ===
=== larch-quiet-read-plugin-version.sh-71794.log ===
=== larch-quiet-read-plugin-version.sh-73053.log ===
=== larch-quiet-read-plugin-version.sh-73115.log ===
=== larch-quiet-read-plugin-version.sh-73805.log ===
=== larch-quiet-read-plugin-version.sh-73891.log ===
=== larch-quiet-read-plugin-version.sh-74617.log ===
=== larch-quiet-read-plugin-version.sh-75290.log ===
=== larch-quiet-read-plugin-version.sh-75810.log ===
=== larch-quiet-read-plugin-version.sh-76634.log ===
=== larch-quiet-read-plugin-version.sh-76791.log ===
=== larch-quiet-read-plugin-version.sh-77529.log ===
=== larch-quiet-read-plugin-version.sh-77560.log ===
=== larch-quiet-read-plugin-version.sh-78651.log ===
=== larch-quiet-read-plugin-version.sh-79681.log ===
=== larch-quiet-read-plugin-version.sh-80528.log ===
=== larch-quiet-read-plugin-version.sh-81389.log ===
=== larch-quiet-read-plugin-version.sh-81982.log ===
=== larch-quiet-read-plugin-version.sh-83552.log ===
=== larch-quiet-read-plugin-version.sh-84167.log ===
=== larch-quiet-read-plugin-version.sh-84697.log ===
=== larch-quiet-read-plugin-version.sh-86144.log ===
=== larch-quiet-read-plugin-version.sh-87156.log ===
=== larch-quiet-read-plugin-version.sh-87835.log ===
=== larch-quiet-read-session-env-key.sh-13260.log ===
=== larch-quiet-read-session-env-key.sh-13297.log ===
=== larch-quiet-read-session-env-key.sh-13324.log ===
=== larch-quiet-read-session-env-key.sh-13353.log ===
=== larch-quiet-read-session-env-key.sh-30095.log ===
=== larch-quiet-read-session-env-key.sh-30107.log ===
=== larch-quiet-read-session-env-key.sh-30123.log ===
=== larch-quiet-read-session-env-key.sh-35164.log ===
=== larch-quiet-read-session-env-key.sh-35175.log ===
=== larch-quiet-read-session-env-key.sh-35186.log ===
=== larch-quiet-read-session-env-key.sh-41977.log ===
=== larch-quiet-read-session-env-key.sh-42011.log ===
=== larch-quiet-read-session-env-key.sh-42049.log ===
=== larch-quiet-read-session-env-key.sh-50963.log ===
=== larch-quiet-read-session-env-key.sh-50986.log ===
=== larch-quiet-read-session-env-key.sh-51009.log ===
=== larch-quiet-read-session-env-key.sh-58024.log ===
=== larch-quiet-read-session-env-key.sh-58037.log ===
=== larch-quiet-read-session-env-key.sh-58051.log ===
=== larch-quiet-read-session-env-key.sh-63034.log ===
=== larch-quiet-read-session-env-key.sh-63050.log ===
=== larch-quiet-read-session-env-key.sh-63065.log ===
=== larch-quiet-read-session-env-key.sh-64162.log ===
=== larch-quiet-read-session-env-key.sh-64185.log ===
=== larch-quiet-read-session-env-key.sh-64219.log ===
=== larch-quiet-read-session-env-key.sh-94813.log ===
=== larch-quiet-read-session-env-key.sh-94864.log ===
=== larch-quiet-read-session-env-key.sh-94909.log ===
=== larch-quiet-run-relevant-checks-captured.sh-16904.log ===
=== larch-quiet-run-relevant-checks-captured.sh-35925.log ===
=== larch-quiet-run-relevant-checks-captured.sh-42085.log ===
=== larch-quiet-run-relevant-checks-captured.sh-72872.log ===
=== larch-quiet-run-relevant-checks-captured.sh-78509.log ===
=== larch-quiet-run-relevant-checks-captured.sh-90282.log ===
=== larch-quiet-run-relevant-checks-captured.sh-94948.log ===
=== larch-quiet-step-7a.sh-51031.log ===
FLUSH_STATUS=ok
RECORDS=1
APPEND_LOG_FILE=<TMPDIR>/flush-execution-issues-append.Zuy6yS
=== larch-quiet-timing-ledger.sh-58087.log ===
=== larch-quiet-timing-ledger.sh-63120.log ===
=== larch-quiet-token-ledger.sh-58063.log ===
=== larch-quiet-token-ledger.sh-63081.log ===
