=== larch-quiet-check-review-changes.sh-80062.log ===
=== larch-quiet-commit-review-fixes.sh-12946.log ===
<OPERATOR_REPO_PATH>/plugins/cache/larch-local/larch/47.0.12/skills/implement/scripts/commit-review-fixes.sh: line 44: FILES[@]: unbound variable
=== larch-quiet-degraded-tools-gate.sh-4079.log ===
=== larch-quiet-read-session-env-key.sh-2894.log ===
=== larch-quiet-read-session-env-key.sh-2988.log ===
=== larch-quiet-read-session-env-key.sh-3059.log ===
=== larch-quiet-read-session-env-key.sh-54033.log ===
=== larch-quiet-read-session-env-key.sh-54050.log ===
=== larch-quiet-read-session-env-key.sh-54067.log ===
=== larch-quiet-read-session-env-key.sh-6311.log ===
=== larch-quiet-read-session-env-key.sh-6340.log ===
=== larch-quiet-read-session-env-key.sh-6367.log ===
=== larch-quiet-read-session-env-key.sh-91433.log ===
=== larch-quiet-read-session-env-key.sh-91541.log ===
=== larch-quiet-read-session-env-key.sh-91651.log ===
=== larch-quiet-read-session-env-key.sh-94490.log ===
=== larch-quiet-read-session-env-key.sh-94522.log ===
=== larch-quiet-run-relevant-checks-captured.sh-54084.log ===
=== larch-quiet-run-relevant-checks-captured.sh-91723.log ===
=== larch-quiet-step-7a.sh-29036.log ===
FLUSH_STATUS=ok
RECORDS=1
APPEND_LOG_FILE=<TMPDIR>/flush-execution-issues-append.D1j7ED
=== larch-quiet-step2-implement.sh-6490.log ===
=== larch-quiet-timing-ledger.sh-6395.log ===
