=== larch-quiet-check-contains-pins.sh-25319.log ===

=== larch-quiet-cli.py-39688.log ===

=== larch-quiet-commit-implementation.sh-39045.log ===
[sergey-zhupanov/implementing-design-summary-oos-filed-al-3816 7251b00f2] Fix OOS filed count always 0 when annotate is skipped
 6 files changed, 41 insertions(+), 5 deletions(-)

=== larch-quiet-degraded-tools-gate.sh-99204.log ===

=== larch-quiet-read-session-env-key.sh-16734.log ===

=== larch-quiet-read-session-env-key.sh-16895.log ===

=== larch-quiet-read-session-env-key.sh-17000.log ===

=== larch-quiet-read-session-env-key.sh-38913.log ===

=== larch-quiet-read-session-env-key.sh-38960.log ===

=== larch-quiet-read-session-env-key.sh-39004.log ===

=== larch-quiet-read-session-env-key.sh-40207.log ===

=== larch-quiet-read-session-env-key.sh-40241.log ===

=== larch-quiet-read-session-env-key.sh-49668.log ===

=== larch-quiet-read-session-env-key.sh-49732.log ===

=== larch-quiet-read-session-env-key.sh-49806.log ===

=== larch-quiet-read-session-env-key.sh-70784.log ===

=== larch-quiet-read-session-env-key.sh-70897.log ===

=== larch-quiet-read-session-env-key.sh-70983.log ===

=== larch-quiet-read-session-env-key.sh-97607.log ===

=== larch-quiet-read-session-env-key.sh-98283.log ===

=== larch-quiet-read-session-env-key.sh-98618.log ===

=== larch-quiet-read-session-env-key.sh-98935.log ===

=== larch-quiet-render-final-summary.sh-24314.log ===
APPENDED=true
LOG=/var/folders/dw/kg5dyxc91t973n1j620gr8480000gn/T//test-render-final-summary-bash32-Q7jdqx/design/execution-issues.md

=== larch-quiet-run-relevant-checks-captured.sh-71054.log ===

=== larch-quiet-step-7a.sh-40274.log ===
FLUSH_STATUS=ok
RECORDS=1
APPEND_LOG_FILE=<TMPDIR>/flush-execution-issues-append.S5SSY6

=== larch-quiet-timing-ledger.sh-17301.log ===

=== larch-quiet-timing-ledger.sh-49966.log ===

=== larch-quiet-token-ledger.sh-17115.log ===

=== larch-quiet-token-ledger.sh-49876.log ===

