=== larch-quiet-check-review-changes.sh-13834.log ===
=== larch-quiet-oos-file-conflict-deps.sh-21387.log ===
▶ parse-input: 1 items parsed (mode=oos): 1=Production external-agent launchers can still hang when inst…
▶ parse-input: 1 items parsed (mode=oos): 1=Production external-agent launchers can still hang when inst…
=== larch-quiet-read-session-env-key.sh-13673.log ===
=== larch-quiet-read-session-env-key.sh-13731.log ===
=== larch-quiet-read-session-env-key.sh-13776.log ===
=== larch-quiet-read-session-env-key.sh-46014.log ===
=== larch-quiet-read-session-env-key.sh-46034.log ===
=== larch-quiet-read-session-env-key.sh-46063.log ===
=== larch-quiet-read-session-env-key.sh-54387.log ===
=== larch-quiet-read-session-env-key.sh-54413.log ===
=== larch-quiet-read-session-env-key.sh-54438.log ===
=== larch-quiet-read-session-env-key.sh-72806.log ===
=== larch-quiet-read-session-env-key.sh-72849.log ===
=== larch-quiet-read-session-env-key.sh-72883.log ===
=== larch-quiet-read-session-env-key.sh-75735.log ===
=== larch-quiet-read-session-env-key.sh-75774.log ===
=== larch-quiet-read-session-env-key.sh-75816.log ===
=== larch-quiet-read-session-env-key.sh-7736.log ===
=== larch-quiet-read-session-env-key.sh-7764.log ===
=== larch-quiet-read-session-env-key.sh-7813.log ===
=== larch-quiet-read-session-env-key.sh-94523.log ===
=== larch-quiet-read-session-env-key.sh-94541.log ===
=== larch-quiet-read-session-env-key.sh-94559.log ===
=== larch-quiet-run-relevant-checks-captured.sh-75855.log ===
=== larch-quiet-run-relevant-checks-captured.sh-94582.log ===
=== larch-quiet-step-7a.sh-17943.log ===
FLUSH_STATUS=ok
RECORDS=1
APPEND_LOG_FILE=<TMPDIR>/flush-execution-issues-append.C6EASx
=== larch-quiet-step2-implement.sh-46821.log ===
=== larch-quiet-timing-ledger.sh-46087.log ===
=== larch-quiet-timing-ledger.sh-54514.log ===
=== larch-quiet-token-ledger.sh-54455.log ===
