=== larch-quiet-check-review-changes.sh-57610.log ===
=== larch-quiet-degraded-tools-gate.sh-95755.log ===
=== larch-quiet-git-current-branch.sh-35821.log ===
=== larch-quiet-read-session-env-key.sh-20198.log ===
=== larch-quiet-read-session-env-key.sh-20244.log ===
=== larch-quiet-read-session-env-key.sh-20312.log ===
=== larch-quiet-read-session-env-key.sh-20386.log ===
=== larch-quiet-read-session-env-key.sh-33838.log ===
=== larch-quiet-read-session-env-key.sh-33883.log ===
=== larch-quiet-read-session-env-key.sh-33939.log ===
=== larch-quiet-read-session-env-key.sh-34264.log ===
=== larch-quiet-read-session-env-key.sh-42279.log ===
=== larch-quiet-read-session-env-key.sh-42341.log ===
=== larch-quiet-read-session-env-key.sh-42411.log ===
=== larch-quiet-read-session-env-key.sh-57443.log ===
=== larch-quiet-read-session-env-key.sh-57496.log ===
=== larch-quiet-read-session-env-key.sh-57542.log ===
=== larch-quiet-read-session-env-key.sh-73237.log ===
=== larch-quiet-read-session-env-key.sh-73288.log ===
=== larch-quiet-read-session-env-key.sh-73334.log ===
=== larch-quiet-read-session-env-key.sh-81823.log ===
=== larch-quiet-read-session-env-key.sh-95542.log ===
=== larch-quiet-read-session-env-key.sh-95601.log ===
=== larch-quiet-read-session-env-key.sh-95646.log ===
=== larch-quiet-read-session-env-key.sh-95698.log ===
=== larch-quiet-read-session-env-key.sh-95934.log ===
=== larch-quiet-read-session-env-key.sh-96005.log ===
=== larch-quiet-read-session-env-key.sh-96056.log ===
=== larch-quiet-run-relevant-checks-captured.sh-42458.log ===
=== larch-quiet-run-relevant-checks-captured.sh-62523.log ===
SKIPPED_NON_CANONICAL: scripts/test-design-structure.sh:1211: assertion shape not in v1 grammar
SKIPPED_NON_CANONICAL: scripts/test-design-structure.sh:1212: assertion shape not in v1 grammar
=== larch-quiet-run-relevant-checks-captured.sh-98365.log ===
SKIPPED_NON_CANONICAL: scripts/test-design-structure.sh:1211: assertion shape not in v1 grammar
SKIPPED_NON_CANONICAL: scripts/test-design-structure.sh:1212: assertion shape not in v1 grammar
=== larch-quiet-step-7a.sh-92330.log ===
FLUSH_STATUS=ok
RECORDS=1
APPEND_LOG_FILE=<TMPDIR>/flush-execution-issues-append.2W2Aeh
=== larch-quiet-step2-implement.sh-25151.log ===
=== larch-quiet-timing-ledger.sh-20590.log ===
=== larch-quiet-timing-ledger.sh-34130.log ===
=== larch-quiet-token-ledger.sh-20442.log ===
=== larch-quiet-token-ledger.sh-34009.log ===
