=== larch-quiet-append-execution-issue.sh-62317.log ===
usage: append-execution-issue.sh --log LOG --category CATEGORY
                                 (--entry ENTRY | --entry-file ENTRY_FILE)
append-execution-issue.sh: error: the following arguments are required: --log
=== larch-quiet-cli.py-33715.log ===
=== larch-quiet-cli.py-45967.log ===
=== larch-quiet-cli.py-92307.log ===
=== larch-quiet-cli.py-97801.log ===
=== larch-quiet-read-session-env-key.sh-1411.log ===
=== larch-quiet-read-session-env-key.sh-1538.log ===
=== larch-quiet-read-session-env-key.sh-1561.log ===
=== larch-quiet-read-session-env-key.sh-40921.log ===
=== larch-quiet-read-session-env-key.sh-40931.log ===
=== larch-quiet-read-session-env-key.sh-40959.log ===
=== larch-quiet-read-session-env-key.sh-93281.log ===
=== larch-quiet-read-session-env-key.sh-93286.log ===
=== larch-quiet-read-session-env-key.sh-93297.log ===
=== larch-quiet-scout-plan-archetypes-wrapper.sh-91691.log ===
=== larch-quiet-sessionstart-health.sh-48137.log ===
=== larch-quiet-sessionstart-health.sh-53013.log ===
=== larch-quiet-sessionstart-health.sh-53805.log ===
=== larch-quiet-sessionstart-health.sh-54476.log ===
=== larch-quiet-sessionstart-health.sh-55062.log ===
=== larch-quiet-sessionstart-health.sh-56373.log ===
=== larch-quiet-sessionstart-health.sh-56934.log ===
=== larch-quiet-sessionstart-health.sh-57643.log ===
=== larch-quiet-sessionstart-health.sh-58187.log ===
=== larch-quiet-sessionstart-health.sh-62366.log ===
=== larch-quiet-sessionstart-health.sh-62946.log ===
=== larch-quiet-sessionstart-health.sh-63532.log ===
=== larch-quiet-sessionstart-health.sh-64063.log ===
