=== larch-quiet-degraded-tools-gate.sh-57411.log ===

=== larch-quiet-design-driver.sh-22706.log ===

=== larch-quiet-design-init-runparams.sh-91838.log ===
RUN_PARAMS_WRITTEN=<TMPDIR>/run-params.json

=== larch-quiet-design-publish.sh-13626.log ===

=== larch-quiet-design-route.sh-72317.log ===

=== larch-quiet-file-design-oos.sh-55488.log ===

=== larch-quiet-resolve-repo.sh-71995.log ===

=== larch-quiet-run-step3-review.sh-20885.log ===
POSTPLAN_EMIT_STATUS=ok
EMIT_PLAN_STATUS=ok
DIFF_LINES=635
VALIDATE_STATUS=ok
VALIDATE_DEFECT_COUNT=0
PLAN_SIZE_STATUS=under-threshold
HARD_TRIGGER_FIRED=false
TRIGGER_REASONS=
PLAN_LINES=279
DIFF_ADDED=620
DIFF_DELETED=15
MECHANICAL_CHURN=false
SOFT_ADVISORY=false
PARTITION_REQUESTED=false
DRIFT_TRIGGER_FIRED=false
DRIFT_MULTIPLE=2
DRIFT_PLAN_RATIO=1
DRIFT_DIFF_RATIO=1
BASELINE_PLAN_LINES=279
BASELINE_DIFF_LINES=635

=== larch-quiet-run-step3-review.sh-9291.log ===

=== larch-quiet-sanitize-mermaid-fragment.sh-13598.log ===

=== larch-quiet-timing-ledger.sh-1050.log ===

=== larch-quiet-timing-ledger.sh-18596.log ===

=== larch-quiet-timing-ledger.sh-26594.log ===

=== larch-quiet-timing-ledger.sh-30996.log ===

=== larch-quiet-timing-ledger.sh-52538.log ===

=== larch-quiet-timing-ledger.sh-59053.log ===

=== larch-quiet-timing-ledger.sh-7555.log ===

=== larch-quiet-timing-ledger.sh-8567.log ===

=== larch-quiet-token-ledger.sh-52963.log ===

