=== larch-quiet-check-review-changes.sh-27605.log ===
=== larch-quiet-git-current-branch.sh-34593.log ===
=== larch-quiet-lint-fix-loop.sh-45054.log ===
[sergey-zhupanov/implementing-design-default-to-simple-mo-3192 3eb7379f] Apply relevant-checks fixes (Step 3)
 1 file changed, 1 insertion(+)
=== larch-quiet-read-session-env-key.sh-27564.log ===
=== larch-quiet-read-session-env-key.sh-27575.log ===
=== larch-quiet-read-session-env-key.sh-27588.log ===
=== larch-quiet-read-session-env-key.sh-34838.log ===
=== larch-quiet-read-session-env-key.sh-34850.log ===
=== larch-quiet-read-session-env-key.sh-34862.log ===
=== larch-quiet-read-session-env-key.sh-89614.log ===
=== larch-quiet-read-session-env-key.sh-89642.log ===
=== larch-quiet-read-session-env-key.sh-89664.log ===
=== larch-quiet-read-session-env-key.sh-96951.log ===
=== larch-quiet-read-session-env-key.sh-96963.log ===
=== larch-quiet-read-session-env-key.sh-96982.log ===
=== larch-quiet-read-session-env-key.sh-99283.log ===
=== larch-quiet-read-session-env-key.sh-99303.log ===
=== larch-quiet-read-session-env-key.sh-99321.log ===
=== larch-quiet-run-relevant-checks-captured.sh-28740.log ===
SKIPPED_NON_CANONICAL: scripts/test-design-structure.sh:890: assertion shape not in v1 grammar
SKIPPED_NON_CANONICAL: scripts/test-design-structure.sh:891: assertion shape not in v1 grammar
=== larch-quiet-run-relevant-checks-captured.sh-34873.log ===
=== larch-quiet-run-relevant-checks-captured.sh-92865.log ===
SKIPPED_NON_CANONICAL: scripts/test-design-structure.sh:881: assertion shape not in v1 grammar
SKIPPED_NON_CANONICAL: scripts/test-design-structure.sh:882: assertion shape not in v1 grammar
=== larch-quiet-step-7a.sh-89691.log ===
FLUSH_STATUS=ok
RECORDS=1
APPEND_LOG_FILE=<TMPDIR>/flush-execution-issues-append.r8lZ48
=== larch-quiet-timing-ledger.sh-96993.log ===
=== larch-quiet-timing-ledger.sh-99380.log ===
=== larch-quiet-token-ledger.sh-99337.log ===
