=== larch-quiet-degraded-tools-gate.sh-66506.log ===

=== larch-quiet-design-driver.sh-4040.log ===

=== larch-quiet-design-init-runparams.sh-9915.log ===
RUN_PARAMS_WRITTEN=<TMPDIR>/run-params.json

=== larch-quiet-design-publish.sh-13298.log ===

=== larch-quiet-design-route.sh-93323.log ===

=== larch-quiet-file-design-oos.sh-4546.log ===
▶ parse-input: 1 items parsed (mode=generic): 1=OOS_1:
▶ parse-input: 1 items parsed (mode=generic): 1=OOS_1:
file-design-oos: oos-file-conflict-deps.sh exit 0 — graceful-degrade (no caller TSV)

=== larch-quiet-file-design-oos.sh-71373.log ===

=== larch-quiet-resolve-repo.sh-75570.log ===

=== larch-quiet-run-step3-review.sh-22655.log ===

=== larch-quiet-run-step3-review.sh-47554.log ===
Traceback (most recent call last):
  File "<stdin>", line 37, in <module>
  File "<stdin>", line 18, in prob
NameError: name 'problem_text' is not defined
**⚠ Degraded plan-review panel: 2/3 effective judges produced substantive vote output.**

=== larch-quiet-run-step3-review.sh-51708.log ===
ns-retry: first-pass content preserved at cursor-plan-requirements-output-first-pass.txt
ns-retry: published retry content to cursor-plan-requirements-output.txt; retry artifact retained at cursor-plan-requirements-output-ns-retry.txt
Traceback (most recent call last):
  File "<stdin>", line 37, in <module>
  File "<stdin>", line 18, in prob
NameError: name 'problem_text' is not defined

=== larch-quiet-run-step3-review.sh-79583.log ===

=== larch-quiet-sanitize-mermaid-fragment.sh-93156.log ===

=== larch-quiet-timing-ledger.sh-17011.log ===

=== larch-quiet-timing-ledger.sh-20000.log ===

=== larch-quiet-timing-ledger.sh-21726.log ===

=== larch-quiet-timing-ledger.sh-25425.log ===

=== larch-quiet-timing-ledger.sh-33910.log ===

=== larch-quiet-timing-ledger.sh-47508.log ===

=== larch-quiet-timing-ledger.sh-59868.log ===

=== larch-quiet-timing-ledger.sh-67979.log ===

=== larch-quiet-timing-ledger.sh-79538.log ===

=== larch-quiet-timing-ledger.sh-80126.log ===

=== larch-quiet-timing-ledger.sh-8212.log ===

=== larch-quiet-timing-ledger.sh-871.log ===

=== larch-quiet-token-ledger.sh-60363.log ===

