=== larch-quiet-check-contains-pins.sh-72027.log ===

=== larch-quiet-check-contains-pins.sh-72309.log ===

=== larch-quiet-check-contains-pins.sh-86462.log ===

=== larch-quiet-check-review-changes.sh-16809.log ===

=== larch-quiet-cli.py-54204.log ===

=== larch-quiet-cli.py-60710.log ===

=== larch-quiet-cli.py-71914.log ===

=== larch-quiet-degraded-tools-gate.sh-31863.log ===

=== larch-quiet-git-current-branch.sh-39145.log ===

=== larch-quiet-read-session-env-key.sh-16678.log ===

=== larch-quiet-read-session-env-key.sh-16724.log ===

=== larch-quiet-read-session-env-key.sh-16767.log ===

=== larch-quiet-read-session-env-key.sh-31742.log ===

=== larch-quiet-read-session-env-key.sh-31774.log ===

=== larch-quiet-read-session-env-key.sh-31806.log ===

=== larch-quiet-read-session-env-key.sh-31836.log ===

=== larch-quiet-read-session-env-key.sh-39322.log ===

=== larch-quiet-read-session-env-key.sh-39355.log ===

=== larch-quiet-read-session-env-key.sh-39385.log ===

=== larch-quiet-read-session-env-key.sh-42230.log ===

=== larch-quiet-read-session-env-key.sh-42280.log ===

=== larch-quiet-read-session-env-key.sh-42312.log ===

=== larch-quiet-read-session-env-key.sh-84652.log ===

=== larch-quiet-read-session-env-key.sh-84684.log ===

=== larch-quiet-read-session-env-key.sh-84718.log ===

=== larch-quiet-read-session-env-key.sh-94045.log ===

=== larch-quiet-read-session-env-key.sh-94081.log ===

=== larch-quiet-run-relevant-checks-captured.sh-22340.log ===

=== larch-quiet-run-relevant-checks-captured.sh-42345.log ===

=== larch-quiet-step-7a.sh-94114.log ===
FLUSH_STATUS=ok
RECORDS=1
APPEND_LOG_FILE=<TMPDIR>/flush-execution-issues-append.Na3IdC

=== larch-quiet-step2-implement.sh-39573.log ===

=== larch-quiet-timing-ledger.sh-39418.log ===

=== larch-quiet-timing-ledger.sh-84805.log ===

=== larch-quiet-token-ledger.sh-84747.log ===

