=== larch-quiet-check-review-changes.sh-83214.log ===
=== larch-quiet-read-session-env-key.sh-1538.log ===
=== larch-quiet-read-session-env-key.sh-1549.log ===
=== larch-quiet-read-session-env-key.sh-1561.log ===
=== larch-quiet-read-session-env-key.sh-32961.log ===
=== larch-quiet-read-session-env-key.sh-32991.log ===
=== larch-quiet-read-session-env-key.sh-33030.log ===
=== larch-quiet-read-session-env-key.sh-74282.log ===
=== larch-quiet-read-session-env-key.sh-74320.log ===
=== larch-quiet-read-session-env-key.sh-74369.log ===
=== larch-quiet-read-session-env-key.sh-74412.log ===
=== larch-quiet-read-session-env-key.sh-83179.log ===
=== larch-quiet-read-session-env-key.sh-83190.log ===
=== larch-quiet-read-session-env-key.sh-83202.log ===
=== larch-quiet-read-session-env-key.sh-83359.log ===
=== larch-quiet-read-session-env-key.sh-83378.log ===
=== larch-quiet-read-session-env-key.sh-83399.log ===
=== larch-quiet-read-session-env-key.sh-83709.log ===
=== larch-quiet-read-session-env-key.sh-83731.log ===
=== larch-quiet-read-session-env-key.sh-83774.log ===
=== larch-quiet-read-session-env-key.sh-86195.log ===
=== larch-quiet-read-session-env-key.sh-86229.log ===
=== larch-quiet-read-session-env-key.sh-86259.log ===
=== larch-quiet-read-session-env-key.sh-95072.log ===
=== larch-quiet-read-session-env-key.sh-95083.log ===
=== larch-quiet-read-session-env-key.sh-95094.log ===
=== larch-quiet-read-session-env-key.sh-95333.log ===
=== larch-quiet-read-session-env-key.sh-95345.log ===
=== larch-quiet-read-session-env-key.sh-95357.log ===
=== larch-quiet-run-relevant-checks-captured.sh-33068.log ===
SKIPPED_NON_CANONICAL: scripts/test-design-structure.sh:876: assertion shape not in v1 grammar
SKIPPED_NON_CANONICAL: scripts/test-design-structure.sh:877: assertion shape not in v1 grammar
=== larch-quiet-run-relevant-checks-captured.sh-83416.log ===
SKIPPED_NON_CANONICAL: scripts/test-design-structure.sh:878: assertion shape not in v1 grammar
SKIPPED_NON_CANONICAL: scripts/test-design-structure.sh:879: assertion shape not in v1 grammar
=== larch-quiet-step-7a.sh-95367.log ===
FLUSH_STATUS=ok
RECORDS=1
APPEND_LOG_FILE=<TMPDIR>/flush-execution-issues-append.KRqZh9
=== larch-quiet-timing-ledger.sh-74442.log ===
=== larch-quiet-timing-ledger.sh-86361.log ===
=== larch-quiet-token-ledger.sh-86289.log ===
