=== larch-quiet-clear-implement-current-env.sh-67499.log ===
=== larch-quiet-cli.py-33092.log ===
=== larch-quiet-cli.py-35975.log ===
=== larch-quiet-cli.py-40352.log ===
=== larch-quiet-cli.py-40596.log ===
=== larch-quiet-cli.py-51086.log ===
=== larch-quiet-cli.py-60282.log ===
=== larch-quiet-cli.py-78862.log ===
=== larch-quiet-cli.py-90733.log ===
=== larch-quiet-read-session-env-key.sh-27523.log ===
=== larch-quiet-read-session-env-key.sh-27530.log ===
=== larch-quiet-read-session-env-key.sh-27553.log ===
=== larch-quiet-read-session-env-key.sh-27558.log ===
=== larch-quiet-read-session-env-key.sh-29158.log ===
=== larch-quiet-read-session-env-key.sh-29160.log ===
=== larch-quiet-read-session-env-key.sh-29165.log ===
=== larch-quiet-read-session-env-key.sh-31171.log ===
=== larch-quiet-read-session-env-key.sh-31173.log ===
=== larch-quiet-read-session-env-key.sh-31187.log ===
=== larch-quiet-read-session-env-key.sh-32224.log ===
=== larch-quiet-read-session-env-key.sh-32303.log ===
=== larch-quiet-read-session-env-key.sh-32366.log ===
=== larch-quiet-read-session-env-key.sh-37635.log ===
=== larch-quiet-read-session-env-key.sh-37638.log ===
=== larch-quiet-read-session-env-key.sh-37645.log ===
=== larch-quiet-read-session-env-key.sh-44659.log ===
=== larch-quiet-read-session-env-key.sh-44661.log ===
=== larch-quiet-read-session-env-key.sh-44663.log ===
=== larch-quiet-read-session-env-key.sh-66777.log ===
=== larch-quiet-read-session-env-key.sh-66781.log ===
=== larch-quiet-read-session-env-key.sh-66784.log ===
=== larch-quiet-read-session-env-key.sh-66799.log ===
=== larch-quiet-read-session-env-key.sh-76584.log ===
=== larch-quiet-read-session-env-key.sh-76586.log ===
=== larch-quiet-read-session-env-key.sh-76593.log ===
=== larch-quiet-read-session-env-key.sh-84188.log ===
=== larch-quiet-read-session-env-key.sh-84206.log ===
=== larch-quiet-read-session-env-key.sh-84215.log ===
=== larch-quiet-read-session-env-key.sh-84228.log ===
=== larch-quiet-sessionstart-health.sh-33818.log ===
=== larch-quiet-sessionstart-health.sh-40880.log ===
=== larch-quiet-sessionstart-health.sh-51414.log ===
=== larch-quiet-sessionstart-health.sh-66852.log ===
=== larch-quiet-sessionstart-health.sh-79736.log ===
=== larch-quiet-sessionstart-health.sh-81402.log ===
=== larch-quiet-sessionstart-health.sh-82077.log ===
=== larch-quiet-sessionstart-health.sh-84668.log ===
=== larch-quiet-sessionstart-health.sh-85156.log ===
=== larch-quiet-sessionstart-health.sh-90137.log ===
=== larch-quiet-sessionstart-health.sh-90782.log ===
=== larch-quiet-tracking-issue-read-84155.log ===
=== larch-quiet-tracking-issue-read-84177.log ===
=== larch-quiet-tracking-issue-read-84195.log ===
