=== larch-quiet-check-contains-pins.sh-76800.log ===

=== larch-quiet-check-contains-pins.sh-86551.log ===

=== larch-quiet-check-review-changes.sh-97154.log ===

=== larch-quiet-cli.py-76483.log ===

=== larch-quiet-cli.py-86326.log ===

=== larch-quiet-commit-implementation.sh-91884.log ===
[sergey-zhupanov/implementing-ci-harden-all-third-party-t-3769 c81c5973f] Harden CI against 504 outages: skip agent-lint in lint job, exponential curl retries, cache+retry agnix, trufflehog pre-pull, pip/npm retry bumps
 2 files changed, 88 insertions(+), 19 deletions(-)

=== larch-quiet-degraded-tools-gate.sh-34865.log ===

=== larch-quiet-lint-mermaid-fences.sh-44775.log ===

=== larch-quiet-lint-mermaid-fences.sh-64192.log ===

=== larch-quiet-read-session-env-key.sh-27770.log ===

=== larch-quiet-read-session-env-key.sh-27794.log ===

=== larch-quiet-read-session-env-key.sh-27829.log ===

=== larch-quiet-read-session-env-key.sh-27869.log ===

=== larch-quiet-read-session-env-key.sh-27901.log ===

=== larch-quiet-read-session-env-key.sh-27930.log ===

=== larch-quiet-read-session-env-key.sh-27959.log ===

=== larch-quiet-read-session-env-key.sh-3470.log ===

=== larch-quiet-read-session-env-key.sh-34774.log ===

=== larch-quiet-read-session-env-key.sh-34797.log ===

=== larch-quiet-read-session-env-key.sh-34820.log ===

=== larch-quiet-read-session-env-key.sh-34843.log ===

=== larch-quiet-read-session-env-key.sh-3493.log ===

=== larch-quiet-read-session-env-key.sh-3516.log ===

=== larch-quiet-read-session-env-key.sh-38264.log ===

=== larch-quiet-read-session-env-key.sh-38287.log ===

=== larch-quiet-read-session-env-key.sh-38310.log ===

=== larch-quiet-read-session-env-key.sh-40481.log ===

=== larch-quiet-read-session-env-key.sh-40512.log ===

=== larch-quiet-read-session-env-key.sh-40541.log ===

=== larch-quiet-read-session-env-key.sh-60907.log ===

=== larch-quiet-read-session-env-key.sh-60929.log ===

=== larch-quiet-read-session-env-key.sh-60952.log ===

=== larch-quiet-read-session-env-key.sh-7252.log ===

=== larch-quiet-read-session-env-key.sh-7277.log ===

=== larch-quiet-read-session-env-key.sh-7300.log ===

=== larch-quiet-read-session-env-key.sh-91708.log ===

=== larch-quiet-read-session-env-key.sh-91749.log ===

=== larch-quiet-read-session-env-key.sh-91781.log ===

=== larch-quiet-read-session-env-key.sh-98275.log ===

=== larch-quiet-read-session-env-key.sh-98306.log ===

=== larch-quiet-read-session-env-key.sh-98332.log ===

=== larch-quiet-run-relevant-checks-captured.sh-40570.log ===

=== larch-quiet-run-relevant-checks-captured.sh-60974.log ===

=== larch-quiet-step-7a.sh-3540.log ===
FLUSH_STATUS=ok
RECORDS=1
APPEND_LOG_FILE=<TMPDIR>/flush-execution-issues-append.LB3WgY

=== larch-quiet-timing-ledger.sh-7394.log ===

=== larch-quiet-token-ledger.sh-7324.log ===

=== larch-quiet-token-ledger.sh-91805.log ===

