[sergey-zhupanov/implementing-pr2-remove-the-plan-quality-3648 a13f85e85] Remove plan-quality assessor (Step 3.6) from /design
 51 files changed, 125 insertions(+), 4353 deletions(-)
 delete mode 100644 skills/design/references/assessor.md
 delete mode 100644 skills/design/scripts/assess-plan-round.md
 delete mode 100755 skills/design/scripts/assess-plan-round.sh
 delete mode 100644 skills/design/scripts/design-plan-quality-assessor.md
 delete mode 100755 skills/design/scripts/design-plan-quality-assessor.sh
 delete mode 100644 skills/design/scripts/dispatch-plan-assessors.md
 delete mode 100755 skills/design/scripts/dispatch-plan-assessors.sh
 delete mode 100644 skills/design/scripts/tally-plan-assessor.md
 delete mode 100755 skills/design/scripts/tally-plan-assessor.sh
 delete mode 100644 skills/design/scripts/test-assess-plan-round.md
 delete mode 100755 skills/design/scripts/test-assess-plan-round.sh
 delete mode 100644 skills/design/scripts/test-design-plan-quality-assessor.md
 delete mode 100755 skills/design/scripts/test-design-plan-quality-assessor.sh
 delete mode 100644 skills/design/scripts/test-dispatch-plan-assessors.md
 delete mode 100755 skills/design/scripts/test-dispatch-plan-assessors.sh
 delete mode 100644 skills/design/scripts/test-tally-plan-assessor.md
 delete mode 100755 skills/design/scripts/test-tally-plan-assessor.sh
 delete mode 100644 skills/shared/scripts/render-assessor-prompt.md
 delete mode 100755 skills/shared/scripts/render-assessor-prompt.sh
 delete mode 100644 skills/shared/scripts/test-render-assessor-prompt.md
 delete mode 100755 skills/shared/scripts/test-render-assessor-prompt.sh
