=== larch-quiet-append-execution-issue.sh-40413.log ===
=== larch-quiet-append-execution-issue.sh-43573.log ===
=== larch-quiet-check-contains-pins.sh-29174.log ===
=== larch-quiet-check-contains-pins.sh-31182.log ===
=== larch-quiet-check-contains-pins.sh-63137.log ===
=== larch-quiet-check-review-changes.sh-47410.log ===
=== larch-quiet-commit-implementation.sh-83827.log ===
[sergey-zhupanov/implementing-logs-size-reduction-phase-1-3705 854925c3d] Stop committing derived/duplicate /design log artifacts at publish
 8 files changed, 202 insertions(+), 12 deletions(-)
=== larch-quiet-degraded-tools-gate.sh-77308.log ===
=== larch-quiet-git-commit.sh-41190.log ===
[sergey-zhupanov/implementing-logs-size-reduction-phase-1-3705 389c3911d] Fix CI failure (main-agent): restore ballot.txt to round include list
 5 files changed, 8 insertions(+), 9 deletions(-)
=== larch-quiet-lint-mermaid-fences.sh-43653.log ===
=== larch-quiet-lint-mermaid-fences.sh-43654.log ===
=== larch-quiet-lint-mermaid-fences.sh-43655.log ===
=== larch-quiet-lint-mermaid-fences.sh-62197.log ===
=== larch-quiet-lint-mermaid-fences.sh-94310.log ===
=== larch-quiet-lint-mermaid-fences.sh-94311.log ===
=== larch-quiet-read-session-env-key.sh-28425.log ===
=== larch-quiet-read-session-env-key.sh-28471.log ===
=== larch-quiet-read-session-env-key.sh-28522.log ===
=== larch-quiet-read-session-env-key.sh-3524.log ===
=== larch-quiet-read-session-env-key.sh-3546.log ===
=== larch-quiet-read-session-env-key.sh-3569.log ===
=== larch-quiet-read-session-env-key.sh-3592.log ===
=== larch-quiet-read-session-env-key.sh-3616.log ===
=== larch-quiet-read-session-env-key.sh-3639.log ===
=== larch-quiet-read-session-env-key.sh-3663.log ===
=== larch-quiet-read-session-env-key.sh-3687.log ===
=== larch-quiet-read-session-env-key.sh-49566.log ===
=== larch-quiet-read-session-env-key.sh-49591.log ===
=== larch-quiet-read-session-env-key.sh-49625.log ===
=== larch-quiet-read-session-env-key.sh-55203.log ===
=== larch-quiet-read-session-env-key.sh-55230.log ===
=== larch-quiet-read-session-env-key.sh-55253.log ===
=== larch-quiet-read-session-env-key.sh-55276.log ===
=== larch-quiet-read-session-env-key.sh-55299.log ===
=== larch-quiet-read-session-env-key.sh-77164.log ===
=== larch-quiet-read-session-env-key.sh-77199.log ===
=== larch-quiet-read-session-env-key.sh-77239.log ===
=== larch-quiet-read-session-env-key.sh-77277.log ===
=== larch-quiet-read-session-env-key.sh-92791.log ===
=== larch-quiet-read-session-env-key.sh-92841.log ===
=== larch-quiet-read-session-env-key.sh-92882.log ===
=== larch-quiet-read-session-env-key.sh-94147.log ===
=== larch-quiet-read-session-env-key.sh-94170.log ===
=== larch-quiet-read-session-env-key.sh-94193.log ===
=== larch-quiet-read-session-env-key.sh-94216.log ===
=== larch-quiet-read-session-env-key.sh-94239.log ===
=== larch-quiet-read-session-env-key.sh-97792.log ===
=== larch-quiet-read-session-env-key.sh-97841.log ===
=== larch-quiet-read-session-env-key.sh-97888.log ===
=== larch-quiet-refresh-run-logs.sh-46126.log ===
=== larch-quiet-run-analysis.sh-37392.log ===
=== larch-quiet-run-analysis.sh-38095.log ===
=== larch-quiet-run-analysis.sh-38471.log ===
ERROR: --plot-from has been removed; scan committed larch-logs instead
=== larch-quiet-run-analysis.sh-38541.log ===
ERROR: --skill must be design or implement (got: bogus)
Usage: run-analysis.sh --skill <design|implement> [--no-issue] [--no-plot]

Flags:
  --skill <name>           Required. Which skill's larch-logs to scan (design or implement).
  --no-issue               Skip posting the analysis report GitHub issue.
  --no-plot                Skip plot generation (text analysis still printed).

Removed:
  --plot-from <N>          Removed; /report-tokens now scans committed larch-logs directly.
=== larch-quiet-run-analysis.sh-38982.log ===
=== larch-quiet-run-analysis.sh-64403.log ===
=== larch-quiet-run-analysis.sh-64943.log ===
=== larch-quiet-run-analysis.sh-65215.log ===
ERROR: --plot-from has been removed; scan committed larch-logs instead
=== larch-quiet-run-analysis.sh-65274.log ===
ERROR: --skill must be design or implement (got: bogus)
Usage: run-analysis.sh --skill <design|implement> [--no-issue] [--no-plot]

Flags:
  --skill <name>           Required. Which skill's larch-logs to scan (design or implement).
  --no-issue               Skip posting the analysis report GitHub issue.
  --no-plot                Skip plot generation (text analysis still printed).

Removed:
  --plot-from <N>          Removed; /report-tokens now scans committed larch-logs directly.
=== larch-quiet-run-analysis.sh-65576.log ===
=== larch-quiet-run-analysis.sh-87314.log ===
=== larch-quiet-run-analysis.sh-87823.log ===
=== larch-quiet-run-analysis.sh-88092.log ===
ERROR: --plot-from has been removed; scan committed larch-logs instead
=== larch-quiet-run-analysis.sh-88149.log ===
ERROR: --skill must be design or implement (got: bogus)
Usage: run-analysis.sh --skill <design|implement> [--no-issue] [--no-plot]

Flags:
  --skill <name>           Required. Which skill's larch-logs to scan (design or implement).
  --no-issue               Skip posting the analysis report GitHub issue.
  --no-plot                Skip plot generation (text analysis still printed).

Removed:
  --plot-from <N>          Removed; /report-tokens now scans committed larch-logs directly.
=== larch-quiet-run-analysis.sh-88451.log ===
=== larch-quiet-run-relevant-checks-captured.sh-36935.log ===
=== larch-quiet-run-relevant-checks-captured.sh-49667.log ===
=== larch-quiet-run-relevant-checks-captured.sh-80843.log ===
=== larch-quiet-ship.py-28621.log ===
ci_monitor: poll 1/180 pending after 3s; sleeping 10s
ci_monitor: poll 2/180 pending after 16s; sleeping 10s
ci_monitor: poll 3/180 pending after 30s; sleeping 10s
ci_monitor: poll 4/180 pending after 43s; sleeping 10s
=== larch-quiet-step-7a.sh-55321.log ===
APPENDED=true
LOG=<TMPDIR>/execution-issues.md
=== larch-quiet-timing-ledger.sh-93026.log ===
=== larch-quiet-timing-ledger.sh-98034.log ===
=== larch-quiet-token-ledger.sh-92920.log ===
=== larch-quiet-token-ledger.sh-97929.log ===
