=== larch-quiet-cli.py-45606.log ===
=== larch-quiet-cli.py-49352.log ===
=== larch-quiet-cli.py-78551.log ===
=== larch-quiet-cli.py-88565.log ===
=== larch-quiet-cli.py-89645.log ===
=== larch-quiet-cli.py-96107.log ===
=== larch-quiet-read-session-env-key.sh-20077.log ===
=== larch-quiet-read-session-env-key.sh-20113.log ===
=== larch-quiet-read-session-env-key.sh-20146.log ===
=== larch-quiet-read-session-env-key.sh-27581.log ===
=== larch-quiet-sessionstart-health.sh-28181.log ===
=== larch-quiet-sessionstart-health.sh-54985.log ===
=== larch-quiet-ship.py-36322.log ===
ship.py: pr-prep: postbump/Flush+Push
ship.py: pr-create: PR
ship.py: post-ensure-pr: Push
ci_monitor: CI status query #1 in progress after 0s
ci_monitor: poll 1/180 pending after 3s; sleeping 10s
ci_monitor: CI status query #2 in progress after 14s
ci_monitor: poll 2/180 pending after 17s; sleeping 10s
ci_monitor: CI status query #3 in progress after 27s
ci_monitor: poll 3/180 pending after 31s; sleeping 10s
ci_monitor: CI status query #4 in progress after 41s
ci_monitor: poll 4/180 pending after 44s; sleeping 10s
ci_monitor: CI status query #5 in progress after 54s
ci_monitor: CI fail after 57s -> evaluate_failure
=== larch-quiet-tracking-issue-upsert-summary-92705.log ===
