=== larch-quiet-append-tool-failure.sh-27845.log ===
APPENDED=true
LOG=<TMPDIR>/execution-issues.md
=== larch-quiet-check-review-changes.sh-58620.log ===
=== larch-quiet-commit-review-fixes.sh-4439.log ===
<OPERATOR_REPO_PATH>/plugins/cache/larch-local/larch/47.0.70/skills/implement/scripts/commit-review-fixes.sh: line 44: FILES[@]: unbound variable
=== larch-quiet-degraded-tools-gate.sh-68138.log ===
=== larch-quiet-git-commit.sh-19089.log ===
[sergey-zhupanov/implementing-round-ii-of-design-refactor-3418 6f5797822] Fold accepted OOS findings inline (Rules 1-2)
 4 files changed, 70 insertions(+), 4 deletions(-)
=== larch-quiet-git-current-branch.sh-93002.log ===
=== larch-quiet-read-session-env-key.sh-15029.log ===
=== larch-quiet-read-session-env-key.sh-15073.log ===
=== larch-quiet-read-session-env-key.sh-15140.log ===
=== larch-quiet-read-session-env-key.sh-16868.log ===
=== larch-quiet-read-session-env-key.sh-16937.log ===
=== larch-quiet-read-session-env-key.sh-17019.log ===
=== larch-quiet-read-session-env-key.sh-1992.log ===
=== larch-quiet-read-session-env-key.sh-2051.log ===
=== larch-quiet-read-session-env-key.sh-2121.log ===
=== larch-quiet-read-session-env-key.sh-27451.log ===
=== larch-quiet-read-session-env-key.sh-27528.log ===
=== larch-quiet-read-session-env-key.sh-27629.log ===
=== larch-quiet-read-session-env-key.sh-2885.log ===
=== larch-quiet-read-session-env-key.sh-2949.log ===
=== larch-quiet-read-session-env-key.sh-3010.log ===
=== larch-quiet-read-session-env-key.sh-4102.log ===
=== larch-quiet-read-session-env-key.sh-4172.log ===
=== larch-quiet-read-session-env-key.sh-4252.log ===
=== larch-quiet-read-session-env-key.sh-45607.log ===
=== larch-quiet-read-session-env-key.sh-45671.log ===
=== larch-quiet-read-session-env-key.sh-45758.log ===
=== larch-quiet-read-session-env-key.sh-52874.log ===
=== larch-quiet-read-session-env-key.sh-52953.log ===
=== larch-quiet-read-session-env-key.sh-53021.log ===
=== larch-quiet-read-session-env-key.sh-58403.log ===
=== larch-quiet-read-session-env-key.sh-58468.log ===
=== larch-quiet-read-session-env-key.sh-58520.log ===
=== larch-quiet-read-session-env-key.sh-64750.log ===
=== larch-quiet-read-session-env-key.sh-64821.log ===
=== larch-quiet-read-session-env-key.sh-64876.log ===
=== larch-quiet-read-session-env-key.sh-65132.log ===
=== larch-quiet-read-session-env-key.sh-65251.log ===
=== larch-quiet-read-session-env-key.sh-65312.log ===
=== larch-quiet-read-session-env-key.sh-65393.log ===
=== larch-quiet-read-session-env-key.sh-65467.log ===
=== larch-quiet-read-session-env-key.sh-65522.log ===
=== larch-quiet-read-session-env-key.sh-72191.log ===
=== larch-quiet-read-session-env-key.sh-72254.log ===
=== larch-quiet-read-session-env-key.sh-72319.log ===
=== larch-quiet-read-session-env-key.sh-72954.log ===
=== larch-quiet-read-session-env-key.sh-73036.log ===
=== larch-quiet-read-session-env-key.sh-73075.log ===
=== larch-quiet-read-session-env-key.sh-76696.log ===
=== larch-quiet-read-session-env-key.sh-76740.log ===
=== larch-quiet-read-session-env-key.sh-76815.log ===
=== larch-quiet-read-session-env-key.sh-79574.log ===
=== larch-quiet-read-session-env-key.sh-79628.log ===
=== larch-quiet-read-session-env-key.sh-79683.log ===
=== larch-quiet-read-session-env-key.sh-79737.log ===
=== larch-quiet-read-session-env-key.sh-82931.log ===
=== larch-quiet-read-session-env-key.sh-82989.log ===
=== larch-quiet-read-session-env-key.sh-83057.log ===
=== larch-quiet-read-session-env-key.sh-83524.log ===
=== larch-quiet-read-session-env-key.sh-83599.log ===
=== larch-quiet-read-session-env-key.sh-89713.log ===
=== larch-quiet-read-session-env-key.sh-89814.log ===
=== larch-quiet-read-session-env-key.sh-89884.log ===
=== larch-quiet-read-session-env-key.sh-89957.log ===
=== larch-quiet-read-session-env-key.sh-92531.log ===
=== larch-quiet-read-session-env-key.sh-92576.log ===
=== larch-quiet-read-session-env-key.sh-92626.log ===
=== larch-quiet-read-session-env-key.sh-94987.log ===
=== larch-quiet-read-session-env-key.sh-95058.log ===
=== larch-quiet-read-session-env-key.sh-95107.log ===
=== larch-quiet-read-session-env-key.sh-96701.log ===
=== larch-quiet-read-session-env-key.sh-96780.log ===
=== larch-quiet-read-session-env-key.sh-96858.log ===
=== larch-quiet-read-session-env-key.sh-99239.log ===
=== larch-quiet-read-session-env-key.sh-99350.log ===
=== larch-quiet-read-session-env-key.sh-99446.log ===
=== larch-quiet-run-relevant-checks-captured.sh-2180.log ===
SKIPPED_NON_CANONICAL: scripts/test-design-structure.sh:1484: assertion shape not in v1 grammar
SKIPPED_NON_CANONICAL: scripts/test-design-structure.sh:1485: assertion shape not in v1 grammar
=== larch-quiet-run-relevant-checks-captured.sh-64955.log ===
SKIPPED_NON_CANONICAL: scripts/test-design-structure.sh:1499: assertion shape not in v1 grammar
SKIPPED_NON_CANONICAL: scripts/test-design-structure.sh:1500: assertion shape not in v1 grammar
=== larch-quiet-step-7a.sh-15187.log ===
FLUSH_STATUS=ok
RECORDS=1
APPEND_LOG_FILE=<TMPDIR>/flush-execution-issues-append.dZaOFN
=== larch-quiet-step2-implement.sh-96961.log ===
=== larch-quiet-timing-ledger.sh-65726.log ===
=== larch-quiet-timing-ledger.sh-90177.log ===
=== larch-quiet-token-ledger.sh-65588.log ===
=== larch-quiet-token-ledger.sh-90040.log ===
