=== larch-quiet-check-contains-pins.sh-35626.log ===

=== larch-quiet-cli.py-43563.log ===

=== larch-quiet-cli.py-86820.log ===

=== larch-quiet-cli.py-93980.log ===

=== larch-quiet-compose-plan-goals-test.sh-96641.log ===

=== larch-quiet-degraded-tools-gate.sh-87410.log ===

=== larch-quiet-read-session-env-key.sh-87190.log ===

=== larch-quiet-read-session-env-key.sh-87251.log ===

=== larch-quiet-read-session-env-key.sh-87305.log ===

=== larch-quiet-read-session-env-key.sh-87356.log ===

=== larch-quiet-run-relevant-checks-captured.sh-12655.log ===

=== larch-quiet-run-relevant-checks-captured.sh-48697.log ===
usage: run-relevant-checks-captured.sh --site <label> [--tmpdir <path>]

=== larch-quiet-run-relevant-checks-captured.sh-51309.log ===

=== larch-quiet-run-relevant-checks-captured.sh-58109.log ===

=== larch-quiet-step-7a.sh-40487.log ===
Usage: step-7a.sh --implement-tmpdir PATH [--issue-number N] [--run-id ID] [--no-logs-commit BOOL] [--forked-target BOOL]

=== larch-quiet-step-7a.sh-43087.log ===
FLUSH_STATUS=ok
RECORDS=1
APPEND_LOG_FILE=<TMPDIR>/flush-execution-issues-append.cN3aIP

