=== larch-quiet-check-review-changes.sh-89680.log ===
=== larch-quiet-design-plan-quality-assessor.sh-85138.log ===
=== larch-quiet-git-current-branch.sh-18800.log ===
=== larch-quiet-oos-file-conflict-deps.sh-62124.log ===
▶ parse-input: 4 items parsed (mode=oos): 1=Step-scoped thin-fence assertions missing from test-design-s…, 2=Gate-B-bypass sentinel correctness and pause/resume coverage, 3=Stale thin-fence contract documentation (assessor.md, design…, 4=Minor code corrections: classification stderr disclosure, dr…
▶ parse-input: 4 items parsed (mode=oos): 1=Step-scoped thin-fence assertions missing from test-design-s…, 2=Gate-B-bypass sentinel correctness and pause/resume coverage, 3=Stale thin-fence contract documentation (assessor.md, design…, 4=Minor code corrections: classification stderr disclosure, dr…
=== larch-quiet-read-session-env-key.sh-10443.log ===
=== larch-quiet-read-session-env-key.sh-10487.log ===
=== larch-quiet-read-session-env-key.sh-10556.log ===
=== larch-quiet-read-session-env-key.sh-27691.log ===
=== larch-quiet-read-session-env-key.sh-27748.log ===
=== larch-quiet-read-session-env-key.sh-27814.log ===
=== larch-quiet-read-session-env-key.sh-30863.log ===
=== larch-quiet-read-session-env-key.sh-30908.log ===
=== larch-quiet-read-session-env-key.sh-30965.log ===
=== larch-quiet-read-session-env-key.sh-3612.log ===
=== larch-quiet-read-session-env-key.sh-3678.log ===
=== larch-quiet-read-session-env-key.sh-3725.log ===
=== larch-quiet-read-session-env-key.sh-54008.log ===
=== larch-quiet-read-session-env-key.sh-54063.log ===
=== larch-quiet-read-session-env-key.sh-54111.log ===
=== larch-quiet-read-session-env-key.sh-89513.log ===
=== larch-quiet-read-session-env-key.sh-89566.log ===
=== larch-quiet-read-session-env-key.sh-89635.log ===
=== larch-quiet-read-session-env-key.sh-92311.log ===
=== larch-quiet-read-session-env-key.sh-92371.log ===
=== larch-quiet-read-session-env-key.sh-92419.log ===
=== larch-quiet-read-session-env-key.sh-92469.log ===
=== larch-quiet-read-session-env-key.sh-92554.log ===
=== larch-quiet-read-session-env-key.sh-97258.log ===
=== larch-quiet-read-session-env-key.sh-97307.log ===
=== larch-quiet-read-session-env-key.sh-97362.log ===
=== larch-quiet-read-session-env-key.sh-98347.log ===
=== larch-quiet-read-session-env-key.sh-98443.log ===
=== larch-quiet-read-session-env-key.sh-98543.log ===
=== larch-quiet-run-relevant-checks-captured.sh-27873.log ===
SKIPPED_NON_CANONICAL: scripts/test-design-structure.sh:1242: assertion shape not in v1 grammar
SKIPPED_NON_CANONICAL: scripts/test-design-structure.sh:1243: assertion shape not in v1 grammar
=== larch-quiet-run-relevant-checks-captured.sh-97440.log ===
SKIPPED_NON_CANONICAL: scripts/test-design-structure.sh:1267: assertion shape not in v1 grammar
SKIPPED_NON_CANONICAL: scripts/test-design-structure.sh:1268: assertion shape not in v1 grammar
=== larch-quiet-step-7a.sh-54174.log ===
FLUSH_STATUS=ok
RECORDS=1
APPEND_LOG_FILE=<TMPDIR>/flush-execution-issues-append.oiCDX9
=== larch-quiet-step2-implement.sh-97772.log ===
=== larch-quiet-timing-ledger.sh-92615.log ===
=== larch-quiet-timing-ledger.sh-98833.log ===
=== larch-quiet-token-ledger.sh-98640.log ===
