
#############################################################################
##  !!  SECRETS DETECTED AND SCRUBBED FROM RUN LOGS BEFORE FLUSH  !!
#############################################################################
## scrubbed 1 secret-shaped value(s) across 1 file(s) in:
##   /private/var/folders/dw/kg5dyxc91t973n1j620gr8480000gn/T/pytest-of-zhupanov/pytest-39/test_larch_log_commit_scrubbed0/repo/larch-logs/implement/run-abc
## The flush proceeds with redacted content, but a credential was almost
## certainly exposed in this run -- ROTATE it now and check chat/PRs for
## the same value.
#############################################################################
ship.py: checks: Lint&Tests
ship.py: pr-prep: postbump/Flush+Push
ship.py: pr-create: PR
ship.py: merge
ship.py: post-merge
ship.py: checks: Lint&Tests
ship.py: pr-prep: postbump/Flush+Push
ship.py: pr-create: PR
ship.py: checks: Lint&Tests
ship.py: pr-prep: postbump/Flush+Push
ship.py: pr-create: PR
ship.py: checks: Lint&Tests
ship.py: pr-prep: postbump/Flush+Push
ship.py: pr-create: PR
ship.py: checks: Lint&Tests
ship.py: pr-prep: postbump/Flush+Push
ship.py: pr-create: PR
ship.py: checks: Lint&Tests
ship.py: pr-prep: postbump/Flush+Push
ship.py: pr-create: PR
ship.py: checks: Lint&Tests
ship.py: pr-prep: postbump/Flush+Push
ship.py: pr-create: PR
ship.py: checks: Lint&Tests
ship.py: pr-prep: postbump/Flush+Push
ship.py: pr-create: PR
ship.py: checks: Lint&Tests
ship.py: pr-prep: postbump/Flush+Push
ship.py: pr-create: PR
ship.py: checks: Lint&Tests
ship.py: pr-prep: postbump/Flush+Push
ship.py: pr-create: PR
ship.py: checks: Lint&Tests
ship.py: pr-prep: postbump/Flush+Push
ship.py: pr-create: PR
ship.py: checks: Lint&Tests
ship.py: checks: Lint&Tests
ship.py: internal error
Traceback (most recent call last):
  File "<OPERATOR_REPO_PATH>/python/ship.py", line 881, in main
    result = run_ship(ctx, runner=proc, cwd=str(Path.cwd()))
             ^^^^^^^^^^^^^^^^^^^^^^^^^^^^^^^^^^^^^^^^^^^^^^^
  File "<OPERATOR_REPO_PATH>/python/test_ship.py", line 607, in fake_run_ship
    raise RuntimeError("unexpected failure")
RuntimeError: unexpected failure
ship.py: journal append skipped: journal blocked
