=== larch-quiet-check-review-changes.sh-38380.log ===
=== larch-quiet-commit-implementation.sh-42254.log ===
warning: could not open directory 'python/python/': No such file or directory
fatal: pathspec 'python/conftest.py' did not match any files
=== larch-quiet-commit-implementation.sh-42356.log ===
warning: could not open directory 'python/python/': No such file or directory
fatal: pathspec 'python/conftest.py' did not match any files
=== larch-quiet-commit-review-fixes.sh-33385.log ===
<OPERATOR_REPO_PATH>/plugins/cache/larch-local/larch/47.0.70/skills/implement/scripts/commit-review-fixes.sh: line 44: FILES[@]: unbound variable
=== larch-quiet-degraded-tools-gate.sh-441.log ===
=== larch-quiet-git-current-branch.sh-37032.log ===
=== larch-quiet-read-session-env-key.sh-3075.log ===
=== larch-quiet-read-session-env-key.sh-3092.log ===
=== larch-quiet-read-session-env-key.sh-3108.log ===
=== larch-quiet-read-session-env-key.sh-32619.log ===
=== larch-quiet-read-session-env-key.sh-32647.log ===
=== larch-quiet-read-session-env-key.sh-3268.log ===
=== larch-quiet-read-session-env-key.sh-32682.log ===
=== larch-quiet-read-session-env-key.sh-3279.log ===
=== larch-quiet-read-session-env-key.sh-3290.log ===
=== larch-quiet-read-session-env-key.sh-39959.log ===
=== larch-quiet-read-session-env-key.sh-39976.log ===
=== larch-quiet-read-session-env-key.sh-39995.log ===
=== larch-quiet-read-session-env-key.sh-41135.log ===
=== larch-quiet-read-session-env-key.sh-41147.log ===
=== larch-quiet-read-session-env-key.sh-41160.log ===
=== larch-quiet-read-session-env-key.sh-41389.log ===
=== larch-quiet-read-session-env-key.sh-41400.log ===
=== larch-quiet-read-session-env-key.sh-41411.log ===
=== larch-quiet-read-session-env-key.sh-43096.log ===
=== larch-quiet-read-session-env-key.sh-43126.log ===
=== larch-quiet-read-session-env-key.sh-43162.log ===
=== larch-quiet-read-session-env-key.sh-44498.log ===
=== larch-quiet-read-session-env-key.sh-44512.log ===
=== larch-quiet-read-session-env-key.sh-44525.log ===
=== larch-quiet-read-session-env-key.sh-44536.log ===
=== larch-quiet-read-session-env-key.sh-44745.log ===
=== larch-quiet-read-session-env-key.sh-44756.log ===
=== larch-quiet-read-session-env-key.sh-44767.log ===
=== larch-quiet-read-session-env-key.sh-46935.log ===
=== larch-quiet-read-session-env-key.sh-46946.log ===
=== larch-quiet-read-session-env-key.sh-46957.log ===
=== larch-quiet-read-session-env-key.sh-5156.log ===
=== larch-quiet-read-session-env-key.sh-5168.log ===
=== larch-quiet-read-session-env-key.sh-5180.log ===
=== larch-quiet-read-session-env-key.sh-53181.log ===
=== larch-quiet-read-session-env-key.sh-53193.log ===
=== larch-quiet-read-session-env-key.sh-53215.log ===
=== larch-quiet-read-session-env-key.sh-61487.log ===
=== larch-quiet-read-session-env-key.sh-61503.log ===
=== larch-quiet-read-session-env-key.sh-61519.log ===
=== larch-quiet-read-session-env-key.sh-66994.log ===
=== larch-quiet-read-session-env-key.sh-67020.log ===
=== larch-quiet-read-session-env-key.sh-67045.log ===
=== larch-quiet-read-session-env-key.sh-6899.log ===
=== larch-quiet-read-session-env-key.sh-6910.log ===
=== larch-quiet-read-session-env-key.sh-6921.log ===
=== larch-quiet-read-session-env-key.sh-6932.log ===
=== larch-quiet-read-session-env-key.sh-6943.log ===
=== larch-quiet-read-session-env-key.sh-80942.log ===
=== larch-quiet-read-session-env-key.sh-80955.log ===
=== larch-quiet-read-session-env-key.sh-80967.log ===
=== larch-quiet-read-session-env-key.sh-98935.log ===
=== larch-quiet-read-session-env-key.sh-98962.log ===
=== larch-quiet-read-session-env-key.sh-98981.log ===
=== larch-quiet-read-session-env-key.sh-99874.log ===
=== larch-quiet-read-session-env-key.sh-99904.log ===
=== larch-quiet-read-session-env-key.sh-99931.log ===
=== larch-quiet-run-relevant-checks-captured.sh-32709.log ===
=== larch-quiet-run-relevant-checks-captured.sh-40023.log ===
=== larch-quiet-run-relevant-checks-captured.sh-43204.log ===

#############################################################################
##  !!  SECRETS DETECTED AND SCRUBBED FROM RUN LOGS BEFORE FLUSH  !!
#############################################################################
## scrubbed 1 secret-shaped value(s) across 1 file(s) in:
##   /private/var/folders/dw/kg5dyxc91t973n1j620gr8480000gn/T/pytest-of-zhupanov/pytest-39/test_larch_log_commit_scrubbed0/repo/larch-logs/implement/run-abc
## The flush proceeds with redacted content, but a credential was almost
## certainly exposed in this run -- ROTATE it now and check chat/PRs for
## the same value.
#############################################################################
ship.py: checks: Lint&Tests
ship.py: pr-prep: postbump/Flush+Push
ship.py: pr-create: PR
ship.py: merge
ship.py: post-merge
ship.py: checks: Lint&Tests
ship.py: pr-prep: postbump/Flush+Push
ship.py: pr-create: PR
ship.py: checks: Lint&Tests
ship.py: pr-prep: postbump/Flush+Push
ship.py: pr-create: PR
ship.py: checks: Lint&Tests
ship.py: pr-prep: postbump/Flush+Push
ship.py: pr-create: PR
ship.py: checks: Lint&Tests
ship.py: pr-prep: postbump/Flush+Push
ship.py: pr-create: PR
ship.py: checks: Lint&Tests
ship.py: pr-prep: postbump/Flush+Push
ship.py: pr-create: PR
ship.py: checks: Lint&Tests
ship.py: pr-prep: postbump/Flush+Push
ship.py: pr-create: PR
ship.py: checks: Lint&Tests
ship.py: pr-prep: postbump/Flush+Push
ship.py: pr-create: PR
ship.py: checks: Lint&Tests
ship.py: pr-prep: postbump/Flush+Push
ship.py: pr-create: PR
ship.py: checks: Lint&Tests
ship.py: pr-prep: postbump/Flush+Push
ship.py: pr-create: PR
ship.py: checks: Lint&Tests
ship.py: pr-prep: postbump/Flush+Push
ship.py: pr-create: PR
ship.py: checks: Lint&Tests
ship.py: checks: Lint&Tests
ship.py: internal error
Traceback (most recent call last):
  File "<OPERATOR_REPO_PATH>/python/ship.py", line 881, in main
    result = run_ship(ctx, runner=proc, cwd=str(Path.cwd()))
             ^^^^^^^^^^^^^^^^^^^^^^^^^^^^^^^^^^^^^^^^^^^^^^^
  File "<OPERATOR_REPO_PATH>/python/test_ship.py", line 607, in fake_run_ship
    raise RuntimeError("unexpected failure")
RuntimeError: unexpected failure
ship.py: journal append skipped: journal blocked
=== larch-quiet-run-relevant-checks-captured.sh-44797.log ===
hidden
crumb
=== larch-quiet-run-relevant-checks-captured.sh-5190.log ===
=== larch-quiet-run-relevant-checks-captured.sh-67094.log ===

#############################################################################
##  !!  SECRETS DETECTED AND SCRUBBED FROM RUN LOGS BEFORE FLUSH  !!
#############################################################################
## scrubbed 1 secret-shaped value(s) across 1 file(s) in:
##   /private/var/folders/dw/kg5dyxc91t973n1j620gr8480000gn/T/pytest-of-zhupanov/pytest-83/test_larch_log_commit_scrubbed0/repo/larch-logs/implement/run-abc
## The flush proceeds with redacted content, but a credential was almost
## certainly exposed in this run -- ROTATE it now and check chat/PRs for
## the same value.
#############################################################################
ship.py: checks: Lint&Tests
ship.py: pr-prep: postbump/Flush+Push
ship.py: pr-create: PR
ship.py: merge
ship.py: post-merge
ship.py: checks: Lint&Tests
ship.py: pr-prep: postbump/Flush+Push
ship.py: pr-create: PR
ship.py: checks: Lint&Tests
ship.py: pr-prep: postbump/Flush+Push
ship.py: pr-create: PR
ship.py: checks: Lint&Tests
ship.py: pr-prep: postbump/Flush+Push
ship.py: pr-create: PR
ship.py: checks: Lint&Tests
ship.py: pr-prep: postbump/Flush+Push
ship.py: pr-create: PR
ship.py: checks: Lint&Tests
ship.py: pr-prep: postbump/Flush+Push
ship.py: pr-create: PR
ship.py: checks: Lint&Tests
ship.py: pr-prep: postbump/Flush+Push
ship.py: pr-create: PR
ship.py: checks: Lint&Tests
ship.py: pr-prep: postbump/Flush+Push
ship.py: pr-create: PR
ship.py: checks: Lint&Tests
ship.py: pr-prep: postbump/Flush+Push
ship.py: pr-create: PR
ship.py: checks: Lint&Tests
ship.py: pr-prep: postbump/Flush+Push
ship.py: pr-create: PR
ship.py: checks: Lint&Tests
ship.py: pr-prep: postbump/Flush+Push
ship.py: pr-create: PR
ship.py: checks: Lint&Tests
ship.py: checks: Lint&Tests
ship.py: internal error
Traceback (most recent call last):
  File "<OPERATOR_REPO_PATH>/python/ship.py", line 881, in main
    result = run_ship(ctx, runner=proc, cwd=str(Path.cwd()))
             ^^^^^^^^^^^^^^^^^^^^^^^^^^^^^^^^^^^^^^^^^^^^^^^
  File "<OPERATOR_REPO_PATH>/python/test_ship.py", line 608, in fake_run_ship
    raise RuntimeError("unexpected failure")
RuntimeError: unexpected failure
ship.py: journal append skipped: journal blocked
=== larch-quiet-run-relevant-checks-captured.sh-80977.log ===
=== larch-quiet-run-relevant-checks-captured.sh-99963.log ===

#############################################################################
##  !!  SECRETS DETECTED AND SCRUBBED FROM RUN LOGS BEFORE FLUSH  !!
#############################################################################
## scrubbed 1 secret-shaped value(s) across 1 file(s) in:
##   /private/var/folders/dw/kg5dyxc91t973n1j620gr8480000gn/T/pytest-of-zhupanov/pytest-85/test_larch_log_commit_scrubbed0/repo/larch-logs/implement/run-abc
## The flush proceeds with redacted content, but a credential was almost
## certainly exposed in this run -- ROTATE it now and check chat/PRs for
## the same value.
#############################################################################
ship.py: checks: Lint&Tests
ship.py: pr-prep: postbump/Flush+Push
ship.py: pr-create: PR
ship.py: merge
ship.py: post-merge
ship.py: checks: Lint&Tests
ship.py: pr-prep: postbump/Flush+Push
ship.py: pr-create: PR
ship.py: checks: Lint&Tests
ship.py: pr-prep: postbump/Flush+Push
ship.py: pr-create: PR
ship.py: checks: Lint&Tests
ship.py: pr-prep: postbump/Flush+Push
ship.py: pr-create: PR
ship.py: checks: Lint&Tests
ship.py: pr-prep: postbump/Flush+Push
ship.py: pr-create: PR
ship.py: checks: Lint&Tests
ship.py: pr-prep: postbump/Flush+Push
ship.py: pr-create: PR
ship.py: checks: Lint&Tests
ship.py: pr-prep: postbump/Flush+Push
ship.py: pr-create: PR
ship.py: checks: Lint&Tests
ship.py: pr-prep: postbump/Flush+Push
ship.py: pr-create: PR
ship.py: checks: Lint&Tests
ship.py: pr-prep: postbump/Flush+Push
ship.py: pr-create: PR
ship.py: checks: Lint&Tests
ship.py: pr-prep: postbump/Flush+Push
ship.py: pr-create: PR
ship.py: checks: Lint&Tests
ship.py: pr-prep: postbump/Flush+Push
ship.py: pr-create: PR
ship.py: checks: Lint&Tests
ship.py: checks: Lint&Tests
ship.py: internal error
Traceback (most recent call last):
  File "<OPERATOR_REPO_PATH>/python/ship.py", line 881, in main
    result = run_ship(ctx, runner=proc, cwd=str(Path.cwd()))
             ^^^^^^^^^^^^^^^^^^^^^^^^^^^^^^^^^^^^^^^^^^^^^^^
  File "<OPERATOR_REPO_PATH>/python/test_ship.py", line 608, in fake_run_ship
    raise RuntimeError("unexpected failure")
RuntimeError: unexpected failure
ship.py: journal append skipped: journal blocked
=== larch-quiet-step-7a.sh-3300.log ===
FLUSH_STATUS=ok
RECORDS=1
APPEND_LOG_FILE=<TMPDIR>/flush-execution-issues-append.Qxmwmr
=== larch-quiet-step2-implement.sh-7037.log ===
=== larch-quiet-timing-ledger.sh-41195.log ===
=== larch-quiet-timing-ledger.sh-53306.log ===
=== larch-quiet-timing-ledger.sh-6987.log ===
=== larch-quiet-token-ledger.sh-41171.log ===
=== larch-quiet-token-ledger.sh-53247.log ===
=== larch-quiet-token-ledger.sh-6956.log ===
