=== larch-quiet-check-review-changes.sh-66629.log ===
=== larch-quiet-git-current-branch.sh-16105.log ===
=== larch-quiet-read-session-env-key.sh-16648.log ===
=== larch-quiet-read-session-env-key.sh-16665.log ===
=== larch-quiet-read-session-env-key.sh-16687.log ===
=== larch-quiet-read-session-env-key.sh-32246.log ===
=== larch-quiet-read-session-env-key.sh-32257.log ===
=== larch-quiet-read-session-env-key.sh-32269.log ===
=== larch-quiet-read-session-env-key.sh-64181.log ===
=== larch-quiet-read-session-env-key.sh-64269.log ===
=== larch-quiet-read-session-env-key.sh-64325.log ===
=== larch-quiet-read-session-env-key.sh-66545.log ===
=== larch-quiet-read-session-env-key.sh-66569.log ===
=== larch-quiet-read-session-env-key.sh-66602.log ===
=== larch-quiet-read-session-env-key.sh-72984.log ===
=== larch-quiet-read-session-env-key.sh-73000.log ===
=== larch-quiet-read-session-env-key.sh-73011.log ===
=== larch-quiet-read-session-env-key.sh-76222.log ===
=== larch-quiet-read-session-env-key.sh-76238.log ===
=== larch-quiet-read-session-env-key.sh-76253.log ===
=== larch-quiet-run-relevant-checks-captured.sh-16704.log ===
=== larch-quiet-run-relevant-checks-captured.sh-64366.log ===
=== larch-quiet-step-7a.sh-76270.log ===
FLUSH_STATUS=ok
RECORDS=1
APPEND_LOG_FILE=<TMPDIR>/flush-execution-issues-append.oJfE0u
=== larch-quiet-timing-ledger.sh-32303.log ===
=== larch-quiet-timing-ledger.sh-73072.log ===
=== larch-quiet-token-ledger.sh-32279.log ===
=== larch-quiet-token-ledger.sh-73026.log ===
