=== larch-quiet-check-contains-pins.sh-17818.log ===

=== larch-quiet-check-contains-pins.sh-24415.log ===

=== larch-quiet-check-contains-pins.sh-61817.log ===

=== larch-quiet-check-review-changes.sh-76007.log ===

=== larch-quiet-cli.py-11751.log ===

=== larch-quiet-cli.py-26436.log ===

=== larch-quiet-cli.py-40930.log ===

=== larch-quiet-cli.py-45787.log ===

=== larch-quiet-cli.py-8074.log ===

=== larch-quiet-cli.py-95527.log ===

=== larch-quiet-cli.py-96824.log ===

=== larch-quiet-commit-implementation.sh-31838.log ===
[sergey-zhupanov/implementing-add-scoped-human-facing-out-3934 38ffbd075] Add human-facing output style guide to AGENTS.md and readability-style.md
 2 files changed, 19 insertions(+)

=== larch-quiet-read-session-env-key.sh-21217.log ===

=== larch-quiet-read-session-env-key.sh-21255.log ===

=== larch-quiet-read-session-env-key.sh-21288.log ===

=== larch-quiet-read-session-env-key.sh-25314.log ===

=== larch-quiet-read-session-env-key.sh-25379.log ===

=== larch-quiet-read-session-env-key.sh-25419.log ===

=== larch-quiet-read-session-env-key.sh-31736.log ===

=== larch-quiet-read-session-env-key.sh-31769.log ===

=== larch-quiet-read-session-env-key.sh-31805.log ===

=== larch-quiet-read-session-env-key.sh-42983.log ===

=== larch-quiet-read-session-env-key.sh-43021.log ===

=== larch-quiet-read-session-env-key.sh-47034.log ===

=== larch-quiet-read-session-env-key.sh-47137.log ===

=== larch-quiet-read-session-env-key.sh-47208.log ===

=== larch-quiet-read-session-env-key.sh-53163.log ===

=== larch-quiet-read-session-env-key.sh-53196.log ===

=== larch-quiet-read-session-env-key.sh-53235.log ===

=== larch-quiet-read-session-env-key.sh-60511.log ===

=== larch-quiet-read-session-env-key.sh-60543.log ===

=== larch-quiet-read-session-env-key.sh-60573.log ===

=== larch-quiet-read-session-env-key.sh-60608.log ===

=== larch-quiet-read-session-env-key.sh-75913.log ===

=== larch-quiet-read-session-env-key.sh-75943.log ===

=== larch-quiet-read-session-env-key.sh-75973.log ===

=== larch-quiet-read-session-env-key.sh-78030.log ===

=== larch-quiet-read-session-env-key.sh-78058.log ===

=== larch-quiet-read-session-env-key.sh-78090.log ===

=== larch-quiet-read-session-env-key.sh-89361.log ===

=== larch-quiet-read-session-env-key.sh-89394.log ===

=== larch-quiet-read-session-env-key.sh-89426.log ===

=== larch-quiet-run-relevant-checks-captured.sh-21349.log ===

=== larch-quiet-run-relevant-checks-captured.sh-53271.log ===

=== larch-quiet-run-relevant-checks-captured.sh-77699.log ===

=== larch-quiet-run-relevant-checks-captured.sh-89455.log ===

=== larch-quiet-step-7a.sh-43052.log ===
FLUSH_STATUS=ok
RECORDS=1
APPEND_LOG_FILE=<TMPDIR>/flush-execution-issues-append.9qNAd9

=== larch-quiet-timing-ledger.sh-47425.log ===

=== larch-quiet-timing-ledger.sh-78183.log ===

=== larch-quiet-token-ledger.sh-47307.log ===

=== larch-quiet-token-ledger.sh-78121.log ===

