=== larch-quiet-append-execution-issue.sh-58065.log ===
usage: append-execution-issue.sh --log LOG --category CATEGORY
                                 (--entry ENTRY | --entry-file ENTRY_FILE)
append-execution-issue.sh: error: one of the arguments --entry --entry-file is required
=== larch-quiet-append-execution-issue.sh-58370.log ===
usage: append-execution-issue.sh --log LOG --category CATEGORY
                                 (--entry ENTRY | --entry-file ENTRY_FILE)
append-execution-issue.sh: error: one of the arguments --entry --entry-file is required
=== larch-quiet-cli.py-1689.log ===
=== larch-quiet-cli.py-19006.log ===
=== larch-quiet-cli.py-23654.log ===
=== larch-quiet-cli.py-35269.log ===
=== larch-quiet-cli.py-37454.log ===
=== larch-quiet-cli.py-38622.log ===
=== larch-quiet-cli.py-43555.log ===
=== larch-quiet-cli.py-46421.log ===
=== larch-quiet-cli.py-83521.log ===
=== larch-quiet-cli.py-98332.log ===
=== larch-quiet-read-session-env-key.sh-59652.log ===
=== larch-quiet-read-session-env-key.sh-59657.log ===
=== larch-quiet-read-session-env-key.sh-59660.log ===
=== larch-quiet-scout-plan-archetypes-wrapper.sh-34679.log ===
=== larch-quiet-sessionstart-health.sh-60722.log ===
=== larch-quiet-sessionstart-health.sh-90038.log ===
=== larch-quiet-ship.py-70464.log ===
ship.py: pr-prep: postbump/Flush+Push
