=== larch-quiet-cli.py-40720.log ===
=== larch-quiet-cli.py-48275.log ===
=== larch-quiet-cli.py-52847.log ===
=== larch-quiet-cli.py-54361.log ===
=== larch-quiet-cli.py-54501.log ===
=== larch-quiet-cli.py-63093.log ===
=== larch-quiet-cli.py-64625.log ===
=== larch-quiet-cli.py-65128.log ===
=== larch-quiet-cli.py-69264.log ===
=== larch-quiet-cli.py-86324.log ===
=== larch-quiet-cli.py-87422.log ===
=== larch-quiet-cli.py-94079.log ===
=== larch-quiet-cli.py-95591.log ===
=== larch-quiet-read-session-env-key.sh-46780.log ===
=== larch-quiet-read-session-env-key.sh-46782.log ===
=== larch-quiet-read-session-env-key.sh-46784.log ===
=== larch-quiet-read-session-env-key.sh-53113.log ===
=== larch-quiet-read-session-env-key.sh-53115.log ===
=== larch-quiet-read-session-env-key.sh-53117.log ===
=== larch-quiet-read-session-env-key.sh-96907.log ===
=== larch-quiet-sessionstart-health.sh-48755.log ===
=== larch-quiet-sessionstart-health.sh-54801.log ===
=== larch-quiet-sessionstart-health.sh-55551.log ===
=== larch-quiet-sessionstart-health.sh-56097.log ===
=== larch-quiet-sessionstart-health.sh-86971.log ===
=== larch-quiet-ship.py-57942.log ===
=== larch-quiet-tracking-issue-upsert-summary-65086.log ===
