=== larch-quiet-check-contains-pins.sh-17940.log ===

=== larch-quiet-check-contains-pins.sh-28606.log ===

=== larch-quiet-cli.py-15157.log ===

=== larch-quiet-cli.py-5540.log ===

=== larch-quiet-commit-implementation.sh-41619.log ===
[sergey-zhupanov/implementing-urgent-oos-fluff-further-re-3857 b0ead5078] Reduce OOS fluff: cap defaults to 1, latent reroute, shared OOS rubric
 17 files changed, 212 insertions(+), 43 deletions(-)
 create mode 100644 skills/shared/oos-acceptance-rubric.md

=== larch-quiet-commit-review-fixes.sh-26771.log ===
[sergey-zhupanov/implementing-urgent-oos-fluff-further-re-3857 def0e616e] Address code review feedback
 2 files changed, 27 insertions(+), 1 deletion(-)

=== larch-quiet-degraded-tools-gate.sh-12275.log ===

=== larch-quiet-read-session-env-key.sh-12141.log ===

=== larch-quiet-read-session-env-key.sh-12179.log ===

=== larch-quiet-read-session-env-key.sh-12209.log ===

=== larch-quiet-read-session-env-key.sh-12244.log ===

=== larch-quiet-read-session-env-key.sh-21966.log ===

=== larch-quiet-read-session-env-key.sh-22027.log ===

=== larch-quiet-read-session-env-key.sh-22077.log ===

=== larch-quiet-read-session-env-key.sh-36103.log ===

=== larch-quiet-read-session-env-key.sh-36133.log ===

=== larch-quiet-read-session-env-key.sh-41454.log ===

=== larch-quiet-read-session-env-key.sh-41505.log ===

=== larch-quiet-read-session-env-key.sh-41578.log ===

=== larch-quiet-read-session-env-key.sh-92966.log ===

=== larch-quiet-read-session-env-key.sh-92992.log ===

=== larch-quiet-read-session-env-key.sh-93020.log ===

=== larch-quiet-run-relevant-checks-captured.sh-84714.log ===

=== larch-quiet-run-relevant-checks-captured.sh-93047.log ===

=== larch-quiet-step-7a.sh-36162.log ===
FLUSH_STATUS=ok
RECORDS=1
APPEND_LOG_FILE=<TMPDIR>/flush-execution-issues-append.dHq61h

=== larch-quiet-timing-ledger.sh-22200.log ===

=== larch-quiet-token-ledger.sh-22128.log ===

