=== larch-quiet-cli.py-26633.log ===
=== larch-quiet-cli.py-32767.log ===
=== larch-quiet-cli.py-36493.log ===
=== larch-quiet-cli.py-55162.log ===
=== larch-quiet-cli.py-92895.log ===
=== larch-quiet-read-session-env-key.sh-29670.log ===
=== larch-quiet-read-session-env-key.sh-29693.log ===
=== larch-quiet-read-session-env-key.sh-29723.log ===
=== larch-quiet-read-session-env-key.sh-37698.log ===
=== larch-quiet-read-session-env-key.sh-49115.log ===
=== larch-quiet-read-session-env-key.sh-49120.log ===
=== larch-quiet-read-session-env-key.sh-49122.log ===
=== larch-quiet-read-session-env-key.sh-53197.log ===
=== larch-quiet-sessionstart-health.sh-58378.log ===
=== larch-quiet-sessionstart-health.sh-65093.log ===
=== larch-quiet-sessionstart-health.sh-65877.log ===
=== larch-quiet-ship.py-67205.log ===
=== larch-quiet-ship.py-73432.log ===
ship.py: pr-create: PR
ship.py: finalize-state-written: path=<TMPDIR>/finalize-state.sh outcome=STALLED step=uncommitted-working-tree-changes-detected-before-push
=== larch-quiet-ship.py-78245.log ===
