=== larch-quiet-check-review-changes.sh-35846.log ===
=== larch-quiet-read-session-env-key.sh-19102.log ===
=== larch-quiet-read-session-env-key.sh-19124.log ===
=== larch-quiet-read-session-env-key.sh-19136.log ===
=== larch-quiet-read-session-env-key.sh-22013.log ===
=== larch-quiet-read-session-env-key.sh-22043.log ===
=== larch-quiet-read-session-env-key.sh-22060.log ===
=== larch-quiet-read-session-env-key.sh-30161.log ===
=== larch-quiet-read-session-env-key.sh-30192.log ===
=== larch-quiet-read-session-env-key.sh-30216.log ===
=== larch-quiet-read-session-env-key.sh-35813.log ===
=== larch-quiet-read-session-env-key.sh-35824.log ===
=== larch-quiet-read-session-env-key.sh-35835.log ===
=== larch-quiet-read-session-env-key.sh-36694.log ===
=== larch-quiet-read-session-env-key.sh-36716.log ===
=== larch-quiet-read-session-env-key.sh-36727.log ===
=== larch-quiet-read-session-env-key.sh-42972.log ===
=== larch-quiet-read-session-env-key.sh-42982.log ===
=== larch-quiet-read-session-env-key.sh-42992.log ===
=== larch-quiet-read-session-env-key.sh-43065.log ===
=== larch-quiet-read-session-env-key.sh-63184.log ===
=== larch-quiet-read-session-env-key.sh-63224.log ===
=== larch-quiet-read-session-env-key.sh-63260.log ===
=== larch-quiet-read-session-env-key.sh-67723.log ===
=== larch-quiet-read-session-env-key.sh-67761.log ===
=== larch-quiet-read-session-env-key.sh-67774.log ===
=== larch-quiet-read-session-env-key.sh-94735.log ===
=== larch-quiet-read-session-env-key.sh-94773.log ===
=== larch-quiet-read-session-env-key.sh-94801.log ===
=== larch-quiet-run-relevant-checks-captured.sh-36737.log ===
SKIPPED_NON_CANONICAL: scripts/test-design-structure.sh:962: assertion shape not in v1 grammar
SKIPPED_NON_CANONICAL: scripts/test-design-structure.sh:963: assertion shape not in v1 grammar
=== larch-quiet-run-relevant-checks-captured.sh-67784.log ===
SKIPPED_NON_CANONICAL: scripts/test-design-structure.sh:947: assertion shape not in v1 grammar
SKIPPED_NON_CANONICAL: scripts/test-design-structure.sh:948: assertion shape not in v1 grammar
=== larch-quiet-run-relevant-checks-captured.sh-83808.log ===
SKIPPED_NON_CANONICAL: scripts/test-design-structure.sh:962: assertion shape not in v1 grammar
SKIPPED_NON_CANONICAL: scripts/test-design-structure.sh:963: assertion shape not in v1 grammar
=== larch-quiet-session-setup.sh-42936.log ===
=== larch-quiet-session-setup.sh-43003.log ===
=== larch-quiet-step-7a.sh-63289.log ===
FLUSH_STATUS=ok
RECORDS=1
APPEND_LOG_FILE=<TMPDIR>/flush-execution-issues-append.bPKEQp
=== larch-quiet-step2-implement.sh-22088.log ===
=== larch-quiet-timing-ledger.sh-19157.log ===
=== larch-quiet-timing-ledger.sh-30273.log ===
=== larch-quiet-token-ledger.sh-30238.log ===
