=== larch-quiet-degraded-tools-gate.sh-32154.log ===

=== larch-quiet-design-driver.sh-40037.log ===

=== larch-quiet-design-init-runparams.sh-20076.log ===
RUN_PARAMS_WRITTEN=<TMPDIR>/run-params.json

=== larch-quiet-design-publish.sh-35261.log ===
design-publish.sh: Step 5b sentinel missing — refusing to publish before OOS filing

=== larch-quiet-design-publish.sh-52277.log ===

=== larch-quiet-design-route.sh-4934.log ===

=== larch-quiet-file-design-oos.sh-38450.log ===

=== larch-quiet-resolve-repo.sh-69896.log ===

=== larch-quiet-run-step3-review.sh-53686.log ===

=== larch-quiet-run-step3-review.sh-56897.log ===
**⚠ Degraded plan-review panel: 2/3 effective judges produced substantive vote output.**

=== larch-quiet-run-step3-review.sh-66175.log ===
**⚠ Degraded plan-review panel: 2/3 effective judges produced substantive vote output.**

=== larch-quiet-run-step3-review.sh-68466.log ===
**⚠ Degraded plan-review panel: 2/3 effective judges produced substantive vote output.**

=== larch-quiet-run-step3-review.sh-84772.log ===
Traceback (most recent call last):
  File "<stdin>", line 37, in <module>
  File "<stdin>", line 18, in prob
NameError: name 'problem_text' is not defined
**⚠ Degraded plan-review panel: 2/3 effective judges produced substantive vote output.**

=== larch-quiet-run-step3-review.sh-91080.log ===
**⚠ Degraded plan-review panel: 2/3 effective judges produced substantive vote output.**

=== larch-quiet-sanitize-mermaid-fragment.sh-27257.log ===

=== larch-quiet-timing-ledger.sh-12327.log ===

=== larch-quiet-timing-ledger.sh-16213.log ===

=== larch-quiet-timing-ledger.sh-21589.log ===

=== larch-quiet-timing-ledger.sh-38405.log ===

=== larch-quiet-timing-ledger.sh-40779.log ===

=== larch-quiet-timing-ledger.sh-43527.log ===

=== larch-quiet-timing-ledger.sh-50115.log ===

=== larch-quiet-timing-ledger.sh-53641.log ===

=== larch-quiet-timing-ledger.sh-55188.log ===

=== larch-quiet-timing-ledger.sh-56849.log ===

=== larch-quiet-timing-ledger.sh-66129.log ===

=== larch-quiet-timing-ledger.sh-82750.log ===

=== larch-quiet-timing-ledger.sh-84726.log ===

=== larch-quiet-timing-ledger.sh-91034.log ===

=== larch-quiet-token-ledger.sh-17471.log ===

=== larch-quiet-write-design-current-env.sh-70197.log ===

