=== larch-quiet-check-contains-pins.sh-17295.log ===

=== larch-quiet-check-review-changes.sh-33670.log ===

=== larch-quiet-cli.py-16890.log ===

=== larch-quiet-commit-implementation.sh-30317.log ===
[sergey-zhupanov/implementing-commit-review-fixes-sh-ungu-3758 43f5ef747] Fix Bash 3.2 unbound-variable abort in commit wrappers when FILES array is empty
 4 files changed, 15 insertions(+), 2 deletions(-)

=== larch-quiet-degraded-tools-gate.sh-99305.log ===

=== larch-quiet-read-session-env-key.sh-13832.log ===

=== larch-quiet-read-session-env-key.sh-13874.log ===

=== larch-quiet-read-session-env-key.sh-13909.log ===

=== larch-quiet-read-session-env-key.sh-30218.log ===

=== larch-quiet-read-session-env-key.sh-30253.log ===

=== larch-quiet-read-session-env-key.sh-30285.log ===

=== larch-quiet-read-session-env-key.sh-42670.log ===

=== larch-quiet-read-session-env-key.sh-42695.log ===

=== larch-quiet-read-session-env-key.sh-42720.log ===

=== larch-quiet-read-session-env-key.sh-73064.log ===

=== larch-quiet-read-session-env-key.sh-73096.log ===

=== larch-quiet-read-session-env-key.sh-73131.log ===

=== larch-quiet-read-session-env-key.sh-99158.log ===

=== larch-quiet-read-session-env-key.sh-99193.log ===

=== larch-quiet-read-session-env-key.sh-99232.log ===

=== larch-quiet-read-session-env-key.sh-99270.log ===

=== larch-quiet-refresh-run-logs.sh-70577.log ===
FLUSH_STATUS=ok
RECORDS=1
APPEND_LOG_FILE=<TMPDIR>/flush-execution-issues-append.wyz0KF

=== larch-quiet-run-relevant-checks-captured.sh-73162.log ===

=== larch-quiet-ship.py-82830.log ===
ci_monitor: poll 1/180 pending after 3s; sleeping 10s
ci_monitor: poll 2/180 pending after 17s; sleeping 10s
ci_monitor: poll 3/180 pending after 30s; sleeping 10s
ci_monitor: poll 4/180 pending after 44s; sleeping 10s
ci_monitor: poll 5/180 pending after 58s; sleeping 10s

=== larch-quiet-step-7a.sh-39108.log ===
FLUSH_STATUS=ok
RECORDS=1
APPEND_LOG_FILE=<TMPDIR>/flush-execution-issues-append.zpKAJp

=== larch-quiet-timing-ledger.sh-14052.log ===

=== larch-quiet-timing-ledger.sh-42815.log ===

=== larch-quiet-token-ledger.sh-13944.log ===

=== larch-quiet-token-ledger.sh-42753.log ===

