=== larch-quiet-cli.py-13473.log ===
=== larch-quiet-cli.py-16318.log ===
=== larch-quiet-cli.py-17837.log ===
=== larch-quiet-cli.py-25801.log ===
=== larch-quiet-cli.py-26073.log ===
=== larch-quiet-cli.py-26341.log ===
=== larch-quiet-cli.py-58629.log ===
=== larch-quiet-cli.py-91855.log ===
=== larch-quiet-read-session-env-key.sh-12108.log ===
=== larch-quiet-read-session-env-key.sh-12110.log ===
=== larch-quiet-read-session-env-key.sh-12112.log ===
=== larch-quiet-read-session-env-key.sh-16467.log ===
=== larch-quiet-read-session-env-key.sh-16469.log ===
=== larch-quiet-read-session-env-key.sh-16476.log ===
=== larch-quiet-read-session-env-key.sh-92505.log ===
=== larch-quiet-sessionstart-health.sh-13936.log ===
=== larch-quiet-sessionstart-health.sh-18220.log ===
=== larch-quiet-sessionstart-health.sh-19102.log ===
=== larch-quiet-sessionstart-health.sh-19406.log ===
=== larch-quiet-ship.py-20027.log ===
=== larch-quiet-ship.py-21465.log ===
=== larch-quiet-ship.py-26891.log ===
=== larch-quiet-ship.py-27440.log ===
=== larch-quiet-tracking-issue-upsert-summary-26324.log ===
