=== larch-quiet-check-review-changes.sh-41355.log ===
=== larch-quiet-git-current-branch.sh-25054.log ===
=== larch-quiet-read-session-env-key.sh-15633.log ===
=== larch-quiet-read-session-env-key.sh-15646.log ===
=== larch-quiet-read-session-env-key.sh-15658.log ===
=== larch-quiet-read-session-env-key.sh-41301.log ===
=== larch-quiet-read-session-env-key.sh-41320.log ===
=== larch-quiet-read-session-env-key.sh-41337.log ===
=== larch-quiet-read-session-env-key.sh-45442.log ===
=== larch-quiet-read-session-env-key.sh-45486.log ===
=== larch-quiet-read-session-env-key.sh-45525.log ===
=== larch-quiet-read-session-env-key.sh-61209.log ===
=== larch-quiet-read-session-env-key.sh-61241.log ===
=== larch-quiet-read-session-env-key.sh-61277.log ===
=== larch-quiet-read-session-env-key.sh-82151.log ===
=== larch-quiet-read-session-env-key.sh-82162.log ===
=== larch-quiet-read-session-env-key.sh-82173.log ===
=== larch-quiet-read-session-env-key.sh-82184.log ===
=== larch-quiet-run-relevant-checks-captured.sh-43366.log ===
=== larch-quiet-run-relevant-checks-captured.sh-45564.log ===
=== larch-quiet-step-7a.sh-97742.log ===
FLUSH_STATUS=ok
RECORDS=1
APPEND_LOG_FILE=<TMPDIR>/flush-execution-issues-append.MWZgKs
=== larch-quiet-timing-ledger.sh-61424.log ===
=== larch-quiet-timing-ledger.sh-82218.log ===
=== larch-quiet-token-ledger.sh-61317.log ===
=== larch-quiet-token-ledger.sh-82194.log ===
