=== larch-quiet-cli.py-18753.log ===
=== larch-quiet-cli.py-20380.log ===
=== larch-quiet-cli.py-25856.log ===
=== larch-quiet-cli.py-27243.log ===
=== larch-quiet-cli.py-33897.log ===
=== larch-quiet-cli.py-53051.log ===
=== larch-quiet-cli.py-64795.log ===
=== larch-quiet-cli.py-65521.log ===
=== larch-quiet-cli.py-81383.log ===
=== larch-quiet-cli.py-82526.log ===
=== larch-quiet-cli.py-90094.log ===
=== larch-quiet-cli.py-95560.log ===
=== larch-quiet-cli.py-97774.log ===
=== larch-quiet-read-session-env-key.sh-13831.log ===
read-session-env-key.sh: --file is required
=== larch-quiet-read-session-env-key.sh-13838.log ===
read-session-env-key.sh: --file is required
=== larch-quiet-read-session-env-key.sh-51439.log ===
=== larch-quiet-read-session-env-key.sh-51441.log ===
=== larch-quiet-read-session-env-key.sh-51456.log ===
=== larch-quiet-read-session-env-key.sh-96026.log ===
=== larch-quiet-read-session-env-key.sh-96028.log ===
=== larch-quiet-read-session-env-key.sh-96030.log ===
=== larch-quiet-read-session-env-key.sh-97695.log ===
=== larch-quiet-sessionstart-health.sh-1040.log ===
=== larch-quiet-sessionstart-health.sh-53921.log ===
=== larch-quiet-sessionstart-health.sh-65138.log ===
=== larch-quiet-sessionstart-health.sh-68769.log ===
=== larch-quiet-sessionstart-health.sh-82623.log ===
=== larch-quiet-ship.py-10659.log ===
ship.py: pr-prep: postbump/Flush+Push
ship.py: pr-create: PR
ship.py: post-ensure-pr: Push
ci_monitor: CI status query #1 in progress after 0s
ci_monitor: poll 1/180 pending after 3s; sleeping 10s
ci_monitor: CI status query #2 in progress after 13s
ci_monitor: poll 2/180 pending after 17s; sleeping 10s
ci_monitor: CI status query #3 in progress after 27s
ci_monitor: poll 3/180 pending after 31s; sleeping 10s
ci_monitor: CI status query #4 in progress after 41s
ci_monitor: poll 4/180 pending after 44s; sleeping 10s
ci_monitor: CI status query #5 in progress after 54s
ci_monitor: CI fail after 58s -> rebase_then_evaluate
ship.py: rebase: Flush+Push
ci_monitor: CI status query #1 in progress after 0s
ci_monitor: poll 1/180 pending after 4s; sleeping 10s
ci_monitor: CI status query #2 in progress after 14s
ci_monitor: poll 2/180 pending after 18s; sleeping 10s
ci_monitor: CI status query #3 in progress after 28s
ci_monitor: poll 3/180 pending after 32s; sleeping 10s
ci_monitor: CI status query #4 in progress after 42s
ci_monitor: poll 4/180 pending after 46s; sleeping 10s
ci_monitor: CI status query #5 in progress after 56s
ci_monitor: poll 5/180 pending after 59s; sleeping 10s
ci_monitor: CI status query #6 in progress after 69s
ci_monitor: CI fail after 73s -> evaluate_failure
=== larch-quiet-ship.py-21647.log ===
ship.py: pr-create: PR
ship.py: post-ensure-pr: Push
ci_monitor: CI status query #1 in progress after 0s
ci_monitor: poll 1/180 pending after 4s; sleeping 10s
ci_monitor: CI status query #2 in progress after 14s
ci_monitor: poll 2/180 pending after 18s; sleeping 10s
ci_monitor: CI status query #3 in progress after 28s
ci_monitor: poll 3/180 pending after 31s; sleeping 10s
ci_monitor: CI status query #4 in progress after 41s
ci_monitor: CI fail after 45s -> evaluate_failure
=== larch-quiet-tracking-issue-upsert-summary-21320.log ===
=== larch-quiet-tracking-issue-upsert-summary-27509.log ===
