=== larch-quiet-check-contains-pins.sh-18264.log ===

=== larch-quiet-check-contains-pins.sh-33209.log ===

=== larch-quiet-check-contains-pins.sh-42877.log ===

=== larch-quiet-check-review-changes.sh-88333.log ===

=== larch-quiet-cli.py-18038.log ===

=== larch-quiet-cli.py-21950.log ===

=== larch-quiet-cli.py-5745.log ===

=== larch-quiet-commit-implementation.sh-36166.log ===
[sergey-zhupanov/implementing-oos-d1-read-result-env-sh-d-3888 bcf190f57] Reduce duplicate KV parsing and drop unreachable _init_rc block
 5 files changed, 42 insertions(+), 59 deletions(-)

=== larch-quiet-degraded-tools-gate.sh-39007.log ===

=== larch-quiet-read-session-env-key.sh-35801.log ===

=== larch-quiet-read-session-env-key.sh-35909.log ===

=== larch-quiet-read-session-env-key.sh-36076.log ===

=== larch-quiet-read-session-env-key.sh-38868.log ===

=== larch-quiet-read-session-env-key.sh-38896.log ===

=== larch-quiet-read-session-env-key.sh-38930.log ===

=== larch-quiet-read-session-env-key.sh-38969.log ===

=== larch-quiet-read-session-env-key.sh-42660.log ===

=== larch-quiet-read-session-env-key.sh-42716.log ===

=== larch-quiet-read-session-env-key.sh-42760.log ===

=== larch-quiet-read-session-env-key.sh-47755.log ===

=== larch-quiet-read-session-env-key.sh-47783.log ===

=== larch-quiet-read-session-env-key.sh-47807.log ===

=== larch-quiet-read-session-env-key.sh-49720.log ===

=== larch-quiet-read-session-env-key.sh-49789.log ===

=== larch-quiet-read-session-env-key.sh-49916.log ===

=== larch-quiet-read-session-env-key.sh-67585.log ===

=== larch-quiet-read-session-env-key.sh-68215.log ===

=== larch-quiet-read-session-env-key.sh-68358.log ===

=== larch-quiet-read-session-env-key.sh-68457.log ===

=== larch-quiet-read-session-env-key.sh-88168.log ===

=== larch-quiet-read-session-env-key.sh-88227.log ===

=== larch-quiet-read-session-env-key.sh-88268.log ===

=== larch-quiet-run-relevant-checks-captured.sh-68544.log ===

=== larch-quiet-run-relevant-checks-captured.sh-92100.log ===

=== larch-quiet-step-7a.sh-67683.log ===
FLUSH_STATUS=ok
RECORDS=1
APPEND_LOG_FILE=<TMPDIR>/flush-execution-issues-append.cApwdB

=== larch-quiet-timing-ledger.sh-47900.log ===

=== larch-quiet-timing-ledger.sh-50164.log ===

=== larch-quiet-token-ledger.sh-47833.log ===

=== larch-quiet-token-ledger.sh-50033.log ===

