=== larch-quiet-degraded-tools-gate.sh-82228.log ===

=== larch-quiet-design-driver.sh-69526.log ===

=== larch-quiet-design-init-runparams.sh-15156.log ===
RUN_PARAMS_WRITTEN=<TMPDIR>/run-params.json

=== larch-quiet-design-publish.sh-9089.log ===

=== larch-quiet-design-route.sh-4540.log ===

=== larch-quiet-file-design-oos.sh-73921.log ===

=== larch-quiet-resolve-repo.sh-89249.log ===

=== larch-quiet-run-step3-review.sh-1827.log ===
POSTPLAN_EMIT_STATUS=ok
EMIT_PLAN_STATUS=ok
DIFF_LINES=9860
VALIDATE_STATUS=ok
VALIDATE_DEFECT_COUNT=0
PLAN_SIZE_STATUS=hard-trigger
HARD_TRIGGER_FIRED=true
TRIGGER_REASONS=plan-body-lines
PLAN_LINES=1027
DIFF_ADDED=2910
DIFF_DELETED=6950
MECHANICAL_CHURN=true
SOFT_ADVISORY=true
PARTITION_REQUESTED=false
DRIFT_TRIGGER_FIRED=true
DRIFT_MULTIPLE=2
DRIFT_PLAN_RATIO=4.28
DRIFT_DIFF_RATIO=1.11
BASELINE_PLAN_LINES=240
BASELINE_DIFF_LINES=8900

=== larch-quiet-run-step3-review.sh-95070.log ===

=== larch-quiet-sanitize-mermaid-fragment.sh-57901.log ===

=== larch-quiet-timing-ledger.sh-34482.log ===

=== larch-quiet-timing-ledger.sh-34918.log ===

=== larch-quiet-timing-ledger.sh-55091.log ===

=== larch-quiet-timing-ledger.sh-64398.log ===

=== larch-quiet-timing-ledger.sh-69665.log ===

=== larch-quiet-timing-ledger.sh-71943.log ===

=== larch-quiet-timing-ledger.sh-91285.log ===

=== larch-quiet-timing-ledger.sh-91464.log ===

=== larch-quiet-timing-ledger.sh-95720.log ===

=== larch-quiet-token-ledger.sh-74326.log ===

