=== larch-quiet-degraded-tools-gate.sh-49272.log ===

=== larch-quiet-design-driver.sh-13092.log ===

=== larch-quiet-design-init-runparams.sh-67162.log ===
RUN_PARAMS_WRITTEN=<TMPDIR>/run-params.json

=== larch-quiet-design-publish.sh-11118.log ===

=== larch-quiet-design-route.sh-53969.log ===

=== larch-quiet-file-design-oos.sh-10112.log ===
▶ parse-input: 4 items parsed (mode=generic): 1=OOS_1:, 2=OOS_2:, 3=OOS_3:, 4=OOS_4:
▶ parse-input: 4 items parsed (mode=generic): 1=OOS_1:, 2=OOS_2:, 3=OOS_3:, 4=OOS_4:
file-design-oos: oos-file-conflict-deps.sh exit 0 — graceful-degrade (no caller TSV)

=== larch-quiet-resolve-repo.sh-27008.log ===

=== larch-quiet-run-step3-review.sh-24169.log ===

=== larch-quiet-run-step3-review.sh-32011.log ===

=== larch-quiet-run-step3-review.sh-4280.log ===
Traceback (most recent call last):
  File "<stdin>", line 37, in <module>
  File "<stdin>", line 18, in prob
NameError: name 'problem_text' is not defined

=== larch-quiet-run-step3-review.sh-56278.log ===

=== larch-quiet-run-step3-review.sh-6720.log ===
ns-retry: first-pass content preserved at cursor-plan-edge-output-first-pass.txt
ns-retry: published retry content to cursor-plan-edge-output.txt; retry artifact retained at cursor-plan-edge-output-ns-retry.txt
Traceback (most recent call last):
  File "<stdin>", line 37, in <module>
  File "<stdin>", line 18, in prob
NameError: name 'problem_text' is not defined

=== larch-quiet-run-step3-review.sh-91380.log ===

=== larch-quiet-sanitize-mermaid-fragment.sh-4341.log ===

=== larch-quiet-timing-ledger.sh-10067.log ===

=== larch-quiet-timing-ledger.sh-15488.log ===

=== larch-quiet-timing-ledger.sh-20808.log ===

=== larch-quiet-timing-ledger.sh-21916.log ===

=== larch-quiet-timing-ledger.sh-24547.log ===

=== larch-quiet-timing-ledger.sh-3691.log ===

=== larch-quiet-timing-ledger.sh-47291.log ===

=== larch-quiet-timing-ledger.sh-54824.log ===

=== larch-quiet-timing-ledger.sh-66861.log ===

=== larch-quiet-timing-ledger.sh-73709.log ===

=== larch-quiet-timing-ledger.sh-76902.log ===

=== larch-quiet-timing-ledger.sh-87343.log ===

=== larch-quiet-timing-ledger.sh-91605.log ===

=== larch-quiet-timing-ledger.sh-91895.log ===

=== larch-quiet-timing-ledger.sh-98294.log ===

=== larch-quiet-timing-ledger.sh-99355.log ===

=== larch-quiet-token-ledger.sh-41388.log ===

=== larch-quiet-write-design-current-env.sh-27473.log ===

