=== larch-quiet-cli.py-14835.log ===
=== larch-quiet-cli.py-5509.log ===
=== larch-quiet-cli.py-69539.log ===
=== larch-quiet-cli.py-73926.log ===
=== larch-quiet-cli.py-97987.log ===
=== larch-quiet-read-session-env-key.sh-72789.log ===
=== larch-quiet-read-session-env-key.sh-72791.log ===
=== larch-quiet-read-session-env-key.sh-72793.log ===
=== larch-quiet-sessionstart-health.sh-88300.log ===
=== larch-quiet-ship.py-92889.log ===
ship.py: pr-prep: postbump/Flush+Push
ship.py: pr-create: PR
ship.py: post-ensure-pr: Push
ci_monitor: CI status query #1 in progress after 0s
ci_monitor: poll 1/180 pending after 4s; sleeping 10s
ci_monitor: CI status query #2 in progress after 14s
ci_monitor: poll 2/180 pending after 18s; sleeping 10s
ci_monitor: CI status query #3 in progress after 28s
ci_monitor: CI fail after 32s -> evaluate_failure
=== larch-quiet-tracking-issue-upsert-summary-77404.log ===
