=== larch-quiet-cli.py-27764.log ===
=== larch-quiet-cli.py-49470.log ===
=== larch-quiet-cli.py-53700.log ===
=== larch-quiet-cli.py-81270.log ===
=== larch-quiet-read-session-env-key.sh-78133.log ===
=== larch-quiet-read-session-env-key.sh-78135.log ===
=== larch-quiet-read-session-env-key.sh-78138.log ===
=== larch-quiet-read-session-env-key.sh-78140.log ===
=== larch-quiet-read-session-env-key.sh-78142.log ===
=== larch-quiet-read-session-env-key.sh-78146.log ===
=== larch-quiet-read-session-env-key.sh-78182.log ===
=== larch-quiet-read-session-env-key.sh-78184.log ===
=== larch-quiet-read-session-env-key.sh-78186.log ===
=== larch-quiet-read-session-env-key.sh-86291.log ===
read-session-env-key.sh: --file is required
=== larch-quiet-read-session-env-key.sh-86356.log ===
read-session-env-key.sh: --file is required
=== larch-quiet-read-session-env-key.sh-86387.log ===
read-session-env-key.sh: --file is required
=== larch-quiet-read-session-env-key.sh-86408.log ===
read-session-env-key.sh: --file is required
=== larch-quiet-read-session-env-key.sh-87252.log ===
=== larch-quiet-read-session-env-key.sh-87306.log ===
=== larch-quiet-read-session-env-key.sh-87335.log ===
=== larch-quiet-read-session-env-key.sh-87368.log ===
=== larch-quiet-read-session-env-key.sh-87397.log ===
=== larch-quiet-scout-plan-archetypes-wrapper.sh-47772.log ===
=== larch-quiet-sessionstart-health.sh-71776.log ===
=== larch-quiet-ship.py-97153.log ===
ship.py: pr-prep: postbump/Flush+Push
ship.py: pr-create: PR
ship.py: post-ensure-pr: Push
ci_monitor: CI status query #1 in progress after 0s
ci_monitor: poll 1/180 pending after 4s; sleeping 10s
ci_monitor: CI status query #2 in progress after 14s
ci_monitor: poll 2/180 pending after 18s; sleeping 10s
ci_monitor: CI status query #3 in progress after 28s
ci_monitor: poll 3/180 pending after 32s; sleeping 10s
ci_monitor: CI status query #4 in progress after 42s
ci_monitor: poll 4/180 pending after 46s; sleeping 10s
ci_monitor: CI status query #5 in progress after 56s
ci_monitor: CI fail after 61s -> evaluate_failure
=== larch-quiet-tracking-issue-read-78156.log ===
