=== larch-quiet-check-review-changes.sh-54324.log ===
=== larch-quiet-git-commit.sh-10638.log ===
[sergey-zhupanov/implementing-ship-pr-python-phase-5-pr-m-3238 abdfc6b0d] Fix CI failure (main-agent)
 1 file changed, 2 insertions(+), 1 deletion(-)
=== larch-quiet-git-commit.sh-35939.log ===
[sergey-zhupanov/implementing-ship-pr-python-phase-5-pr-m-3238 babecc2a0] Fix CI failure (main-agent)
 1 file changed, 1 insertion(+)
=== larch-quiet-oos-file-conflict-deps.sh-29820.log ===
▶ parse-input: 1 items parsed (mode=oos): 1=Phase 7 integration gaps — merge parity CI coverage and flus…
▶ parse-input: 1 items parsed (mode=oos): 1=Phase 7 integration gaps — merge parity CI coverage and flus…
=== larch-quiet-read-session-env-key.sh-19322.log ===
=== larch-quiet-read-session-env-key.sh-19347.log ===
=== larch-quiet-read-session-env-key.sh-19372.log ===
=== larch-quiet-read-session-env-key.sh-22293.log ===
=== larch-quiet-read-session-env-key.sh-22342.log ===
=== larch-quiet-read-session-env-key.sh-22401.log ===
=== larch-quiet-read-session-env-key.sh-32222.log ===
=== larch-quiet-read-session-env-key.sh-32233.log ===
=== larch-quiet-read-session-env-key.sh-32247.log ===
=== larch-quiet-read-session-env-key.sh-36824.log ===
=== larch-quiet-read-session-env-key.sh-36836.log ===
=== larch-quiet-read-session-env-key.sh-36860.log ===
=== larch-quiet-read-session-env-key.sh-38488.log ===
=== larch-quiet-read-session-env-key.sh-38504.log ===
=== larch-quiet-read-session-env-key.sh-38527.log ===
=== larch-quiet-read-session-env-key.sh-54278.log ===
=== larch-quiet-read-session-env-key.sh-54303.log ===
=== larch-quiet-read-session-env-key.sh-54314.log ===
=== larch-quiet-read-session-env-key.sh-58040.log ===
=== larch-quiet-read-session-env-key.sh-58051.log ===
=== larch-quiet-read-session-env-key.sh-58064.log ===
=== larch-quiet-read-session-env-key.sh-58300.log ===
=== larch-quiet-read-session-env-key.sh-58329.log ===
=== larch-quiet-read-session-env-key.sh-58361.log ===
=== larch-quiet-read-session-env-key.sh-67317.log ===
=== larch-quiet-read-session-env-key.sh-67329.log ===
=== larch-quiet-read-session-env-key.sh-67344.log ===
=== larch-quiet-read-session-env-key.sh-77409.log ===
=== larch-quiet-read-session-env-key.sh-77435.log ===
=== larch-quiet-read-session-env-key.sh-77462.log ===
=== larch-quiet-read-session-env-key.sh-77492.log ===
=== larch-quiet-read-session-env-key.sh-77520.log ===
=== larch-quiet-read-session-env-key.sh-88295.log ===
=== larch-quiet-read-session-env-key.sh-88307.log ===
=== larch-quiet-read-session-env-key.sh-88318.log ===
=== larch-quiet-read-session-env-key.sh-88698.log ===
=== larch-quiet-read-session-env-key.sh-88709.log ===
=== larch-quiet-read-session-env-key.sh-88720.log ===
=== larch-quiet-read-session-env-key.sh-93591.log ===
=== larch-quiet-read-session-env-key.sh-93602.log ===
=== larch-quiet-read-session-env-key.sh-93613.log ===
=== larch-quiet-refresh-run-logs.sh-11078.log ===
FLUSH_STATUS=already-flushed
RECORDS=0
=== larch-quiet-refresh-run-logs.sh-36044.log ===
FLUSH_STATUS=already-flushed
RECORDS=0
=== larch-quiet-run-relevant-checks-captured.sh-22429.log ===
=== larch-quiet-run-relevant-checks-captured.sh-36880.log ===
=== larch-quiet-run-relevant-checks-captured.sh-58400.log ===
=== larch-quiet-run-relevant-checks-captured.sh-67355.log ===
=== larch-quiet-step-7a.sh-38546.log ===
FLUSH_STATUS=ok
RECORDS=1
APPEND_LOG_FILE=<TMPDIR>/flush-execution-issues-append.94X55I
=== larch-quiet-step2-implement.sh-81330.log ===
=== larch-quiet-timing-ledger.sh-77607.log ===
=== larch-quiet-timing-ledger.sh-88754.log ===
=== larch-quiet-token-ledger.sh-77541.log ===
=== larch-quiet-token-ledger.sh-88730.log ===
