=== larch-quiet-check-review-changes.sh-7887.log ===
=== larch-quiet-lint-fix-loop.sh-67581.log ===
[sergey-zhupanov/implementing-oos-collector-retry-paths-d-3241 baad7d1db] Apply relevant-checks fixes (Step 3)
 2 files changed, 3 insertions(+), 3 deletions(-)
=== larch-quiet-oos-file-conflict-deps.sh-84055.log ===
▶ parse-input: 1 items parsed (mode=oos): 1=Improve stderr-sink forwarding coverage: behavioral tests, l…
▶ parse-input: 1 items parsed (mode=oos): 1=Improve stderr-sink forwarding coverage: behavioral tests, l…
=== larch-quiet-run-relevant-checks-captured.sh-12805.log ===
=== larch-quiet-run-relevant-checks-captured.sh-14583.log ===
=== larch-quiet-run-relevant-checks-captured.sh-72841.log ===
=== larch-quiet-run-relevant-checks-captured.sh-82808.log ===
=== larch-quiet-step-7a.sh-80023.log ===
FLUSH_STATUS=ok
RECORDS=1
APPEND_LOG_FILE=<TMPDIR>/flush-execution-issues-append.dxgaGA
=== larch-quiet-step2-implement.sh-99548.log ===

✓ cap-hit.txt: exit=0

✓ All 1 reviewer(s) completed in 0s
=== larch-quiet-timing-ledger.sh-67046.log ===
=== larch-quiet-token-ledger.sh-66876.log ===
