=== larch-quiet-check-review-changes.sh-19940.log ===
=== larch-quiet-read-session-env-key.sh-11745.log ===
=== larch-quiet-read-session-env-key.sh-11825.log ===
=== larch-quiet-read-session-env-key.sh-11912.log ===
=== larch-quiet-read-session-env-key.sh-12776.log ===
=== larch-quiet-read-session-env-key.sh-12838.log ===
=== larch-quiet-read-session-env-key.sh-12924.log ===
=== larch-quiet-read-session-env-key.sh-27985.log ===
=== larch-quiet-read-session-env-key.sh-28038.log ===
=== larch-quiet-read-session-env-key.sh-28094.log ===
=== larch-quiet-read-session-env-key.sh-91033.log ===
=== larch-quiet-read-session-env-key.sh-91093.log ===
=== larch-quiet-read-session-env-key.sh-91182.log ===
=== larch-quiet-run-relevant-checks-captured.sh-12027.log ===
=== larch-quiet-run-relevant-checks-captured.sh-28144.log ===
=== larch-quiet-run-relevant-checks-captured.sh-64331.log ===
=== larch-quiet-step-7a.sh-28773.log ===
FLUSH_STATUS=ok
RECORDS=1
APPEND_LOG_FILE=<TMPDIR>/flush-execution-issues-append.WymLjS
=== larch-quiet-step2-implement.sh-91256.log ===
=== larch-quiet-timing-ledger.sh-29331.log ===
=== larch-quiet-token-ledger.sh-29161.log ===
