=== larch-quiet-check-contains-pins.sh-28673.log ===

=== larch-quiet-check-review-changes.sh-82135.log ===

=== larch-quiet-cli.py-22277.log ===

=== larch-quiet-commit-implementation.sh-40655.log ===
[sergey-zhupanov/implementing-oos-aggregated-rollup-of-2-3980 03bcf77b9] Remove stale test-false-positive-keywords doc entry and test-step-telemetry-mark references
 3 files changed, 1 insertion(+), 7 deletions(-)

=== larch-quiet-degraded-tools-gate.sh-12899.log ===

=== larch-quiet-read-session-env-key.sh-12772.log ===

=== larch-quiet-read-session-env-key.sh-12808.log ===

=== larch-quiet-read-session-env-key.sh-12840.log ===

=== larch-quiet-read-session-env-key.sh-12868.log ===

=== larch-quiet-read-session-env-key.sh-19432.log ===

=== larch-quiet-read-session-env-key.sh-19457.log ===

=== larch-quiet-read-session-env-key.sh-19495.log ===

=== larch-quiet-read-session-env-key.sh-19525.log ===

=== larch-quiet-read-session-env-key.sh-19558.log ===

=== larch-quiet-read-session-env-key.sh-79454.log ===

=== larch-quiet-read-session-env-key.sh-79520.log ===

=== larch-quiet-read-session-env-key.sh-79570.log ===

=== larch-quiet-read-session-env-key.sh-81931.log ===

=== larch-quiet-read-session-env-key.sh-82019.log ===

=== larch-quiet-read-session-env-key.sh-82093.log ===

=== larch-quiet-run-relevant-checks-captured.sh-79629.log ===

=== larch-quiet-step-7a.sh-89549.log ===
FLUSH_STATUS=ok
RECORDS=1
APPEND_LOG_FILE=<TMPDIR>/flush-execution-issues-append.iQSJBu

=== larch-quiet-step2-implement.sh-33128.log ===

=== larch-quiet-timing-ledger.sh-19643.log ===

=== larch-quiet-token-ledger.sh-19589.log ===

