=== larch-quiet-cli.py-14449.log ===
=== larch-quiet-cli.py-16560.log ===
=== larch-quiet-cli.py-26437.log ===
=== larch-quiet-cli.py-3241.log ===
=== larch-quiet-cli.py-35143.log ===
=== larch-quiet-cli.py-38141.log ===
=== larch-quiet-cli.py-5087.log ===
=== larch-quiet-cli.py-64086.log ===
=== larch-quiet-cli.py-77168.log ===
=== larch-quiet-cli.py-89484.log ===
=== larch-quiet-cli.py-95010.log ===
=== larch-quiet-scout-plan-archetypes-wrapper.sh-34647.log ===
=== larch-quiet-sessionstart-health.sh-27538.log ===
=== larch-quiet-sessionstart-health.sh-34493.log ===
=== larch-quiet-sessionstart-health.sh-35138.log ===
=== larch-quiet-sessionstart-health.sh-35715.log ===
=== larch-quiet-sessionstart-health.sh-39814.log ===
=== larch-quiet-sessionstart-health.sh-64741.log ===
=== larch-quiet-ship.py-37704.log ===
=== larch-quiet-tracking-issue-read-5128.log ===
