=== larch-quiet-degraded-tools-gate.sh-26351.log ===

=== larch-quiet-design-driver.sh-50534.log ===

=== larch-quiet-design-init-runparams.sh-58828.log ===
RUN_PARAMS_WRITTEN=<TMPDIR>/run-params.json

=== larch-quiet-design-publish.sh-40431.log ===

=== larch-quiet-design-route.sh-36931.log ===

=== larch-quiet-file-design-oos.sh-20385.log ===

=== larch-quiet-resolve-repo.sh-58259.log ===

=== larch-quiet-run-step3-review.sh-20547.log ===

=== larch-quiet-run-step3-review.sh-37369.log ===
POSTPLAN_EMIT_STATUS=ok
EMIT_PLAN_STATUS=ok
DIFF_LINES=55
VALIDATE_STATUS=ok
VALIDATE_DEFECT_COUNT=0
PLAN_SIZE_STATUS=under-threshold
HARD_TRIGGER_FIRED=false
TRIGGER_REASONS=
PLAN_LINES=72
DIFF_ADDED=
DIFF_DELETED=
MECHANICAL_CHURN=false
SOFT_ADVISORY=false
PARTITION_REQUESTED=false
DRIFT_TRIGGER_FIRED=false
DRIFT_MULTIPLE=2
DRIFT_PLAN_RATIO=1
DRIFT_DIFF_RATIO=1
BASELINE_PLAN_LINES=72
BASELINE_DIFF_LINES=55

=== larch-quiet-sanitize-mermaid-fragment.sh-46394.log ===

=== larch-quiet-timing-ledger.sh-15767.log ===

=== larch-quiet-timing-ledger.sh-20464.log ===

=== larch-quiet-timing-ledger.sh-40233.log ===

=== larch-quiet-timing-ledger.sh-49782.log ===

=== larch-quiet-timing-ledger.sh-55561.log ===

=== larch-quiet-timing-ledger.sh-58343.log ===

=== larch-quiet-timing-ledger.sh-80384.log ===

=== larch-quiet-timing-ledger.sh-82707.log ===

=== larch-quiet-token-ledger.sh-20732.log ===

