=== larch-quiet-check-contains-pins.sh-90019.log ===

=== larch-quiet-check-review-changes.sh-32147.log ===

=== larch-quiet-cli.py-79449.log ===

=== larch-quiet-commit-implementation.sh-97135.log ===
[sergey-zhupanov/implementing-bug-oos-security-filter-mis-3782 921dc8e10] Fix OOS security filter to match rendered bold-spaced Focus area field
 3 files changed, 24 insertions(+), 6 deletions(-)

=== larch-quiet-degraded-tools-gate.sh-16321.log ===

=== larch-quiet-lint-mermaid-fences.sh-57878.log ===

=== larch-quiet-read-session-env-key.sh-16230.log ===

=== larch-quiet-read-session-env-key.sh-16253.log ===

=== larch-quiet-read-session-env-key.sh-16276.log ===

=== larch-quiet-read-session-env-key.sh-16299.log ===

=== larch-quiet-read-session-env-key.sh-24851.log ===

=== larch-quiet-read-session-env-key.sh-24873.log ===

=== larch-quiet-read-session-env-key.sh-24896.log ===

=== larch-quiet-read-session-env-key.sh-3121.log ===

=== larch-quiet-read-session-env-key.sh-3143.log ===

=== larch-quiet-read-session-env-key.sh-3165.log ===

=== larch-quiet-read-session-env-key.sh-39679.log ===

=== larch-quiet-read-session-env-key.sh-39714.log ===

=== larch-quiet-read-session-env-key.sh-39758.log ===

=== larch-quiet-read-session-env-key.sh-39799.log ===

=== larch-quiet-read-session-env-key.sh-53949.log ===

=== larch-quiet-read-session-env-key.sh-53972.log ===

=== larch-quiet-read-session-env-key.sh-53993.log ===

=== larch-quiet-run-relevant-checks-captured.sh-54015.log ===

=== larch-quiet-step-7a.sh-39840.log ===
FLUSH_STATUS=ok
RECORDS=1
APPEND_LOG_FILE=<TMPDIR>/flush-execution-issues-append.CFKI9I

=== larch-quiet-timing-ledger.sh-24978.log ===

=== larch-quiet-timing-ledger.sh-3243.log ===

=== larch-quiet-token-ledger.sh-24918.log ===

=== larch-quiet-token-ledger.sh-3187.log ===

