=== larch-quiet-append-execution-issue.sh-54231.log ===
=== larch-quiet-cli.py-44086.log ===
=== larch-quiet-cli.py-45381.log ===
=== larch-quiet-cli.py-4987.log ===
=== larch-quiet-cli.py-50262.log ===
=== larch-quiet-read-session-env-key.sh-1378.log ===
=== larch-quiet-read-session-env-key.sh-1397.log ===
=== larch-quiet-read-session-env-key.sh-1399.log ===
=== larch-quiet-read-session-env-key.sh-1401.log ===
=== larch-quiet-read-session-env-key.sh-1403.log ===
=== larch-quiet-read-session-env-key.sh-1405.log ===
=== larch-quiet-read-session-env-key.sh-1408.log ===
=== larch-quiet-read-session-env-key.sh-1424.log ===
=== larch-quiet-read-session-env-key.sh-1426.log ===
=== larch-quiet-read-session-env-key.sh-1429.log ===
=== larch-quiet-read-session-env-key.sh-54685.log ===
=== larch-quiet-read-session-env-key.sh-54690.log ===
=== larch-quiet-read-session-env-key.sh-54693.log ===
=== larch-quiet-scout-plan-archetypes-wrapper.sh-43940.log ===
=== larch-quiet-sessionstart-health.sh-56283.log ===
=== larch-quiet-sessionstart-health.sh-59939.log ===
=== larch-quiet-ship.py-67081.log ===
=== larch-quiet-tracking-issue-read-1410.log ===
