=== larch-quiet-cli.py-33383.log ===
=== larch-quiet-cli.py-51937.log ===
=== larch-quiet-cli.py-54849.log ===
=== larch-quiet-cli.py-57055.log ===
=== larch-quiet-cli.py-57087.log ===
=== larch-quiet-cli.py-58757.log ===
=== larch-quiet-cli.py-59005.log ===
=== larch-quiet-cli.py-96480.log ===
=== larch-quiet-read-session-env-key.sh-59122.log ===
=== larch-quiet-read-session-env-key.sh-92652.log ===
=== larch-quiet-read-session-env-key.sh-92654.log ===
=== larch-quiet-read-session-env-key.sh-92656.log ===
=== larch-quiet-sessionstart-health.sh-13215.log ===
=== larch-quiet-sessionstart-health.sh-13603.log ===
=== larch-quiet-sessionstart-health.sh-52612.log ===
=== larch-quiet-sessionstart-health.sh-99270.log ===
=== larch-quiet-ship.py-22218.log ===
=== larch-quiet-ship.py-65696.log ===
design-log-sweep: PR #6314 skipped-not-green - required checks status pending
=== larch-quiet-tracking-issue-upsert-summary-58775.log ===
