=== larch-quiet-cli.py-11929.log ===
=== larch-quiet-cli.py-24821.log ===
=== larch-quiet-cli.py-28286.log ===
=== larch-quiet-cli.py-32699.log ===
=== larch-quiet-read-session-env-key.sh-10223.log ===
=== larch-quiet-read-session-env-key.sh-10225.log ===
=== larch-quiet-read-session-env-key.sh-10227.log ===
=== larch-quiet-read-session-env-key.sh-10231.log ===
=== larch-quiet-read-session-env-key.sh-10235.log ===
=== larch-quiet-read-session-env-key.sh-10239.log ===
=== larch-quiet-read-session-env-key.sh-10243.log ===
=== larch-quiet-read-session-env-key.sh-10277.log ===
=== larch-quiet-read-session-env-key.sh-10293.log ===
=== larch-quiet-read-session-env-key.sh-10302.log ===
=== larch-quiet-read-session-env-key.sh-36907.log ===
=== larch-quiet-read-session-env-key.sh-36910.log ===
=== larch-quiet-read-session-env-key.sh-36913.log ===
=== larch-quiet-scout-plan-archetypes-wrapper.sh-24051.log ===
=== larch-quiet-sessionstart-health.sh-37836.log ===
=== larch-quiet-sessionstart-health.sh-40323.log ===
=== larch-quiet-ship.py-63022.log ===
=== larch-quiet-tracking-issue-read-10250.log ===
