=== larch-quiet-cli.py-27968.log ===
=== larch-quiet-cli.py-85949.log ===
=== larch-quiet-read-session-env-key.sh-31972.log ===
=== larch-quiet-read-session-env-key.sh-65374.log ===
=== larch-quiet-read-session-env-key.sh-65378.log ===
=== larch-quiet-read-session-env-key.sh-65380.log ===
=== larch-quiet-sessionstart-health.sh-66419.log ===
=== larch-quiet-ship.py-11035.log ===
ship.py: pr-create: PR
ship.py: post-ensure-pr: Push
ci_monitor: CI status query #1 in progress after 0s
ci_monitor: poll 1/180 pending after 4s; sleeping 10s
ci_monitor: CI status query #2 in progress after 14s
ci_monitor: poll 2/180 pending after 17s; sleeping 10s
ci_monitor: CI status query #3 in progress after 27s
ci_monitor: poll 3/180 pending after 31s; sleeping 10s
ci_monitor: CI status query #4 in progress after 42s
ci_monitor: poll 4/180 pending after 45s; sleeping 10s
ci_monitor: CI status query #5 in progress after 55s
ci_monitor: poll 5/180 pending after 60s; sleeping 10s
ci_monitor: CI status query #6 in progress after 70s
ci_monitor: poll 6/180 pending after 74s; sleeping 10s
ci_monitor: CI status query #7 in progress after 84s
ci_monitor: CI pass after 87s -> merge
ship.py: merge
=== larch-quiet-ship.py-80743.log ===
ship.py: pr-prep: postbump/Flush+Push
ship.py: pr-create: PR
ship.py: post-ensure-pr: Push
ci_monitor: CI status query #1 in progress after 0s
ci_monitor: poll 1/180 pending after 5s; sleeping 10s
ci_monitor: CI status query #2 in progress after 15s
ci_monitor: poll 2/180 pending after 18s; sleeping 10s
ci_monitor: CI status query #3 in progress after 28s
ci_monitor: poll 3/180 pending after 33s; sleeping 10s
ci_monitor: CI status query #4 in progress after 43s
ci_monitor: poll 4/180 pending after 46s; sleeping 10s
ci_monitor: CI status query #5 in progress after 56s
ci_monitor: poll 5/180 pending after 60s; sleeping 10s
ci_monitor: CI status query #6 in progress after 70s
ci_monitor: CI fail after 74s -> evaluate_failure
=== larch-quiet-tracking-issue-upsert-summary-8251.log ===
