=== larch-quiet-check-contains-pins.sh-589.log ===

=== larch-quiet-check-review-changes.sh-31130.log ===

=== larch-quiet-cli.py-98026.log ===

=== larch-quiet-commit-implementation.sh-9890.log ===
[sergey-zhupanov/implementing-release-should-fetch-and-re-3928 d2708ad40] feat(release): rebase onto origin/main before prepare step
 1 file changed, 15 insertions(+)

=== larch-quiet-read-session-env-key.sh-16968.log ===

=== larch-quiet-read-session-env-key.sh-17006.log ===

=== larch-quiet-read-session-env-key.sh-17033.log ===

=== larch-quiet-read-session-env-key.sh-39741.log ===

=== larch-quiet-read-session-env-key.sh-39800.log ===

=== larch-quiet-read-session-env-key.sh-39916.log ===

=== larch-quiet-read-session-env-key.sh-40047.log ===

=== larch-quiet-read-session-env-key.sh-75944.log ===

=== larch-quiet-read-session-env-key.sh-76001.log ===

=== larch-quiet-read-session-env-key.sh-76035.log ===

=== larch-quiet-read-session-env-key.sh-9745.log ===

=== larch-quiet-read-session-env-key.sh-9792.log ===

=== larch-quiet-read-session-env-key.sh-9851.log ===

=== larch-quiet-run-relevant-checks-captured.sh-76066.log ===

=== larch-quiet-step-7a.sh-40375.log ===
FLUSH_STATUS=ok
RECORDS=1
APPEND_LOG_FILE=<TMPDIR>/flush-execution-issues-append.btRWcn

=== larch-quiet-timing-ledger.sh-17129.log ===

=== larch-quiet-token-ledger.sh-17067.log ===

