=== larch-quiet-check-review-changes.sh-18737.log ===
=== larch-quiet-read-session-env-key.sh-18649.log ===
=== larch-quiet-read-session-env-key.sh-18692.log ===
=== larch-quiet-read-session-env-key.sh-18711.log ===
=== larch-quiet-read-session-env-key.sh-27710.log ===
=== larch-quiet-read-session-env-key.sh-27750.log ===
=== larch-quiet-read-session-env-key.sh-27799.log ===
=== larch-quiet-read-session-env-key.sh-41850.log ===
=== larch-quiet-read-session-env-key.sh-41882.log ===
=== larch-quiet-read-session-env-key.sh-41926.log ===
=== larch-quiet-read-session-env-key.sh-46944.log ===
=== larch-quiet-read-session-env-key.sh-46967.log ===
=== larch-quiet-read-session-env-key.sh-46986.log ===
=== larch-quiet-read-session-env-key.sh-76317.log ===
=== larch-quiet-read-session-env-key.sh-76345.log ===
=== larch-quiet-read-session-env-key.sh-76362.log ===
=== larch-quiet-read-session-env-key.sh-76379.log ===
=== larch-quiet-read-session-env-key.sh-82570.log ===
=== larch-quiet-read-session-env-key.sh-82587.log ===
=== larch-quiet-read-session-env-key.sh-82605.log ===
=== larch-quiet-run-relevant-checks-captured.sh-47011.log ===
=== larch-quiet-step-7a.sh-24481.log ===
FLUSH_STATUS=ok
RECORDS=1
APPEND_LOG_FILE=<TMPDIR>/flush-execution-issues-append.NVOxyN
=== larch-quiet-timing-ledger.sh-27971.log ===
=== larch-quiet-timing-ledger.sh-76438.log ===
=== larch-quiet-token-ledger.sh-27868.log ===
=== larch-quiet-token-ledger.sh-76395.log ===
