=== larch-quiet-check-contains-pins.sh-68155.log ===

=== larch-quiet-check-contains-pins.sh-73450.log ===

=== larch-quiet-check-review-changes.sh-79694.log ===

=== larch-quiet-cli.py-66730.log ===

=== larch-quiet-cli.py-72407.log ===

=== larch-quiet-commit-implementation.sh-82829.log ===
[sergey-zhupanov/implementing-bug-tally-plan-review-sh-co-3935 3cb8d4304] Fix BASH_AUTHORING.md: document that 'if command grep' is unsafe on bash 3.2; add regression test for non-latent rejected finding
 2 files changed, 32 insertions(+), 3 deletions(-)

=== larch-quiet-degraded-tools-gate.sh-57385.log ===

=== larch-quiet-read-session-env-key.sh-1073.log ===

=== larch-quiet-read-session-env-key.sh-1118.log ===

=== larch-quiet-read-session-env-key.sh-1157.log ===

=== larch-quiet-read-session-env-key.sh-51531.log ===

=== larch-quiet-read-session-env-key.sh-51565.log ===

=== larch-quiet-read-session-env-key.sh-51599.log ===

=== larch-quiet-read-session-env-key.sh-57256.log ===

=== larch-quiet-read-session-env-key.sh-57292.log ===

=== larch-quiet-read-session-env-key.sh-57324.log ===

=== larch-quiet-read-session-env-key.sh-57352.log ===

=== larch-quiet-read-session-env-key.sh-66777.log ===

=== larch-quiet-read-session-env-key.sh-66808.log ===

=== larch-quiet-read-session-env-key.sh-66842.log ===

=== larch-quiet-read-session-env-key.sh-80052.log ===

=== larch-quiet-read-session-env-key.sh-80079.log ===

=== larch-quiet-read-session-env-key.sh-80110.log ===

=== larch-quiet-read-session-env-key.sh-90340.log ===

=== larch-quiet-read-session-env-key.sh-90385.log ===

=== larch-quiet-read-session-env-key.sh-90415.log ===

=== larch-quiet-read-session-env-key.sh-90453.log ===

=== larch-quiet-run-relevant-checks-captured.sh-41477.log ===

=== larch-quiet-run-relevant-checks-captured.sh-53922.log ===

=== larch-quiet-step-7a.sh-90489.log ===
FLUSH_STATUS=ok
RECORDS=1
APPEND_LOG_FILE=<TMPDIR>/flush-execution-issues-append.mWRvh5

=== larch-quiet-timing-ledger.sh-1257.log ===

=== larch-quiet-timing-ledger.sh-66931.log ===

=== larch-quiet-token-ledger.sh-1198.log ===

=== larch-quiet-token-ledger.sh-66867.log ===

