=== larch-quiet-cli.py-57113.log ===
=== larch-quiet-cli.py-58263.log ===
=== larch-quiet-cli.py-58797.log ===
=== larch-quiet-cli.py-65082.log ===
=== larch-quiet-cli.py-65345.log ===
=== larch-quiet-cli.py-65580.log ===
=== larch-quiet-cli.py-7407.log ===
=== larch-quiet-cli.py-97684.log ===
=== larch-quiet-read-session-env-key.sh-24014.log ===
=== larch-quiet-read-session-env-key.sh-24016.log ===
=== larch-quiet-read-session-env-key.sh-24019.log ===
=== larch-quiet-read-session-env-key.sh-7684.log ===
=== larch-quiet-sessionstart-health.sh-24352.log ===
=== larch-quiet-sessionstart-health.sh-25025.log ===
=== larch-quiet-sessionstart-health.sh-25284.log ===
=== larch-quiet-ship.py-26390.log ===
=== larch-quiet-ship.py-28823.log ===
=== larch-quiet-ship.py-59914.log ===
=== larch-quiet-ship.py-60805.log ===
design-log-sweep: PR #6441 skipped-not-green - required checks status pending
=== larch-quiet-ship.py-66147.log ===
=== larch-quiet-ship.py-66542.log ===
=== larch-quiet-tracking-issue-upsert-summary-58754.log ===
=== larch-quiet-tracking-issue-upsert-summary-65565.log ===
