=== larch-quiet-clear-implement-current-env.sh-50013.log ===
=== larch-quiet-cli.py-41263.log ===
=== larch-quiet-cli.py-66890.log ===
=== larch-quiet-read-session-env-key.sh-48844.log ===
=== larch-quiet-read-session-env-key.sh-48847.log ===
=== larch-quiet-read-session-env-key.sh-48849.log ===
=== larch-quiet-read-session-env-key.sh-49985.log ===
=== larch-quiet-read-session-env-key.sh-49987.log ===
=== larch-quiet-read-session-env-key.sh-49996.log ===
=== larch-quiet-read-session-env-key.sh-50009.log ===
=== larch-quiet-read-session-env-key.sh-96106.log ===
=== larch-quiet-read-session-env-key.sh-96112.log ===
=== larch-quiet-read-session-env-key.sh-96114.log ===
=== larch-quiet-sessionstart-health.sh-48909.log ===
=== larch-quiet-sessionstart-health.sh-99707.log ===
=== larch-quiet-ship.py-10942.log ===
design-log-sweep: PR #5918 skipped-not-green - required checks status pending
ship.py: finalize-state-written: path=<TMPDIR>/finalize-state.sh outcome=STALLED step=rebase-failed
=== larch-quiet-ship.py-33729.log ===
ship.py: finalize-state-written: path=<TMPDIR>/finalize-state.sh outcome=STALLED step=rebase-failed
=== larch-quiet-ship.py-80046.log ===
