=== larch-quiet-check-contains-pins.sh-43179.log ===

=== larch-quiet-check-review-changes.sh-14696.log ===

=== larch-quiet-cli.py-21003.log ===

=== larch-quiet-cli.py-81141.log ===

=== larch-quiet-commit-implementation.sh-56116.log ===
[sergey-zhupanov/implementing-oos-python-pr-py-gh-pr-chec-3842 e4a58f5dc] Fix four contract-fidelity gaps in python/pr.py and gh-pr-checks.sh
 4 files changed, 46 insertions(+), 1 deletion(-)

=== larch-quiet-degraded-tools-gate.sh-54248.log ===

=== larch-quiet-read-session-env-key.sh-14565.log ===

=== larch-quiet-read-session-env-key.sh-14607.log ===

=== larch-quiet-read-session-env-key.sh-14641.log ===

=== larch-quiet-read-session-env-key.sh-54099.log ===

=== larch-quiet-read-session-env-key.sh-54146.log ===

=== larch-quiet-read-session-env-key.sh-54180.log ===

=== larch-quiet-read-session-env-key.sh-54215.log ===

=== larch-quiet-read-session-env-key.sh-56020.log ===

=== larch-quiet-read-session-env-key.sh-56054.log ===

=== larch-quiet-read-session-env-key.sh-56085.log ===

=== larch-quiet-read-session-env-key.sh-61930.log ===

=== larch-quiet-read-session-env-key.sh-61965.log ===

=== larch-quiet-read-session-env-key.sh-61998.log ===

=== larch-quiet-read-session-env-key.sh-65070.log ===

=== larch-quiet-read-session-env-key.sh-65100.log ===

=== larch-quiet-read-session-env-key.sh-65128.log ===

=== larch-quiet-read-session-env-key.sh-66356.log ===

=== larch-quiet-read-session-env-key.sh-66390.log ===

=== larch-quiet-read-session-env-key.sh-66424.log ===

=== larch-quiet-read-session-env-key.sh-87067.log ===

=== larch-quiet-read-session-env-key.sh-87136.log ===

=== larch-quiet-read-session-env-key.sh-87194.log ===

=== larch-quiet-run-relevant-checks-captured.sh-62029.log ===

=== larch-quiet-run-relevant-checks-captured.sh-87250.log ===

=== larch-quiet-step-7a.sh-20818.log ===
FLUSH_STATUS=ok
RECORDS=1
APPEND_LOG_FILE=<TMPDIR>/flush-execution-issues-append.82oH55

=== larch-quiet-timing-ledger.sh-65224.log ===

=== larch-quiet-timing-ledger.sh-66520.log ===

=== larch-quiet-token-ledger.sh-65162.log ===

=== larch-quiet-token-ledger.sh-66458.log ===

