=== larch-quiet-append-execution-issue.sh-38646.log ===
=== larch-quiet-append-execution-issue.sh-44852.log ===
=== larch-quiet-append-execution-issue.sh-53375.log ===
=== larch-quiet-check-review-changes.sh-65077.log ===
=== larch-quiet-git-commit.sh-62231.log ===
[sergey-zhupanov/implementing-add-plan-quality-assessor-s-2953 91f7fe955] Fix CI failure (main-agent): add snapshot stub and fix heredoc quoting in test-step3-review-cap.sh
 1 file changed, 10 insertions(+), 4 deletions(-)
=== larch-quiet-git-commit.sh-70717.log ===
[sergey-zhupanov/implementing-add-plan-quality-assessor-s-2953 0769f3526] Fix CI failure (main-agent): add Contract and When-to-load headers to assessor.md
 1 file changed, 3 insertions(+), 1 deletion(-)
=== larch-quiet-git-commit.sh-72169.log ===
[sergey-zhupanov/implementing-add-plan-quality-assessor-s-2953 a0b0565d8] Fix CI failure (main-agent): add 5 new assessor test targets to .PHONY in Makefile
 1 file changed, 1 insertion(+)
=== larch-quiet-git-current-branch.sh-7664.log ===
=== larch-quiet-git-stage.sh-62457.log ===
=== larch-quiet-git-stage.sh-62474.log ===
=== larch-quiet-lint-fix-loop.sh-40101.log ===
[sergey-zhupanov/implementing-add-plan-quality-assessor-s-2953 ad7890c72] Apply relevant-checks fixes (Step 3)
 5 files changed, 7 insertions(+), 5 deletions(-)
=== larch-quiet-read-session-env-key.sh-13925.log ===
=== larch-quiet-read-session-env-key.sh-13969.log ===
=== larch-quiet-read-session-env-key.sh-14012.log ===
=== larch-quiet-read-session-env-key.sh-20745.log ===
=== larch-quiet-read-session-env-key.sh-20756.log ===
=== larch-quiet-read-session-env-key.sh-20767.log ===
=== larch-quiet-read-session-env-key.sh-20937.log ===
=== larch-quiet-read-session-env-key.sh-20948.log ===
=== larch-quiet-read-session-env-key.sh-20959.log ===
=== larch-quiet-read-session-env-key.sh-238.log ===
=== larch-quiet-read-session-env-key.sh-23989.log ===
=== larch-quiet-read-session-env-key.sh-24000.log ===
=== larch-quiet-read-session-env-key.sh-24011.log ===
=== larch-quiet-read-session-env-key.sh-249.log ===
=== larch-quiet-read-session-env-key.sh-260.log ===
=== larch-quiet-read-session-env-key.sh-32996.log ===
=== larch-quiet-read-session-env-key.sh-33016.log ===
=== larch-quiet-read-session-env-key.sh-33036.log ===
=== larch-quiet-read-session-env-key.sh-46850.log ===
=== larch-quiet-read-session-env-key.sh-46861.log ===
=== larch-quiet-read-session-env-key.sh-46872.log ===
=== larch-quiet-read-session-env-key.sh-46883.log ===
=== larch-quiet-read-session-env-key.sh-46965.log ===
=== larch-quiet-read-session-env-key.sh-46976.log ===
=== larch-quiet-read-session-env-key.sh-46987.log ===
=== larch-quiet-read-session-env-key.sh-51108.log ===
=== larch-quiet-read-session-env-key.sh-51139.log ===
=== larch-quiet-read-session-env-key.sh-51159.log ===
=== larch-quiet-read-session-env-key.sh-64980.log ===
=== larch-quiet-read-session-env-key.sh-65019.log ===
=== larch-quiet-read-session-env-key.sh-65048.log ===
=== larch-quiet-read-session-env-key.sh-67321.log ===
=== larch-quiet-read-session-env-key.sh-67332.log ===
=== larch-quiet-read-session-env-key.sh-67343.log ===
=== larch-quiet-read-session-env-key.sh-69774.log ===
=== larch-quiet-read-session-env-key.sh-69802.log ===
=== larch-quiet-read-session-env-key.sh-69840.log ===
=== larch-quiet-read-session-env-key.sh-76817.log ===
=== larch-quiet-read-session-env-key.sh-77004.log ===
=== larch-quiet-read-session-env-key.sh-77190.log ===
=== larch-quiet-read-session-env-key.sh-7875.log ===
=== larch-quiet-read-session-env-key.sh-7900.log ===
=== larch-quiet-read-session-env-key.sh-7918.log ===
=== larch-quiet-read-session-env-key.sh-8829.log ===
=== larch-quiet-read-session-env-key.sh-8840.log ===
=== larch-quiet-read-session-env-key.sh-8851.log ===
=== larch-quiet-read-session-env-key.sh-90369.log ===
=== larch-quiet-read-session-env-key.sh-90389.log ===
=== larch-quiet-read-session-env-key.sh-90407.log ===
=== larch-quiet-read-session-env-key.sh-93220.log ===
=== larch-quiet-read-session-env-key.sh-93246.log ===
=== larch-quiet-read-session-env-key.sh-93267.log ===
=== larch-quiet-read-session-env-key.sh-9434.log ===
=== larch-quiet-read-session-env-key.sh-9445.log ===
=== larch-quiet-read-session-env-key.sh-9456.log ===
=== larch-quiet-read-session-env-key.sh-96120.log ===
=== larch-quiet-read-session-env-key.sh-96153.log ===
=== larch-quiet-read-session-env-key.sh-96191.log ===
=== larch-quiet-rebase-push.sh-62818.log ===
=== larch-quiet-refresh-run-logs.sh-62309.log ===
FLUSH_STATUS=already-flushed
RECORDS=0
=== larch-quiet-refresh-run-logs.sh-70873.log ===
FLUSH_STATUS=ok
RECORDS=1
APPEND_LOG_FILE=<TMPDIR>/flush-execution-issues-append.OXPqNK
=== larch-quiet-refresh-run-logs.sh-77367.log ===
FLUSH_STATUS=already-flushed
RECORDS=0
=== larch-quiet-run-relevant-checks-captured.sh-270.log ===
=== larch-quiet-run-relevant-checks-captured.sh-33057.log ===
=== larch-quiet-run-relevant-checks-captured.sh-51178.log ===
=== larch-quiet-run-relevant-checks-captured.sh-69890.log ===
=== larch-quiet-run-relevant-checks-captured.sh-8861.log ===
=== larch-quiet-run-relevant-checks-captured.sh-96904.log ===
=== larch-quiet-step-7a.sh-68448.log ===
FLUSH_STATUS=ok
RECORDS=1
APPEND_LOG_FILE=<TMPDIR>/flush-execution-issues-append.HdL1rE
=== larch-quiet-timing-ledger.sh-20994.log ===
=== larch-quiet-timing-ledger.sh-46893.log ===
=== larch-quiet-token-ledger.sh-20969.log ===
