=== larch-quiet-check-review-changes.sh-77173.log ===
=== larch-quiet-commit-implementation.sh-72953.log ===
[sergey-zhupanov/implementing-breadcrumbs-deprecation-sta-3118 1d8a43d8f] Remove breadcrumb-monitor contract (Stage 3 of #3111)
 52 files changed, 118 insertions(+), 5117 deletions(-)
 delete mode 100644 scripts/lib-redact-streaming.md
 delete mode 100755 scripts/lib-redact-streaming.sh
 delete mode 100644 scripts/lint-foreground-markers.md
 delete mode 100755 scripts/lint-foreground-markers.sh
 delete mode 100644 scripts/test-background-monitor-wait.md
 delete mode 100755 scripts/test-background-monitor-wait.sh
 delete mode 100644 scripts/test-breadcrumb-monitor-bash32.md
 delete mode 100755 scripts/test-breadcrumb-monitor-bash32.sh
 delete mode 100644 scripts/test-breadcrumb-monitor.md
 delete mode 100755 scripts/test-breadcrumb-monitor.sh
 delete mode 100644 scripts/test-lint-foreground-markers.md
 delete mode 100755 scripts/test-lint-foreground-markers.sh
=== larch-quiet-read-plugin-version.sh-57975.log ===
=== larch-quiet-read-plugin-version.sh-61805.log ===
=== larch-quiet-read-plugin-version.sh-63999.log ===
=== larch-quiet-read-plugin-version.sh-64716.log ===
=== larch-quiet-read-plugin-version.sh-65218.log ===
=== larch-quiet-read-plugin-version.sh-65543.log ===
=== larch-quiet-read-plugin-version.sh-65942.log ===
=== larch-quiet-read-plugin-version.sh-66313.log ===
=== larch-quiet-read-plugin-version.sh-66667.log ===
=== larch-quiet-read-plugin-version.sh-67143.log ===
=== larch-quiet-read-plugin-version.sh-67755.log ===
=== larch-quiet-read-plugin-version.sh-68813.log ===
=== larch-quiet-read-plugin-version.sh-69863.log ===
=== larch-quiet-read-plugin-version.sh-70871.log ===
=== larch-quiet-read-plugin-version.sh-71808.log ===
=== larch-quiet-read-plugin-version.sh-72644.log ===
=== larch-quiet-read-plugin-version.sh-73467.log ===
=== larch-quiet-read-plugin-version.sh-73949.log ===
=== larch-quiet-read-plugin-version.sh-74584.log ===
=== larch-quiet-read-plugin-version.sh-75366.log ===
=== larch-quiet-read-plugin-version.sh-76787.log ===
=== larch-quiet-read-plugin-version.sh-77409.log ===
=== larch-quiet-read-plugin-version.sh-77890.log ===
=== larch-quiet-read-plugin-version.sh-78981.log ===
=== larch-quiet-read-plugin-version.sh-79480.log ===
=== larch-quiet-read-plugin-version.sh-80253.log ===
=== larch-quiet-read-session-env-key.sh-1981.log ===
=== larch-quiet-read-session-env-key.sh-2019.log ===
=== larch-quiet-read-session-env-key.sh-2036.log ===
=== larch-quiet-read-session-env-key.sh-31996.log ===
=== larch-quiet-read-session-env-key.sh-32047.log ===
=== larch-quiet-read-session-env-key.sh-32078.log ===
=== larch-quiet-read-session-env-key.sh-32867.log ===
=== larch-quiet-read-session-env-key.sh-32882.log ===
=== larch-quiet-read-session-env-key.sh-32905.log ===
=== larch-quiet-read-session-env-key.sh-42915.log ===
=== larch-quiet-read-session-env-key.sh-42943.log ===
=== larch-quiet-read-session-env-key.sh-42970.log ===
=== larch-quiet-read-session-env-key.sh-63883.log ===
=== larch-quiet-read-session-env-key.sh-63894.log ===
=== larch-quiet-read-session-env-key.sh-63905.log ===
=== larch-quiet-read-session-env-key.sh-69147.log ===
=== larch-quiet-read-session-env-key.sh-69177.log ===
=== larch-quiet-read-session-env-key.sh-69223.log ===
=== larch-quiet-read-session-env-key.sh-72824.log ===
=== larch-quiet-read-session-env-key.sh-72865.log ===
=== larch-quiet-read-session-env-key.sh-72903.log ===
=== larch-quiet-read-session-env-key.sh-7437.log ===
=== larch-quiet-read-session-env-key.sh-7668.log ===
=== larch-quiet-read-session-env-key.sh-77086.log ===
=== larch-quiet-read-session-env-key.sh-77099.log ===
=== larch-quiet-read-session-env-key.sh-77150.log ===
=== larch-quiet-read-session-env-key.sh-7962.log ===
=== larch-quiet-read-session-env-key.sh-82521.log ===
=== larch-quiet-read-session-env-key.sh-82551.log ===
=== larch-quiet-read-session-env-key.sh-82585.log ===
=== larch-quiet-read-session-env-key.sh-83750.log ===
=== larch-quiet-read-session-env-key.sh-83761.log ===
=== larch-quiet-read-session-env-key.sh-83772.log ===
=== larch-quiet-read-session-env-key.sh-88709.log ===
=== larch-quiet-read-session-env-key.sh-88739.log ===
=== larch-quiet-read-session-env-key.sh-88767.log ===
=== larch-quiet-read-session-env-key.sh-95451.log ===
=== larch-quiet-read-session-env-key.sh-95464.log ===
=== larch-quiet-read-session-env-key.sh-95475.log ===
=== larch-quiet-run-relevant-checks-captured.sh-43000.log ===
=== larch-quiet-run-relevant-checks-captured.sh-8106.log ===
=== larch-quiet-run-relevant-checks-captured.sh-82615.log ===
=== larch-quiet-run-relevant-checks-captured.sh-83807.log ===
=== larch-quiet-step-7a.sh-2058.log ===
FLUSH_STATUS=ok
RECORDS=1
APPEND_LOG_FILE=<TMPDIR>/flush-execution-issues-append.P5ubkV
=== larch-quiet-timing-ledger.sh-33025.log ===
=== larch-quiet-timing-ledger.sh-88795.log ===
=== larch-quiet-token-ledger.sh-32938.log ===
