=== larch-quiet-cli.py-19175.log ===
=== larch-quiet-cli.py-24693.log ===
=== larch-quiet-scout-plan-archetypes-wrapper.sh-24686.log ===
=== larch-quiet-sessionstart-health.sh-31089.log ===
=== larch-quiet-sessionstart-health.sh-4872.log ===
=== larch-quiet-sessionstart-health.sh-6916.log ===
=== larch-quiet-ship.py-34702.log ===
ship.py: pr-prep: postbump/Flush+Push
=== larch-quiet-ship.py-41769.log ===
ship.py: pr-create: PR
ship.py: post-ensure-pr: Push
ci_monitor: CI status query #1 in progress after 0s
ci_monitor: poll 1/180 pending after 5s; sleeping 10s
ci_monitor: CI status query #2 in progress after 15s
ci_monitor: poll 2/180 pending after 19s; sleeping 10s
ci_monitor: CI status query #3 in progress after 29s
ci_monitor: poll 3/180 pending after 34s; sleeping 10s
ci_monitor: CI status query #4 in progress after 44s
ci_monitor: poll 4/180 pending after 48s; sleeping 10s
ci_monitor: CI status query #5 in progress after 58s
ci_monitor: poll 5/180 pending after 63s; sleeping 10s
ci_monitor: CI status query #6 in progress after 73s
ci_monitor: poll 6/180 pending after 77s; sleeping 10s
ci_monitor: CI status query #7 in progress after 87s
ci_monitor: poll 7/180 pending after 91s; sleeping 10s
ci_monitor: CI status query #8 in progress after 101s
ci_monitor: poll 8/180 pending after 105s; sleeping 10s
ci_monitor: CI status query #9 in progress after 115s
ci_monitor: poll 9/180 pending after 120s; sleeping 10s
ci_monitor: CI status query #10 in progress after 130s
ci_monitor: poll 10/180 pending after 134s; sleeping 10s
ci_monitor: CI status query #11 in progress after 144s
ci_monitor: poll 11/180 pending after 148s; sleeping 10s
ci_monitor: CI status query #12 in progress after 158s
ci_monitor: poll 12/180 pending after 162s; sleeping 10s
ci_monitor: CI status query #13 in progress after 173s
ci_monitor: poll 13/180 pending after 176s; sleeping 10s
ci_monitor: CI status query #14 in progress after 186s
ci_monitor: poll 14/180 pending after 190s; sleeping 10s
ci_monitor: CI status query #15 in progress after 200s
ci_monitor: poll 15/180 pending after 205s; sleeping 10s
ci_monitor: CI status query #16 in progress after 215s
ci_monitor: poll 16/180 pending after 219s; sleeping 10s
ci_monitor: CI status query #17 in progress after 229s
ci_monitor: poll 17/180 pending after 233s; sleeping 10s
ci_monitor: CI status query #18 in progress after 243s
ci_monitor: poll 18/180 pending after 247s; sleeping 10s
ci_monitor: CI status query #19 in progress after 257s
ci_monitor: poll 19/180 pending after 262s; sleeping 10s
ci_monitor: CI status query #20 in progress after 272s
ci_monitor: poll 20/180 pending after 276s; sleeping 10s
ci_monitor: CI status query #21 in progress after 286s
ci_monitor: poll 21/180 pending after 290s; sleeping 10s
ci_monitor: CI status query #22 in progress after 300s
ci_monitor: poll 22/180 pending after 304s; sleeping 10s
ci_monitor: CI status query #23 in progress after 314s
ci_monitor: CI NO_CHECKS after 319s -> bail (no-ci-checks-observed)
ship.py: finalize-state-written: path=<TMPDIR>/finalize-state.sh outcome=STALLED step=no-ci-checks-observed
=== larch-quiet-ship.py-88320.log ===
