=== larch-quiet-check-review-changes.sh-4039.log ===
=== larch-quiet-git-current-branch.sh-5884.log ===
=== larch-quiet-read-session-env-key.sh-26235.log ===
=== larch-quiet-read-session-env-key.sh-26246.log ===
=== larch-quiet-read-session-env-key.sh-26257.log ===
=== larch-quiet-read-session-env-key.sh-34620.log ===
=== larch-quiet-read-session-env-key.sh-34631.log ===
=== larch-quiet-read-session-env-key.sh-34642.log ===
=== larch-quiet-read-session-env-key.sh-35742.log ===
=== larch-quiet-read-session-env-key.sh-35757.log ===
=== larch-quiet-read-session-env-key.sh-35773.log ===
=== larch-quiet-read-session-env-key.sh-35871.log ===
=== larch-quiet-read-session-env-key.sh-4006.log ===
=== larch-quiet-read-session-env-key.sh-4017.log ===
=== larch-quiet-read-session-env-key.sh-4028.log ===
=== larch-quiet-read-session-env-key.sh-6116.log ===
=== larch-quiet-read-session-env-key.sh-6142.log ===
=== larch-quiet-read-session-env-key.sh-6153.log ===
=== larch-quiet-read-session-env-key.sh-83013.log ===
=== larch-quiet-read-session-env-key.sh-83028.log ===
=== larch-quiet-read-session-env-key.sh-83042.log ===
=== larch-quiet-read-session-env-key.sh-83055.log ===
=== larch-quiet-run-relevant-checks-captured.sh-4085.log ===
SKIPPED_NON_CANONICAL: scripts/test-design-structure.sh:881: assertion shape not in v1 grammar
SKIPPED_NON_CANONICAL: scripts/test-design-structure.sh:882: assertion shape not in v1 grammar
=== larch-quiet-run-relevant-checks-captured.sh-6163.log ===
SKIPPED_NON_CANONICAL: scripts/test-design-structure.sh:880: assertion shape not in v1 grammar
SKIPPED_NON_CANONICAL: scripts/test-design-structure.sh:881: assertion shape not in v1 grammar
=== larch-quiet-step-7a.sh-28006.log ===
FLUSH_STATUS=ok
RECORDS=1
APPEND_LOG_FILE=<TMPDIR>/flush-execution-issues-append.5o8XtL
=== larch-quiet-timing-ledger.sh-35827.log ===
=== larch-quiet-timing-ledger.sh-83065.log ===
=== larch-quiet-token-ledger.sh-35788.log ===
