=== larch-quiet-cli.py-19986.log ===
=== larch-quiet-cli.py-20478.log ===
=== larch-quiet-cli.py-20745.log ===
=== larch-quiet-cli.py-24991.log ===
=== larch-quiet-cli.py-41949.log ===
=== larch-quiet-cli.py-52050.log ===
=== larch-quiet-cli.py-55392.log ===
=== larch-quiet-cli.py-60758.log ===
=== larch-quiet-cli.py-63565.log ===
=== larch-quiet-cli.py-6648.log ===
=== larch-quiet-cli.py-8876.log ===
=== larch-quiet-cli.py-94177.log ===
=== larch-quiet-cli.py-98409.log ===
=== larch-quiet-cli.py-9868.log ===
=== larch-quiet-read-session-env-key.sh-5004.log ===
=== larch-quiet-read-session-env-key.sh-5006.log ===
=== larch-quiet-read-session-env-key.sh-5008.log ===
=== larch-quiet-read-session-env-key.sh-69195.log ===
=== larch-quiet-read-session-env-key.sh-8491.log ===
=== larch-quiet-read-session-env-key.sh-8493.log ===
=== larch-quiet-read-session-env-key.sh-8495.log ===
=== larch-quiet-sessionstart-health.sh-10272.log ===
=== larch-quiet-sessionstart-health.sh-11129.log ===
=== larch-quiet-sessionstart-health.sh-11444.log ===
=== larch-quiet-sessionstart-health.sh-25468.log ===
=== larch-quiet-sessionstart-health.sh-9076.log ===
=== larch-quiet-sessionstart-health.sh-96910.log ===
=== larch-quiet-ship.py-12141.log ===
=== larch-quiet-ship.py-13633.log ===
=== larch-quiet-ship.py-21328.log ===
=== larch-quiet-ship.py-21880.log ===
=== larch-quiet-tracking-issue-upsert-summary-20716.log ===
