=== larch-quiet-append-execution-issue.sh-47022.log ===
=== larch-quiet-append-execution-issue.sh-49240.log ===
=== larch-quiet-check-review-changes.sh-29855.log ===
=== larch-quiet-commit-implementation.sh-44323.log ===
[sergey-zhupanov/implementing-bug-urgent-lint-fix-cap-ski-3592 dbe41fb7f] Fix lint-fix cap pre-stall re-verify and stall signature coarseness
 5 files changed, 40 insertions(+), 2 deletions(-)
=== larch-quiet-commit-review-fixes.sh-91797.log ===
<OPERATOR_REPO_PATH>/plugins/cache/larch-local/larch/48.1.0/skills/implement/scripts/commit-review-fixes.sh: line 44: FILES[@]: unbound variable
=== larch-quiet-degraded-tools-gate.sh-84343.log ===
=== larch-quiet-git-commit.sh-12297.log ===
[sergey-zhupanov/implementing-bug-urgent-lint-fix-cap-ski-3592 6bbcf374a] Address code review feedback
 2 files changed, 5 insertions(+), 2 deletions(-)
=== larch-quiet-read-session-env-key.sh-10011.log ===
=== larch-quiet-read-session-env-key.sh-10046.log ===
=== larch-quiet-read-session-env-key.sh-10075.log ===
=== larch-quiet-read-session-env-key.sh-12824.log ===
=== larch-quiet-read-session-env-key.sh-12860.log ===
=== larch-quiet-read-session-env-key.sh-12895.log ===
=== larch-quiet-read-session-env-key.sh-41933.log ===
=== larch-quiet-read-session-env-key.sh-41979.log ===
=== larch-quiet-read-session-env-key.sh-44243.log ===
=== larch-quiet-read-session-env-key.sh-44277.log ===
=== larch-quiet-read-session-env-key.sh-44299.log ===
=== larch-quiet-read-session-env-key.sh-51297.log ===
=== larch-quiet-read-session-env-key.sh-51325.log ===
=== larch-quiet-read-session-env-key.sh-51354.log ===
=== larch-quiet-read-session-env-key.sh-57591.log ===
=== larch-quiet-read-session-env-key.sh-57614.log ===
=== larch-quiet-read-session-env-key.sh-57637.log ===
=== larch-quiet-read-session-env-key.sh-84250.log ===
=== larch-quiet-read-session-env-key.sh-84275.log ===
=== larch-quiet-read-session-env-key.sh-84298.log ===
=== larch-quiet-read-session-env-key.sh-84321.log ===
=== larch-quiet-read-session-env-key.sh-98577.log ===
=== larch-quiet-read-session-env-key.sh-98600.log ===
=== larch-quiet-read-session-env-key.sh-98623.log ===
=== larch-quiet-read-session-env-key.sh-9923.log ===
=== larch-quiet-read-session-env-key.sh-9965.log ===
=== larch-quiet-run-relevant-checks-captured.sh-51381.log ===
=== larch-quiet-run-relevant-checks-captured.sh-98645.log ===
=== larch-quiet-step-7a.sh-57659.log ===
FLUSH_STATUS=ok
RECORDS=1
APPEND_LOG_FILE=<TMPDIR>/flush-execution-issues-append.5TQl5t
