=== larch-quiet-apply-bump.sh-79341.log ===
=== larch-quiet-check-bump-version.sh-63073.log ===
=== larch-quiet-check-bump-version.sh-85604.log ===
=== larch-quiet-check-review-changes.sh-86897.log ===
=== larch-quiet-commit-changelog.sh-93822.log ===
=== larch-quiet-degraded-tools-gate.sh-5653.log ===
=== larch-quiet-drop-bump-commit.sh-98000.log ===
=== larch-quiet-git-checkout-ours.sh-43955.log ===
=== larch-quiet-git-current-branch.sh-65755.log ===
=== larch-quiet-git-stage.sh-44493.log ===
=== larch-quiet-git-sync-local-main.sh-59328.log ===
branch 'main' set up to track 'origin/main'.
=== larch-quiet-implement-finalize.sh-20625.log ===
=== larch-quiet-implement-finalize.sh-36683.log ===
LOG_WRITTEN=true
LOG_PATH=<TMPDIR>/larch-logs/implement/E8A96042-67B3-4474-8DFC-75352833A03F/manifest.json
BYTES=545
SHA256=c6efe6caa7a47c56dfe615ad02bdbfa3744f9314e7c1132dd4e7fdac57b1778f
COMMIT_SHA=
UNCHANGED=false
=== larch-quiet-read-plugin-version.sh-13550.log ===
=== larch-quiet-read-plugin-version.sh-16563.log ===
=== larch-quiet-read-plugin-version.sh-17681.log ===
=== larch-quiet-read-plugin-version.sh-19243.log ===
=== larch-quiet-read-plugin-version.sh-20413.log ===
=== larch-quiet-read-plugin-version.sh-22036.log ===
=== larch-quiet-read-plugin-version.sh-23647.log ===
=== larch-quiet-read-plugin-version.sh-25729.log ===
=== larch-quiet-read-plugin-version.sh-27594.log ===
=== larch-quiet-read-plugin-version.sh-29464.log ===
=== larch-quiet-read-plugin-version.sh-31278.log ===
=== larch-quiet-read-plugin-version.sh-33599.log ===
=== larch-quiet-read-plugin-version.sh-36879.log ===
=== larch-quiet-read-plugin-version.sh-39064.log ===
=== larch-quiet-read-plugin-version.sh-41596.log ===
=== larch-quiet-read-plugin-version.sh-44060.log ===
=== larch-quiet-read-plugin-version.sh-45488.log ===
=== larch-quiet-read-plugin-version.sh-47168.log ===
=== larch-quiet-read-plugin-version.sh-48302.log ===
=== larch-quiet-read-plugin-version.sh-50561.log ===
=== larch-quiet-read-plugin-version.sh-51081.log ===
=== larch-quiet-read-plugin-version.sh-52384.log ===
=== larch-quiet-read-plugin-version.sh-53353.log ===
=== larch-quiet-read-plugin-version.sh-53576.log ===
=== larch-quiet-read-plugin-version.sh-54849.log ===
=== larch-quiet-read-plugin-version.sh-56040.log ===
=== larch-quiet-read-plugin-version.sh-57331.log ===
=== larch-quiet-read-plugin-version.sh-57422.log ===
=== larch-quiet-read-plugin-version.sh-57439.log ===
=== larch-quiet-read-plugin-version.sh-58280.log ===
=== larch-quiet-read-plugin-version.sh-58408.log ===
=== larch-quiet-read-plugin-version.sh-59258.log ===
=== larch-quiet-read-plugin-version.sh-59619.log ===
=== larch-quiet-read-plugin-version.sh-59960.log ===
=== larch-quiet-read-plugin-version.sh-60332.log ===
=== larch-quiet-read-plugin-version.sh-61099.log ===
=== larch-quiet-read-plugin-version.sh-61267.log ===
=== larch-quiet-read-plugin-version.sh-61900.log ===
=== larch-quiet-read-plugin-version.sh-62289.log ===
=== larch-quiet-read-plugin-version.sh-62925.log ===
=== larch-quiet-read-plugin-version.sh-63514.log ===
=== larch-quiet-read-plugin-version.sh-63880.log ===
=== larch-quiet-read-plugin-version.sh-64545.log ===
=== larch-quiet-read-plugin-version.sh-65031.log ===
=== larch-quiet-read-plugin-version.sh-65862.log ===
=== larch-quiet-read-plugin-version.sh-66107.log ===
=== larch-quiet-read-plugin-version.sh-67138.log ===
=== larch-quiet-read-plugin-version.sh-67160.log ===
=== larch-quiet-read-plugin-version.sh-68276.log ===
=== larch-quiet-read-plugin-version.sh-69079.log ===
=== larch-quiet-read-plugin-version.sh-69817.log ===
=== larch-quiet-read-plugin-version.sh-71345.log ===
=== larch-quiet-read-plugin-version.sh-71887.log ===
=== larch-quiet-read-plugin-version.sh-72659.log ===
=== larch-quiet-read-plugin-version.sh-73006.log ===
=== larch-quiet-read-plugin-version.sh-74454.log ===
=== larch-quiet-read-plugin-version.sh-74479.log ===
=== larch-quiet-read-plugin-version.sh-7570.log ===
=== larch-quiet-read-plugin-version.sh-76098.log ===
=== larch-quiet-read-plugin-version.sh-76208.log ===
=== larch-quiet-read-plugin-version.sh-77037.log ===
=== larch-quiet-read-plugin-version.sh-77286.log ===
=== larch-quiet-read-plugin-version.sh-78140.log ===
=== larch-quiet-read-plugin-version.sh-78533.log ===
=== larch-quiet-read-plugin-version.sh-78870.log ===
=== larch-quiet-read-plugin-version.sh-79337.log ===
=== larch-quiet-read-plugin-version.sh-80677.log ===
=== larch-quiet-read-plugin-version.sh-81466.log ===
=== larch-quiet-read-plugin-version.sh-81497.log ===
=== larch-quiet-read-plugin-version.sh-82220.log ===
=== larch-quiet-read-plugin-version.sh-82567.log ===
=== larch-quiet-read-plugin-version.sh-83460.log ===
=== larch-quiet-read-plugin-version.sh-83953.log ===
=== larch-quiet-read-plugin-version.sh-84868.log ===
=== larch-quiet-read-plugin-version.sh-85498.log ===
=== larch-quiet-read-plugin-version.sh-85602.log ===
=== larch-quiet-read-plugin-version.sh-86716.log ===
=== larch-quiet-read-plugin-version.sh-87524.log ===
=== larch-quiet-read-session-env-key.sh-12642.log ===
=== larch-quiet-read-session-env-key.sh-12676.log ===
=== larch-quiet-read-session-env-key.sh-12707.log ===
=== larch-quiet-read-session-env-key.sh-12730.log ===
=== larch-quiet-read-session-env-key.sh-12760.log ===
=== larch-quiet-read-session-env-key.sh-15367.log ===
=== larch-quiet-read-session-env-key.sh-15412.log ===
=== larch-quiet-read-session-env-key.sh-15465.log ===
=== larch-quiet-read-session-env-key.sh-20345.log ===
=== larch-quiet-read-session-env-key.sh-20416.log ===
=== larch-quiet-read-session-env-key.sh-20483.log ===
=== larch-quiet-read-session-env-key.sh-26419.log ===
=== larch-quiet-read-session-env-key.sh-26532.log ===
=== larch-quiet-read-session-env-key.sh-26660.log ===
=== larch-quiet-read-session-env-key.sh-30062.log ===
=== larch-quiet-read-session-env-key.sh-30118.log ===
=== larch-quiet-read-session-env-key.sh-30168.log ===
=== larch-quiet-read-session-env-key.sh-38087.log ===
=== larch-quiet-read-session-env-key.sh-38146.log ===
=== larch-quiet-read-session-env-key.sh-38189.log ===
=== larch-quiet-read-session-env-key.sh-39560.log ===
=== larch-quiet-read-session-env-key.sh-39607.log ===
=== larch-quiet-read-session-env-key.sh-39658.log ===
=== larch-quiet-read-session-env-key.sh-59717.log ===
=== larch-quiet-read-session-env-key.sh-59765.log ===
=== larch-quiet-read-session-env-key.sh-59812.log ===
=== larch-quiet-read-session-env-key.sh-59864.log ===
=== larch-quiet-read-session-env-key.sh-59903.log ===
=== larch-quiet-read-session-env-key.sh-69578.log ===
=== larch-quiet-read-session-env-key.sh-69609.log ===
=== larch-quiet-read-session-env-key.sh-69645.log ===
=== larch-quiet-read-session-env-key.sh-86689.log ===
=== larch-quiet-read-session-env-key.sh-86766.log ===
=== larch-quiet-read-session-env-key.sh-86833.log ===
=== larch-quiet-read-session-env-key.sh-87062.log ===
=== larch-quiet-read-session-env-key.sh-87145.log ===
=== larch-quiet-read-session-env-key.sh-87210.log ===
=== larch-quiet-rebase-push.sh-4126.log ===
=== larch-quiet-rebase-push.sh-48478.log ===
=== larch-quiet-run-relevant-checks-captured.sh-69695.log ===
=== larch-quiet-run-relevant-checks-captured.sh-90971.log ===
=== larch-quiet-slack-issue-announce.sh-34468.log ===
=== larch-quiet-stall-recovery-report.sh-68787.log ===
=== larch-quiet-stall-recovery-report.sh-76512.log ===
=== larch-quiet-stall-recovery-report.sh-88722.log ===
=== larch-quiet-stall-recovery-report.sh-92128.log ===
stall-recovery-report.sh: --classification-file is required
=== larch-quiet-stall-recovery-report.sh-95738.log ===
=== larch-quiet-step-7a.sh-2249.log ===
FLUSH_STATUS=ok
RECORDS=1
APPEND_LOG_FILE=<TMPDIR>/flush-execution-issues-append.mwCk8L
=== larch-quiet-step2-implement.sh-12888.log ===
=== larch-quiet-timing-ledger.sh-12793.log ===
=== larch-quiet-timing-ledger.sh-15623.log ===
=== larch-quiet-timing-ledger.sh-30333.log ===
=== larch-quiet-timing-ledger.sh-38252.log ===
=== larch-quiet-timing-ledger.sh-39804.log ===
=== larch-quiet-token-ledger.sh-15492.log ===
=== larch-quiet-token-ledger.sh-30221.log ===
=== larch-quiet-token-ledger.sh-38213.log ===
=== larch-quiet-token-ledger.sh-39699.log ===
=== larch-quiet-token-report.sh-26765.log ===
=== larch-quiet-tracking-issue-read.sh-4121.log ===
=== larch-quiet-write-final-report.sh-27129.log ===
=== larch-quiet-write-final-report.sh-39914.log ===
COMMENT_URL=https://github.com/character-ai/larch/issues/3298#issuecomment-4595991909
STATUS=ok
=== larch-quiet-write-rejected-findings.sh-30449.log ===
