=== larch-quiet-cli.py-12580.log ===
=== larch-quiet-cli.py-16153.log ===
=== larch-quiet-cli.py-2197.log ===
=== larch-quiet-cli.py-31665.log ===
=== larch-quiet-cli.py-33795.log ===
=== larch-quiet-cli.py-34077.log ===
=== larch-quiet-cli.py-40483.log ===
=== larch-quiet-cli.py-59255.log ===
=== larch-quiet-cli.py-65390.log ===
=== larch-quiet-cli.py-67808.log ===
=== larch-quiet-cli.py-8972.log ===
=== larch-quiet-read-session-env-key.sh-14524.log ===
=== larch-quiet-read-session-env-key.sh-14526.log ===
=== larch-quiet-read-session-env-key.sh-14528.log ===
=== larch-quiet-read-session-env-key.sh-68319.log ===
=== larch-quiet-read-session-env-key.sh-907.log ===
=== larch-quiet-read-session-env-key.sh-909.log ===
=== larch-quiet-read-session-env-key.sh-911.log ===
=== larch-quiet-sessionstart-health.sh-17242.log ===
=== larch-quiet-sessionstart-health.sh-18545.log ===
=== larch-quiet-sessionstart-health.sh-18994.log ===
=== larch-quiet-sessionstart-health.sh-2700.log ===
=== larch-quiet-sessionstart-health.sh-60832.log ===
=== larch-quiet-sessionstart-health.sh-9341.log ===
=== larch-quiet-ship.py-24239.log ===
=== larch-quiet-tracking-issue-upsert-summary-34049.log ===
