=== larch-quiet-check-review-changes.sh-25837.log ===
=== larch-quiet-degraded-tools-gate.sh-89707.log ===
=== larch-quiet-git-current-branch.sh-27803.log ===
=== larch-quiet-read-session-env-key.sh-16428.log ===
=== larch-quiet-read-session-env-key.sh-16473.log ===
=== larch-quiet-read-session-env-key.sh-16540.log ===
=== larch-quiet-read-session-env-key.sh-16605.log ===
=== larch-quiet-read-session-env-key.sh-23184.log ===
=== larch-quiet-read-session-env-key.sh-23231.log ===
=== larch-quiet-read-session-env-key.sh-23285.log ===
=== larch-quiet-read-session-env-key.sh-25608.log ===
=== larch-quiet-read-session-env-key.sh-25689.log ===
=== larch-quiet-read-session-env-key.sh-25760.log ===
=== larch-quiet-read-session-env-key.sh-33077.log ===
=== larch-quiet-read-session-env-key.sh-33153.log ===
=== larch-quiet-read-session-env-key.sh-33209.log ===
=== larch-quiet-read-session-env-key.sh-35937.log ===
=== larch-quiet-read-session-env-key.sh-36012.log ===
=== larch-quiet-read-session-env-key.sh-36114.log ===
=== larch-quiet-read-session-env-key.sh-58572.log ===
=== larch-quiet-read-session-env-key.sh-58649.log ===
=== larch-quiet-read-session-env-key.sh-58713.log ===
=== larch-quiet-run-relevant-checks-captured.sh-33272.log ===
=== larch-quiet-run-relevant-checks-captured.sh-36183.log ===
=== larch-quiet-step-7a.sh-45668.log ===
FLUSH_STATUS=ok
RECORDS=1
APPEND_LOG_FILE=<TMPDIR>/flush-execution-issues-append.YfTH45
=== larch-quiet-step2-implement.sh-23367.log ===
=== larch-quiet-timing-ledger.sh-16648.log ===
=== larch-quiet-timing-ledger.sh-58932.log ===
=== larch-quiet-token-ledger.sh-58782.log ===
