=== larch-quiet-cli.py-36309.log ===
=== larch-quiet-cli.py-57756.log ===
=== larch-quiet-read-session-env-key.sh-83246.log ===
=== larch-quiet-read-session-env-key.sh-83248.log ===
=== larch-quiet-read-session-env-key.sh-83250.log ===
=== larch-quiet-sessionstart-health.sh-83867.log ===
=== larch-quiet-ship.py-15602.log ===
ship.py: pr-create: PR
ship.py: post-ensure-pr: Push
ci_monitor: CI status query #1 in progress after 0s
ci_monitor: poll 1/180 pending after 4s; sleeping 10s
ci_monitor: CI status query #2 in progress after 14s
ci_monitor: CI fail after 18s -> evaluate_failure
=== larch-quiet-ship.py-30669.log ===
ship.py: pr-create: PR
ship.py: post-ensure-pr: Push
ci_monitor: CI status query #1 in progress after 0s
ci_monitor: poll 1/180 pending after 3s; sleeping 10s
ci_monitor: CI status query #2 in progress after 13s
ci_monitor: CI fail after 17s -> evaluate_failure
=== larch-quiet-ship.py-5271.log ===
ship.py: pr-create: PR
ship.py: post-ensure-pr: Push
ci_monitor: CI status query #1 in progress after 0s
ci_monitor: poll 1/180 pending after 4s; sleeping 10s
ci_monitor: CI status query #2 in progress after 14s
ci_monitor: poll 2/180 pending after 18s; sleeping 10s
ci_monitor: CI status query #3 in progress after 28s
ci_monitor: CI fail after 31s -> evaluate_failure
=== larch-quiet-ship.py-94920.log ===
ship.py: pr-prep: postbump/Flush+Push
ship.py: pr-create: PR
ship.py: post-ensure-pr: Push
ci_monitor: CI status query #1 in progress after 0s
ci_monitor: poll 1/180 pending after 4s; sleeping 10s
ci_monitor: CI status query #2 in progress after 14s
ci_monitor: poll 2/180 pending after 17s; sleeping 10s
ci_monitor: CI status query #3 in progress after 27s
ci_monitor: CI fail after 31s -> evaluate_failure
=== larch-quiet-tracking-issue-upsert-summary-14458.log ===
=== larch-quiet-tracking-issue-upsert-summary-27912.log ===
=== larch-quiet-tracking-issue-upsert-summary-39880.log ===
=== larch-quiet-tracking-issue-upsert-summary-4492.log ===
