=== larch-quiet-apply-bump.sh-22107.log ===
=== larch-quiet-check-review-changes.sh-8212.log ===
=== larch-quiet-commit-review-fixes.sh-96158.log ===
<OPERATOR_REPO_PATH>/plugins/cache/larch-local/larch/47.0.12/skills/implement/scripts/commit-review-fixes.sh: line 44: FILES[@]: unbound variable
=== larch-quiet-lint-fix-loop.sh-82281.log ===
[sergey-zhupanov/implementing-design-refactor-extract-ste-3244 a4fb82a02] Apply relevant-checks fixes (Step 3)
 7 files changed, 76 insertions(+), 16 deletions(-)
 mode change 100644 => 100755 skills/design/scripts/lib-phase-driver.sh
=== larch-quiet-read-session-env-key.sh-17031.log ===
=== larch-quiet-read-session-env-key.sh-17113.log ===
=== larch-quiet-read-session-env-key.sh-17188.log ===
=== larch-quiet-read-session-env-key.sh-32920.log ===
=== larch-quiet-read-session-env-key.sh-32931.log ===
=== larch-quiet-read-session-env-key.sh-32942.log ===
=== larch-quiet-read-session-env-key.sh-42828.log ===
=== larch-quiet-read-session-env-key.sh-42890.log ===
=== larch-quiet-read-session-env-key.sh-42962.log ===
=== larch-quiet-read-session-env-key.sh-59880.log ===
=== larch-quiet-read-session-env-key.sh-59902.log ===
=== larch-quiet-read-session-env-key.sh-59913.log ===
=== larch-quiet-read-session-env-key.sh-75188.log ===
=== larch-quiet-read-session-env-key.sh-75199.log ===
=== larch-quiet-read-session-env-key.sh-75210.log ===
=== larch-quiet-read-session-env-key.sh-75221.log ===
=== larch-quiet-read-session-env-key.sh-75602.log ===
=== larch-quiet-read-session-env-key.sh-75613.log ===
=== larch-quiet-read-session-env-key.sh-75624.log ===
=== larch-quiet-read-session-env-key.sh-8157.log ===
=== larch-quiet-read-session-env-key.sh-8172.log ===
=== larch-quiet-read-session-env-key.sh-8188.log ===
=== larch-quiet-read-session-env-key.sh-91358.log ===
=== larch-quiet-read-session-env-key.sh-91412.log ===
=== larch-quiet-read-session-env-key.sh-91494.log ===
=== larch-quiet-read-session-env-key.sh-9603.log ===
=== larch-quiet-read-session-env-key.sh-96097.log ===
=== larch-quiet-read-session-env-key.sh-96108.log ===
=== larch-quiet-read-session-env-key.sh-96119.log ===
=== larch-quiet-read-session-env-key.sh-9622.log ===
=== larch-quiet-read-session-env-key.sh-9645.log ===
=== larch-quiet-run-relevant-checks-captured.sh-17274.log ===
=== larch-quiet-run-relevant-checks-captured.sh-91568.log ===
SKIPPED_NON_CANONICAL: scripts/test-design-structure.sh:960: assertion shape not in v1 grammar
SKIPPED_NON_CANONICAL: scripts/test-design-structure.sh:961: assertion shape not in v1 grammar
=== larch-quiet-run-relevant-checks-captured.sh-9667.log ===
SKIPPED_NON_CANONICAL: scripts/test-design-structure.sh:965: assertion shape not in v1 grammar
SKIPPED_NON_CANONICAL: scripts/test-design-structure.sh:966: assertion shape not in v1 grammar
=== larch-quiet-run-step3-review.sh-1318.log ===
<OPERATOR_REPO_PATH>/larch/sessions/larch-step3-cap-test.BbjSFO/hard-round2/round-num-stub.sh: line 5: $1: unbound variable
=== larch-quiet-run-step3-review.sh-38318.log ===
Usage: run-step3-review.sh --design-tmpdir PATH --round-cap N --convergence-threshold N
run-step3-review.sh: --design-tmpdir is required
=== larch-quiet-run-step3-review.sh-38586.log ===
=== larch-quiet-run-step3-review.sh-38696.log ===
=== larch-quiet-run-step3-review.sh-38911.log ===
=== larch-quiet-run-step3-review.sh-39108.log ===
=== larch-quiet-run-step3-review.sh-39312.log ===
=== larch-quiet-run-step3-review.sh-39551.log ===
=== larch-quiet-run-step3-review.sh-48410.log ===
=== larch-quiet-run-step3-review.sh-48564.log ===
=== larch-quiet-run-step3-review.sh-48628.log ===
=== larch-quiet-run-step3-review.sh-48788.log ===
=== larch-quiet-run-step3-review.sh-48919.log ===
=== larch-quiet-run-step3-review.sh-49213.log ===
=== larch-quiet-run-step3-review.sh-49332.log ===
<OPERATOR_REPO_PATH>/skills/design/scripts/run-step3-review.sh: line 170: 10#ROUND_NUM: value too great for base (error token is "10#ROUND_NUM")
=== larch-quiet-run-step3-review.sh-50441.log ===
=== larch-quiet-run-step3-review.sh-50525.log ===
=== larch-quiet-run-step3-review.sh-50605.log ===
=== larch-quiet-run-step3-review.sh-50846.log ===
=== larch-quiet-run-step3-review.sh-50978.log ===
=== larch-quiet-run-step3-review.sh-51167.log ===
=== larch-quiet-run-step3-review.sh-51296.log ===
<OPERATOR_REPO_PATH>/skills/design/scripts/run-step3-review.sh: line 170: 10#ROUND_NUM: value too great for base (error token is "10#ROUND_NUM")
=== larch-quiet-run-step3-review.sh-54857.log ===
=== larch-quiet-run-step3-review.sh-54911.log ===
=== larch-quiet-run-step3-review.sh-54965.log ===
=== larch-quiet-run-step3-review.sh-55030.log ===
=== larch-quiet-run-step3-review.sh-5516.log ===
=== larch-quiet-run-step3-review.sh-55183.log ===
=== larch-quiet-run-step3-review.sh-55405.log ===
=== larch-quiet-run-step3-review.sh-55521.log ===
<OPERATOR_REPO_PATH>/skills/design/scripts/run-step3-review.sh: line 170: 10#ROUND_NUM: value too great for base (error token is "10#ROUND_NUM")
=== larch-quiet-run-step3-review.sh-5579.log ===
=== larch-quiet-run-step3-review.sh-5662.log ===
=== larch-quiet-run-step3-review.sh-56696.log ===
design-tmpdir: path not under allowlist after resolution: /private/var/folders/dw/kg5dyxc91t973n1j620gr8480000gn/T/tmp.YsfMGeAnmf/hard (allowed: <OPERATOR_REPO_PATH>/larch/sessions/, ${TMPDIR}, /tmp)
design-tmpdir: path not under allowlist after resolution: /private/var/folders/dw/kg5dyxc91t973n1j620gr8480000gn/T/tmp.YsfMGeAnmf/hard (allowed: <OPERATOR_REPO_PATH>/larch/sessions/, ${TMPDIR}, /tmp)
=== larch-quiet-run-step3-review.sh-5703.log ===
=== larch-quiet-run-step3-review.sh-5800.log ===
=== larch-quiet-run-step3-review.sh-5922.log ===
=== larch-quiet-run-step3-review.sh-5986.log ===
=== larch-quiet-run-step3-review.sh-6164.log ===
=== larch-quiet-run-step3-review.sh-62183.log ===
=== larch-quiet-run-step3-review.sh-62491.log ===
=== larch-quiet-run-step3-review.sh-62617.log ===
=== larch-quiet-run-step3-review.sh-6272.log ===
=== larch-quiet-run-step3-review.sh-62925.log ===
=== larch-quiet-run-step3-review.sh-6300.log ===
=== larch-quiet-run-step3-review.sh-63150.log ===
=== larch-quiet-run-step3-review.sh-63454.log ===
=== larch-quiet-run-step3-review.sh-63653.log ===
<OPERATOR_REPO_PATH>/skills/design/scripts/run-step3-review.sh: line 170: 10#ROUND_NUM: value too great for base (error token is "10#ROUND_NUM")
=== larch-quiet-run-step3-review.sh-6403.log ===
Usage: run-step3-review.sh --design-tmpdir PATH --round-cap N --convergence-threshold N
run-step3-review.sh: --design-tmpdir is required
=== larch-quiet-run-step3-review.sh-6450.log ===
=== larch-quiet-run-step3-review.sh-6505.log ===
=== larch-quiet-run-step3-review.sh-6578.log ===
=== larch-quiet-run-step3-review.sh-6675.log ===
=== larch-quiet-run-step3-review.sh-6767.log ===
=== larch-quiet-run-step3-review.sh-68347.log ===
design-tmpdir: path not under allowlist after resolution: /private/var/folders/dw/kg5dyxc91t973n1j620gr8480000gn/T/tmp.XxyWdulbHB/hard (allowed: <OPERATOR_REPO_PATH>/larch/sessions/, ${TMPDIR}, /tmp)
design-tmpdir: path not under allowlist after resolution: /private/var/folders/dw/kg5dyxc91t973n1j620gr8480000gn/T/tmp.XxyWdulbHB/hard (allowed: <OPERATOR_REPO_PATH>/larch/sessions/, ${TMPDIR}, /tmp)
=== larch-quiet-run-step3-review.sh-6884.log ===
=== larch-quiet-run-step3-review.sh-70047.log ===
design-tmpdir: path not under allowlist after resolution: /private/var/folders/dw/kg5dyxc91t973n1j620gr8480000gn/T/tmp.bwbe34MDJ5/hard (allowed: <OPERATOR_REPO_PATH>/larch/sessions/, ${TMPDIR}, /tmp)
design-tmpdir: path not under allowlist after resolution: /private/var/folders/dw/kg5dyxc91t973n1j620gr8480000gn/T/tmp.bwbe34MDJ5/hard (allowed: <OPERATOR_REPO_PATH>/larch/sessions/, ${TMPDIR}, /tmp)
=== larch-quiet-run-step3-review.sh-83043.log ===
=== larch-quiet-run-step3-review.sh-83188.log ===
=== larch-quiet-run-step3-review.sh-83274.log ===
=== larch-quiet-run-step3-review.sh-83445.log ===
=== larch-quiet-run-step3-review.sh-83623.log ===
=== larch-quiet-run-step3-review.sh-83857.log ===
=== larch-quiet-run-step3-review.sh-83995.log ===
=== larch-quiet-run-step3-review.sh-86513.log ===
=== larch-quiet-run-step3-review.sh-86692.log ===
=== larch-quiet-run-step3-review.sh-86778.log ===
=== larch-quiet-run-step3-review.sh-86963.log ===
=== larch-quiet-run-step3-review.sh-92010.log ===
=== larch-quiet-run-step3-review.sh-92172.log ===
=== larch-quiet-run-step3-review.sh-92278.log ===
=== larch-quiet-run-step3-review.sh-92423.log ===
=== larch-quiet-run-step3-review.sh-92580.log ===
=== larch-quiet-run-step3-review.sh-92941.log ===
=== larch-quiet-run-step3-review.sh-93101.log ===
=== larch-quiet-run-step3-review.sh-96203.log ===
<OPERATOR_REPO_PATH>/larch/sessions/larch-step3-cap-test.ej8ADo/hard-round2/stub.sh: line 9: /round-num-seen.txt: Read-only file system
=== larch-quiet-step-7a.sh-32952.log ===
FLUSH_STATUS=ok
RECORDS=1
APPEND_LOG_FILE=<TMPDIR>/flush-execution-issues-append.weayLK
=== larch-quiet-step2-implement.sh-75643.log ===
=== larch-quiet-timing-ledger.sh-43247.log ===
=== larch-quiet-timing-ledger.sh-75274.log ===
=== larch-quiet-token-ledger.sh-43067.log ===
=== larch-quiet-token-ledger.sh-75231.log ===
