=== larch-quiet-check-review-changes.sh-70422.log ===
=== larch-quiet-commit-review-fixes.sh-84811.log ===
[sergey-zhupanov/implementing-sibling-router-flags-keep-a-3160 6ae971bf3] Extend require_value to --classification and --output; update harness doc
 4 files changed, 25 insertions(+), 7 deletions(-)
=== larch-quiet-git-current-branch.sh-44838.log ===
=== larch-quiet-read-session-env-key.sh-40510.log ===
=== larch-quiet-read-session-env-key.sh-40533.log ===
=== larch-quiet-read-session-env-key.sh-40557.log ===
=== larch-quiet-read-session-env-key.sh-51167.log ===
=== larch-quiet-read-session-env-key.sh-51212.log ===
=== larch-quiet-read-session-env-key.sh-51244.log ===
=== larch-quiet-read-session-env-key.sh-70370.log ===
=== larch-quiet-read-session-env-key.sh-70387.log ===
=== larch-quiet-read-session-env-key.sh-70404.log ===
=== larch-quiet-read-session-env-key.sh-75020.log ===
=== larch-quiet-read-session-env-key.sh-75047.log ===
=== larch-quiet-read-session-env-key.sh-75080.log ===
=== larch-quiet-read-session-env-key.sh-76958.log ===
=== larch-quiet-read-session-env-key.sh-76978.log ===
=== larch-quiet-read-session-env-key.sh-76998.log ===
=== larch-quiet-read-session-env-key.sh-79957.log ===
=== larch-quiet-read-session-env-key.sh-79969.log ===
=== larch-quiet-read-session-env-key.sh-79980.log ===
=== larch-quiet-run-relevant-checks-captured.sh-28286.log ===
=== larch-quiet-run-relevant-checks-captured.sh-51275.log ===
=== larch-quiet-step-7a.sh-77017.log ===
FLUSH_STATUS=ok
RECORDS=1
APPEND_LOG_FILE=<TMPDIR>/flush-execution-issues-append.roYxZS
=== larch-quiet-timing-ledger.sh-40669.log ===
=== larch-quiet-timing-ledger.sh-75111.log ===
=== larch-quiet-token-ledger.sh-40594.log ===
