=== larch-quiet-check-contains-pins.sh-61246.log ===

=== larch-quiet-check-review-changes.sh-15932.log ===

=== larch-quiet-cli.py-99368.log ===

=== larch-quiet-commit-implementation.sh-75708.log ===
[sergey-zhupanov/implementing-test-implement-bootstrap-sh-3844 e9ecc0cdc] test-implement-bootstrap: add session/read-key and write-env stubs to eliminate Python subprocess overhead
 1 file changed, 76 insertions(+)

=== larch-quiet-degraded-tools-gate.sh-26850.log ===

=== larch-quiet-read-session-env-key.sh-26719.log ===

=== larch-quiet-read-session-env-key.sh-26753.log ===

=== larch-quiet-read-session-env-key.sh-26787.log ===

=== larch-quiet-read-session-env-key.sh-26817.log ===

=== larch-quiet-read-session-env-key.sh-40779.log ===

=== larch-quiet-read-session-env-key.sh-40813.log ===

=== larch-quiet-read-session-env-key.sh-40845.log ===

=== larch-quiet-read-session-env-key.sh-75611.log ===

=== larch-quiet-read-session-env-key.sh-75649.log ===

=== larch-quiet-read-session-env-key.sh-75677.log ===

=== larch-quiet-read-session-env-key.sh-80124.log ===

=== larch-quiet-read-session-env-key.sh-80159.log ===

=== larch-quiet-read-session-env-key.sh-80192.log ===

=== larch-quiet-read-session-env-key.sh-88283.log ===

=== larch-quiet-read-session-env-key.sh-88339.log ===

=== larch-quiet-read-session-env-key.sh-88402.log ===

=== larch-quiet-run-relevant-checks-captured.sh-80225.log ===

=== larch-quiet-step-7a.sh-19999.log ===
FLUSH_STATUS=ok
RECORDS=1
APPEND_LOG_FILE=<TMPDIR>/flush-execution-issues-append.wdF5xw

=== larch-quiet-timing-ledger.sh-40948.log ===

=== larch-quiet-timing-ledger.sh-88533.log ===

=== larch-quiet-token-ledger.sh-40878.log ===

=== larch-quiet-token-ledger.sh-88454.log ===

