=== larch-quiet-cli.py-26048.log ===
=== larch-quiet-cli.py-64482.log ===
=== larch-quiet-cli.py-69851.log ===
=== larch-quiet-cli.py-80491.log ===
=== larch-quiet-read-session-env-key.sh-22678.log ===
=== larch-quiet-read-session-env-key.sh-22696.log ===
=== larch-quiet-read-session-env-key.sh-22700.log ===
=== larch-quiet-read-session-env-key.sh-22704.log ===
=== larch-quiet-read-session-env-key.sh-22715.log ===
=== larch-quiet-read-session-env-key.sh-22720.log ===
=== larch-quiet-read-session-env-key.sh-22723.log ===
=== larch-quiet-read-session-env-key.sh-22747.log ===
=== larch-quiet-read-session-env-key.sh-22751.log ===
=== larch-quiet-read-session-env-key.sh-22768.log ===
=== larch-quiet-read-session-env-key.sh-90386.log ===
=== larch-quiet-read-session-env-key.sh-90401.log ===
=== larch-quiet-read-session-env-key.sh-90411.log ===
=== larch-quiet-scout-plan-archetypes-wrapper.sh-62654.log ===
=== larch-quiet-sessionstart-health.sh-4783.log ===
=== larch-quiet-sessionstart-health.sh-95251.log ===
=== larch-quiet-ship.py-19468.log ===
=== larch-quiet-tracking-issue-read-22730.log ===
