=== larch-quiet-degraded-tools-gate.sh-39703.log ===

=== larch-quiet-design-driver.sh-3460.log ===

=== larch-quiet-design-init-runparams.sh-67527.log ===
RUN_PARAMS_WRITTEN=<TMPDIR>/run-params.json

=== larch-quiet-design-publish.sh-31847.log ===
COMMENT_ID=
COMMENT_URL=https://github.com/character-ai/larch/issues/3820#issuecomment-4664665393
UPDATED=false

=== larch-quiet-design-route.sh-56866.log ===

=== larch-quiet-file-design-oos.sh-76389.log ===
▶ parse-input: 4 items parsed (mode=generic): 1=OOS_1:, 2=OOS_2:, 3=OOS_3:, 4=OOS_4:
▶ parse-input: 4 items parsed (mode=generic): 1=OOS_1:, 2=OOS_2:, 3=OOS_3:, 4=OOS_4:

=== larch-quiet-file-design-oos.sh-943.log ===

=== larch-quiet-resolve-repo.sh-47361.log ===

=== larch-quiet-run-step3-review.sh-12866.log ===
POSTPLAN_EMIT_STATUS=ok
EMIT_PLAN_STATUS=ok
DIFF_LINES=872
VALIDATE_STATUS=ok
VALIDATE_DEFECT_COUNT=0
PLAN_SIZE_STATUS=drift-advisory
HARD_TRIGGER_FIRED=false
TRIGGER_REASONS=
PLAN_LINES=556
DIFF_ADDED=820
DIFF_DELETED=52
MECHANICAL_CHURN=false
SOFT_ADVISORY=false
PARTITION_REQUESTED=false
DRIFT_TRIGGER_FIRED=true
DRIFT_MULTIPLE=2
DRIFT_PLAN_RATIO=3.11
DRIFT_DIFF_RATIO=3.76
BASELINE_PLAN_LINES=179
BASELINE_DIFF_LINES=232

=== larch-quiet-run-step3-review.sh-99464.log ===

=== larch-quiet-sanitize-mermaid-fragment.sh-91242.log ===

=== larch-quiet-timing-ledger.sh-24396.log ===

=== larch-quiet-timing-ledger.sh-34552.log ===

=== larch-quiet-timing-ledger.sh-39114.log ===

=== larch-quiet-timing-ledger.sh-54239.log ===

=== larch-quiet-timing-ledger.sh-71593.log ===

=== larch-quiet-timing-ledger.sh-7161.log ===

=== larch-quiet-timing-ledger.sh-74537.log ===

=== larch-quiet-timing-ledger.sh-97645.log ===

=== larch-quiet-token-ledger.sh-35395.log ===

