=== larch-quiet-check-review-changes.sh-14995.log ===
=== larch-quiet-commit-implementation.sh-7937.log ===
[sergey-zhupanov/implementing-bug-urgent-render-voter-pro-3596 60c5d262f] Fix scope-anchor validation truncating voter prompts; harden dispatcher exit-code checks
 5 files changed, 43 insertions(+), 25 deletions(-)
=== larch-quiet-commit-review-fixes.sh-75497.log ===
[sergey-zhupanov/implementing-bug-urgent-render-voter-pro-3596 e4348ce61] Address code review feedback
 2 files changed, 8 insertions(+)
=== larch-quiet-degraded-tools-gate.sh-75853.log ===
=== larch-quiet-git-commit.sh-77820.log ===
[sergey-zhupanov/implementing-bug-urgent-render-voter-pro-3596 1a1e8bec7] Fix test stubs and harness expectations for non-fatal scope-anchor behavior
 2 files changed, 15 insertions(+), 10 deletions(-)
=== larch-quiet-read-session-env-key.sh-22835.log ===
=== larch-quiet-read-session-env-key.sh-22885.log ===
=== larch-quiet-read-session-env-key.sh-22930.log ===
=== larch-quiet-read-session-env-key.sh-26725.log ===
=== larch-quiet-read-session-env-key.sh-26769.log ===
=== larch-quiet-read-session-env-key.sh-26802.log ===
=== larch-quiet-read-session-env-key.sh-34955.log ===
=== larch-quiet-read-session-env-key.sh-35003.log ===
=== larch-quiet-read-session-env-key.sh-35046.log ===
=== larch-quiet-read-session-env-key.sh-52047.log ===
=== larch-quiet-read-session-env-key.sh-52072.log ===
=== larch-quiet-read-session-env-key.sh-61090.log ===
=== larch-quiet-read-session-env-key.sh-66757.log ===
=== larch-quiet-read-session-env-key.sh-66780.log ===
=== larch-quiet-read-session-env-key.sh-66803.log ===
=== larch-quiet-read-session-env-key.sh-66838.log ===
=== larch-quiet-read-session-env-key.sh-75762.log ===
=== larch-quiet-read-session-env-key.sh-75785.log ===
=== larch-quiet-read-session-env-key.sh-75808.log ===
=== larch-quiet-read-session-env-key.sh-75831.log ===
=== larch-quiet-read-session-env-key.sh-79576.log ===
=== larch-quiet-read-session-env-key.sh-79597.log ===
=== larch-quiet-read-session-env-key.sh-79620.log ===
=== larch-quiet-read-session-env-key.sh-79653.log ===
=== larch-quiet-read-session-env-key.sh-85705.log ===
=== larch-quiet-read-session-env-key.sh-85729.log ===
=== larch-quiet-read-session-env-key.sh-85754.log ===
=== larch-quiet-read-session-env-key.sh-86624.log ===
=== larch-quiet-read-session-env-key.sh-86668.log ===
=== larch-quiet-read-session-env-key.sh-86721.log ===
=== larch-quiet-read-session-env-key.sh-98361.log ===
=== larch-quiet-read-session-env-key.sh-98384.log ===
=== larch-quiet-read-session-env-key.sh-98407.log ===
=== larch-quiet-refresh-run-logs.sh-98429.log ===
FLUSH_STATUS=already-flushed
RECORDS=0
=== larch-quiet-run-relevant-checks-captured.sh-26837.log ===
=== larch-quiet-run-relevant-checks-captured.sh-32084.log ===
=== larch-quiet-run-relevant-checks-captured.sh-35092.log ===
=== larch-quiet-step-7a.sh-86766.log ===
FLUSH_STATUS=ok
RECORDS=1
APPEND_LOG_FILE=<TMPDIR>/flush-execution-issues-append.AJxjFe
=== larch-quiet-timing-ledger.sh-23078.log ===
=== larch-quiet-timing-ledger.sh-85836.log ===
=== larch-quiet-token-ledger.sh-22972.log ===
=== larch-quiet-token-ledger.sh-85776.log ===
