=== larch-quiet-cli.py-10447.log ===
=== larch-quiet-cli.py-11752.log ===
=== larch-quiet-cli.py-16530.log ===
=== larch-quiet-cli.py-20888.log ===
=== larch-quiet-cli.py-22082.log ===
=== larch-quiet-cli.py-2437.log ===
=== larch-quiet-cli.py-4187.log ===
=== larch-quiet-cli.py-44596.log ===
=== larch-quiet-cli.py-67269.log ===
usage: cli.py implement commit [-h]

options:
  -h, --help  show this help message and exit
=== larch-quiet-cli.py-67460.log ===
=== larch-quiet-cli.py-74732.log ===
=== larch-quiet-cli.py-83938.log ===
=== larch-quiet-cli.py-88928.log ===
=== larch-quiet-cli.py-90095.log ===
=== larch-quiet-cli.py-93625.log ===
=== larch-quiet-cli.py-97539.log ===
=== larch-quiet-read-session-env-key.sh-82823.log ===
=== larch-quiet-read-session-env-key.sh-82826.log ===
=== larch-quiet-read-session-env-key.sh-82828.log ===
=== larch-quiet-read-session-env-key.sh-89007.log ===
=== larch-quiet-read-session-env-key.sh-89012.log ===
=== larch-quiet-read-session-env-key.sh-89014.log ===
=== larch-quiet-sessionstart-health.sh-13548.log ===
=== larch-quiet-sessionstart-health.sh-16224.log ===
=== larch-quiet-sessionstart-health.sh-16608.log ===
=== larch-quiet-sessionstart-health.sh-94239.log ===
=== larch-quiet-ship.py-23359.log ===
