=== larch-quiet-cli.py-80010.log ===
=== larch-quiet-cli.py-94290.log ===
=== larch-quiet-read-session-env-key.sh-14198.log ===
=== larch-quiet-read-session-env-key.sh-14200.log ===
=== larch-quiet-read-session-env-key.sh-14202.log ===
=== larch-quiet-sessionstart-health.sh-14939.log ===
=== larch-quiet-ship.py-24370.log ===
ship.py: pr-prep: postbump/Flush+Push
ship.py: pr-create: PR
ship.py: post-ensure-pr: Push
ci_monitor: CI status query #1 in progress after 0s
ci_monitor: poll 1/180 pending after 4s; sleeping 10s
ci_monitor: CI status query #2 in progress after 14s
ci_monitor: poll 2/180 pending after 17s; sleeping 10s
ci_monitor: CI status query #3 in progress after 27s
ci_monitor: poll 3/180 pending after 31s; sleeping 10s
ci_monitor: CI status query #4 in progress after 41s
ci_monitor: poll 4/180 pending after 45s; sleeping 10s
ci_monitor: CI status query #5 in progress after 55s
ci_monitor: poll 5/180 pending after 59s; sleeping 10s
ci_monitor: CI status query #6 in progress after 69s
ci_monitor: poll 6/180 pending after 72s; sleeping 10s
ci_monitor: CI status query #7 in progress after 82s
ci_monitor: poll 7/180 pending after 86s; sleeping 10s
ci_monitor: CI status query #8 in progress after 96s
ci_monitor: poll 8/180 pending after 100s; sleeping 10s
ci_monitor: CI status query #9 in progress after 110s
ci_monitor: CI pass after 114s -> rebase
ship.py: rebase: Flush+Push
