=== larch-quiet-cli.py-11908.log ===
=== larch-quiet-cli.py-25969.log ===
=== larch-quiet-cli.py-45473.log ===
=== larch-quiet-cli.py-9511.log ===
=== larch-quiet-read-session-env-key.sh-26648.log ===
=== larch-quiet-read-session-env-key.sh-36745.log ===
=== larch-quiet-read-session-env-key.sh-36747.log ===
=== larch-quiet-read-session-env-key.sh-36749.log ===
=== larch-quiet-sessionstart-health.sh-37306.log ===
=== larch-quiet-ship.py-40175.log ===
ship.py: pr-prep: postbump/Flush+Push
ship.py: pr-create: PR
ship.py: post-ensure-pr: Push
ci_monitor: CI status query #1 in progress after 0s
ci_monitor: poll 1/180 pending after 4s; sleeping 10s
ci_monitor: CI status query #2 in progress after 14s
ci_monitor: poll 2/180 pending after 18s; sleeping 10s
ci_monitor: CI status query #3 in progress after 28s
ci_monitor: poll 3/180 pending after 31s; sleeping 10s
ci_monitor: CI status query #4 in progress after 41s
ci_monitor: poll 4/180 pending after 45s; sleeping 10s
ci_monitor: CI status query #5 in progress after 55s
ci_monitor: poll 5/180 pending after 59s; sleeping 10s
ci_monitor: CI status query #6 in progress after 69s
ci_monitor: poll 6/180 pending after 72s; sleeping 10s
ci_monitor: CI status query #7 in progress after 82s
ci_monitor: CI fail after 86s -> evaluate_failure
=== larch-quiet-tracking-issue-upsert-summary-45798.log ===
