=== larch-quiet-check-review-changes.sh-683.log ===
=== larch-quiet-degraded-tools-gate.sh-45783.log ===
=== larch-quiet-design-postplan-emit.sh-62326.log ===
=== larch-quiet-design-postplan-emit.sh-62495.log ===
=== larch-quiet-git-current-branch.sh-46132.log ===
=== larch-quiet-read-session-env-key.sh-27153.log ===
=== larch-quiet-read-session-env-key.sh-27218.log ===
=== larch-quiet-read-session-env-key.sh-27262.log ===
=== larch-quiet-read-session-env-key.sh-425.log ===
=== larch-quiet-read-session-env-key.sh-518.log ===
=== larch-quiet-read-session-env-key.sh-56301.log ===
=== larch-quiet-read-session-env-key.sh-56427.log ===
=== larch-quiet-read-session-env-key.sh-56539.log ===
=== larch-quiet-read-session-env-key.sh-579.log ===
=== larch-quiet-read-session-env-key.sh-68795.log ===
=== larch-quiet-read-session-env-key.sh-68844.log ===
=== larch-quiet-read-session-env-key.sh-68888.log ===
=== larch-quiet-run-relevant-checks-captured.sh-56627.log ===
SKIPPED_NON_CANONICAL: scripts/test-design-structure.sh:1395: assertion shape not in v1 grammar
SKIPPED_NON_CANONICAL: scripts/test-design-structure.sh:1396: assertion shape not in v1 grammar
=== larch-quiet-run-relevant-checks-captured.sh-6931.log ===
SKIPPED_NON_CANONICAL: scripts/test-design-structure.sh:1395: assertion shape not in v1 grammar
SKIPPED_NON_CANONICAL: scripts/test-design-structure.sh:1396: assertion shape not in v1 grammar
=== larch-quiet-step-7a.sh-49006.log ===
FLUSH_STATUS=ok
RECORDS=1
APPEND_LOG_FILE=<TMPDIR>/flush-execution-issues-append.K5FbUr
=== larch-quiet-step2-implement.sh-69102.log ===
=== larch-quiet-timing-ledger.sh-22319.log ===
=== larch-quiet-timing-ledger.sh-68947.log ===
=== larch-quiet-token-ledger.sh-22193.log ===
