=== larch-quiet-cli.py-1797.log ===
=== larch-quiet-cli.py-21667.log ===
=== larch-quiet-cli.py-21766.log ===
=== larch-quiet-cli.py-5464.log ===
=== larch-quiet-cli.py-60189.log ===
=== larch-quiet-cli.py-64851.log ===
=== larch-quiet-cli.py-9265.log ===
=== larch-quiet-read-session-env-key.sh-78117.log ===
=== larch-quiet-read-session-env-key.sh-78120.log ===
=== larch-quiet-read-session-env-key.sh-78123.log ===
=== larch-quiet-read-session-env-key.sh-94307.log ===
read-session-env-key.sh: --file is required
=== larch-quiet-read-session-env-key.sh-94308.log ===
read-session-env-key.sh: --file is required
=== larch-quiet-scout-plan-archetypes-wrapper.sh-61314.log ===
=== larch-quiet-sessionstart-health.sh-78803.log ===
=== larch-quiet-sessionstart-health.sh-81703.log ===
=== larch-quiet-sessionstart-health.sh-82866.log ===
=== larch-quiet-ship.py-87988.log ===
=== larch-quiet-tracking-issue-upsert-summary-21868.log ===
