=== larch-quiet-check-review-changes.sh-57166.log ===
=== larch-quiet-degraded-tools-gate.sh-44526.log ===
=== larch-quiet-git-current-branch.sh-64797.log ===
=== larch-quiet-lint-fix-loop.sh-77300.log ===
[sergey-zhupanov/implementing-further-factoring-out-imple-3292 726fc19ec] Apply relevant-checks fixes (Step 3)
 2 files changed, 2 insertions(+), 1 deletion(-)
=== larch-quiet-read-session-env-key.sh-1003.log ===
=== larch-quiet-read-session-env-key.sh-2138.log ===
=== larch-quiet-read-session-env-key.sh-2158.log ===
=== larch-quiet-read-session-env-key.sh-2172.log ===
=== larch-quiet-read-session-env-key.sh-44480.log ===
=== larch-quiet-read-session-env-key.sh-44498.log ===
=== larch-quiet-read-session-env-key.sh-44514.log ===
=== larch-quiet-read-session-env-key.sh-45088.log ===
=== larch-quiet-read-session-env-key.sh-45099.log ===
=== larch-quiet-read-session-env-key.sh-45110.log ===
=== larch-quiet-read-session-env-key.sh-57133.log ===
=== larch-quiet-read-session-env-key.sh-57144.log ===
=== larch-quiet-read-session-env-key.sh-57155.log ===
=== larch-quiet-read-session-env-key.sh-65473.log ===
=== larch-quiet-read-session-env-key.sh-65484.log ===
=== larch-quiet-read-session-env-key.sh-65495.log ===
=== larch-quiet-read-session-env-key.sh-67461.log ===
=== larch-quiet-read-session-env-key.sh-67472.log ===
=== larch-quiet-read-session-env-key.sh-67483.log ===
=== larch-quiet-read-session-env-key.sh-978.log ===
=== larch-quiet-read-session-env-key.sh-989.log ===
=== larch-quiet-run-relevant-checks-captured.sh-57270.log ===
=== larch-quiet-run-relevant-checks-captured.sh-65505.log ===
=== larch-quiet-run-relevant-checks-captured.sh-79545.log ===
=== larch-quiet-step-7a.sh-67708.log ===
FLUSH_STATUS=ok
RECORDS=1
APPEND_LOG_FILE=<TMPDIR>/flush-execution-issues-append.OMuVwR
=== larch-quiet-step2-implement.sh-45183.log ===
=== larch-quiet-timing-ledger.sh-2217.log ===
=== larch-quiet-timing-ledger.sh-45144.log ===
=== larch-quiet-token-ledger.sh-2184.log ===
=== larch-quiet-token-ledger.sh-45120.log ===
