=== larch-quiet-check-review-changes.sh-83578.log ===
=== larch-quiet-commit-review-fixes.sh-34865.log ===
[sergey-zhupanov/implementing-oos-gate-a-b-trailer-preser-3204 72413943a] Fix ship-pr append_tool_failure_local deadlock and document review-and-fix untracked residue
 2 files changed, 5 insertions(+), 3 deletions(-)
=== larch-quiet-commit-review-fixes.sh-48336.log ===
[sergey-zhupanov/implementing-oos-gate-a-b-trailer-preser-3204 1946a9102] Address code review feedback
 1 file changed, 11 insertions(+)
=== larch-quiet-git-current-branch.sh-73698.log ===
=== larch-quiet-read-session-env-key.sh-28264.log ===
=== larch-quiet-read-session-env-key.sh-28341.log ===
=== larch-quiet-read-session-env-key.sh-28407.log ===
=== larch-quiet-read-session-env-key.sh-36173.log ===
=== larch-quiet-read-session-env-key.sh-36242.log ===
=== larch-quiet-read-session-env-key.sh-36306.log ===
=== larch-quiet-read-session-env-key.sh-38292.log ===
=== larch-quiet-read-session-env-key.sh-38307.log ===
=== larch-quiet-read-session-env-key.sh-39398.log ===
=== larch-quiet-read-session-env-key.sh-39409.log ===
=== larch-quiet-read-session-env-key.sh-40186.log ===
=== larch-quiet-read-session-env-key.sh-40198.log ===
=== larch-quiet-read-session-env-key.sh-42041.log ===
=== larch-quiet-read-session-env-key.sh-42052.log ===
=== larch-quiet-read-session-env-key.sh-42063.log ===
=== larch-quiet-read-session-env-key.sh-50920.log ===
=== larch-quiet-read-session-env-key.sh-50931.log ===
=== larch-quiet-read-session-env-key.sh-50942.log ===
=== larch-quiet-read-session-env-key.sh-65514.log ===
=== larch-quiet-read-session-env-key.sh-65636.log ===
=== larch-quiet-read-session-env-key.sh-65812.log ===
=== larch-quiet-read-session-env-key.sh-66624.log ===
=== larch-quiet-read-session-env-key.sh-66856.log ===
=== larch-quiet-read-session-env-key.sh-66935.log ===
=== larch-quiet-read-session-env-key.sh-83068.log ===
=== larch-quiet-read-session-env-key.sh-83175.log ===
=== larch-quiet-read-session-env-key.sh-83274.log ===
=== larch-quiet-read-session-env-key.sh-94696.log ===
=== larch-quiet-read-session-env-key.sh-94974.log ===
=== larch-quiet-read-session-env-key.sh-95377.log ===
=== larch-quiet-read-session-env-key.sh-95818.log ===
=== larch-quiet-read-session-env-key.sh-95888.log ===
=== larch-quiet-read-session-env-key.sh-95943.log ===
=== larch-quiet-rebase-push.sh-84930.log ===
=== larch-quiet-run-relevant-checks-captured.sh-50952.log ===
SKIPPED_NON_CANONICAL: scripts/test-design-structure.sh:948: assertion shape not in v1 grammar
SKIPPED_NON_CANONICAL: scripts/test-design-structure.sh:949: assertion shape not in v1 grammar
=== larch-quiet-run-relevant-checks-captured.sh-77703.log ===
SKIPPED_NON_CANONICAL: scripts/test-design-structure.sh:948: assertion shape not in v1 grammar
SKIPPED_NON_CANONICAL: scripts/test-design-structure.sh:949: assertion shape not in v1 grammar
=== larch-quiet-run-relevant-checks-captured.sh-83343.log ===
SKIPPED_NON_CANONICAL: scripts/test-design-structure.sh:948: assertion shape not in v1 grammar
SKIPPED_NON_CANONICAL: scripts/test-design-structure.sh:949: assertion shape not in v1 grammar
=== larch-quiet-run-relevant-checks-captured.sh-95544.log ===
SKIPPED_NON_CANONICAL: scripts/test-design-structure.sh:948: assertion shape not in v1 grammar
SKIPPED_NON_CANONICAL: scripts/test-design-structure.sh:949: assertion shape not in v1 grammar
=== larch-quiet-step-7a.sh-65900.log ===
FLUSH_STATUS=ok
RECORDS=1
APPEND_LOG_FILE=<TMPDIR>/flush-execution-issues-append.c0sNRt
=== larch-quiet-step2-implement.sh-73310.log ===
=== larch-quiet-timing-ledger.sh-28577.log ===
=== larch-quiet-timing-ledger.sh-36473.log ===
=== larch-quiet-timing-ledger.sh-38385.log ===
=== larch-quiet-timing-ledger.sh-39443.log ===
=== larch-quiet-timing-ledger.sh-42097.log ===
=== larch-quiet-timing-ledger.sh-67032.log ===
=== larch-quiet-token-ledger.sh-28466.log ===
=== larch-quiet-token-ledger.sh-36362.log ===
=== larch-quiet-token-ledger.sh-38335.log ===
=== larch-quiet-token-ledger.sh-39419.log ===
=== larch-quiet-token-ledger.sh-42073.log ===
=== larch-quiet-token-report.sh-42128.log ===
=== larch-quiet-write-final-report.sh-39474.log ===
COMMENT_URL=https://github.com/character-ai/larch/issues/3204#issuecomment-4583498226
STATUS=ok
=== larch-quiet-write-final-report.sh-42174.log ===
=== larch-quiet-write-rejected-findings.sh-38422.log ===
