=== larch-quiet-cli.py-11919.log ===
=== larch-quiet-cli.py-17688.log ===
=== larch-quiet-cli.py-19924.log ===
=== larch-quiet-cli.py-23493.log ===
=== larch-quiet-cli.py-24589.log ===
=== larch-quiet-cli.py-30934.log ===
=== larch-quiet-cli.py-36784.log ===
=== larch-quiet-cli.py-44655.log ===
=== larch-quiet-cli.py-52488.log ===
=== larch-quiet-cli.py-65032.log ===
=== larch-quiet-cli.py-667.log ===
=== larch-quiet-read-session-env-key.sh-34444.log ===
=== larch-quiet-read-session-env-key.sh-34451.log ===
=== larch-quiet-read-session-env-key.sh-34453.log ===
=== larch-quiet-scout-plan-archetypes-wrapper.sh-16465.log ===
=== larch-quiet-sessionstart-health.sh-36912.log ===
=== larch-quiet-sessionstart-health.sh-41822.log ===
=== larch-quiet-sessionstart-health.sh-48222.log ===
=== larch-quiet-sessionstart-health.sh-50030.log ===
=== larch-quiet-ship.py-91692.log ===
=== larch-quiet-tracking-issue-upsert-summary-32348.log ===
