=== larch-quiet-check-contains-pins.sh-61582.log ===

=== larch-quiet-check-review-changes.sh-6885.log ===

=== larch-quiet-cli.py-459.log ===

=== larch-quiet-cli.py-46977.log ===

=== larch-quiet-degraded-tools-gate.sh-61528.log ===

=== larch-quiet-emit-tally.sh-37550.log ===

=== larch-quiet-emit-tally.sh-37671.log ===

=== larch-quiet-emit-tally.sh-37778.log ===

=== larch-quiet-emit-tally.sh-37863.log ===

=== larch-quiet-emit-tally.sh-37947.log ===
emit-tally.sh: OOS_ACCEPTED_COUNT=1 but accepted sink has no non-security blocks and oos.md is absent

=== larch-quiet-emit-tally.sh-38053.log ===

=== larch-quiet-emit-tally.sh-38164.log ===

=== larch-quiet-emit-tally.sh-38265.log ===
emit-tally.sh: warning: OOS_ACCEPTED_COUNT=1 but accepted sink has 0 non-security block(s); rebuilding from oos.md

=== larch-quiet-emit-tally.sh-38407.log ===
emit-tally.sh: OOS_ACCEPTED_COUNT=2 but accepted sink has 1 non-security block(s); refusing destructive rebuild

=== larch-quiet-emit-tally.sh-38540.log ===
emit-tally.sh: OOS_ACCEPTED_COUNT=2 but accepted sink has 1 non-security block(s); refusing destructive rebuild

=== larch-quiet-emit-tally.sh-38665.log ===

=== larch-quiet-emit-tally.sh-38824.log ===

=== larch-quiet-emit-tally.sh-39341.log ===

=== larch-quiet-emit-tally.sh-39863.log ===

=== larch-quiet-emit-tally.sh-39948.log ===

=== larch-quiet-git-current-branch.sh-61713.log ===

=== larch-quiet-read-session-env-key.sh-61249.log ===

=== larch-quiet-read-session-env-key.sh-61319.log ===

=== larch-quiet-read-session-env-key.sh-61377.log ===

=== larch-quiet-read-session-env-key.sh-61455.log ===

=== larch-quiet-read-session-env-key.sh-66596.log ===

=== larch-quiet-read-session-env-key.sh-66715.log ===

=== larch-quiet-read-session-env-key.sh-66823.log ===

=== larch-quiet-read-session-env-key.sh-6791.log ===

=== larch-quiet-read-session-env-key.sh-6827.log ===

=== larch-quiet-read-session-env-key.sh-6853.log ===

=== larch-quiet-read-session-env-key.sh-70713.log ===

=== larch-quiet-read-session-env-key.sh-70782.log ===

=== larch-quiet-read-session-env-key.sh-70856.log ===

=== larch-quiet-read-session-env-key.sh-70951.log ===

=== larch-quiet-read-session-env-key.sh-71041.log ===

=== larch-quiet-read-session-env-key.sh-81577.log ===

=== larch-quiet-read-session-env-key.sh-81621.log ===

=== larch-quiet-read-session-env-key.sh-81657.log ===

=== larch-quiet-run-relevant-checks-captured.sh-67090.log ===

=== larch-quiet-step-7a.sh-11163.log ===
FLUSH_STATUS=ok
RECORDS=1
APPEND_LOG_FILE=<TMPDIR>/flush-execution-issues-append.PXV55D

=== larch-quiet-step2-implement.sh-74358.log ===

=== larch-quiet-tally-code-votes.sh-38918.log ===

=== larch-quiet-tally-code-votes.sh-39437.log ===

=== larch-quiet-tally-code-votes.sh-42717.log ===
parse-judge-vote-and-rating.sh: voter file is missing or unreadable: /var/folders/dw/kg5dyxc91t973n1j620gr8480000gn/T//test-tally-code-votes.pxWDv6/case_parser_failure_warn/missing-vote-output.txt

=== larch-quiet-timing-ledger.sh-71143.log ===

=== larch-quiet-timing-ledger.sh-81766.log ===

=== larch-quiet-token-ledger.sh-81708.log ===

