=== larch-quiet-check-review-changes.sh-69930.log ===
=== larch-quiet-commit-review-fixes.sh-26026.log ===
[sergey-zhupanov/implementing-bug-urgent-review-fixes-cod-3272 2fad4a9ba] Address code review feedback
 2 files changed, 2 insertions(+), 1 deletion(-)
=== larch-quiet-git-current-branch.sh-86529.log ===
=== larch-quiet-read-session-env-key.sh-19915.log ===
=== larch-quiet-read-session-env-key.sh-19940.log ===
=== larch-quiet-read-session-env-key.sh-19985.log ===
=== larch-quiet-read-session-env-key.sh-22731.log ===
=== larch-quiet-read-session-env-key.sh-22742.log ===
=== larch-quiet-read-session-env-key.sh-22767.log ===
=== larch-quiet-read-session-env-key.sh-24995.log ===
=== larch-quiet-read-session-env-key.sh-25018.log ===
=== larch-quiet-read-session-env-key.sh-25035.log ===
=== larch-quiet-read-session-env-key.sh-27486.log ===
=== larch-quiet-read-session-env-key.sh-27503.log ===
=== larch-quiet-read-session-env-key.sh-27514.log ===
=== larch-quiet-read-session-env-key.sh-31372.log ===
=== larch-quiet-read-session-env-key.sh-31384.log ===
=== larch-quiet-read-session-env-key.sh-31395.log ===
=== larch-quiet-read-session-env-key.sh-42805.log ===
=== larch-quiet-read-session-env-key.sh-42834.log ===
=== larch-quiet-read-session-env-key.sh-42845.log ===
=== larch-quiet-read-session-env-key.sh-68207.log ===
=== larch-quiet-read-session-env-key.sh-68218.log ===
=== larch-quiet-read-session-env-key.sh-68229.log ===
=== larch-quiet-read-session-env-key.sh-69873.log ===
=== larch-quiet-read-session-env-key.sh-69886.log ===
=== larch-quiet-read-session-env-key.sh-69910.log ===
=== larch-quiet-read-session-env-key.sh-71543.log ===
=== larch-quiet-read-session-env-key.sh-71555.log ===
=== larch-quiet-read-session-env-key.sh-71566.log ===
=== larch-quiet-read-session-env-key.sh-75405.log ===
=== larch-quiet-read-session-env-key.sh-75461.log ===
=== larch-quiet-read-session-env-key.sh-75506.log ===
=== larch-quiet-read-session-env-key.sh-79883.log ===
=== larch-quiet-read-session-env-key.sh-79915.log ===
=== larch-quiet-read-session-env-key.sh-79955.log ===
=== larch-quiet-read-session-env-key.sh-91412.log ===
=== larch-quiet-read-session-env-key.sh-91442.log ===
=== larch-quiet-read-session-env-key.sh-91480.log ===
=== larch-quiet-run-relevant-checks-captured.sh-71585.log ===
SKIPPED_NON_CANONICAL: scripts/test-design-structure.sh:977: assertion shape not in v1 grammar
SKIPPED_NON_CANONICAL: scripts/test-design-structure.sh:978: assertion shape not in v1 grammar
=== larch-quiet-run-relevant-checks-captured.sh-91507.log ===
=== larch-quiet-step-7a.sh-31419.log ===
FLUSH_STATUS=ok
RECORDS=1
APPEND_LOG_FILE=<TMPDIR>/flush-execution-issues-append.f5Yx9p
=== larch-quiet-step2-implement.sh-80020.log ===
=== larch-quiet-timing-ledger.sh-27584.log ===
=== larch-quiet-timing-ledger.sh-75642.log ===
=== larch-quiet-token-ledger.sh-27524.log ===
=== larch-quiet-token-ledger.sh-75543.log ===
