=== larch-quiet-cli.py-1018.log ===
=== larch-quiet-cli.py-14694.log ===
=== larch-quiet-cli.py-17329.log ===
=== larch-quiet-cli.py-23497.log ===
=== larch-quiet-cli.py-23999.log ===
=== larch-quiet-cli.py-2758.log ===
=== larch-quiet-cli.py-37806.log ===
=== larch-quiet-cli.py-393.log ===
=== larch-quiet-cli.py-44086.log ===
=== larch-quiet-cli.py-5675.log ===
=== larch-quiet-cli.py-62793.log ===
=== larch-quiet-cli.py-77530.log ===
=== larch-quiet-cli.py-91366.log ===
=== larch-quiet-read-session-env-key.sh-1172.log ===
=== larch-quiet-read-session-env-key.sh-1181.log ===
=== larch-quiet-read-session-env-key.sh-1184.log ===
=== larch-quiet-read-session-env-key.sh-61100.log ===
=== larch-quiet-read-session-env-key.sh-61111.log ===
=== larch-quiet-read-session-env-key.sh-61114.log ===
=== larch-quiet-scout-plan-archetypes-wrapper.sh-16004.log ===
=== larch-quiet-sessionstart-health.sh-48451.log ===
=== larch-quiet-sessionstart-health.sh-52434.log ===
=== larch-quiet-sessionstart-health.sh-53078.log ===
=== larch-quiet-ship.py-59123.log ===
=== larch-quiet-tracking-issue-upsert-summary-1905.log ===
