=== larch-quiet-check-contains-pins.sh-36438.log ===

=== larch-quiet-check-contains-pins.sh-41924.log ===

=== larch-quiet-check-contains-pins.sh-68911.log ===

=== larch-quiet-check-contains-pins.sh-80708.log ===

=== larch-quiet-check-review-changes.sh-99489.log ===

=== larch-quiet-cli.py-18759.log ===

=== larch-quiet-cli.py-21323.log ===

=== larch-quiet-cli.py-24402.log ===

=== larch-quiet-cli.py-54203.log ===

=== larch-quiet-cli.py-65866.log ===

=== larch-quiet-degraded-tools-gate.sh-29989.log ===

=== larch-quiet-git-current-branch.sh-92842.log ===

=== larch-quiet-read-session-env-key.sh-29875.log ===

=== larch-quiet-read-session-env-key.sh-29902.log ===

=== larch-quiet-read-session-env-key.sh-29932.log ===

=== larch-quiet-read-session-env-key.sh-29962.log ===

=== larch-quiet-read-session-env-key.sh-37541.log ===

=== larch-quiet-read-session-env-key.sh-37631.log ===

=== larch-quiet-read-session-env-key.sh-37664.log ===

=== larch-quiet-read-session-env-key.sh-37697.log ===

=== larch-quiet-read-session-env-key.sh-43665.log ===

=== larch-quiet-read-session-env-key.sh-43694.log ===

=== larch-quiet-read-session-env-key.sh-43722.log ===

=== larch-quiet-read-session-env-key.sh-51279.log ===

=== larch-quiet-read-session-env-key.sh-51305.log ===

=== larch-quiet-read-session-env-key.sh-59989.log ===

=== larch-quiet-read-session-env-key.sh-60063.log ===

=== larch-quiet-read-session-env-key.sh-60150.log ===

=== larch-quiet-read-session-env-key.sh-97609.log ===

=== larch-quiet-read-session-env-key.sh-97667.log ===

=== larch-quiet-read-session-env-key.sh-97706.log ===

=== larch-quiet-read-session-env-key.sh-99317.log ===

=== larch-quiet-read-session-env-key.sh-99373.log ===

=== larch-quiet-read-session-env-key.sh-99436.log ===

=== larch-quiet-run-relevant-checks-captured.sh-1948.log ===

=== larch-quiet-run-relevant-checks-captured.sh-97746.log ===

=== larch-quiet-step-7a.sh-51338.log ===
FLUSH_STATUS=ok
RECORDS=1
APPEND_LOG_FILE=<TMPDIR>/flush-execution-issues-append.kpmous

=== larch-quiet-step2-implement.sh-40167.log ===

=== larch-quiet-timing-ledger.sh-37731.log ===

=== larch-quiet-timing-ledger.sh-60293.log ===

=== larch-quiet-token-ledger.sh-60212.log ===

