=== larch-quiet-apply-bump.sh-85868.log ===
=== larch-quiet-check-review-changes.sh-90983.log ===
=== larch-quiet-git-current-branch.sh-45040.log ===
=== larch-quiet-lint-fix-loop.sh-42615.log ===
[sergey-zhupanov/implementing-design-plan-size-gate-split-3175 366caa615] Apply relevant-checks fixes (Step 3)
 2 files changed, 7 insertions(+), 7 deletions(-)
=== larch-quiet-read-session-env-key.sh-11001.log ===
=== larch-quiet-read-session-env-key.sh-11018.log ===
=== larch-quiet-read-session-env-key.sh-11036.log ===
=== larch-quiet-read-session-env-key.sh-26354.log ===
=== larch-quiet-read-session-env-key.sh-26366.log ===
=== larch-quiet-read-session-env-key.sh-26378.log ===
=== larch-quiet-read-session-env-key.sh-37960.log ===
=== larch-quiet-read-session-env-key.sh-38003.log ===
=== larch-quiet-read-session-env-key.sh-38027.log ===
=== larch-quiet-read-session-env-key.sh-42756.log ===
=== larch-quiet-read-session-env-key.sh-42767.log ===
=== larch-quiet-read-session-env-key.sh-42778.log ===
=== larch-quiet-read-session-env-key.sh-45521.log ===
=== larch-quiet-read-session-env-key.sh-45615.log ===
=== larch-quiet-read-session-env-key.sh-45898.log ===
=== larch-quiet-read-session-env-key.sh-56662.log ===
=== larch-quiet-read-session-env-key.sh-56685.log ===
=== larch-quiet-read-session-env-key.sh-56723.log ===
=== larch-quiet-read-session-env-key.sh-58073.log ===
=== larch-quiet-read-session-env-key.sh-58122.log ===
=== larch-quiet-read-session-env-key.sh-58168.log ===
=== larch-quiet-read-session-env-key.sh-81888.log ===
=== larch-quiet-read-session-env-key.sh-81899.log ===
=== larch-quiet-read-session-env-key.sh-81910.log ===
=== larch-quiet-read-session-env-key.sh-82483.log ===
=== larch-quiet-read-session-env-key.sh-82494.log ===
=== larch-quiet-read-session-env-key.sh-82505.log ===
=== larch-quiet-read-session-env-key.sh-87179.log ===
=== larch-quiet-read-session-env-key.sh-87217.log ===
=== larch-quiet-read-session-env-key.sh-87249.log ===
=== larch-quiet-read-session-env-key.sh-90906.log ===
=== larch-quiet-read-session-env-key.sh-90936.log ===
=== larch-quiet-read-session-env-key.sh-90954.log ===
=== larch-quiet-read-session-env-key.sh-95093.log ===
=== larch-quiet-read-session-env-key.sh-95118.log ===
=== larch-quiet-read-session-env-key.sh-95142.log ===
=== larch-quiet-run-relevant-checks-captured.sh-58211.log ===
=== larch-quiet-run-relevant-checks-captured.sh-87280.log ===
SKIPPED_NON_CANONICAL: scripts/test-design-structure.sh:898: assertion shape not in v1 grammar
SKIPPED_NON_CANONICAL: scripts/test-design-structure.sh:899: assertion shape not in v1 grammar
=== larch-quiet-run-relevant-checks-captured.sh-95168.log ===
SKIPPED_NON_CANONICAL: scripts/test-design-structure.sh:925: assertion shape not in v1 grammar
SKIPPED_NON_CANONICAL: scripts/test-design-structure.sh:926: assertion shape not in v1 grammar
=== larch-quiet-step-7a.sh-42788.log ===
FLUSH_STATUS=ok
RECORDS=1
APPEND_LOG_FILE=<TMPDIR>/flush-execution-issues-append.9qKZWb
=== larch-quiet-timing-ledger.sh-38175.log ===
=== larch-quiet-timing-ledger.sh-81944.log ===
=== larch-quiet-token-ledger.sh-38063.log ===
=== larch-quiet-token-ledger.sh-81920.log ===
