=== larch-quiet-cli.py-15307.log ===
=== larch-quiet-cli.py-66207.log ===
=== larch-quiet-cli.py-8772.log ===
=== larch-quiet-cli.py-91525.log ===
=== larch-quiet-read-session-env-key.sh-28481.log ===
=== larch-quiet-read-session-env-key.sh-28484.log ===
=== larch-quiet-read-session-env-key.sh-28487.log ===
=== larch-quiet-sessionstart-health.sh-1954.log ===
=== larch-quiet-sessionstart-health.sh-30678.log ===
=== larch-quiet-ship.py-45627.log ===
ship.py: pr-prep: postbump/Flush+Push
ship.py: pr-create: PR
ship.py: post-ensure-pr: Push
ci_monitor: CI status query #1 in progress after 0s
ci_monitor: poll 1/180 pending after 3s; sleeping 10s
ci_monitor: CI status query #2 in progress after 13s
ci_monitor: poll 2/180 pending after 18s; sleeping 10s
ci_monitor: CI status query #3 in progress after 28s
ci_monitor: poll 3/180 pending after 32s; sleeping 10s
ci_monitor: CI status query #4 in progress after 42s
ci_monitor: poll 4/180 pending after 46s; sleeping 10s
ci_monitor: CI status query #5 in progress after 56s
ci_monitor: poll 5/180 pending after 60s; sleeping 10s
ci_monitor: CI status query #6 in progress after 70s
ci_monitor: CI fail after 75s -> evaluate_failure
