=== larch-quiet-check-review-changes.sh-56703.log ===
=== larch-quiet-git-current-branch.sh-78617.log ===
=== larch-quiet-read-session-env-key.sh-20772.log ===
=== larch-quiet-read-session-env-key.sh-20823.log ===
=== larch-quiet-read-session-env-key.sh-20869.log ===
=== larch-quiet-read-session-env-key.sh-3751.log ===
=== larch-quiet-read-session-env-key.sh-52209.log ===
=== larch-quiet-read-session-env-key.sh-52251.log ===
=== larch-quiet-read-session-env-key.sh-52296.log ===
=== larch-quiet-read-session-env-key.sh-56570.log ===
=== larch-quiet-read-session-env-key.sh-56620.log ===
=== larch-quiet-read-session-env-key.sh-56661.log ===
=== larch-quiet-read-session-env-key.sh-60870.log ===
=== larch-quiet-read-session-env-key.sh-60927.log ===
=== larch-quiet-read-session-env-key.sh-60979.log ===
=== larch-quiet-read-session-env-key.sh-90634.log ===
=== larch-quiet-read-session-env-key.sh-90695.log ===
=== larch-quiet-read-session-env-key.sh-90748.log ===
=== larch-quiet-read-session-env-key.sh-90797.log ===
=== larch-quiet-read-session-env-key.sh-94032.log ===
=== larch-quiet-read-session-env-key.sh-94078.log ===
=== larch-quiet-read-session-env-key.sh-94124.log ===
=== larch-quiet-read-session-env-key.sh-95359.log ===
=== larch-quiet-read-session-env-key.sh-95411.log ===
=== larch-quiet-read-session-env-key.sh-95463.log ===
=== larch-quiet-run-relevant-checks-captured.sh-64069.log ===
=== larch-quiet-run-relevant-checks-captured.sh-95513.log ===
=== larch-quiet-step-7a.sh-52340.log ===
FLUSH_STATUS=ok
RECORDS=1
APPEND_LOG_FILE=<TMPDIR>/flush-execution-issues-append.EBdTMm
=== larch-quiet-timing-ledger.sh-90848.log ===
=== larch-quiet-timing-ledger.sh-94291.log ===
=== larch-quiet-token-ledger.sh-94172.log ===
