PUBLISH_RC=4
PLAN_WRITE_OK=false
PUBLISH_OK=
STANDALONE_HEAVY_FAILED=
SESSION_ID=3DD78DF4-93CF-4F56-B79F-9A7CE2CF48B2
PUBLISH_STDOUT_FALLBACK=true
VALIDATE_STATUS=defects-found
VALIDATE_DEFECT_COUNT=1
VALIDATE_SKIPPED_COUNT=0
VALIDATE_UNSAFE_TOKEN_COUNT=0
VALIDATE_MISSING_SCRIPT_COUNT=0
VALIDATE_LOG_FILE=
PUBLISH_REFUSE_REASON=oversize-no-override
ARCH_INVARIANT_ASSESSMENT_REQUIRED=
ARCH_INVARIANT_ASSESSMENT_PRESENT=
ARCH_INVARIANT_ASSESSMENT_STATUS=
ARCH_INVARIANT_ASSESSMENT_ARTIFACT=
ARCH_GUIDE_ASSESSMENT_REQUIRED=
ARCH_GUIDE_ASSESSMENT_PRESENT=
ARCH_GUIDE_ASSESSMENT_STATUS=
ARCH_GUIDE_ASSESSMENT_ARTIFACT=
FINAL_SUMMARY_PATH=<TMPDIR>/final-summary.md
UPSERT_STATUS=
ARCHITECTURE_SOURCE=
CLEANUP_ELIGIBLE=false
STEP5C_STATUS=validator-defects
