=== larch-quiet-check-review-changes.sh-31807.log ===
=== larch-quiet-git-current-branch.sh-27659.log ===
=== larch-quiet-read-session-env-key.sh-30064.log ===
=== larch-quiet-read-session-env-key.sh-30075.log ===
=== larch-quiet-read-session-env-key.sh-30086.log ===
=== larch-quiet-read-session-env-key.sh-31672.log ===
=== larch-quiet-read-session-env-key.sh-31711.log ===
=== larch-quiet-read-session-env-key.sh-31759.log ===
=== larch-quiet-read-session-env-key.sh-51019.log ===
=== larch-quiet-read-session-env-key.sh-51044.log ===
=== larch-quiet-read-session-env-key.sh-51081.log ===
=== larch-quiet-read-session-env-key.sh-60655.log ===
=== larch-quiet-read-session-env-key.sh-60688.log ===
=== larch-quiet-read-session-env-key.sh-60725.log ===
=== larch-quiet-read-session-env-key.sh-74172.log ===
=== larch-quiet-read-session-env-key.sh-74184.log ===
=== larch-quiet-read-session-env-key.sh-74195.log ===
=== larch-quiet-read-session-env-key.sh-90160.log ===
=== larch-quiet-read-session-env-key.sh-90183.log ===
=== larch-quiet-read-session-env-key.sh-90203.log ===
=== larch-quiet-read-session-env-key.sh-94595.log ===
=== larch-quiet-read-session-env-key.sh-94625.log ===
=== larch-quiet-read-session-env-key.sh-94665.log ===
=== larch-quiet-read-session-env-key.sh-94677.log ===
=== larch-quiet-read-session-env-key.sh-94695.log ===
=== larch-quiet-read-session-env-key.sh-94711.log ===
=== larch-quiet-read-session-env-key.sh-96983.log ===
=== larch-quiet-read-session-env-key.sh-97015.log ===
=== larch-quiet-read-session-env-key.sh-97060.log ===
=== larch-quiet-read-session-env-key.sh-98067.log ===
=== larch-quiet-read-session-env-key.sh-98108.log ===
=== larch-quiet-read-session-env-key.sh-98136.log ===
=== larch-quiet-run-relevant-checks-captured.sh-30097.log ===
=== larch-quiet-run-relevant-checks-captured.sh-36503.log ===
=== larch-quiet-step-7a.sh-94726.log ===
APPENDED=true
LOG=<TMPDIR>/execution-issues.md
=== larch-quiet-timing-ledger.sh-60819.log ===
=== larch-quiet-timing-ledger.sh-74230.log ===
=== larch-quiet-token-ledger.sh-60753.log ===
=== larch-quiet-token-ledger.sh-74206.log ===
