=== larch-quiet-check-contains-pins.sh-35626.log ===

=== larch-quiet-check-contains-pins.sh-51178.log ===
UNRESOLVED_VAR: skills/design/scripts/test-review-design-step3-loop.sh:112: could not resolve $out
UNRESOLVED_VAR: skills/design/scripts/test-review-design-step3-loop.sh:125: could not resolve $out
UNRESOLVED_VAR: skills/design/scripts/test-review-design-step3-loop.sh:136: could not resolve $out
UNRESOLVED_VAR: skills/design/scripts/test-review-design-step3-loop.sh:137: could not resolve $out
UNRESOLVED_VAR: skills/design/scripts/test-review-design-step3-loop.sh:138: could not resolve $out
UNRESOLVED_VAR: skills/design/scripts/test-review-design-step3-loop.sh:164: could not resolve $out
UNRESOLVED_VAR: skills/design/scripts/test-review-design-step3-loop.sh:165: could not resolve $out
UNRESOLVED_VAR: skills/design/scripts/test-review-design-step3-loop.sh:194: could not resolve $out
SKIPPED_NON_CANONICAL: skills/design/scripts/test-review-design-step3-loop.sh:195: assertion shape not in v1 grammar
UNRESOLVED_VAR: skills/design/scripts/test-review-design-step3-loop.sh:221: could not resolve $out
UNRESOLVED_VAR: skills/design/scripts/test-review-design-step3-loop.sh:222: could not resolve $out
UNRESOLVED_VAR: skills/design/scripts/test-review-design-step3-loop.sh:256: could not resolve $out
UNRESOLVED_VAR: skills/design/scripts/test-review-design-step3-loop.sh:276: could not resolve $out
UNRESOLVED_VAR: skills/design/scripts/test-review-design-step3-loop.sh:277: could not resolve $out
UNRESOLVED_VAR: skills/design/scripts/test-review-design-step3-loop.sh:298: could not resolve $out
UNRESOLVED_VAR: skills/design/scripts/test-review-design-step3-loop.sh:322: could not resolve $out
UNRESOLVED_VAR: skills/design/scripts/test-review-design-step3-loop.sh:323: could not resolve $out
UNRESOLVED_VAR: skills/design/scripts/test-review-design-step3-loop.sh:358: could not resolve $out
UNRESOLVED_VAR: skills/design/scripts/test-review-design-step3-loop.sh:384: could not resolve $out
UNRESOLVED_VAR: skills/design/scripts/test-review-design-step3-loop.sh:410: could not resolve $out
UNRESOLVED_VAR: skills/design/scripts/test-review-design-step3-loop.sh:438: could not resolve $out

=== larch-quiet-check-contains-pins.sh-56225.log ===
UNRESOLVED_VAR: skills/design/scripts/test-review-design-step3-loop.sh:112: could not resolve $out
UNRESOLVED_VAR: skills/design/scripts/test-review-design-step3-loop.sh:125: could not resolve $out
UNRESOLVED_VAR: skills/design/scripts/test-review-design-step3-loop.sh:136: could not resolve $out
UNRESOLVED_VAR: skills/design/scripts/test-review-design-step3-loop.sh:137: could not resolve $out
UNRESOLVED_VAR: skills/design/scripts/test-review-design-step3-loop.sh:138: could not resolve $out
UNRESOLVED_VAR: skills/design/scripts/test-review-design-step3-loop.sh:164: could not resolve $out
UNRESOLVED_VAR: skills/design/scripts/test-review-design-step3-loop.sh:165: could not resolve $out
UNRESOLVED_VAR: skills/design/scripts/test-review-design-step3-loop.sh:194: could not resolve $out
SKIPPED_NON_CANONICAL: skills/design/scripts/test-review-design-step3-loop.sh:195: assertion shape not in v1 grammar
UNRESOLVED_VAR: skills/design/scripts/test-review-design-step3-loop.sh:221: could not resolve $out
UNRESOLVED_VAR: skills/design/scripts/test-review-design-step3-loop.sh:222: could not resolve $out
UNRESOLVED_VAR: skills/design/scripts/test-review-design-step3-loop.sh:256: could not resolve $out
UNRESOLVED_VAR: skills/design/scripts/test-review-design-step3-loop.sh:276: could not resolve $out
UNRESOLVED_VAR: skills/design/scripts/test-review-design-step3-loop.sh:277: could not resolve $out
UNRESOLVED_VAR: skills/design/scripts/test-review-design-step3-loop.sh:298: could not resolve $out
UNRESOLVED_VAR: skills/design/scripts/test-review-design-step3-loop.sh:322: could not resolve $out
UNRESOLVED_VAR: skills/design/scripts/test-review-design-step3-loop.sh:323: could not resolve $out
UNRESOLVED_VAR: skills/design/scripts/test-review-design-step3-loop.sh:358: could not resolve $out
UNRESOLVED_VAR: skills/design/scripts/test-review-design-step3-loop.sh:384: could not resolve $out
UNRESOLVED_VAR: skills/design/scripts/test-review-design-step3-loop.sh:410: could not resolve $out
UNRESOLVED_VAR: skills/design/scripts/test-review-design-step3-loop.sh:438: could not resolve $out

=== larch-quiet-check-review-changes.sh-75375.log ===

=== larch-quiet-cli.py-53536.log ===

=== larch-quiet-cli.py-66753.log ===

=== larch-quiet-cli.py-77924.log ===

=== larch-quiet-cli.py-98253.log ===

=== larch-quiet-cli.py-99953.log ===

=== larch-quiet-commit-implementation.sh-45075.log ===
[sergey-zhupanov/implementing-eliminate-design-plan-size-3799 9f6d3315b] Eliminate /design plan-size drift gate (rc=14): log warning, no operator prompt
 10 files changed, 41 insertions(+), 39 deletions(-)

=== larch-quiet-degraded-tools-gate.sh-18591.log ===

=== larch-quiet-design-postplan-emit.sh-37181.log ===

=== larch-quiet-design-postplan-emit.sh-37291.log ===

=== larch-quiet-design-postplan-emit.sh-41938.log ===

=== larch-quiet-design-postplan-emit.sh-45565.log ===

=== larch-quiet-design-postplan-emit.sh-45675.log ===

=== larch-quiet-design-postplan-emit.sh-50748.log ===

=== larch-quiet-design-postplan-emit.sh-56912.log ===

=== larch-quiet-design-postplan-emit.sh-57023.log ===

=== larch-quiet-design-postplan-emit.sh-59002.log ===

=== larch-quiet-design-postplan-emit.sh-59113.log ===

=== larch-quiet-design-postplan-emit.sh-61614.log ===

=== larch-quiet-design-postplan-emit.sh-63706.log ===

=== larch-quiet-read-session-env-key.sh-18444.log ===

=== larch-quiet-read-session-env-key.sh-18487.log ===

=== larch-quiet-read-session-env-key.sh-18527.log ===

=== larch-quiet-read-session-env-key.sh-18559.log ===

=== larch-quiet-read-session-env-key.sh-53918.log ===

=== larch-quiet-read-session-env-key.sh-53958.log ===

=== larch-quiet-read-session-env-key.sh-53990.log ===

=== larch-quiet-read-session-env-key.sh-56696.log ===

=== larch-quiet-read-session-env-key.sh-56725.log ===

=== larch-quiet-read-session-env-key.sh-56758.log ===

=== larch-quiet-read-session-env-key.sh-66421.log ===

=== larch-quiet-read-session-env-key.sh-66451.log ===

=== larch-quiet-run-relevant-checks-captured.sh-19597.log ===

=== larch-quiet-run-relevant-checks-captured.sh-42901.log ===

=== larch-quiet-run-relevant-checks-captured.sh-46219.log ===

=== larch-quiet-run-relevant-checks-captured.sh-78457.log ===

=== larch-quiet-step-7a.sh-66482.log ===
FLUSH_STATUS=ok
RECORDS=1
APPEND_LOG_FILE=<TMPDIR>/flush-execution-issues-append.CV0VZb

=== larch-quiet-timing-ledger.sh-54084.log ===

=== larch-quiet-token-ledger.sh-54022.log ===

