=== larch-quiet-cli.py-26303.log ===
=== larch-quiet-cli.py-30303.log ===
=== larch-quiet-cli.py-31881.log ===
=== larch-quiet-cli.py-61975.log ===
=== larch-quiet-cli.py-66936.log ===
=== larch-quiet-cli.py-68721.log ===
=== larch-quiet-cli.py-69998.log ===
=== larch-quiet-cli.py-73678.log ===
=== larch-quiet-read-session-env-key.sh-74850.log ===
=== larch-quiet-read-session-env-key.sh-95716.log ===
=== larch-quiet-read-session-env-key.sh-95753.log ===
=== larch-quiet-read-session-env-key.sh-95756.log ===
=== larch-quiet-sessionstart-health.sh-1846.log ===
=== larch-quiet-sessionstart-health.sh-2298.log ===
=== larch-quiet-sessionstart-health.sh-97035.log ===
=== larch-quiet-ship.py-37240.log ===
=== larch-quiet-ship.py-74021.log ===
ship.py: pr-create: PR
ship.py: post-ensure-pr: Push
ci_monitor: CI status query #1 in progress after 0s
ci_monitor: poll 1/180 pending after 4s; sleeping 10s
ci_monitor: CI status query #2 in progress after 14s
ci_monitor: poll 2/180 pending after 18s; sleeping 10s
ci_monitor: CI status query #3 in progress after 28s
ci_monitor: poll 3/180 pending after 33s; sleeping 10s
ci_monitor: CI status query #4 in progress after 43s
ci_monitor: poll 4/180 pending after 46s; sleeping 10s
ci_monitor: CI status query #5 in progress after 56s
ci_monitor: poll 5/180 pending after 60s; sleeping 10s
ci_monitor: CI status query #6 in progress after 70s
ci_monitor: poll 6/180 pending after 73s; sleeping 10s
ci_monitor: CI status query #7 in progress after 83s
ci_monitor: CI pass after 87s -> merge
ship.py: merge
=== larch-quiet-ship.py-7704.log ===
=== larch-quiet-ship.py-78007.log ===
=== larch-quiet-tracking-issue-upsert-summary-31668.log ===
=== larch-quiet-tracking-issue-upsert-summary-69963.log ===
