=== larch-quiet-check-review-changes.sh-85048.log ===
=== larch-quiet-read-session-env-key.sh-46152.log ===
=== larch-quiet-read-session-env-key.sh-46207.log ===
=== larch-quiet-read-session-env-key.sh-46259.log ===
=== larch-quiet-read-session-env-key.sh-6157.log ===
=== larch-quiet-read-session-env-key.sh-6225.log ===
=== larch-quiet-read-session-env-key.sh-6304.log ===
=== larch-quiet-read-session-env-key.sh-84991.log ===
=== larch-quiet-read-session-env-key.sh-85016.log ===
=== larch-quiet-read-session-env-key.sh-85037.log ===
=== larch-quiet-run-relevant-checks-captured.sh-71300.log ===
SKIPPED_NON_CANONICAL: scripts/test-design-structure.sh:952: assertion shape not in v1 grammar
SKIPPED_NON_CANONICAL: scripts/test-design-structure.sh:953: assertion shape not in v1 grammar
=== larch-quiet-run-relevant-checks-captured.sh-89281.log ===
SKIPPED_NON_CANONICAL: scripts/test-design-structure.sh:963: assertion shape not in v1 grammar
SKIPPED_NON_CANONICAL: scripts/test-design-structure.sh:964: assertion shape not in v1 grammar
=== larch-quiet-run-relevant-checks-captured.sh-9307.log ===
SKIPPED_NON_CANONICAL: scripts/test-design-structure.sh:952: assertion shape not in v1 grammar
SKIPPED_NON_CANONICAL: scripts/test-design-structure.sh:953: assertion shape not in v1 grammar
=== larch-quiet-step-7a.sh-61014.log ===
FLUSH_STATUS=ok
RECORDS=1
APPEND_LOG_FILE=<TMPDIR>/flush-execution-issues-append.rM6rGv
=== larch-quiet-step2-implement.sh-74055.log ===
=== larch-quiet-timing-ledger.sh-6579.log ===
=== larch-quiet-token-ledger.sh-6376.log ===
