=== larch-quiet-cli.py-21676.log ===
=== larch-quiet-cli.py-87114.log ===
=== larch-quiet-read-session-env-key.sh-59141.log ===
=== larch-quiet-read-session-env-key.sh-59143.log ===
=== larch-quiet-read-session-env-key.sh-59145.log ===
=== larch-quiet-read-session-env-key.sh-82977.log ===
=== larch-quiet-read-session-env-key.sh-82979.log ===
=== larch-quiet-read-session-env-key.sh-82981.log ===
=== larch-quiet-read-session-env-key.sh-82983.log ===
=== larch-quiet-read-session-env-key.sh-82985.log ===
=== larch-quiet-read-session-env-key.sh-82987.log ===
=== larch-quiet-read-session-env-key.sh-82989.log ===
=== larch-quiet-read-session-env-key.sh-83012.log ===
=== larch-quiet-read-session-env-key.sh-83014.log ===
=== larch-quiet-read-session-env-key.sh-83016.log ===
=== larch-quiet-sessionstart-health.sh-60996.log ===
=== larch-quiet-sessionstart-health.sh-65083.log ===
=== larch-quiet-sessionstart-health.sh-65473.log ===
=== larch-quiet-ship.py-89067.log ===
=== larch-quiet-tracking-issue-read-82991.log ===
