=== larch-quiet-append-execution-issue.sh-44238.log ===

=== larch-quiet-append-execution-issue.sh-48454.log ===

=== larch-quiet-check-contains-pins.sh-93523.log ===

=== larch-quiet-check-review-changes.sh-35874.log ===

=== larch-quiet-cli.py-64095.log ===

=== larch-quiet-commit-implementation.sh-3652.log ===
[sergey-zhupanov/implementing-oos-progress-p-key-unreliab-3916 fd8140c72] Fix progress 'p' key on resume + tighten hook subprocess timeout
 3 files changed, 32 insertions(+), 5 deletions(-)

=== larch-quiet-degraded-tools-gate.sh-62010.log ===

=== larch-quiet-read-session-env-key.sh-3564.log ===

=== larch-quiet-read-session-env-key.sh-3590.log ===

=== larch-quiet-read-session-env-key.sh-3620.log ===

=== larch-quiet-read-session-env-key.sh-36936.log ===

=== larch-quiet-read-session-env-key.sh-36968.log ===

=== larch-quiet-read-session-env-key.sh-37012.log ===

=== larch-quiet-read-session-env-key.sh-61873.log ===

=== larch-quiet-read-session-env-key.sh-61912.log ===

=== larch-quiet-read-session-env-key.sh-61945.log ===

=== larch-quiet-read-session-env-key.sh-61979.log ===

=== larch-quiet-read-session-env-key.sh-73295.log ===

=== larch-quiet-read-session-env-key.sh-73330.log ===

=== larch-quiet-read-session-env-key.sh-73360.log ===

=== larch-quiet-run-relevant-checks-captured.sh-37038.log ===

=== larch-quiet-step-7a.sh-56069.log ===
FLUSH_STATUS=ok
RECORDS=1
APPEND_LOG_FILE=<TMPDIR>/flush-execution-issues-append.fQYWEk

=== larch-quiet-timing-ledger.sh-73451.log ===

=== larch-quiet-token-ledger.sh-73391.log ===

