=== larch-quiet-check-review-changes.sh-74601.log ===
=== larch-quiet-read-session-env-key.sh-45839.log ===
=== larch-quiet-read-session-env-key.sh-45850.log ===
=== larch-quiet-read-session-env-key.sh-45861.log ===
=== larch-quiet-read-session-env-key.sh-77654.log ===
=== larch-quiet-read-session-env-key.sh-77673.log ===
=== larch-quiet-read-session-env-key.sh-77700.log ===
=== larch-quiet-read-session-env-key.sh-77788.log ===
=== larch-quiet-read-session-env-key.sh-77828.log ===
=== larch-quiet-read-session-env-key.sh-77865.log ===
=== larch-quiet-read-session-env-key.sh-85320.log ===
=== larch-quiet-read-session-env-key.sh-85331.log ===
=== larch-quiet-read-session-env-key.sh-85342.log ===
=== larch-quiet-read-session-env-key.sh-85353.log ===
=== larch-quiet-refresh-run-logs.sh-2213.log ===
FLUSH_STATUS=already-flushed
RECORDS=0
=== larch-quiet-run-relevant-checks-captured.sh-45871.log ===
SKIPPED_NON_CANONICAL: scripts/test-design-structure.sh:944: assertion shape not in v1 grammar
SKIPPED_NON_CANONICAL: scripts/test-design-structure.sh:945: assertion shape not in v1 grammar
=== larch-quiet-run-relevant-checks-captured.sh-51358.log ===
SKIPPED_NON_CANONICAL: scripts/test-design-structure.sh:944: assertion shape not in v1 grammar
SKIPPED_NON_CANONICAL: scripts/test-design-structure.sh:945: assertion shape not in v1 grammar
=== larch-quiet-run-relevant-checks-captured.sh-77892.log ===
SKIPPED_NON_CANONICAL: scripts/test-design-structure.sh:944: assertion shape not in v1 grammar
SKIPPED_NON_CANONICAL: scripts/test-design-structure.sh:945: assertion shape not in v1 grammar
=== larch-quiet-step-7a.sh-20046.log ===
FLUSH_STATUS=ok
RECORDS=1
APPEND_LOG_FILE=<TMPDIR>/flush-execution-issues-append.CulEb8
=== larch-quiet-step2-implement.sh-85553.log ===
=== larch-quiet-timing-ledger.sh-77771.log ===
=== larch-quiet-timing-ledger.sh-85363.log ===
=== larch-quiet-timing-ledger.sh-85396.log ===
=== larch-quiet-token-ledger.sh-77717.log ===
