=== larch-quiet-cli.py-19233.log ===
=== larch-quiet-cli.py-36726.log ===
=== larch-quiet-cli.py-45698.log ===
=== larch-quiet-cli.py-48500.log ===
=== larch-quiet-cli.py-50357.log ===
=== larch-quiet-cli.py-51339.log ===
=== larch-quiet-cli.py-63902.log ===
=== larch-quiet-cli.py-83800.log ===
=== larch-quiet-cli.py-97585.log ===
=== larch-quiet-read-session-env-key.sh-33371.log ===
=== larch-quiet-read-session-env-key.sh-33373.log ===
=== larch-quiet-read-session-env-key.sh-33375.log ===
=== larch-quiet-read-session-env-key.sh-59030.log ===
=== larch-quiet-read-session-env-key.sh-89495.log ===
=== larch-quiet-read-session-env-key.sh-89497.log ===
=== larch-quiet-read-session-env-key.sh-89499.log ===
=== larch-quiet-sessionstart-health.sh-2311.log ===
=== larch-quiet-sessionstart-health.sh-3204.log ===
=== larch-quiet-sessionstart-health.sh-40679.log ===
=== larch-quiet-sessionstart-health.sh-64463.log ===
=== larch-quiet-sessionstart-health.sh-98392.log ===
=== larch-quiet-ship.py-13126.log ===
=== larch-quiet-tracking-issue-upsert-summary-50038.log ===
