=== larch-quiet-cli.py-11251.log ===
=== larch-quiet-cli.py-14037.log ===
=== larch-quiet-cli.py-33147.log ===
=== larch-quiet-cli.py-4507.log ===
=== larch-quiet-cli.py-5437.log ===
=== larch-quiet-cli.py-60339.log ===
=== larch-quiet-cli.py-65074.log ===
=== larch-quiet-cli.py-6991.log ===
=== larch-quiet-cli.py-84921.log ===
=== larch-quiet-cli.py-85555.log ===
=== larch-quiet-cli.py-87950.log ===
=== larch-quiet-read-session-env-key.sh-32013.log ===
=== larch-quiet-read-session-env-key.sh-32015.log ===
=== larch-quiet-read-session-env-key.sh-32017.log ===
=== larch-quiet-read-session-env-key.sh-54180.log ===
=== larch-quiet-read-session-env-key.sh-93626.log ===
=== larch-quiet-read-session-env-key.sh-93686.log ===
=== larch-quiet-read-session-env-key.sh-93745.log ===
=== larch-quiet-sessionstart-health.sh-57028.log ===
=== larch-quiet-sessionstart-health.sh-98621.log ===
=== larch-quiet-ship.py-69111.log ===
=== larch-quiet-ship.py-8823.log ===
=== larch-quiet-ship.py-89459.log ===
=== larch-quiet-tracking-issue-upsert-summary-5372.log ===
=== larch-quiet-tracking-issue-upsert-summary-85494.log ===
