=== larch-quiet-check-contains-pins.sh-44928.log ===

=== larch-quiet-check-contains-pins.sh-8716.log ===

=== larch-quiet-check-contains-pins.sh-88338.log ===

=== larch-quiet-check-review-changes.sh-37984.log ===

=== larch-quiet-cli.py-6252.log ===

=== larch-quiet-cli.py-62798.log ===

=== larch-quiet-cli.py-66187.log ===

=== larch-quiet-commit-implementation.sh-57869.log ===
[sergey-zhupanov/implementing-oos-timing-ledger-allow-lis-3813 8eb333968] Fix timing-ledger allow-list gaps and error visibility (#3813)
 6 files changed, 42 insertions(+), 12 deletions(-)

=== larch-quiet-degraded-tools-gate.sh-11350.log ===

=== larch-quiet-read-session-env-key.sh-10944.log ===

=== larch-quiet-read-session-env-key.sh-11048.log ===

=== larch-quiet-read-session-env-key.sh-11156.log ===

=== larch-quiet-read-session-env-key.sh-11255.log ===

=== larch-quiet-read-session-env-key.sh-16479.log ===

=== larch-quiet-read-session-env-key.sh-16539.log ===

=== larch-quiet-read-session-env-key.sh-16573.log ===

=== larch-quiet-read-session-env-key.sh-16581.log ===

=== larch-quiet-read-session-env-key.sh-16630.log ===

=== larch-quiet-read-session-env-key.sh-16664.log ===

=== larch-quiet-read-session-env-key.sh-23959.log ===

=== larch-quiet-read-session-env-key.sh-23993.log ===

=== larch-quiet-read-session-env-key.sh-24021.log ===

=== larch-quiet-read-session-env-key.sh-24049.log ===

=== larch-quiet-read-session-env-key.sh-34877.log ===

=== larch-quiet-read-session-env-key.sh-34920.log ===

=== larch-quiet-read-session-env-key.sh-34994.log ===

=== larch-quiet-read-session-env-key.sh-41840.log ===

=== larch-quiet-read-session-env-key.sh-41874.log ===

=== larch-quiet-read-session-env-key.sh-41906.log ===

=== larch-quiet-read-session-env-key.sh-57770.log ===

=== larch-quiet-read-session-env-key.sh-57806.log ===

=== larch-quiet-read-session-env-key.sh-57838.log ===

=== larch-quiet-read-session-env-key.sh-73285.log ===

=== larch-quiet-read-session-env-key.sh-73311.log ===

=== larch-quiet-read-session-env-key.sh-73350.log ===

=== larch-quiet-run-relevant-checks-captured.sh-16604.log ===

=== larch-quiet-run-relevant-checks-captured.sh-41939.log ===

=== larch-quiet-step-7a.sh-24080.log ===
FLUSH_STATUS=ok
RECORDS=1
APPEND_LOG_FILE=<TMPDIR>/flush-execution-issues-append.PN6Lom

=== larch-quiet-timing-ledger.sh-35189.log ===

=== larch-quiet-timing-ledger.sh-73437.log ===

=== larch-quiet-token-ledger.sh-35055.log ===

=== larch-quiet-token-ledger.sh-73379.log ===

