=== larch-quiet-append-execution-issue.sh-74150.log ===
usage: append-execution-issue.sh --log LOG --category CATEGORY
                                 (--entry ENTRY | --entry-file ENTRY_FILE)
append-execution-issue.sh: error: one of the arguments --entry --entry-file is required
=== larch-quiet-cli.py-25970.log ===
=== larch-quiet-cli.py-25979.log ===
=== larch-quiet-cli.py-25987.log ===
=== larch-quiet-cli.py-26008.log ===
=== larch-quiet-cli.py-48418.log ===
=== larch-quiet-cli.py-51011.log ===
=== larch-quiet-cli.py-56355.log ===
=== larch-quiet-cli.py-56379.log ===
=== larch-quiet-cli.py-56407.log ===
=== larch-quiet-cli.py-56478.log ===
=== larch-quiet-cli.py-61174.log ===
=== larch-quiet-cli.py-63216.log ===
=== larch-quiet-read-session-env-key.sh-75695.log ===
=== larch-quiet-read-session-env-key.sh-75703.log ===
=== larch-quiet-read-session-env-key.sh-75711.log ===
=== larch-quiet-scout-plan-archetypes-wrapper.sh-60451.log ===
