=== larch-quiet-compose-review-findings.sh-66414.log ===

=== larch-quiet-compose-review-findings.sh-66542.log ===

=== larch-quiet-compose-review-findings.sh-67582.log ===

=== larch-quiet-compose-review-findings.sh-68113.log ===

=== larch-quiet-compose-review-findings.sh-68593.log ===

=== larch-quiet-compose-review-findings.sh-68991.log ===

=== larch-quiet-compose-review-findings.sh-69725.log ===

=== larch-quiet-compose-review-findings.sh-71126.log ===

=== larch-quiet-compose-review-findings.sh-71496.log ===

=== larch-quiet-compose-review-findings.sh-72210.log ===

=== larch-quiet-compose-review-findings.sh-73296.log ===

=== larch-quiet-compose-review-findings.sh-74444.log ===

=== larch-quiet-compose-review-findings.sh-76653.log ===

=== larch-quiet-compose-review-findings.sh-77699.log ===

=== larch-quiet-compose-review-findings.sh-78114.log ===

=== larch-quiet-compose-review-findings.sh-78356.log ===

=== larch-quiet-compose-review-findings.sh-78666.log ===

=== larch-quiet-compose-review-findings.sh-79356.log ===

=== larch-quiet-compose-review-findings.sh-82370.log ===

=== larch-quiet-compose-review-findings.sh-82633.log ===

=== larch-quiet-compose-review-findings.sh-83377.log ===

=== larch-quiet-compose-review-findings.sh-83558.log ===

=== larch-quiet-degraded-tools-gate.sh-17874.log ===

=== larch-quiet-design-driver.sh-3799.log ===

=== larch-quiet-design-init-runparams.sh-78683.log ===
RUN_PARAMS_WRITTEN=<TMPDIR>/run-params.json

=== larch-quiet-design-publish.sh-54492.log ===

=== larch-quiet-design-route.sh-29892.log ===

=== larch-quiet-file-design-oos.sh-46951.log ===

=== larch-quiet-read-session-env-key.sh-60777.log ===

=== larch-quiet-render-lane-status.sh-73690.log ===

=== larch-quiet-resolve-repo.sh-26183.log ===

=== larch-quiet-run-step3-review.sh-1775.log ===

=== larch-quiet-run-step3-review.sh-6865.log ===
POSTPLAN_EMIT_STATUS=ok
EMIT_PLAN_STATUS=ok
DIFF_LINES=875
VALIDATE_STATUS=ok
VALIDATE_DEFECT_COUNT=0
PLAN_SIZE_STATUS=under-threshold
HARD_TRIGGER_FIRED=false
TRIGGER_REASONS=
PLAN_LINES=632
DIFF_ADDED=
DIFF_DELETED=
MECHANICAL_CHURN=false
SOFT_ADVISORY=false
PARTITION_REQUESTED=false
DRIFT_TRIGGER_FIRED=false
DRIFT_MULTIPLE=2
DRIFT_PLAN_RATIO=1.88
DRIFT_DIFF_RATIO=1.29
BASELINE_PLAN_LINES=337
BASELINE_DIFF_LINES=680

=== larch-quiet-sanitize-mermaid-fragment.sh-99124.log ===

=== larch-quiet-ship.py-80047.log ===
crumb

=== larch-quiet-timing-ledger.sh-12110.log ===

=== larch-quiet-timing-ledger.sh-12706.log ===

=== larch-quiet-timing-ledger.sh-14895.log ===

=== larch-quiet-timing-ledger.sh-26565.log ===

=== larch-quiet-timing-ledger.sh-29473.log ===

=== larch-quiet-timing-ledger.sh-44300.log ===

=== larch-quiet-timing-ledger.sh-5526.log ===

=== larch-quiet-timing-ledger.sh-90987.log ===

=== larch-quiet-timing-ledger.sh-99172.log ===

=== larch-quiet-token-ledger.sh-13892.log ===

