=== larch-quiet-check-review-changes.sh-79795.log ===
=== larch-quiet-git-current-branch.sh-45704.log ===
=== larch-quiet-read-session-env-key.sh-16033.log ===
=== larch-quiet-read-session-env-key.sh-16065.log ===
=== larch-quiet-read-session-env-key.sh-16091.log ===
=== larch-quiet-read-session-env-key.sh-19446.log ===
=== larch-quiet-read-session-env-key.sh-19457.log ===
=== larch-quiet-read-session-env-key.sh-19468.log ===
=== larch-quiet-read-session-env-key.sh-19638.log ===
=== larch-quiet-read-session-env-key.sh-19657.log ===
=== larch-quiet-read-session-env-key.sh-19677.log ===
=== larch-quiet-read-session-env-key.sh-20269.log ===
=== larch-quiet-read-session-env-key.sh-20280.log ===
=== larch-quiet-read-session-env-key.sh-20291.log ===
=== larch-quiet-read-session-env-key.sh-20872.log ===
=== larch-quiet-read-session-env-key.sh-20884.log ===
=== larch-quiet-read-session-env-key.sh-20895.log ===
=== larch-quiet-read-session-env-key.sh-2838.log ===
=== larch-quiet-read-session-env-key.sh-2849.log ===
=== larch-quiet-read-session-env-key.sh-2861.log ===
=== larch-quiet-read-session-env-key.sh-3600.log ===
=== larch-quiet-read-session-env-key.sh-3611.log ===
=== larch-quiet-read-session-env-key.sh-3622.log ===
=== larch-quiet-read-session-env-key.sh-50327.log ===
=== larch-quiet-read-session-env-key.sh-50352.log ===
=== larch-quiet-read-session-env-key.sh-50377.log ===
=== larch-quiet-read-session-env-key.sh-89682.log ===
=== larch-quiet-read-session-env-key.sh-89697.log ===
=== larch-quiet-read-session-env-key.sh-89719.log ===
=== larch-quiet-read-session-env-key.sh-97416.log ===
=== larch-quiet-read-session-env-key.sh-97428.log ===
=== larch-quiet-read-session-env-key.sh-97439.log ===
=== larch-quiet-read-session-env-key.sh-97450.log ===
=== larch-quiet-run-relevant-checks-captured.sh-50400.log ===
=== larch-quiet-run-relevant-checks-captured.sh-89743.log ===
=== larch-quiet-step-7a.sh-85935.log ===
FLUSH_STATUS=ok
RECORDS=1
APPEND_LOG_FILE=<TMPDIR>/flush-execution-issues-append.3Yri7R
=== larch-quiet-timing-ledger.sh-16218.log ===
=== larch-quiet-timing-ledger.sh-19712.log ===
=== larch-quiet-timing-ledger.sh-20343.log ===
=== larch-quiet-timing-ledger.sh-20929.log ===
=== larch-quiet-timing-ledger.sh-97460.log ===
=== larch-quiet-token-ledger.sh-16127.log ===
=== larch-quiet-token-ledger.sh-19688.log ===
=== larch-quiet-token-ledger.sh-20301.log ===
=== larch-quiet-token-ledger.sh-20905.log ===
=== larch-quiet-write-final-report.sh-20374.log ===
COMMENT_URL=https://github.com/character-ai/larch/issues/3187#issuecomment-4579834550
STATUS=ok
=== larch-quiet-write-rejected-findings.sh-19743.log ===
