=== larch-quiet-degraded-tools-gate.sh-85683.log ===

=== larch-quiet-design-driver.sh-96852.log ===

=== larch-quiet-design-init-runparams.sh-11504.log ===
RUN_PARAMS_WRITTEN=<TMPDIR>/run-params.json

=== larch-quiet-design-publish.sh-59449.log ===

=== larch-quiet-design-route.sh-14034.log ===

=== larch-quiet-file-design-oos.sh-37170.log ===

=== larch-quiet-resolve-repo.sh-95666.log ===

=== larch-quiet-run-step3-review.sh-42701.log ===

=== larch-quiet-run-step3-review.sh-51232.log ===
POSTPLAN_EMIT_STATUS=ok
EMIT_PLAN_STATUS=ok
DIFF_LINES=2980
VALIDATE_STATUS=ok
VALIDATE_DEFECT_COUNT=0
PLAN_SIZE_STATUS=hard-trigger
HARD_TRIGGER_FIRED=true
TRIGGER_REASONS=plan-body-lines
PLAN_LINES=1023
DIFF_ADDED=1585
DIFF_DELETED=1395
MECHANICAL_CHURN=false
SOFT_ADVISORY=false
PARTITION_REQUESTED=false
DRIFT_TRIGGER_FIRED=true
DRIFT_MULTIPLE=2
DRIFT_PLAN_RATIO=4.74
DRIFT_DIFF_RATIO=1.23
BASELINE_PLAN_LINES=216
BASELINE_DIFF_LINES=2430

=== larch-quiet-sanitize-mermaid-fragment.sh-89194.log ===

=== larch-quiet-timing-ledger.sh-12363.log ===

=== larch-quiet-timing-ledger.sh-31975.log ===

=== larch-quiet-timing-ledger.sh-36795.log ===

=== larch-quiet-timing-ledger.sh-40709.log ===

=== larch-quiet-timing-ledger.sh-76580.log ===

=== larch-quiet-timing-ledger.sh-82854.log ===

=== larch-quiet-timing-ledger.sh-99176.log ===

=== larch-quiet-token-ledger.sh-80517.log ===

