=== larch-quiet-cli.py-14938.log ===
=== larch-quiet-cli.py-23346.log ===
=== larch-quiet-cli.py-39583.log ===
=== larch-quiet-cli.py-46792.log ===
=== larch-quiet-cli.py-60063.log ===
=== larch-quiet-cli.py-7659.log ===
=== larch-quiet-cli.py-82310.log ===
=== larch-quiet-cli.py-85235.log ===
=== larch-quiet-cli.py-94232.log ===
=== larch-quiet-read-session-env-key.sh-2314.log ===
read-session-env-key.sh: --file is required
=== larch-quiet-read-session-env-key.sh-2339.log ===
read-session-env-key.sh: --file is required
=== larch-quiet-read-session-env-key.sh-413.log ===
=== larch-quiet-read-session-env-key.sh-435.log ===
=== larch-quiet-read-session-env-key.sh-443.log ===
=== larch-quiet-scout-plan-archetypes-wrapper.sh-80760.log ===
=== larch-quiet-sessionstart-health.sh-2383.log ===
=== larch-quiet-sessionstart-health.sh-4375.log ===
=== larch-quiet-sessionstart-health.sh-4616.log ===
=== larch-quiet-ship.py-8293.log ===
