=== larch-quiet-append-execution-issue.sh-14189.log ===
=== larch-quiet-apply-bump.sh-55440.log ===
=== larch-quiet-check-review-changes.sh-20785.log ===
=== larch-quiet-degraded-tools-gate.sh-12819.log ===
=== larch-quiet-drop-bump-commit.sh-10865.log ===
=== larch-quiet-git-current-branch.sh-44737.log ===
=== larch-quiet-read-session-env-key.sh-17344.log ===
=== larch-quiet-read-session-env-key.sh-17362.log ===
=== larch-quiet-read-session-env-key.sh-20717.log ===
=== larch-quiet-read-session-env-key.sh-20753.log ===
=== larch-quiet-read-session-env-key.sh-20774.log ===
=== larch-quiet-read-session-env-key.sh-21543.log ===
=== larch-quiet-read-session-env-key.sh-21554.log ===
=== larch-quiet-read-session-env-key.sh-21565.log ===
=== larch-quiet-read-session-env-key.sh-22581.log ===
=== larch-quiet-read-session-env-key.sh-22592.log ===
=== larch-quiet-read-session-env-key.sh-22603.log ===
=== larch-quiet-read-session-env-key.sh-32508.log ===
=== larch-quiet-read-session-env-key.sh-32528.log ===
=== larch-quiet-read-session-env-key.sh-40480.log ===
=== larch-quiet-read-session-env-key.sh-40492.log ===
=== larch-quiet-read-session-env-key.sh-40505.log ===
=== larch-quiet-read-session-env-key.sh-44135.log ===
=== larch-quiet-read-session-env-key.sh-46311.log ===
=== larch-quiet-read-session-env-key.sh-46322.log ===
=== larch-quiet-read-session-env-key.sh-46333.log ===
=== larch-quiet-read-session-env-key.sh-78184.log ===
=== larch-quiet-read-session-env-key.sh-78195.log ===
=== larch-quiet-read-session-env-key.sh-78384.log ===
=== larch-quiet-read-session-env-key.sh-78395.log ===
=== larch-quiet-read-session-env-key.sh-78406.log ===
=== larch-quiet-rebase-push.sh-16157.log ===
=== larch-quiet-run-relevant-checks-captured.sh-22613.log ===
=== larch-quiet-run-relevant-checks-captured.sh-44176.log ===
=== larch-quiet-run-relevant-checks-captured.sh-46343.log ===
=== larch-quiet-step-7a.sh-40538.log ===
FLUSH_STATUS=ok
RECORDS=1
APPEND_LOG_FILE=<TMPDIR>/flush-execution-issues-append.f64bG4
=== larch-quiet-step2-implement.sh-21704.log ===
=== larch-quiet-timing-ledger.sh-21600.log ===
=== larch-quiet-timing-ledger.sh-78440.log ===
=== larch-quiet-token-ledger.sh-21575.log ===
=== larch-quiet-token-ledger.sh-78416.log ===
