=== larch-quiet-check-review-changes.sh-65898.log ===
=== larch-quiet-git-current-branch.sh-3192.log ===
=== larch-quiet-read-session-env-key.sh-21891.log ===
=== larch-quiet-read-session-env-key.sh-21907.log ===
=== larch-quiet-read-session-env-key.sh-21928.log ===
=== larch-quiet-read-session-env-key.sh-39204.log ===
=== larch-quiet-read-session-env-key.sh-39228.log ===
=== larch-quiet-read-session-env-key.sh-39290.log ===
=== larch-quiet-read-session-env-key.sh-53860.log ===
=== larch-quiet-read-session-env-key.sh-53896.log ===
=== larch-quiet-read-session-env-key.sh-53931.log ===
=== larch-quiet-read-session-env-key.sh-57909.log ===
=== larch-quiet-read-session-env-key.sh-57920.log ===
=== larch-quiet-read-session-env-key.sh-57931.log ===
=== larch-quiet-read-session-env-key.sh-68419.log ===
=== larch-quiet-read-session-env-key.sh-68496.log ===
=== larch-quiet-read-session-env-key.sh-68556.log ===
=== larch-quiet-read-session-env-key.sh-72734.log ===
=== larch-quiet-read-session-env-key.sh-72802.log ===
=== larch-quiet-read-session-env-key.sh-72841.log ===
=== larch-quiet-read-session-env-key.sh-9090.log ===
=== larch-quiet-read-session-env-key.sh-9122.log ===
=== larch-quiet-read-session-env-key.sh-9151.log ===
=== larch-quiet-run-relevant-checks-captured.sh-72889.log ===
=== larch-quiet-run-relevant-checks-captured.sh-9185.log ===
=== larch-quiet-step-7a.sh-21941.log ===
FLUSH_STATUS=ok
RECORDS=1
APPEND_LOG_FILE=<TMPDIR>/flush-execution-issues-append.bmDuOT
=== larch-quiet-timing-ledger.sh-39406.log ===
=== larch-quiet-timing-ledger.sh-68626.log ===
=== larch-quiet-token-ledger.sh-39310.log ===
