=== larch-quiet-append-execution-issue.sh-10797.log ===
=== larch-quiet-append-execution-issue.sh-13425.log ===
=== larch-quiet-check-review-changes.sh-18185.log ===
=== larch-quiet-commit-implementation.sh-36772.log ===
[sergey-zhupanov/implementing-bug-urgent-larch-quiet-sess-3593 4f76caa8b] Fix LARCH_QUIET_* env leak into checks pipeline harnesses
 3 files changed, 38 insertions(+), 1 deletion(-)
=== larch-quiet-commit-review-fixes.sh-79823.log ===
<OPERATOR_REPO_PATH>/plugins/cache/larch-local/larch/48.1.0/skills/implement/scripts/commit-review-fixes.sh: line 44: FILES[@]: unbound variable
=== larch-quiet-commit-review-fixes.sh-85737.log ===
<OPERATOR_REPO_PATH>/plugins/cache/larch-local/larch/48.1.0/skills/implement/scripts/commit-review-fixes.sh: line 44: FILES[@]: unbound variable
=== larch-quiet-degraded-tools-gate.sh-79006.log ===
=== larch-quiet-git-commit.sh-94905.log ===
[sergey-zhupanov/implementing-bug-urgent-larch-quiet-sess-3593 bc41e16eb] Add LARCH_QUIET_* scrub to test-relevant-checks-helper-failure.md sibling doc
 1 file changed, 2 insertions(+), 2 deletions(-)
=== larch-quiet-read-session-env-key.sh-105.log ===
=== larch-quiet-read-session-env-key.sh-137.log ===
=== larch-quiet-read-session-env-key.sh-166.log ===
=== larch-quiet-read-session-env-key.sh-30734.log ===
=== larch-quiet-read-session-env-key.sh-30768.log ===
=== larch-quiet-read-session-env-key.sh-36654.log ===
=== larch-quiet-read-session-env-key.sh-36695.log ===
=== larch-quiet-read-session-env-key.sh-36732.log ===
=== larch-quiet-read-session-env-key.sh-46871.log ===
=== larch-quiet-read-session-env-key.sh-46949.log ===
=== larch-quiet-read-session-env-key.sh-47025.log ===
=== larch-quiet-read-session-env-key.sh-75945.log ===
=== larch-quiet-read-session-env-key.sh-75981.log ===
=== larch-quiet-read-session-env-key.sh-76013.log ===
=== larch-quiet-read-session-env-key.sh-76050.log ===
=== larch-quiet-read-session-env-key.sh-76083.log ===
=== larch-quiet-read-session-env-key.sh-76133.log ===
=== larch-quiet-read-session-env-key.sh-78915.log ===
=== larch-quiet-read-session-env-key.sh-78940.log ===
=== larch-quiet-read-session-env-key.sh-78963.log ===
=== larch-quiet-read-session-env-key.sh-78984.log ===
=== larch-quiet-read-session-env-key.sh-91702.log ===
=== larch-quiet-read-session-env-key.sh-91724.log ===
=== larch-quiet-read-session-env-key.sh-91746.log ===
=== larch-quiet-read-session-env-key.sh-91818.log ===
=== larch-quiet-read-session-env-key.sh-91842.log ===
=== larch-quiet-read-session-env-key.sh-91865.log ===
=== larch-quiet-run-relevant-checks-captured.sh-14267.log ===
=== larch-quiet-run-relevant-checks-captured.sh-91887.log ===
=== larch-quiet-step-7a.sh-30798.log ===
APPENDED=true
LOG=<TMPDIR>/execution-issues.md
=== larch-quiet-timing-ledger.sh-47355.log ===
=== larch-quiet-timing-ledger.sh-91833.log ===
=== larch-quiet-token-ledger.sh-47112.log ===
=== larch-quiet-token-ledger.sh-91768.log ===
