=== larch-quiet-check-review-changes.sh-73122.log ===
=== larch-quiet-commit-implementation.sh-40520.log ===
[sergey-zhupanov/implementing-versioning-overhaul-phase-5-3368 ea305bd2f] Inline-triage rule 1: update SECURITY.md to note Phase 5 deleted bump hooks
 1 file changed, 1 insertion(+), 1 deletion(-)
=== larch-quiet-commit-implementation.sh-94836.log ===
[sergey-zhupanov/implementing-versioning-overhaul-phase-5-3368 9129f5af2] Fix agent-lint S030 and unused-function pyright errors after Phase 5 deletion
 3 files changed, 6 insertions(+), 26 deletions(-)
=== larch-quiet-degraded-tools-gate.sh-81109.log ===
=== larch-quiet-git-current-branch.sh-49735.log ===
=== larch-quiet-git-stage.sh-74041.log ===
=== larch-quiet-lint-fix-loop.sh-37072.log ===
[sergey-zhupanov/implementing-versioning-overhaul-phase-5-3368 b20283a38] Apply relevant-checks fixes (Step 3)
 4 files changed, 20 insertions(+), 40 deletions(-)
=== larch-quiet-read-session-env-key.sh-11318.log ===
=== larch-quiet-read-session-env-key.sh-11363.log ===
=== larch-quiet-read-session-env-key.sh-11422.log ===
=== larch-quiet-read-session-env-key.sh-1613.log ===
=== larch-quiet-read-session-env-key.sh-1670.log ===
=== larch-quiet-read-session-env-key.sh-1723.log ===
=== larch-quiet-read-session-env-key.sh-21234.log ===
=== larch-quiet-read-session-env-key.sh-21304.log ===
=== larch-quiet-read-session-env-key.sh-21340.log ===
=== larch-quiet-read-session-env-key.sh-25885.log ===
=== larch-quiet-read-session-env-key.sh-25942.log ===
=== larch-quiet-read-session-env-key.sh-25989.log ===
=== larch-quiet-read-session-env-key.sh-4090.log ===
=== larch-quiet-read-session-env-key.sh-4173.log ===
=== larch-quiet-read-session-env-key.sh-4214.log ===
=== larch-quiet-read-session-env-key.sh-4817.log ===
=== larch-quiet-read-session-env-key.sh-4859.log ===
=== larch-quiet-read-session-env-key.sh-4912.log ===
=== larch-quiet-read-session-env-key.sh-59710.log ===
=== larch-quiet-read-session-env-key.sh-59782.log ===
=== larch-quiet-read-session-env-key.sh-59840.log ===
=== larch-quiet-read-session-env-key.sh-61741.log ===
=== larch-quiet-read-session-env-key.sh-81423.log ===
=== larch-quiet-read-session-env-key.sh-81500.log ===
=== larch-quiet-read-session-env-key.sh-81566.log ===
=== larch-quiet-read-session-env-key.sh-8345.log ===
=== larch-quiet-read-session-env-key.sh-8397.log ===
=== larch-quiet-read-session-env-key.sh-8441.log ===
=== larch-quiet-rebase-push.sh-80206.log ===
=== larch-quiet-run-relevant-checks-captured.sh-11481.log ===
SKIPPED_NON_CANONICAL: scripts/test-design-structure.sh:1211: assertion shape not in v1 grammar
=== larch-quiet-run-relevant-checks-captured.sh-21391.log ===
=== larch-quiet-run-relevant-checks-captured.sh-26040.log ===
=== larch-quiet-run-relevant-checks-captured.sh-4257.log ===
=== larch-quiet-run-relevant-checks-captured.sh-59879.log ===
=== larch-quiet-run-relevant-checks-captured.sh-81611.log ===
SKIPPED_NON_CANONICAL: scripts/test-design-structure.sh:1235: assertion shape not in v1 grammar
SKIPPED_NON_CANONICAL: scripts/test-design-structure.sh:1236: assertion shape not in v1 grammar
=== larch-quiet-run-relevant-checks-captured.sh-8494.log ===
=== larch-quiet-step-7a.sh-69954.log ===
FLUSH_STATUS=ok
RECORDS=1
APPEND_LOG_FILE=<TMPDIR>/flush-execution-issues-append.skXZAu
=== larch-quiet-step2-implement.sh-12375.log ===
=== larch-quiet-timing-ledger.sh-1913.log ===
=== larch-quiet-timing-ledger.sh-4968.log ===
=== larch-quiet-token-ledger.sh-1787.log ===
