=== larch-quiet-check-contains-pins.sh-37908.log ===

=== larch-quiet-check-review-changes.sh-59235.log ===

=== larch-quiet-cli.py-37668.log ===

=== larch-quiet-commit-implementation.sh-44708.log ===
[sergey-zhupanov/implementing-bug-test-render-review-phas-3781 499e1f194] Guard vendor-cost block in test-render-review-phase-detail.sh against silent set-e aborts (#3781)
 2 files changed, 35 insertions(+), 7 deletions(-)

=== larch-quiet-degraded-tools-gate.sh-10506.log ===

=== larch-quiet-lint-mermaid-fences.sh-16338.log ===

=== larch-quiet-read-session-env-key.sh-10417.log ===

=== larch-quiet-read-session-env-key.sh-10440.log ===

=== larch-quiet-read-session-env-key.sh-10463.log ===

=== larch-quiet-read-session-env-key.sh-10484.log ===

=== larch-quiet-read-session-env-key.sh-10703.log ===

=== larch-quiet-read-session-env-key.sh-10726.log ===

=== larch-quiet-read-session-env-key.sh-10747.log ===

=== larch-quiet-read-session-env-key.sh-17255.log ===

=== larch-quiet-read-session-env-key.sh-17278.log ===

=== larch-quiet-read-session-env-key.sh-17303.log ===

=== larch-quiet-read-session-env-key.sh-44642.log ===

=== larch-quiet-read-session-env-key.sh-44665.log ===

=== larch-quiet-read-session-env-key.sh-44687.log ===

=== larch-quiet-read-session-env-key.sh-64901.log ===

=== larch-quiet-run-relevant-checks-captured.sh-10767.log ===

=== larch-quiet-step-7a.sh-64923.log ===
FLUSH_STATUS=ok
RECORDS=1
APPEND_LOG_FILE=<TMPDIR>/flush-execution-issues-append.R5YJ5M

=== larch-quiet-timing-ledger.sh-17381.log ===

=== larch-quiet-token-ledger.sh-17324.log ===

