=== larch-quiet-degraded-tools-gate.sh-7709.log ===

=== larch-quiet-design-driver.sh-74785.log ===

=== larch-quiet-design-init-runparams.sh-71312.log ===
RUN_PARAMS_WRITTEN=<TMPDIR>/run-params.json

=== larch-quiet-design-publish.sh-81584.log ===

=== larch-quiet-design-route.sh-20975.log ===

=== larch-quiet-file-design-oos.sh-66859.log ===

=== larch-quiet-resolve-repo.sh-15924.log ===

=== larch-quiet-run-step3-review.sh-54024.log ===

=== larch-quiet-run-step3-review.sh-76569.log ===
POSTPLAN_EMIT_STATUS=ok
EMIT_PLAN_STATUS=ok
DIFF_LINES=745
VALIDATE_STATUS=ok
VALIDATE_DEFECT_COUNT=0
PLAN_SIZE_STATUS=hard-trigger
HARD_TRIGGER_FIRED=true
TRIGGER_REASONS=plan-body-lines
PLAN_LINES=870
DIFF_ADDED=
DIFF_DELETED=
MECHANICAL_CHURN=false
SOFT_ADVISORY=false
PARTITION_REQUESTED=false
DRIFT_TRIGGER_FIRED=true
DRIFT_MULTIPLE=2
DRIFT_PLAN_RATIO=2.64
DRIFT_DIFF_RATIO=1.43
BASELINE_PLAN_LINES=330
BASELINE_DIFF_LINES=520

=== larch-quiet-sanitize-mermaid-fragment.sh-64569.log ===

=== larch-quiet-timing-ledger.sh-35931.log ===

=== larch-quiet-timing-ledger.sh-47373.log ===

=== larch-quiet-timing-ledger.sh-50250.log ===

=== larch-quiet-timing-ledger.sh-56072.log ===

=== larch-quiet-timing-ledger.sh-59017.log ===

=== larch-quiet-timing-ledger.sh-62555.log ===

=== larch-quiet-timing-ledger.sh-76893.log ===

=== larch-quiet-timing-ledger.sh-94576.log ===

=== larch-quiet-token-ledger.sh-1816.log ===

