=== larch-quiet-append-tool-failure.sh-17787.log ===
APPENDED=true
LOG=<TMPDIR>/execution-issues.md

=== larch-quiet-append-tool-failure.sh-29433.log ===
APPENDED=true
LOG=<TMPDIR>/execution-issues.md

=== larch-quiet-append-tool-failure.sh-29983.log ===
APPENDED=true
LOG=<TMPDIR>/execution-issues.md

=== larch-quiet-append-tool-failure.sh-38687.log ===
APPENDED=true
LOG=<TMPDIR>/execution-issues.md

=== larch-quiet-append-tool-failure.sh-50641.log ===
APPENDED=true
LOG=<TMPDIR>/execution-issues.md

=== larch-quiet-append-tool-failure.sh-73549.log ===
APPENDED=true
LOG=<TMPDIR>/execution-issues.md

=== larch-quiet-append-tool-failure.sh-95305.log ===
APPENDED=true
LOG=<TMPDIR>/execution-issues.md

=== larch-quiet-degraded-tools-gate.sh-60985.log ===

=== larch-quiet-design-driver.sh-54612.log ===

=== larch-quiet-design-init-runparams.sh-1998.log ===
RUN_PARAMS_WRITTEN=<TMPDIR>/run-params.json

=== larch-quiet-design-publish.sh-49838.log ===

=== larch-quiet-design-route.sh-92910.log ===

=== larch-quiet-file-design-oos.sh-24948.log ===
▶ parse-input: 4 items parsed (mode=generic): 1=OOS_1:, 2=OOS_2:, 3=OOS_3:, 4=OOS_4:
▶ parse-input: 4 items parsed (mode=generic): 1=OOS_1:, 2=OOS_2:, 3=OOS_3:, 4=OOS_4:

=== larch-quiet-file-design-oos.sh-83286.log ===

=== larch-quiet-resolve-repo.sh-1625.log ===

=== larch-quiet-resolve-repo.sh-49596.log ===

=== larch-quiet-resolve-repo.sh-70762.log ===

=== larch-quiet-resolve-repo.sh-92622.log ===

=== larch-quiet-run-step3-review.sh-2061.log ===
Traceback (most recent call last):
  File "<stdin>", line 37, in <module>
  File "<stdin>", line 18, in prob
NameError: name 'problem_text' is not defined

=== larch-quiet-run-step3-review.sh-42037.log ===
Traceback (most recent call last):
  File "<stdin>", line 37, in <module>
  File "<stdin>", line 18, in prob
NameError: name 'problem_text' is not defined

=== larch-quiet-run-step3-review.sh-54450.log ===

=== larch-quiet-run-step3-review.sh-60702.log ===
ns-retry: first-pass content preserved at cursor-plan-pragmatic-output-first-pass.txt
ns-retry: published retry content to cursor-plan-pragmatic-output.txt; retry artifact retained at cursor-plan-pragmatic-output-ns-retry.txt
Traceback (most recent call last):
  File "<stdin>", line 37, in <module>
  File "<stdin>", line 18, in prob
NameError: name 'problem_text' is not defined

=== larch-quiet-run-step3-review.sh-65267.log ===
Traceback (most recent call last):
  File "<stdin>", line 37, in <module>
  File "<stdin>", line 18, in prob
NameError: name 'problem_text' is not defined

=== larch-quiet-run-step3-review.sh-70877.log ===
Traceback (most recent call last):
  File "<stdin>", line 37, in <module>
  File "<stdin>", line 18, in prob
NameError: name 'problem_text' is not defined

=== larch-quiet-sanitize-mermaid-fragment.sh-45073.log ===

=== larch-quiet-timing-ledger.sh-19814.log ===

=== larch-quiet-timing-ledger.sh-2014.log ===

=== larch-quiet-timing-ledger.sh-20661.log ===

=== larch-quiet-timing-ledger.sh-24592.log ===

=== larch-quiet-timing-ledger.sh-25509.log ===

=== larch-quiet-timing-ledger.sh-41989.log ===

=== larch-quiet-timing-ledger.sh-52011.log ===

=== larch-quiet-timing-ledger.sh-54373.log ===

=== larch-quiet-timing-ledger.sh-60656.log ===

=== larch-quiet-timing-ledger.sh-61140.log ===

=== larch-quiet-timing-ledger.sh-65163.log ===

=== larch-quiet-timing-ledger.sh-91426.log ===

=== larch-quiet-timing-ledger.sh-92695.log ===

=== larch-quiet-timing-ledger.sh-95442.log ===

=== larch-quiet-token-ledger.sh-57605.log ===

=== larch-quiet-write-design-current-env.sh-71015.log ===

