=== larch-quiet-cli.py-206.log ===
=== larch-quiet-cli.py-2439.log ===
=== larch-quiet-cli.py-3416.log ===
=== larch-quiet-cli.py-5147.log ===
=== larch-quiet-cli.py-53373.log ===
=== larch-quiet-cli.py-58799.log ===
=== larch-quiet-cli.py-60489.log ===
=== larch-quiet-cli.py-60758.log ===
=== larch-quiet-cli.py-61055.log ===
=== larch-quiet-cli.py-61255.log ===
=== larch-quiet-cli.py-90114.log ===
=== larch-quiet-cli.py-94408.log ===
=== larch-quiet-cli.py-96061.log ===
=== larch-quiet-cli.py-98585.log ===
=== larch-quiet-read-session-env-key.sh-34656.log ===
=== larch-quiet-read-session-env-key.sh-34660.log ===
=== larch-quiet-read-session-env-key.sh-34662.log ===
=== larch-quiet-read-session-env-key.sh-34881.log ===
=== larch-quiet-read-session-env-key.sh-34899.log ===
=== larch-quiet-read-session-env-key.sh-34908.log ===
=== larch-quiet-read-session-env-key.sh-34915.log ===
=== larch-quiet-read-session-env-key.sh-36573.log ===
=== larch-quiet-read-session-env-key.sh-5536.log ===
=== larch-quiet-read-session-env-key.sh-91719.log ===
=== larch-quiet-read-session-env-key.sh-91727.log ===
=== larch-quiet-read-session-env-key.sh-91729.log ===
=== larch-quiet-read-session-env-key.sh-99133.log ===
=== larch-quiet-read-session-env-key.sh-99142.log ===
=== larch-quiet-read-session-env-key.sh-99154.log ===
=== larch-quiet-sessionstart-health.sh-3222.log ===
=== larch-quiet-sessionstart-health.sh-370.log ===
=== larch-quiet-sessionstart-health.sh-4694.log ===
=== larch-quiet-sessionstart-health.sh-5012.log ===
=== larch-quiet-sessionstart-health.sh-5251.log ===
=== larch-quiet-sessionstart-health.sh-5455.log ===
=== larch-quiet-sessionstart-health.sh-91487.log ===
=== larch-quiet-sessionstart-health.sh-95132.log ===
=== larch-quiet-sessionstart-health.sh-96272.log ===
=== larch-quiet-ship.py-15652.log ===
=== larch-quiet-ship.py-1966.log ===
=== larch-quiet-ship.py-67284.log ===
=== larch-quiet-ship.py-7850.log ===
=== larch-quiet-tracking-issue-read-34854.log ===
=== larch-quiet-tracking-issue-read-34870.log ===
=== larch-quiet-tracking-issue-read-34888.log ===
=== larch-quiet-tracking-issue-upsert-summary-61015.log ===
