=== larch-quiet-cli.py-19408.log ===
=== larch-quiet-cli.py-27784.log ===
=== larch-quiet-cli.py-28094.log ===
=== larch-quiet-cli.py-29706.log ===
=== larch-quiet-cli.py-42801.log ===
=== larch-quiet-cli.py-60178.log ===
=== larch-quiet-cli.py-72761.log ===
=== larch-quiet-cli.py-74220.log ===
=== larch-quiet-cli.py-7857.log ===
=== larch-quiet-cli.py-82787.log ===
=== larch-quiet-cli.py-90513.log ===
=== larch-quiet-read-session-env-key.sh-5189.log ===
=== larch-quiet-read-session-env-key.sh-5194.log ===
=== larch-quiet-read-session-env-key.sh-5200.log ===
=== larch-quiet-read-session-env-key.sh-61530.log ===
=== larch-quiet-read-session-env-key.sh-61590.log ===
=== larch-quiet-read-session-env-key.sh-61642.log ===
=== larch-quiet-sessionstart-health.sh-10480.log ===
=== larch-quiet-sessionstart-health.sh-21282.log ===
=== larch-quiet-sessionstart-health.sh-30614.log ===
=== larch-quiet-sessionstart-health.sh-56123.log ===
=== larch-quiet-sessionstart-health.sh-60905.log ===
=== larch-quiet-sessionstart-health.sh-61441.log ===
=== larch-quiet-ship.py-29055.log ===
=== larch-quiet-ship.py-69122.log ===
=== larch-quiet-tracking-issue-upsert-summary-28080.log ===
