=== larch-quiet-cli.py-16104.log ===
=== larch-quiet-cli.py-26156.log ===
=== larch-quiet-cli.py-42877.log ===
=== larch-quiet-cli.py-49169.log ===
=== larch-quiet-cli.py-58506.log ===
=== larch-quiet-cli.py-60250.log ===
=== larch-quiet-cli.py-87010.log ===
=== larch-quiet-read-session-env-key.sh-16801.log ===
=== larch-quiet-read-session-env-key.sh-41679.log ===
=== larch-quiet-read-session-env-key.sh-41681.log ===
=== larch-quiet-read-session-env-key.sh-41683.log ===
=== larch-quiet-read-session-env-key.sh-48002.log ===
=== larch-quiet-read-session-env-key.sh-48004.log ===
=== larch-quiet-read-session-env-key.sh-48006.log ===
=== larch-quiet-sessionstart-health.sh-49465.log ===
=== larch-quiet-sessionstart-health.sh-50134.log ===
=== larch-quiet-sessionstart-health.sh-50408.log ===
=== larch-quiet-ship.py-50964.log ===
=== larch-quiet-ship.py-52232.log ===
=== larch-quiet-tracking-issue-upsert-summary-60559.log ===
