=== larch-quiet-check-contains-pins.sh-36393.log ===

=== larch-quiet-check-contains-pins.sh-72287.log ===

=== larch-quiet-cli.py-3809.log ===

=== larch-quiet-cli.py-49556.log ===

=== larch-quiet-commit-implementation.sh-86048.log ===
[sergey-zhupanov/implementing-oos-harden-extend-document-3752 9d20402f8] Harden vendor failure-diag publish surface (#3752)
 11 files changed, 47 insertions(+), 3 deletions(-)

=== larch-quiet-commit-review-fixes.sh-49253.log ===
<OPERATOR_REPO_PATH>/plugins/cache/larch-local/larch/48.3.0/skills/implement/scripts/commit-review-fixes.sh: line 44: FILES[@]: unbound variable

=== larch-quiet-commit-review-fixes.sh-55782.log ===
<OPERATOR_REPO_PATH>/plugins/cache/larch-local/larch/48.3.0/skills/implement/scripts/commit-review-fixes.sh: line 44: FILES[@]: unbound variable

=== larch-quiet-degraded-tools-gate.sh-7220.log ===

=== larch-quiet-lint-mermaid-fences.sh-19645.log ===

=== larch-quiet-lint-mermaid-fences.sh-19646.log ===

=== larch-quiet-lint-mermaid-fences.sh-66902.log ===

=== larch-quiet-lint-mermaid-fences.sh-66905.log ===

=== larch-quiet-read-session-env-key.sh-11287.log ===

=== larch-quiet-read-session-env-key.sh-11321.log ===

=== larch-quiet-read-session-env-key.sh-11350.log ===

=== larch-quiet-read-session-env-key.sh-57838.log ===

=== larch-quiet-read-session-env-key.sh-57875.log ===

=== larch-quiet-read-session-env-key.sh-57904.log ===

=== larch-quiet-read-session-env-key.sh-74946.log ===

=== larch-quiet-read-session-env-key.sh-74971.log ===

=== larch-quiet-read-session-env-key.sh-74992.log ===

=== larch-quiet-run-relevant-checks-captured.sh-11388.log ===

=== larch-quiet-run-relevant-checks-captured.sh-57932.log ===

=== larch-quiet-step-7a.sh-75014.log ===
FLUSH_STATUS=ok
RECORDS=1
APPEND_LOG_FILE=<TMPDIR>/flush-execution-issues-append.k9e6hf

