=== larch-quiet-cli.py-50602.log ===
=== larch-quiet-cli.py-51840.log ===
=== larch-quiet-cli.py-62745.log ===
=== larch-quiet-cli.py-70043.log ===
=== larch-quiet-cli.py-83566.log ===
=== larch-quiet-cli.py-87443.log ===
=== larch-quiet-read-session-env-key.sh-84918.log ===
=== larch-quiet-read-session-env-key.sh-84920.log ===
=== larch-quiet-read-session-env-key.sh-84922.log ===
=== larch-quiet-read-session-env-key.sh-84924.log ===
=== larch-quiet-read-session-env-key.sh-84926.log ===
=== larch-quiet-read-session-env-key.sh-84928.log ===
=== larch-quiet-read-session-env-key.sh-84930.log ===
=== larch-quiet-read-session-env-key.sh-84947.log ===
=== larch-quiet-read-session-env-key.sh-84958.log ===
=== larch-quiet-read-session-env-key.sh-84963.log ===
=== larch-quiet-scout-plan-archetypes-wrapper.sh-70014.log ===
=== larch-quiet-sessionstart-health.sh-39184.log ===
=== larch-quiet-ship.py-54190.log ===
ship.py: pr-prep: postbump/Flush+Push
=== larch-quiet-tracking-issue-read-84932.log ===
