=== larch-quiet-read-session-env-key.sh-1642.log ===
=== larch-quiet-read-session-env-key.sh-1653.log ===
=== larch-quiet-read-session-env-key.sh-1664.log ===
=== larch-quiet-read-session-env-key.sh-2174.log ===
=== larch-quiet-read-session-env-key.sh-2185.log ===
=== larch-quiet-read-session-env-key.sh-2196.log ===
=== larch-quiet-read-session-env-key.sh-2207.log ===
=== larch-quiet-read-session-env-key.sh-2314.log ===
=== larch-quiet-read-session-env-key.sh-2325.log ===
=== larch-quiet-read-session-env-key.sh-2336.log ===
=== larch-quiet-read-session-env-key.sh-29197.log ===
=== larch-quiet-read-session-env-key.sh-29216.log ===
=== larch-quiet-read-session-env-key.sh-29229.log ===
=== larch-quiet-read-session-env-key.sh-31196.log ===
=== larch-quiet-read-session-env-key.sh-31215.log ===
=== larch-quiet-read-session-env-key.sh-31235.log ===
=== larch-quiet-read-session-env-key.sh-56049.log ===
=== larch-quiet-read-session-env-key.sh-56069.log ===
=== larch-quiet-read-session-env-key.sh-56085.log ===
=== larch-quiet-read-session-env-key.sh-59591.log ===
=== larch-quiet-read-session-env-key.sh-59602.log ===
=== larch-quiet-read-session-env-key.sh-59614.log ===
=== larch-quiet-read-session-env-key.sh-72869.log ===
=== larch-quiet-read-session-env-key.sh-72898.log ===
=== larch-quiet-read-session-env-key.sh-72915.log ===
=== larch-quiet-read-session-env-key.sh-7305.log ===
=== larch-quiet-read-session-env-key.sh-7327.log ===
=== larch-quiet-read-session-env-key.sh-7338.log ===
=== larch-quiet-read-session-env-key.sh-75015.log ===
=== larch-quiet-read-session-env-key.sh-75034.log ===
=== larch-quiet-read-session-env-key.sh-75049.log ===
=== larch-quiet-run-relevant-checks-captured.sh-59624.log ===
=== larch-quiet-run-relevant-checks-captured.sh-7348.log ===
=== larch-quiet-step-7a.sh-80134.log ===
FLUSH_STATUS=ok
RECORDS=1
APPEND_LOG_FILE=<TMPDIR>/flush-execution-issues-append.jxvQT8
=== larch-quiet-step2-implement.sh-2354.log ===
=== larch-quiet-timing-ledger.sh-2242.log ===
=== larch-quiet-timing-ledger.sh-31298.log ===
=== larch-quiet-token-ledger.sh-2217.log ===
=== larch-quiet-token-ledger.sh-31251.log ===
