=== larch-quiet-read-session-env-key.sh-14629.log ===
=== larch-quiet-read-session-env-key.sh-14640.log ===
=== larch-quiet-read-session-env-key.sh-14651.log ===
=== larch-quiet-read-session-env-key.sh-23073.log ===
=== larch-quiet-read-session-env-key.sh-23084.log ===
=== larch-quiet-read-session-env-key.sh-23095.log ===
=== larch-quiet-read-session-env-key.sh-36460.log ===
=== larch-quiet-read-session-env-key.sh-36477.log ===
=== larch-quiet-read-session-env-key.sh-36494.log ===
=== larch-quiet-read-session-env-key.sh-68065.log ===
=== larch-quiet-read-session-env-key.sh-68102.log ===
=== larch-quiet-read-session-env-key.sh-74694.log ===
=== larch-quiet-read-session-env-key.sh-74724.log ===
=== larch-quiet-read-session-env-key.sh-74750.log ===
=== larch-quiet-read-session-env-key.sh-85646.log ===
=== larch-quiet-read-session-env-key.sh-85657.log ===
=== larch-quiet-read-session-env-key.sh-85668.log ===
=== larch-quiet-run-relevant-checks-captured.sh-14661.log ===
=== larch-quiet-run-relevant-checks-captured.sh-36511.log ===
=== larch-quiet-step-7a.sh-74774.log ===
FLUSH_STATUS=ok
RECORDS=1
APPEND_LOG_FILE=<TMPDIR>/flush-execution-issues-append.4Q44Ba
=== larch-quiet-step2-implement.sh-85808.log ===
=== larch-quiet-timing-ledger.sh-23129.log ===
=== larch-quiet-timing-ledger.sh-85702.log ===
=== larch-quiet-token-ledger.sh-23105.log ===
=== larch-quiet-token-ledger.sh-85678.log ===
