=== larch-quiet-cli.py-19326.log ===
=== larch-quiet-cli.py-21508.log ===
=== larch-quiet-cli.py-28062.log ===
=== larch-quiet-cli.py-47117.log ===
=== larch-quiet-cli.py-49308.log ===
=== larch-quiet-cli.py-52719.log ===
=== larch-quiet-cli.py-53154.log ===
=== larch-quiet-cli.py-61470.log ===
=== larch-quiet-cli.py-63914.log ===
=== larch-quiet-cli.py-7271.log ===
=== larch-quiet-cli.py-74967.log ===
=== larch-quiet-cli.py-99209.log ===
=== larch-quiet-read-session-env-key.sh-26803.log ===
=== larch-quiet-read-session-env-key.sh-26813.log ===
=== larch-quiet-read-session-env-key.sh-26816.log ===
=== larch-quiet-sessionstart-health.sh-28293.log ===
=== larch-quiet-sessionstart-health.sh-32766.log ===
=== larch-quiet-sessionstart-health.sh-50286.log ===
=== larch-quiet-sessionstart-health.sh-54112.log ===
=== larch-quiet-sessionstart-health.sh-75925.log ===
=== larch-quiet-ship.py-43676.log ===
design-log-sweep: PR #6056 merged - merge succeeded
=== larch-quiet-ship.py-66173.log ===
ship.py: pr-create: PR
ship.py: post-ensure-pr: Push
ci_monitor: CI status query #1 in progress after 0s
ci_monitor: poll 1/180 pending after 5s; sleeping 10s
ci_monitor: CI status query #2 in progress after 15s
ci_monitor: poll 2/180 pending after 19s; sleeping 10s
ci_monitor: CI status query #3 in progress after 29s
ci_monitor: poll 3/180 pending after 33s; sleeping 10s
ci_monitor: CI status query #4 in progress after 43s
ci_monitor: poll 4/180 pending after 48s; sleeping 10s
ci_monitor: CI status query #5 in progress after 58s
ci_monitor: poll 5/180 pending after 62s; sleeping 10s
ci_monitor: CI status query #6 in progress after 72s
ci_monitor: poll 6/180 pending after 76s; sleeping 10s
ci_monitor: CI status query #7 in progress after 86s
ci_monitor: poll 7/180 pending after 90s; sleeping 10s
ci_monitor: CI status query #8 in progress after 100s
ci_monitor: poll 8/180 pending after 105s; sleeping 10s
ci_monitor: CI status query #9 in progress after 115s
ci_monitor: poll 9/180 pending after 119s; sleeping 10s
ci_monitor: CI status query #10 in progress after 129s
ci_monitor: poll 10/180 pending after 133s; sleeping 10s
ci_monitor: CI status query #11 in progress after 143s
ci_monitor: poll 11/180 pending after 148s; sleeping 10s
ci_monitor: CI status query #12 in progress after 158s
ci_monitor: poll 12/180 pending after 162s; sleeping 10s
ci_monitor: CI status query #13 in progress after 172s
ci_monitor: poll 13/180 pending after 176s; sleeping 10s
ci_monitor: CI status query #14 in progress after 186s
ci_monitor: poll 14/180 pending after 191s; sleeping 10s
ci_monitor: CI status query #15 in progress after 201s
ci_monitor: poll 15/180 pending after 205s; sleeping 10s
ci_monitor: CI status query #16 in progress after 215s
ci_monitor: poll 16/180 pending after 219s; sleeping 10s
ci_monitor: CI status query #17 in progress after 229s
ci_monitor: poll 17/180 pending after 233s; sleeping 10s
ci_monitor: CI status query #18 in progress after 243s
ci_monitor: poll 18/180 pending after 247s; sleeping 10s
ci_monitor: CI status query #19 in progress after 258s
ci_monitor: poll 19/180 pending after 262s; sleeping 10s
ci_monitor: CI status query #20 in progress after 272s
ci_monitor: poll 20/180 pending after 276s; sleeping 10s
ci_monitor: CI status query #21 in progress after 287s
ci_monitor: poll 21/180 pending after 291s; sleeping 10s
ci_monitor: CI status query #22 in progress after 301s
ci_monitor: CI NO_CHECKS after 305s -> bail (no-ci-checks-observed)
ship.py: finalize-state-written: path=<TMPDIR>/finalize-state.sh outcome=STALLED step=no-ci-checks-observed
=== larch-quiet-ship.py-76018.log ===
=== larch-quiet-tracking-issue-upsert-summary-64242.log ===
