=== larch-quiet-cli.py-21814.log ===
=== larch-quiet-cli.py-24710.log ===
=== larch-quiet-cli.py-26180.log ===
=== larch-quiet-cli.py-32666.log ===
=== larch-quiet-cli.py-32858.log ===
=== larch-quiet-cli.py-33108.log ===
=== larch-quiet-cli.py-8045.log ===
=== larch-quiet-cli.py-9419.log ===
=== larch-quiet-cli.py-94435.log ===
=== larch-quiet-cli.py-99267.log ===
=== larch-quiet-read-session-env-key.sh-20667.log ===
=== larch-quiet-read-session-env-key.sh-20669.log ===
=== larch-quiet-read-session-env-key.sh-20671.log ===
=== larch-quiet-read-session-env-key.sh-25096.log ===
=== larch-quiet-read-session-env-key.sh-25098.log ===
=== larch-quiet-read-session-env-key.sh-25100.log ===
=== larch-quiet-read-session-env-key.sh-9741.log ===
=== larch-quiet-sessionstart-health.sh-22209.log ===
=== larch-quiet-sessionstart-health.sh-26463.log ===
=== larch-quiet-sessionstart-health.sh-27055.log ===
=== larch-quiet-sessionstart-health.sh-27325.log ===
=== larch-quiet-sessionstart-health.sh-669.log ===
=== larch-quiet-ship.py-28258.log ===
=== larch-quiet-ship.py-30435.log ===
=== larch-quiet-tracking-issue-upsert-summary-33093.log ===
