=== larch-quiet-cli.py-29871.log ===
=== larch-quiet-cli.py-32576.log ===
=== larch-quiet-cli.py-48206.log ===
=== larch-quiet-cli.py-6564.log ===
=== larch-quiet-cli.py-69872.log ===
=== larch-quiet-cli.py-76436.log ===
=== larch-quiet-cli.py-79466.log ===
=== larch-quiet-cli.py-94040.log ===
=== larch-quiet-read-session-env-key.sh-29182.log ===
=== larch-quiet-read-session-env-key.sh-29188.log ===
=== larch-quiet-read-session-env-key.sh-29191.log ===
=== larch-quiet-read-session-env-key.sh-5243.log ===
=== larch-quiet-read-session-env-key.sh-5245.log ===
=== larch-quiet-read-session-env-key.sh-5247.log ===
=== larch-quiet-read-session-env-key.sh-5249.log ===
=== larch-quiet-read-session-env-key.sh-5252.log ===
=== larch-quiet-read-session-env-key.sh-5254.log ===
=== larch-quiet-read-session-env-key.sh-5256.log ===
=== larch-quiet-read-session-env-key.sh-5272.log ===
=== larch-quiet-read-session-env-key.sh-5274.log ===
=== larch-quiet-read-session-env-key.sh-5276.log ===
=== larch-quiet-scout-plan-archetypes-wrapper.sh-29787.log ===
=== larch-quiet-sessionstart-health.sh-30744.log ===
=== larch-quiet-sessionstart-health.sh-33961.log ===
=== larch-quiet-ship.py-39137.log ===
=== larch-quiet-ship.py-70707.log ===
=== larch-quiet-tracking-issue-read-5258.log ===
=== larch-quiet-tracking-issue-upsert-summary-70034.log ===
=== larch-quiet-tracking-issue-upsert-summary-94141.log ===
