=== larch-quiet-check-contains-pins.sh-53445.log ===
=== larch-quiet-check-contains-pins.sh-99883.log ===
=== larch-quiet-check-review-changes.sh-77219.log ===
=== larch-quiet-commit-implementation.sh-10921.log ===
[sergey-zhupanov/implementing-oos-implement-hardening-sta-3651 63570f484] Implement #3651: stall-recovery enum/lint + timing A1 pins
 9 files changed, 59 insertions(+), 41 deletions(-)
=== larch-quiet-commit-review-fixes.sh-60291.log ===
<OPERATOR_REPO_PATH>/plugins/cache/larch-local/larch/48.1.3/skills/implement/scripts/commit-review-fixes.sh: line 44: FILES[@]: unbound variable
=== larch-quiet-commit-review-fixes.sh-65950.log ===
<OPERATOR_REPO_PATH>/plugins/cache/larch-local/larch/48.1.3/skills/implement/scripts/commit-review-fixes.sh: line 44: FILES[@]: unbound variable
=== larch-quiet-degraded-tools-gate.sh-27599.log ===
=== larch-quiet-lint-mermaid-fences.sh-24996.log ===
=== larch-quiet-lint-mermaid-fences.sh-71612.log ===
=== larch-quiet-read-session-env-key.sh-17710.log ===
=== larch-quiet-read-session-env-key.sh-17733.log ===
=== larch-quiet-read-session-env-key.sh-17756.log ===
=== larch-quiet-read-session-env-key.sh-17795.log ===
=== larch-quiet-read-session-env-key.sh-17818.log ===
=== larch-quiet-read-session-env-key.sh-17841.log ===
=== larch-quiet-read-session-env-key.sh-19929.log ===
=== larch-quiet-read-session-env-key.sh-19950.log ===
=== larch-quiet-read-session-env-key.sh-19973.log ===
=== larch-quiet-read-session-env-key.sh-27509.log ===
=== larch-quiet-read-session-env-key.sh-27532.log ===
=== larch-quiet-read-session-env-key.sh-27554.log ===
=== larch-quiet-read-session-env-key.sh-27577.log ===
=== larch-quiet-read-session-env-key.sh-34403.log ===
=== larch-quiet-read-session-env-key.sh-34425.log ===
=== larch-quiet-read-session-env-key.sh-34448.log ===
=== larch-quiet-read-session-env-key.sh-65420.log ===
=== larch-quiet-read-session-env-key.sh-65443.log ===
=== larch-quiet-read-session-env-key.sh-65466.log ===
=== larch-quiet-read-session-env-key.sh-70371.log ===
=== larch-quiet-read-session-env-key.sh-81745.log ===
=== larch-quiet-read-session-env-key.sh-81768.log ===
=== larch-quiet-read-session-env-key.sh-81791.log ===
=== larch-quiet-read-session-env-key.sh-81814.log ===
=== larch-quiet-read-session-env-key.sh-81837.log ===
=== larch-quiet-run-relevant-checks-captured.sh-19995.log ===
=== larch-quiet-run-relevant-checks-captured.sh-65488.log ===
=== larch-quiet-step-7a.sh-81859.log ===
FLUSH_STATUS=ok
RECORDS=1
APPEND_LOG_FILE=<TMPDIR>/flush-execution-issues-append.JiwjaC
=== larch-quiet-timing-ledger.sh-17923.log ===
=== larch-quiet-timing-ledger.sh-34529.log ===
=== larch-quiet-token-ledger.sh-17863.log ===
=== larch-quiet-token-ledger.sh-34469.log ===
