=== larch-quiet-check-contains-pins.sh-46583.log ===

=== larch-quiet-check-contains-pins.sh-66017.log ===

=== larch-quiet-check-review-changes.sh-82250.log ===

=== larch-quiet-cli.py-31305.log ===

=== larch-quiet-cli.py-69689.log ===

=== larch-quiet-cli.py-74086.log ===

=== larch-quiet-commit-implementation.sh-61782.log ===
[sergey-zhupanov/implementing-implement-skill-md-i1-move-3824 b7fede8a5] Move Execution Issues Tracking block to on-demand reference file
 3 files changed, 103 insertions(+), 87 deletions(-)
 create mode 100644 skills/implement/references/execution-issues-tracking.md

=== larch-quiet-degraded-tools-gate.sh-18882.log ===

=== larch-quiet-read-session-env-key.sh-18732.log ===

=== larch-quiet-read-session-env-key.sh-18734.log ===

=== larch-quiet-read-session-env-key.sh-18762.log ===

=== larch-quiet-read-session-env-key.sh-18774.log ===

=== larch-quiet-read-session-env-key.sh-18818.log ===

=== larch-quiet-read-session-env-key.sh-18849.log ===

=== larch-quiet-read-session-env-key.sh-18854.log ===

=== larch-quiet-read-session-env-key.sh-1936.log ===

=== larch-quiet-read-session-env-key.sh-1986.log ===

=== larch-quiet-read-session-env-key.sh-2017.log ===

=== larch-quiet-read-session-env-key.sh-39072.log ===

=== larch-quiet-read-session-env-key.sh-39110.log ===

=== larch-quiet-read-session-env-key.sh-39142.log ===

=== larch-quiet-read-session-env-key.sh-51397.log ===

=== larch-quiet-read-session-env-key.sh-51429.log ===

=== larch-quiet-read-session-env-key.sh-51461.log ===

=== larch-quiet-read-session-env-key.sh-61632.log ===

=== larch-quiet-read-session-env-key.sh-61672.log ===

=== larch-quiet-read-session-env-key.sh-61702.log ===

=== larch-quiet-read-session-env-key.sh-72832.log ===

=== larch-quiet-read-session-env-key.sh-72871.log ===

=== larch-quiet-read-session-env-key.sh-72905.log ===

=== larch-quiet-run-relevant-checks-captured.sh-18924.log ===

=== larch-quiet-run-relevant-checks-captured.sh-2053.log ===

=== larch-quiet-run-relevant-checks-captured.sh-51493.log ===

=== larch-quiet-ship.py-61746.log ===
ci_monitor: poll 1/180 pending after 3s; sleeping 10s
ci_monitor: poll 2/180 pending after 16s; sleeping 10s
ci_monitor: poll 3/180 pending after 30s; sleeping 10s
ci_monitor: poll 4/180 pending after 44s; sleeping 10s
ci_monitor: poll 5/180 pending after 57s; sleeping 10s
ci_monitor: poll 6/180 pending after 71s; sleeping 10s

=== larch-quiet-step-7a.sh-86628.log ===
FLUSH_STATUS=ok
RECORDS=1
APPEND_LOG_FILE=<TMPDIR>/flush-execution-issues-append.mNs9yO

=== larch-quiet-timing-ledger.sh-72993.log ===

=== larch-quiet-token-ledger.sh-72937.log ===

