=== larch-quiet-check-review-changes.sh-31110.log ===
=== larch-quiet-degraded-tools-gate.sh-35720.log ===
=== larch-quiet-git-current-branch.sh-53086.log ===
=== larch-quiet-lint-fix-loop.sh-62425.log ===
[sergey-zhupanov/implementing-slim-speed-up-upgrade-larch-3231 e981d34e1] Apply relevant-checks fixes (Step 3)
 3 files changed, 33 insertions(+), 26 deletions(-)
=== larch-quiet-read-session-env-key.sh-31078.log ===
=== larch-quiet-read-session-env-key.sh-31089.log ===
=== larch-quiet-read-session-env-key.sh-31100.log ===
=== larch-quiet-read-session-env-key.sh-31221.log ===
=== larch-quiet-read-session-env-key.sh-31232.log ===
=== larch-quiet-read-session-env-key.sh-31243.log ===
=== larch-quiet-read-session-env-key.sh-41775.log ===
=== larch-quiet-read-session-env-key.sh-41786.log ===
=== larch-quiet-read-session-env-key.sh-41797.log ===
=== larch-quiet-read-session-env-key.sh-44614.log ===
=== larch-quiet-read-session-env-key.sh-44625.log ===
=== larch-quiet-read-session-env-key.sh-45004.log ===
=== larch-quiet-read-session-env-key.sh-45015.log ===
=== larch-quiet-read-session-env-key.sh-45026.log ===
=== larch-quiet-read-session-env-key.sh-45037.log ===
=== larch-quiet-read-session-env-key.sh-45207.log ===
=== larch-quiet-read-session-env-key.sh-45218.log ===
=== larch-quiet-read-session-env-key.sh-45229.log ===
=== larch-quiet-read-session-env-key.sh-47898.log ===
=== larch-quiet-read-session-env-key.sh-47909.log ===
=== larch-quiet-read-session-env-key.sh-47920.log ===
=== larch-quiet-read-session-env-key.sh-53363.log ===
=== larch-quiet-read-session-env-key.sh-53374.log ===
=== larch-quiet-read-session-env-key.sh-53385.log ===
=== larch-quiet-read-session-env-key.sh-79711.log ===
=== larch-quiet-read-session-env-key.sh-79722.log ===
=== larch-quiet-read-session-env-key.sh-79733.log ===
=== larch-quiet-read-session-env-key.sh-93958.log ===
=== larch-quiet-read-session-env-key.sh-93969.log ===
=== larch-quiet-read-session-env-key.sh-97868.log ===
=== larch-quiet-read-session-env-key.sh-97879.log ===
=== larch-quiet-read-session-env-key.sh-97890.log ===
=== larch-quiet-run-relevant-checks-captured.sh-31253.log ===
=== larch-quiet-run-relevant-checks-captured.sh-53396.log ===
ERROR: missing Mermaid CLI (install @mermaid-js/mermaid-cli or run: cd mermaid-lint && npm ci)
ERROR: missing Mermaid CLI (install @mermaid-js/mermaid-cli or run: cd mermaid-lint && npm ci)
=== larch-quiet-run-relevant-checks-captured.sh-79743.log ===
=== larch-quiet-step-7a.sh-41807.log ===
FLUSH_STATUS=ok
RECORDS=1
APPEND_LOG_FILE=<TMPDIR>/flush-execution-issues-append.ZdXaEz
=== larch-quiet-step2-implement.sh-45250.log ===
=== larch-quiet-timing-ledger.sh-45047.log ===
=== larch-quiet-timing-ledger.sh-97926.log ===
=== larch-quiet-token-ledger.sh-97900.log ===
