=== larch-quiet-cli.py-20465.log ===
=== larch-quiet-cli.py-2762.log ===
=== larch-quiet-cli.py-30280.log ===
=== larch-quiet-cli.py-46909.log ===
=== larch-quiet-cli.py-88270.log ===
=== larch-quiet-read-session-env-key.sh-28594.log ===
=== larch-quiet-read-session-env-key.sh-28596.log ===
=== larch-quiet-read-session-env-key.sh-28598.log ===
=== larch-quiet-sessionstart-health.sh-77491.log ===
=== larch-quiet-sessionstart-health.sh-81867.log ===
=== larch-quiet-ship.py-90655.log ===
ship.py: pr-prep: postbump/Flush+Push
ship.py: pr-create: PR
ship.py: post-ensure-pr: Push
ci_monitor: CI status query #1 in progress after 0s
ci_monitor: poll 1/180 pending after 4s; sleeping 10s
ci_monitor: CI status query #2 in progress after 14s
ci_monitor: poll 2/180 pending after 18s; sleeping 10s
ci_monitor: CI status query #3 in progress after 28s
ci_monitor: poll 3/180 pending after 31s; sleeping 10s
ci_monitor: CI status query #4 in progress after 41s
ci_monitor: poll 4/180 pending after 46s; sleeping 10s
ci_monitor: CI status query #5 in progress after 56s
ci_monitor: poll 5/180 pending after 59s; sleeping 10s
ci_monitor: CI status query #6 in progress after 69s
ci_monitor: poll 6/180 pending after 72s; sleeping 10s
ci_monitor: CI status query #7 in progress after 82s
ci_monitor: CI pass after 86s -> rebase
ship.py: rebase: Flush+Push
