=== larch-quiet-check-review-changes.sh-43225.log ===
=== larch-quiet-read-session-env-key.sh-26310.log ===
=== larch-quiet-read-session-env-key.sh-26375.log ===
=== larch-quiet-read-session-env-key.sh-26444.log ===
=== larch-quiet-read-session-env-key.sh-26500.log ===
=== larch-quiet-read-session-env-key.sh-37818.log ===
=== larch-quiet-read-session-env-key.sh-37894.log ===
=== larch-quiet-read-session-env-key.sh-37968.log ===
=== larch-quiet-read-session-env-key.sh-43013.log ===
=== larch-quiet-read-session-env-key.sh-43097.log ===
=== larch-quiet-read-session-env-key.sh-43144.log ===
=== larch-quiet-read-session-env-key.sh-62148.log ===
=== larch-quiet-read-session-env-key.sh-62220.log ===
=== larch-quiet-read-session-env-key.sh-62285.log ===
=== larch-quiet-read-session-env-key.sh-68600.log ===
=== larch-quiet-read-session-env-key.sh-68672.log ===
=== larch-quiet-read-session-env-key.sh-68762.log ===
=== larch-quiet-read-session-env-key.sh-85054.log ===
=== larch-quiet-read-session-env-key.sh-85123.log ===
=== larch-quiet-read-session-env-key.sh-85162.log ===
=== larch-quiet-run-relevant-checks-captured.sh-409.log ===
=== larch-quiet-run-relevant-checks-captured.sh-62356.log ===
=== larch-quiet-step-7a.sh-63348.log ===
FLUSH_STATUS=ok
RECORDS=1
APPEND_LOG_FILE=<TMPDIR>/flush-execution-issues-append.Pem1cx
=== larch-quiet-step2-implement.sh-31303.log ===
=== larch-quiet-timing-ledger.sh-26573.log ===
=== larch-quiet-timing-ledger.sh-85415.log ===
=== larch-quiet-token-ledger.sh-85228.log ===
