=== larch-quiet-cli.py-1196.log ===
=== larch-quiet-cli.py-28901.log ===
=== larch-quiet-read-session-env-key.sh-55221.log ===
=== larch-quiet-read-session-env-key.sh-55225.log ===
=== larch-quiet-read-session-env-key.sh-55232.log ===
=== larch-quiet-sessionstart-health.sh-56356.log ===
=== larch-quiet-ship.py-68619.log ===
ship.py: pr-prep: postbump/Flush+Push
ship.py: pr-create: PR
ship.py: post-ensure-pr: Push
ci_monitor: CI status query #1 in progress after 0s
ci_monitor: poll 1/180 pending after 4s; sleeping 10s
ci_monitor: CI status query #2 in progress after 14s
ci_monitor: poll 2/180 pending after 18s; sleeping 10s
ci_monitor: CI status query #3 in progress after 28s
ci_monitor: poll 3/180 pending after 32s; sleeping 10s
ci_monitor: CI status query #4 in progress after 42s
ci_monitor: poll 4/180 pending after 46s; sleeping 10s
ci_monitor: CI status query #5 in progress after 56s
ci_monitor: CI fail after 60s -> evaluate_failure
=== larch-quiet-tracking-issue-upsert-summary-1105.log ===
