=== larch-quiet-check-contains-pins.sh-44897.log ===

=== larch-quiet-check-contains-pins.sh-6610.log ===

=== larch-quiet-check-contains-pins.sh-74336.log ===

=== larch-quiet-check-review-changes.sh-92007.log ===

=== larch-quiet-cli.py-35644.log ===

=== larch-quiet-cli.py-63804.log ===

=== larch-quiet-cli.py-83082.log ===

=== larch-quiet-commit-implementation.sh-17219.log ===
[sergey-zhupanov/implementing-oos-step5-review-branches-m-3887 37745192e] Fix doc references: point authority citations to step5-review-branches.md and preflight-plan-audit.md
 4 files changed, 4 insertions(+), 4 deletions(-)

=== larch-quiet-degraded-tools-gate.sh-45749.log ===

=== larch-quiet-read-session-env-key.sh-32536.log ===

=== larch-quiet-read-session-env-key.sh-32623.log ===

=== larch-quiet-read-session-env-key.sh-32684.log ===

=== larch-quiet-read-session-env-key.sh-40274.log ===

=== larch-quiet-read-session-env-key.sh-40354.log ===

=== larch-quiet-read-session-env-key.sh-40425.log ===

=== larch-quiet-read-session-env-key.sh-45628.log ===

=== larch-quiet-read-session-env-key.sh-45656.log ===

=== larch-quiet-read-session-env-key.sh-45687.log ===

=== larch-quiet-read-session-env-key.sh-45716.log ===

=== larch-quiet-read-session-env-key.sh-57281.log ===

=== larch-quiet-read-session-env-key.sh-57319.log ===

=== larch-quiet-read-session-env-key.sh-57361.log ===

=== larch-quiet-read-session-env-key.sh-74718.log ===

=== larch-quiet-read-session-env-key.sh-97111.log ===

=== larch-quiet-read-session-env-key.sh-97162.log ===

=== larch-quiet-read-session-env-key.sh-97212.log ===

=== larch-quiet-run-relevant-checks-captured.sh-40499.log ===

=== larch-quiet-run-relevant-checks-captured.sh-97271.log ===

=== larch-quiet-step-7a.sh-74760.log ===
FLUSH_STATUS=ok
RECORDS=1
APPEND_LOG_FILE=<TMPDIR>/flush-execution-issues-append.G3WguP

=== larch-quiet-timing-ledger.sh-32943.log ===

=== larch-quiet-timing-ledger.sh-57451.log ===

=== larch-quiet-token-ledger.sh-32751.log ===

=== larch-quiet-token-ledger.sh-57394.log ===

