=== larch-quiet-check-review-changes.sh-75499.log ===
=== larch-quiet-commit-review-fixes.sh-2393.log ===
[sergey-zhupanov/implementing-design-refactor-extract-ste-3246 51995a5ec] Address code review feedback
 3 files changed, 95 insertions(+)
 create mode 100755 skills/upgrade-larch/scripts/test-upgrade-larch-retention.sh
=== larch-quiet-commit-review-fixes.sh-97875.log ===
<OPERATOR_REPO_PATH>/plugins/cache/larch-local/larch/47.0.35/skills/implement/scripts/commit-review-fixes.sh: line 44: FILES[@]: unbound variable
=== larch-quiet-git-current-branch.sh-72115.log ===
=== larch-quiet-read-session-env-key.sh-12144.log ===
=== larch-quiet-read-session-env-key.sh-12154.log ===
=== larch-quiet-read-session-env-key.sh-12164.log ===
=== larch-quiet-read-session-env-key.sh-12239.log ===
=== larch-quiet-read-session-env-key.sh-13674.log ===
=== larch-quiet-read-session-env-key.sh-13685.log ===
=== larch-quiet-read-session-env-key.sh-13696.log ===
=== larch-quiet-read-session-env-key.sh-52171.log ===
=== larch-quiet-read-session-env-key.sh-52183.log ===
=== larch-quiet-read-session-env-key.sh-52194.log ===
=== larch-quiet-read-session-env-key.sh-62113.log ===
=== larch-quiet-read-session-env-key.sh-62124.log ===
=== larch-quiet-read-session-env-key.sh-62136.log ===
=== larch-quiet-read-session-env-key.sh-62951.log ===
=== larch-quiet-read-session-env-key.sh-62961.log ===
=== larch-quiet-read-session-env-key.sh-62971.log ===
=== larch-quiet-read-session-env-key.sh-63046.log ===
=== larch-quiet-read-session-env-key.sh-68185.log ===
=== larch-quiet-read-session-env-key.sh-68196.log ===
=== larch-quiet-read-session-env-key.sh-68207.log ===
=== larch-quiet-read-session-env-key.sh-72453.log ===
=== larch-quiet-read-session-env-key.sh-72464.log ===
=== larch-quiet-read-session-env-key.sh-72475.log ===
=== larch-quiet-read-session-env-key.sh-75593.log ===
=== larch-quiet-read-session-env-key.sh-75604.log ===
=== larch-quiet-read-session-env-key.sh-75615.log ===
=== larch-quiet-read-session-env-key.sh-79579.log ===
=== larch-quiet-read-session-env-key.sh-79590.log ===
=== larch-quiet-read-session-env-key.sh-79601.log ===
=== larch-quiet-read-session-env-key.sh-84816.log ===
=== larch-quiet-read-session-env-key.sh-84826.log ===
=== larch-quiet-read-session-env-key.sh-84836.log ===
=== larch-quiet-read-session-env-key.sh-84911.log ===
=== larch-quiet-read-session-env-key.sh-8951.log ===
=== larch-quiet-read-session-env-key.sh-8962.log ===
=== larch-quiet-read-session-env-key.sh-8973.log ===
=== larch-quiet-read-session-env-key.sh-96974.log ===
=== larch-quiet-run-relevant-checks-captured.sh-52204.log ===
SKIPPED_NON_CANONICAL: scripts/test-design-structure.sh:1144: assertion shape not in v1 grammar
SKIPPED_NON_CANONICAL: scripts/test-design-structure.sh:1145: assertion shape not in v1 grammar
=== larch-quiet-run-relevant-checks-captured.sh-72485.log ===
=== larch-quiet-run-relevant-checks-captured.sh-75625.log ===
SKIPPED_NON_CANONICAL: scripts/test-design-structure.sh:1166: assertion shape not in v1 grammar
SKIPPED_NON_CANONICAL: scripts/test-design-structure.sh:1167: assertion shape not in v1 grammar
=== larch-quiet-session-setup.sh-12105.log ===
=== larch-quiet-session-setup.sh-12175.log ===
=== larch-quiet-session-setup.sh-62912.log ===
=== larch-quiet-session-setup.sh-62982.log ===
=== larch-quiet-session-setup.sh-84777.log ===
=== larch-quiet-session-setup.sh-84847.log ===
=== larch-quiet-step-7a.sh-8983.log ===
FLUSH_STATUS=ok
RECORDS=1
APPEND_LOG_FILE=<TMPDIR>/flush-execution-issues-append.dji41A
=== larch-quiet-step2-implement.sh-68256.log ===
=== larch-quiet-timing-ledger.sh-68217.log ===
=== larch-quiet-timing-ledger.sh-79635.log ===
=== larch-quiet-token-ledger.sh-79611.log ===
