=== larch-quiet-append-execution-issue.sh-77486.log ===
usage: append-execution-issue.sh --log LOG --category CATEGORY
                                 (--entry ENTRY | --entry-file ENTRY_FILE)
append-execution-issue.sh: error: one of the arguments --entry --entry-file is required
=== larch-quiet-cli.py-12099.log ===
=== larch-quiet-cli.py-12105.log ===
=== larch-quiet-cli.py-12113.log ===
=== larch-quiet-cli.py-12132.log ===
=== larch-quiet-cli.py-12874.log ===
=== larch-quiet-cli.py-18581.log ===
=== larch-quiet-cli.py-19781.log ===
=== larch-quiet-cli.py-19786.log ===
=== larch-quiet-cli.py-19795.log ===
=== larch-quiet-cli.py-19814.log ===
=== larch-quiet-cli.py-28634.log ===
=== larch-quiet-cli.py-33633.log ===
=== larch-quiet-cli.py-38099.log ===
=== larch-quiet-cli.py-39230.log ===
=== larch-quiet-cli.py-40561.log ===
=== larch-quiet-cli.py-44818.log ===
=== larch-quiet-cli.py-45940.log ===
=== larch-quiet-cli.py-72578.log ===
=== larch-quiet-cli.py-72581.log ===
=== larch-quiet-cli.py-72584.log ===
=== larch-quiet-cli.py-72598.log ===
=== larch-quiet-cli.py-90038.log ===
=== larch-quiet-read-session-env-key.sh-77886.log ===
=== larch-quiet-read-session-env-key.sh-77888.log ===
=== larch-quiet-read-session-env-key.sh-77936.log ===
=== larch-quiet-scout-plan-archetypes-wrapper.sh-12238.log ===
=== larch-quiet-sessionstart-health.sh-78988.log ===
=== larch-quiet-sessionstart-health.sh-79280.log ===
=== larch-quiet-ship.py-29923.log ===
=== larch-quiet-ship.py-80406.log ===
=== larch-quiet-tracking-issue-upsert-summary-28719.log ===
=== larch-quiet-tracking-issue-upsert-summary-40688.log ===
