=== larch-quiet-cli.py-14994.log ===
=== larch-quiet-cli.py-52966.log ===
=== larch-quiet-cli.py-5661.log ===
=== larch-quiet-cli.py-58444.log ===
=== larch-quiet-cli.py-60046.log ===
=== larch-quiet-cli.py-7323.log ===
=== larch-quiet-cli.py-7347.log ===
=== larch-quiet-cli.py-85776.log ===
=== larch-quiet-cli.py-90603.log ===
=== larch-quiet-cli.py-92893.log ===
=== larch-quiet-cli.py-99235.log ===
=== larch-quiet-read-session-env-key.sh-39427.log ===
=== larch-quiet-read-session-env-key.sh-39431.log ===
=== larch-quiet-read-session-env-key.sh-39434.log ===
=== larch-quiet-read-session-env-key.sh-517.log ===
=== larch-quiet-read-session-env-key.sh-521.log ===
=== larch-quiet-read-session-env-key.sh-52129.log ===
=== larch-quiet-read-session-env-key.sh-52171.log ===
=== larch-quiet-read-session-env-key.sh-52179.log ===
=== larch-quiet-read-session-env-key.sh-523.log ===
=== larch-quiet-read-session-env-key.sh-59806.log ===
=== larch-quiet-read-session-env-key.sh-59813.log ===
=== larch-quiet-read-session-env-key.sh-59817.log ===
=== larch-quiet-read-session-env-key.sh-7500.log ===
=== larch-quiet-read-session-env-key.sh-7502.log ===
=== larch-quiet-read-session-env-key.sh-7505.log ===
=== larch-quiet-read-session-env-key.sh-85312.log ===
read-session-env-key.sh: --file is required
=== larch-quiet-read-session-env-key.sh-85890.log ===
=== larch-quiet-read-session-env-key.sh-85892.log ===
=== larch-quiet-read-session-env-key.sh-85898.log ===
=== larch-quiet-read-session-env-key.sh-87393.log ===
=== larch-quiet-read-session-env-key.sh-87411.log ===
=== larch-quiet-read-session-env-key.sh-87448.log ===
=== larch-quiet-scout-plan-archetypes-wrapper.sh-85513.log ===
=== larch-quiet-sessionstart-health.sh-1118.log ===
=== larch-quiet-sessionstart-health.sh-6982.log ===
=== larch-quiet-sessionstart-health.sh-7489.log ===
=== larch-quiet-ship.py-22058.log ===
