=== larch-quiet-append-execution-issue.sh-50810.log ===
=== larch-quiet-append-tool-failure.sh-29802.log ===
APPENDED=true
LOG=<TMPDIR>/execution-issues.md
=== larch-quiet-check-review-changes.sh-45168.log ===
=== larch-quiet-commit-implementation.sh-4095.log ===
[sergey-zhupanov/implementing-round-ii-of-design-refactor-3417 e9a468593] Move Step 3 preview ownership into run-step3-review.sh --preview-only
 13 files changed, 402 insertions(+), 82 deletions(-)
=== larch-quiet-degraded-tools-gate.sh-23277.log ===
=== larch-quiet-read-session-env-key.sh-15008.log ===
=== larch-quiet-read-session-env-key.sh-15069.log ===
=== larch-quiet-read-session-env-key.sh-15131.log ===
=== larch-quiet-read-session-env-key.sh-28320.log ===
=== larch-quiet-read-session-env-key.sh-28395.log ===
=== larch-quiet-read-session-env-key.sh-28475.log ===
=== larch-quiet-read-session-env-key.sh-29506.log ===
=== larch-quiet-read-session-env-key.sh-29578.log ===
=== larch-quiet-read-session-env-key.sh-29645.log ===
=== larch-quiet-read-session-env-key.sh-3860.log ===
=== larch-quiet-read-session-env-key.sh-39250.log ===
=== larch-quiet-read-session-env-key.sh-39343.log ===
=== larch-quiet-read-session-env-key.sh-39407.log ===
=== larch-quiet-read-session-env-key.sh-3980.log ===
=== larch-quiet-read-session-env-key.sh-4046.log ===
=== larch-quiet-read-session-env-key.sh-48373.log ===
=== larch-quiet-read-session-env-key.sh-48415.log ===
=== larch-quiet-read-session-env-key.sh-48447.log ===
=== larch-quiet-read-session-env-key.sh-55507.log ===
=== larch-quiet-read-session-env-key.sh-55569.log ===
=== larch-quiet-read-session-env-key.sh-55621.log ===
=== larch-quiet-read-session-env-key.sh-55983.log ===
=== larch-quiet-read-session-env-key.sh-56070.log ===
=== larch-quiet-read-session-env-key.sh-56193.log ===
=== larch-quiet-read-session-env-key.sh-69882.log ===
=== larch-quiet-read-session-env-key.sh-69937.log ===
=== larch-quiet-read-session-env-key.sh-69992.log ===
=== larch-quiet-read-session-env-key.sh-83339.log ===
=== larch-quiet-read-session-env-key.sh-83418.log ===
=== larch-quiet-read-session-env-key.sh-83474.log ===
=== larch-quiet-read-session-env-key.sh-84108.log ===
=== larch-quiet-read-session-env-key.sh-84195.log ===
=== larch-quiet-read-session-env-key.sh-84288.log ===
=== larch-quiet-run-relevant-checks-captured.sh-55675.log ===
SKIPPED_NON_CANONICAL: scripts/test-design-structure.sh:1503: assertion shape not in v1 grammar
SKIPPED_NON_CANONICAL: scripts/test-design-structure.sh:1504: assertion shape not in v1 grammar
=== larch-quiet-run-relevant-checks-captured.sh-56365.log ===
SKIPPED_NON_CANONICAL: scripts/test-design-structure.sh:1483: assertion shape not in v1 grammar
SKIPPED_NON_CANONICAL: scripts/test-design-structure.sh:1484: assertion shape not in v1 grammar
=== larch-quiet-step-7a.sh-84353.log ===
FLUSH_STATUS=ok
RECORDS=1
APPEND_LOG_FILE=<TMPDIR>/flush-execution-issues-append.d4PU4J
=== larch-quiet-step2-implement.sh-33790.log ===
=== larch-quiet-step2-implement.sh-39885.log ===
=== larch-quiet-step2-implement.sh-43583.log ===
=== larch-quiet-timing-ledger.sh-29878.log ===
=== larch-quiet-timing-ledger.sh-39657.log ===
=== larch-quiet-token-ledger.sh-29719.log ===
=== larch-quiet-token-ledger.sh-39466.log ===
