=== larch-quiet-cli.py-14445.log ===
=== larch-quiet-cli.py-21843.log ===
=== larch-quiet-cli.py-23260.log ===
=== larch-quiet-cli.py-38105.log ===
=== larch-quiet-cli.py-38625.log ===
=== larch-quiet-cli.py-38889.log ===
=== larch-quiet-cli.py-39198.log ===
=== larch-quiet-cli.py-39756.log ===
=== larch-quiet-cli.py-51460.log ===
=== larch-quiet-cli.py-6644.log ===
=== larch-quiet-cli.py-70694.log ===
=== larch-quiet-cli.py-77372.log ===
=== larch-quiet-read-session-env-key.sh-12731.log ===
=== larch-quiet-read-session-env-key.sh-12733.log ===
=== larch-quiet-read-session-env-key.sh-12735.log ===
=== larch-quiet-read-session-env-key.sh-22092.log ===
=== larch-quiet-read-session-env-key.sh-22094.log ===
=== larch-quiet-read-session-env-key.sh-22096.log ===
=== larch-quiet-read-session-env-key.sh-25305.log ===
=== larch-quiet-read-session-env-key.sh-79907.log ===
=== larch-quiet-sessionstart-health.sh-16370.log ===
=== larch-quiet-sessionstart-health.sh-23652.log ===
=== larch-quiet-sessionstart-health.sh-25598.log ===
=== larch-quiet-sessionstart-health.sh-25890.log ===
=== larch-quiet-sessionstart-health.sh-26213.log ===
=== larch-quiet-sessionstart-health.sh-26541.log ===
=== larch-quiet-sessionstart-health.sh-56756.log ===
=== larch-quiet-ship.py-29402.log ===
=== larch-quiet-tracking-issue-upsert-summary-39173.log ===
